2026-06-08T20:02:19.014Z\nTypeError: next is not a function
    at model.<anonymous> (E:\Skybridge Digital\SmartPlazaNew-main\backend\models\StockBatch.js:126:3)
    at Kareem.execPre (E:\Skybridge Digital\SmartPlazaNew-main\backend\node_modules\kareem\index.js:63:39)
    at process.processTicksAndRejections (node:internal/process/task_queues:95:5)
    at async model.$__save (E:\Skybridge Digital\SmartPlazaNew-main\backend\node_modules\mongoose\lib\model.js:369:5)
    at async model.save (E:\Skybridge Digital\SmartPlazaNew-main\backend\node_modules\mongoose\lib\model.js:609:5)
    at async E:\Skybridge Digital\SmartPlazaNew-main\backend\node_modules\mongoose\lib\model.js:2714:9
    at async Promise.all (index 0)
    at async Function.create (E:\Skybridge Digital\SmartPlazaNew-main\backend\node_modules\mongoose\lib\model.js:2699:11)
    at async E:\Skybridge Digital\SmartPlazaNew-main\backend\controllers\stockInController.js:46:19\n\n2026-06-09T08:50:22.284Z\nError: Not Found - /api/routes
    at notFound (E:\Skybridge Digital\SmartPlazaNew-main\backend\middleware\errorMiddleware.js:2:17)
    at Layer.handleRequest (E:\Skybridge Digital\SmartPlazaNew-main\backend\node_modules\router\lib\layer.js:152:17)
    at trimPrefix (E:\Skybridge Digital\SmartPlazaNew-main\backend\node_modules\router\index.js:342:13)
    at E:\Skybridge Digital\SmartPlazaNew-main\backend\node_modules\router\index.js:297:9
    at processParams (E:\Skybridge Digital\SmartPlazaNew-main\backend\node_modules\router\index.js:582:12)
    at next (E:\Skybridge Digital\SmartPlazaNew-main\backend\node_modules\router\index.js:291:5)
    at E:\Skybridge Digital\SmartPlazaNew-main\backend\server.js:96:3
    at Layer.handleRequest (E:\Skybridge Digital\SmartPlazaNew-main\backend\node_modules\router\lib\layer.js:152:17)
    at trimPrefix (E:\Skybridge Digital\SmartPlazaNew-main\backend\node_modules\router\index.js:342:13)
    at E:\Skybridge Digital\SmartPlazaNew-main\backend\node_modules\router\index.js:297:9\n\n2026-06-09T08:50:23.299Z\nError: Not Found - /api/routes
    at notFound (E:\Skybridge Digital\SmartPlazaNew-main\backend\middleware\errorMiddleware.js:2:17)
    at Layer.handleRequest (E:\Skybridge Digital\SmartPlazaNew-main\backend\node_modules\router\lib\layer.js:152:17)
    at trimPrefix (E:\Skybridge Digital\SmartPlazaNew-main\backend\node_modules\router\index.js:342:13)
    at E:\Skybridge Digital\SmartPlazaNew-main\backend\node_modules\router\index.js:297:9
    at processParams (E:\Skybridge Digital\SmartPlazaNew-main\backend\node_modules\router\index.js:582:12)
    at next (E:\Skybridge Digital\SmartPlazaNew-main\backend\node_modules\router\index.js:291:5)
    at E:\Skybridge Digital\SmartPlazaNew-main\backend\server.js:96:3
    at Layer.handleRequest (E:\Skybridge Digital\SmartPlazaNew-main\backend\node_modules\router\lib\layer.js:152:17)
    at trimPrefix (E:\Skybridge Digital\SmartPlazaNew-main\backend\node_modules\router\index.js:342:13)
    at E:\Skybridge Digital\SmartPlazaNew-main\backend\node_modules\router\index.js:297:9\n\n2026-06-09T18:54:59.159Z\nError: Not Found - /api/routes
    at notFound (E:\MY-Portfolio\skybridge\smart-plaza\smart-plaza\backend\middleware\errorMiddleware.js:2:17)
    at Layer.handleRequest (E:\MY-Portfolio\skybridge\smart-plaza\smart-plaza\backend\node_modules\router\lib\layer.js:152:17)
    at trimPrefix (E:\MY-Portfolio\skybridge\smart-plaza\smart-plaza\backend\node_modules\router\index.js:342:13)
    at E:\MY-Portfolio\skybridge\smart-plaza\smart-plaza\backend\node_modules\router\index.js:297:9
    at processParams (E:\MY-Portfolio\skybridge\smart-plaza\smart-plaza\backend\node_modules\router\index.js:582:12)
    at next (E:\MY-Portfolio\skybridge\smart-plaza\smart-plaza\backend\node_modules\router\index.js:291:5)
    at E:\MY-Portfolio\skybridge\smart-plaza\smart-plaza\backend\server.js:96:3
    at Layer.handleRequest (E:\MY-Portfolio\skybridge\smart-plaza\smart-plaza\backend\node_modules\router\lib\layer.js:152:17)
    at trimPrefix (E:\MY-Portfolio\skybridge\smart-plaza\smart-plaza\backend\node_modules\router\index.js:342:13)
    at E:\MY-Portfolio\skybridge\smart-plaza\smart-plaza\backend\node_modules\router\index.js:297:9\n\n2026-06-09T18:55:00.181Z\nError: Not Found - /api/routes
    at notFound (E:\MY-Portfolio\skybridge\smart-plaza\smart-plaza\backend\middleware\errorMiddleware.js:2:17)
    at Layer.handleRequest (E:\MY-Portfolio\skybridge\smart-plaza\smart-plaza\backend\node_modules\router\lib\layer.js:152:17)
    at trimPrefix (E:\MY-Portfolio\skybridge\smart-plaza\smart-plaza\backend\node_modules\router\index.js:342:13)
    at E:\MY-Portfolio\skybridge\smart-plaza\smart-plaza\backend\node_modules\router\index.js:297:9
    at processParams (E:\MY-Portfolio\skybridge\smart-plaza\smart-plaza\backend\node_modules\router\index.js:582:12)
    at next (E:\MY-Portfolio\skybridge\smart-plaza\smart-plaza\backend\node_modules\router\index.js:291:5)
    at E:\MY-Portfolio\skybridge\smart-plaza\smart-plaza\backend\server.js:96:3
    at Layer.handleRequest (E:\MY-Portfolio\skybridge\smart-plaza\smart-plaza\backend\node_modules\router\lib\layer.js:152:17)
    at trimPrefix (E:\MY-Portfolio\skybridge\smart-plaza\smart-plaza\backend\node_modules\router\index.js:342:13)
    at E:\MY-Portfolio\skybridge\smart-plaza\smart-plaza\backend\node_modules\router\index.js:297:9\n\n2026-06-09T18:55:09.841Z\nError: Not Found - /api/routes
    at notFound (E:\MY-Portfolio\skybridge\smart-plaza\smart-plaza\backend\middleware\errorMiddleware.js:2:17)
    at Layer.handleRequest (E:\MY-Portfolio\skybridge\smart-plaza\smart-plaza\backend\node_modules\router\lib\layer.js:152:17)
    at trimPrefix (E:\MY-Portfolio\skybridge\smart-plaza\smart-plaza\backend\node_modules\router\index.js:342:13)
    at E:\MY-Portfolio\skybridge\smart-plaza\smart-plaza\backend\node_modules\router\index.js:297:9
    at processParams (E:\MY-Portfolio\skybridge\smart-plaza\smart-plaza\backend\node_modules\router\index.js:582:12)
    at next (E:\MY-Portfolio\skybridge\smart-plaza\smart-plaza\backend\node_modules\router\index.js:291:5)
    at E:\MY-Portfolio\skybridge\smart-plaza\smart-plaza\backend\server.js:96:3
    at Layer.handleRequest (E:\MY-Portfolio\skybridge\smart-plaza\smart-plaza\backend\node_modules\router\lib\layer.js:152:17)
    at trimPrefix (E:\MY-Portfolio\skybridge\smart-plaza\smart-plaza\backend\node_modules\router\index.js:342:13)
    at E:\MY-Portfolio\skybridge\smart-plaza\smart-plaza\backend\node_modules\router\index.js:297:9\n\n2026-06-09T18:55:10.869Z\nError: Not Found - /api/routes
    at notFound (E:\MY-Portfolio\skybridge\smart-plaza\smart-plaza\backend\middleware\errorMiddleware.js:2:17)
    at Layer.handleRequest (E:\MY-Portfolio\skybridge\smart-plaza\smart-plaza\backend\node_modules\router\lib\layer.js:152:17)
    at trimPrefix (E:\MY-Portfolio\skybridge\smart-plaza\smart-plaza\backend\node_modules\router\index.js:342:13)
    at E:\MY-Portfolio\skybridge\smart-plaza\smart-plaza\backend\node_modules\router\index.js:297:9
    at processParams (E:\MY-Portfolio\skybridge\smart-plaza\smart-plaza\backend\node_modules\router\index.js:582:12)
    at next (E:\MY-Portfolio\skybridge\smart-plaza\smart-plaza\backend\node_modules\router\index.js:291:5)
    at E:\MY-Portfolio\skybridge\smart-plaza\smart-plaza\backend\server.js:96:3
    at Layer.handleRequest (E:\MY-Portfolio\skybridge\smart-plaza\smart-plaza\backend\node_modules\router\lib\layer.js:152:17)
    at trimPrefix (E:\MY-Portfolio\skybridge\smart-plaza\smart-plaza\backend\node_modules\router\index.js:342:13)
    at E:\MY-Portfolio\skybridge\smart-plaza\smart-plaza\backend\node_modules\router\index.js:297:9\n\n2026-06-09T18:55:16.918Z\nError: Not Found - /api/routes
    at notFound (E:\MY-Portfolio\skybridge\smart-plaza\smart-plaza\backend\middleware\errorMiddleware.js:2:17)
    at Layer.handleRequest (E:\MY-Portfolio\skybridge\smart-plaza\smart-plaza\backend\node_modules\router\lib\layer.js:152:17)
    at trimPrefix (E:\MY-Portfolio\skybridge\smart-plaza\smart-plaza\backend\node_modules\router\index.js:342:13)
    at E:\MY-Portfolio\skybridge\smart-plaza\smart-plaza\backend\node_modules\router\index.js:297:9
    at processParams (E:\MY-Portfolio\skybridge\smart-plaza\smart-plaza\backend\node_modules\router\index.js:582:12)
    at next (E:\MY-Portfolio\skybridge\smart-plaza\smart-plaza\backend\node_modules\router\index.js:291:5)
    at E:\MY-Portfolio\skybridge\smart-plaza\smart-plaza\backend\server.js:96:3
    at Layer.handleRequest (E:\MY-Portfolio\skybridge\smart-plaza\smart-plaza\backend\node_modules\router\lib\layer.js:152:17)
    at trimPrefix (E:\MY-Portfolio\skybridge\smart-plaza\smart-plaza\backend\node_modules\router\index.js:342:13)
    at E:\MY-Portfolio\skybridge\smart-plaza\smart-plaza\backend\node_modules\router\index.js:297:9\n\n2026-06-09T18:55:17.943Z\nError: Not Found - /api/routes
    at notFound (E:\MY-Portfolio\skybridge\smart-plaza\smart-plaza\backend\middleware\errorMiddleware.js:2:17)
    at Layer.handleRequest (E:\MY-Portfolio\skybridge\smart-plaza\smart-plaza\backend\node_modules\router\lib\layer.js:152:17)
    at trimPrefix (E:\MY-Portfolio\skybridge\smart-plaza\smart-plaza\backend\node_modules\router\index.js:342:13)
    at E:\MY-Portfolio\skybridge\smart-plaza\smart-plaza\backend\node_modules\router\index.js:297:9
    at processParams (E:\MY-Portfolio\skybridge\smart-plaza\smart-plaza\backend\node_modules\router\index.js:582:12)
    at next (E:\MY-Portfolio\skybridge\smart-plaza\smart-plaza\backend\node_modules\router\index.js:291:5)
    at E:\MY-Portfolio\skybridge\smart-plaza\smart-plaza\backend\server.js:96:3
    at Layer.handleRequest (E:\MY-Portfolio\skybridge\smart-plaza\smart-plaza\backend\node_modules\router\lib\layer.js:152:17)
    at trimPrefix (E:\MY-Portfolio\skybridge\smart-plaza\smart-plaza\backend\node_modules\router\index.js:342:13)
    at E:\MY-Portfolio\skybridge\smart-plaza\smart-plaza\backend\node_modules\router\index.js:297:9\n\n2026-06-09T19:00:49.481Z\nError: Not Found - /api/routes
    at notFound (E:\MY-Portfolio\skybridge\smart-plaza\smart-plaza\backend\middleware\errorMiddleware.js:2:17)
    at Layer.handleRequest (E:\MY-Portfolio\skybridge\smart-plaza\smart-plaza\backend\node_modules\router\lib\layer.js:152:17)
    at trimPrefix (E:\MY-Portfolio\skybridge\smart-plaza\smart-plaza\backend\node_modules\router\index.js:342:13)
    at E:\MY-Portfolio\skybridge\smart-plaza\smart-plaza\backend\node_modules\router\index.js:297:9
    at processParams (E:\MY-Portfolio\skybridge\smart-plaza\smart-plaza\backend\node_modules\router\index.js:582:12)
    at next (E:\MY-Portfolio\skybridge\smart-plaza\smart-plaza\backend\node_modules\router\index.js:291:5)
    at E:\MY-Portfolio\skybridge\smart-plaza\smart-plaza\backend\server.js:96:3
    at Layer.handleRequest (E:\MY-Portfolio\skybridge\smart-plaza\smart-plaza\backend\node_modules\router\lib\layer.js:152:17)
    at trimPrefix (E:\MY-Portfolio\skybridge\smart-plaza\smart-plaza\backend\node_modules\router\index.js:342:13)
    at E:\MY-Portfolio\skybridge\smart-plaza\smart-plaza\backend\node_modules\router\index.js:297:9\n\n2026-06-09T19:00:50.513Z\nError: Not Found - /api/routes
    at notFound (E:\MY-Portfolio\skybridge\smart-plaza\smart-plaza\backend\middleware\errorMiddleware.js:2:17)
    at Layer.handleRequest (E:\MY-Portfolio\skybridge\smart-plaza\smart-plaza\backend\node_modules\router\lib\layer.js:152:17)
    at trimPrefix (E:\MY-Portfolio\skybridge\smart-plaza\smart-plaza\backend\node_modules\router\index.js:342:13)
    at E:\MY-Portfolio\skybridge\smart-plaza\smart-plaza\backend\node_modules\router\index.js:297:9
    at processParams (E:\MY-Portfolio\skybridge\smart-plaza\smart-plaza\backend\node_modules\router\index.js:582:12)
    at next (E:\MY-Portfolio\skybridge\smart-plaza\smart-plaza\backend\node_modules\router\index.js:291:5)
    at E:\MY-Portfolio\skybridge\smart-plaza\smart-plaza\backend\server.js:96:3
    at Layer.handleRequest (E:\MY-Portfolio\skybridge\smart-plaza\smart-plaza\backend\node_modules\router\lib\layer.js:152:17)
    at trimPrefix (E:\MY-Portfolio\skybridge\smart-plaza\smart-plaza\backend\node_modules\router\index.js:342:13)
<<<<<<< HEAD
    at E:\MY-Portfolio\skybridge\smart-plaza\smart-plaza\backend\node_modules\router\index.js:297:9\n\n2026-06-10T01:30:03.988Z\nError: Not Found - /api/routes
    at notFound (E:\Skybridge Digital\SmartPlazaNew-main\backend\middleware\errorMiddleware.js:2:17)
    at Layer.handleRequest (E:\Skybridge Digital\SmartPlazaNew-main\backend\node_modules\router\lib\layer.js:152:17)
    at trimPrefix (E:\Skybridge Digital\SmartPlazaNew-main\backend\node_modules\router\index.js:342:13)
    at E:\Skybridge Digital\SmartPlazaNew-main\backend\node_modules\router\index.js:297:9
    at processParams (E:\Skybridge Digital\SmartPlazaNew-main\backend\node_modules\router\index.js:582:12)
    at next (E:\Skybridge Digital\SmartPlazaNew-main\backend\node_modules\router\index.js:291:5)
    at E:\Skybridge Digital\SmartPlazaNew-main\backend\server.js:96:3
    at Layer.handleRequest (E:\Skybridge Digital\SmartPlazaNew-main\backend\node_modules\router\lib\layer.js:152:17)
    at trimPrefix (E:\Skybridge Digital\SmartPlazaNew-main\backend\node_modules\router\index.js:342:13)
    at E:\Skybridge Digital\SmartPlazaNew-main\backend\node_modules\router\index.js:297:9\n\n2026-06-10T01:30:05.023Z\nError: Not Found - /api/routes
    at notFound (E:\Skybridge Digital\SmartPlazaNew-main\backend\middleware\errorMiddleware.js:2:17)
    at Layer.handleRequest (E:\Skybridge Digital\SmartPlazaNew-main\backend\node_modules\router\lib\layer.js:152:17)
    at trimPrefix (E:\Skybridge Digital\SmartPlazaNew-main\backend\node_modules\router\index.js:342:13)
    at E:\Skybridge Digital\SmartPlazaNew-main\backend\node_modules\router\index.js:297:9
    at processParams (E:\Skybridge Digital\SmartPlazaNew-main\backend\node_modules\router\index.js:582:12)
    at next (E:\Skybridge Digital\SmartPlazaNew-main\backend\node_modules\router\index.js:291:5)
    at E:\Skybridge Digital\SmartPlazaNew-main\backend\server.js:96:3
    at Layer.handleRequest (E:\Skybridge Digital\SmartPlazaNew-main\backend\node_modules\router\lib\layer.js:152:17)
    at trimPrefix (E:\Skybridge Digital\SmartPlazaNew-main\backend\node_modules\router\index.js:342:13)
    at E:\Skybridge Digital\SmartPlazaNew-main\backend\node_modules\router\index.js:297:9\n\n2026-06-10T02:34:49.077Z\nError: Not Found - /api/fraud-checker/order/6a28cd1b106dc9ab6b15ce4c/check
    at notFound (E:\Skybridge Digital\SmartPlazaNew-main\backend\middleware\errorMiddleware.js:2:17)
    at Layer.handleRequest (E:\Skybridge Digital\SmartPlazaNew-main\backend\node_modules\router\lib\layer.js:152:17)
    at trimPrefix (E:\Skybridge Digital\SmartPlazaNew-main\backend\node_modules\router\index.js:342:13)
    at E:\Skybridge Digital\SmartPlazaNew-main\backend\node_modules\router\index.js:297:9
    at processParams (E:\Skybridge Digital\SmartPlazaNew-main\backend\node_modules\router\index.js:582:12)
    at next (E:\Skybridge Digital\SmartPlazaNew-main\backend\node_modules\router\index.js:291:5)
    at E:\Skybridge Digital\SmartPlazaNew-main\backend\server.js:96:3
    at Layer.handleRequest (E:\Skybridge Digital\SmartPlazaNew-main\backend\node_modules\router\lib\layer.js:152:17)
    at trimPrefix (E:\Skybridge Digital\SmartPlazaNew-main\backend\node_modules\router\index.js:342:13)
    at E:\Skybridge Digital\SmartPlazaNew-main\backend\node_modules\router\index.js:297:9\n\n2026-06-10T10:49:34.748Z\nError: Not Found - /api/routes
    at notFound (E:\Skybridge Digital\SmartPlazaNew-main\backend\middleware\errorMiddleware.js:2:17)
    at Layer.handleRequest (E:\Skybridge Digital\SmartPlazaNew-main\backend\node_modules\router\lib\layer.js:152:17)
    at trimPrefix (E:\Skybridge Digital\SmartPlazaNew-main\backend\node_modules\router\index.js:342:13)
    at E:\Skybridge Digital\SmartPlazaNew-main\backend\node_modules\router\index.js:297:9
    at processParams (E:\Skybridge Digital\SmartPlazaNew-main\backend\node_modules\router\index.js:582:12)
    at next (E:\Skybridge Digital\SmartPlazaNew-main\backend\node_modules\router\index.js:291:5)
    at E:\Skybridge Digital\SmartPlazaNew-main\backend\server.js:96:3
    at Layer.handleRequest (E:\Skybridge Digital\SmartPlazaNew-main\backend\node_modules\router\lib\layer.js:152:17)
    at trimPrefix (E:\Skybridge Digital\SmartPlazaNew-main\backend\node_modules\router\index.js:342:13)
    at E:\Skybridge Digital\SmartPlazaNew-main\backend\node_modules\router\index.js:297:9
    at processParams (E:\Skybridge Digital\SmartPlazaNew-main\backend\node_modules\router\index.js:582:12)
    at next (E:\Skybridge Digital\SmartPlazaNew-main\backend\node_modules\router\index.js:291:5)
    at read (E:\Skybridge Digital\SmartPlazaNew-main\backend\node_modules\body-parser\lib\read.js:54:5)
    at urlencodedParser (E:\Skybridge Digital\SmartPlazaNew-main\backend\node_modules\body-parser\lib\types\urlencoded.js:58:5)
    at Layer.handleRequest (E:\Skybridge Digital\SmartPlazaNew-main\backend\node_modules\router\lib\layer.js:152:17)
    at trimPrefix (E:\Skybridge Digital\SmartPlazaNew-main\backend\node_modules\router\index.js:342:13)\n\n2026-06-10T10:49:35.807Z\nError: Not Found - /api/routes
    at notFound (E:\Skybridge Digital\SmartPlazaNew-main\backend\middleware\errorMiddleware.js:2:17)
    at Layer.handleRequest (E:\Skybridge Digital\SmartPlazaNew-main\backend\node_modules\router\lib\layer.js:152:17)
    at trimPrefix (E:\Skybridge Digital\SmartPlazaNew-main\backend\node_modules\router\index.js:342:13)
    at E:\Skybridge Digital\SmartPlazaNew-main\backend\node_modules\router\index.js:297:9
    at processParams (E:\Skybridge Digital\SmartPlazaNew-main\backend\node_modules\router\index.js:582:12)
    at next (E:\Skybridge Digital\SmartPlazaNew-main\backend\node_modules\router\index.js:291:5)
    at E:\Skybridge Digital\SmartPlazaNew-main\backend\server.js:96:3
    at Layer.handleRequest (E:\Skybridge Digital\SmartPlazaNew-main\backend\node_modules\router\lib\layer.js:152:17)
    at trimPrefix (E:\Skybridge Digital\SmartPlazaNew-main\backend\node_modules\router\index.js:342:13)
    at E:\Skybridge Digital\SmartPlazaNew-main\backend\node_modules\router\index.js:297:9
    at processParams (E:\Skybridge Digital\SmartPlazaNew-main\backend\node_modules\router\index.js:582:12)
    at next (E:\Skybridge Digital\SmartPlazaNew-main\backend\node_modules\router\index.js:291:5)
    at read (E:\Skybridge Digital\SmartPlazaNew-main\backend\node_modules\body-parser\lib\read.js:54:5)
    at urlencodedParser (E:\Skybridge Digital\SmartPlazaNew-main\backend\node_modules\body-parser\lib\types\urlencoded.js:58:5)
    at Layer.handleRequest (E:\Skybridge Digital\SmartPlazaNew-main\backend\node_modules\router\lib\layer.js:152:17)
    at trimPrefix (E:\Skybridge Digital\SmartPlazaNew-main\backend\node_modules\router\index.js:342:13)\n\n2026-06-10T11:49:45.367Z\nError: Not Found - /api/routes
    at notFound (E:\Skybridge Digital\SmartPlazaNew-main\backend\middleware\errorMiddleware.js:2:17)
    at Layer.handleRequest (E:\Skybridge Digital\SmartPlazaNew-main\backend\node_modules\router\lib\layer.js:152:17)
    at trimPrefix (E:\Skybridge Digital\SmartPlazaNew-main\backend\node_modules\router\index.js:342:13)
    at E:\Skybridge Digital\SmartPlazaNew-main\backend\node_modules\router\index.js:297:9
    at processParams (E:\Skybridge Digital\SmartPlazaNew-main\backend\node_modules\router\index.js:582:12)
    at next (E:\Skybridge Digital\SmartPlazaNew-main\backend\node_modules\router\index.js:291:5)
    at E:\Skybridge Digital\SmartPlazaNew-main\backend\server.js:96:3
    at Layer.handleRequest (E:\Skybridge Digital\SmartPlazaNew-main\backend\node_modules\router\lib\layer.js:152:17)
    at trimPrefix (E:\Skybridge Digital\SmartPlazaNew-main\backend\node_modules\router\index.js:342:13)
    at E:\Skybridge Digital\SmartPlazaNew-main\backend\node_modules\router\index.js:297:9
    at processParams (E:\Skybridge Digital\SmartPlazaNew-main\backend\node_modules\router\index.js:582:12)
    at next (E:\Skybridge Digital\SmartPlazaNew-main\backend\node_modules\router\index.js:291:5)
    at read (E:\Skybridge Digital\SmartPlazaNew-main\backend\node_modules\body-parser\lib\read.js:54:5)
    at urlencodedParser (E:\Skybridge Digital\SmartPlazaNew-main\backend\node_modules\body-parser\lib\types\urlencoded.js:58:5)
    at Layer.handleRequest (E:\Skybridge Digital\SmartPlazaNew-main\backend\node_modules\router\lib\layer.js:152:17)
    at trimPrefix (E:\Skybridge Digital\SmartPlazaNew-main\backend\node_modules\router\index.js:342:13)\n\n2026-06-10T13:49:10.736Z\nError: Not Found - /api/routes
    at notFound (E:\Skybridge Digital\SmartPlazaNew-main\backend\middleware\errorMiddleware.js:2:17)
    at Layer.handleRequest (E:\Skybridge Digital\SmartPlazaNew-main\backend\node_modules\router\lib\layer.js:152:17)
    at trimPrefix (E:\Skybridge Digital\SmartPlazaNew-main\backend\node_modules\router\index.js:342:13)
    at E:\Skybridge Digital\SmartPlazaNew-main\backend\node_modules\router\index.js:297:9
    at processParams (E:\Skybridge Digital\SmartPlazaNew-main\backend\node_modules\router\index.js:582:12)
    at next (E:\Skybridge Digital\SmartPlazaNew-main\backend\node_modules\router\index.js:291:5)
    at E:\Skybridge Digital\SmartPlazaNew-main\backend\server.js:96:3
    at Layer.handleRequest (E:\Skybridge Digital\SmartPlazaNew-main\backend\node_modules\router\lib\layer.js:152:17)
    at trimPrefix (E:\Skybridge Digital\SmartPlazaNew-main\backend\node_modules\router\index.js:342:13)
    at E:\Skybridge Digital\SmartPlazaNew-main\backend\node_modules\router\index.js:297:9
    at processParams (E:\Skybridge Digital\SmartPlazaNew-main\backend\node_modules\router\index.js:582:12)
    at next (E:\Skybridge Digital\SmartPlazaNew-main\backend\node_modules\router\index.js:291:5)
    at read (E:\Skybridge Digital\SmartPlazaNew-main\backend\node_modules\body-parser\lib\read.js:54:5)
    at urlencodedParser (E:\Skybridge Digital\SmartPlazaNew-main\backend\node_modules\body-parser\lib\types\urlencoded.js:58:5)
    at Layer.handleRequest (E:\Skybridge Digital\SmartPlazaNew-main\backend\node_modules\router\lib\layer.js:152:17)
    at trimPrefix (E:\Skybridge Digital\SmartPlazaNew-main\backend\node_modules\router\index.js:342:13)\n\n2026-06-10T13:49:11.781Z\nError: Not Found - /api/routes
    at notFound (E:\Skybridge Digital\SmartPlazaNew-main\backend\middleware\errorMiddleware.js:2:17)
    at Layer.handleRequest (E:\Skybridge Digital\SmartPlazaNew-main\backend\node_modules\router\lib\layer.js:152:17)
    at trimPrefix (E:\Skybridge Digital\SmartPlazaNew-main\backend\node_modules\router\index.js:342:13)
    at E:\Skybridge Digital\SmartPlazaNew-main\backend\node_modules\router\index.js:297:9
    at processParams (E:\Skybridge Digital\SmartPlazaNew-main\backend\node_modules\router\index.js:582:12)
    at next (E:\Skybridge Digital\SmartPlazaNew-main\backend\node_modules\router\index.js:291:5)
    at E:\Skybridge Digital\SmartPlazaNew-main\backend\server.js:96:3
    at Layer.handleRequest (E:\Skybridge Digital\SmartPlazaNew-main\backend\node_modules\router\lib\layer.js:152:17)
    at trimPrefix (E:\Skybridge Digital\SmartPlazaNew-main\backend\node_modules\router\index.js:342:13)
    at E:\Skybridge Digital\SmartPlazaNew-main\backend\node_modules\router\index.js:297:9
    at processParams (E:\Skybridge Digital\SmartPlazaNew-main\backend\node_modules\router\index.js:582:12)
    at next (E:\Skybridge Digital\SmartPlazaNew-main\backend\node_modules\router\index.js:291:5)
    at read (E:\Skybridge Digital\SmartPlazaNew-main\backend\node_modules\body-parser\lib\read.js:54:5)
    at urlencodedParser (E:\Skybridge Digital\SmartPlazaNew-main\backend\node_modules\body-parser\lib\types\urlencoded.js:58:5)
    at Layer.handleRequest (E:\Skybridge Digital\SmartPlazaNew-main\backend\node_modules\router\lib\layer.js:152:17)
    at trimPrefix (E:\Skybridge Digital\SmartPlazaNew-main\backend\node_modules\router\index.js:342:13)\n\n2026-06-10T17:12:27.753Z\nStrictPopulateError: Cannot populate path `sale` because it is not in your schema. Set the `strictPopulate` option to false to override.
    at getModelsMapForPopulate (E:\Skybridge Digital\SmartPlazaNew-main\backend\node_modules\mongoose\lib\helpers\populate\getModelsMapForPopulate.js:51:12)
    at _populatePath (E:\Skybridge Digital\SmartPlazaNew-main\backend\node_modules\mongoose\lib\model.js:4308:21)
    at Function.populate (E:\Skybridge Digital\SmartPlazaNew-main\backend\node_modules\mongoose\lib\model.js:4275:21)
    at model.Query._find (E:\Skybridge Digital\SmartPlazaNew-main\backend\node_modules\mongoose\lib\query.js:2458:20)
    at process.processTicksAndRejections (node:internal/process/task_queues:95:5)
    at async model.Query.exec (E:\Skybridge Digital\SmartPlazaNew-main\backend\node_modules\mongoose\lib\query.js:4637:63)
    at async E:\Skybridge Digital\SmartPlazaNew-main\backend\controllers\emiCollectionController.js:213:20\n\n2026-06-10T17:12:27.924Z\nStrictPopulateError: Cannot populate path `sale` because it is not in your schema. Set the `strictPopulate` option to false to override.
    at getModelsMapForPopulate (E:\Skybridge Digital\SmartPlazaNew-main\backend\node_modules\mongoose\lib\helpers\populate\getModelsMapForPopulate.js:51:12)
    at _populatePath (E:\Skybridge Digital\SmartPlazaNew-main\backend\node_modules\mongoose\lib\model.js:4308:21)
    at Function.populate (E:\Skybridge Digital\SmartPlazaNew-main\backend\node_modules\mongoose\lib\model.js:4275:21)
    at model.Query._find (E:\Skybridge Digital\SmartPlazaNew-main\backend\node_modules\mongoose\lib\query.js:2458:20)
    at process.processTicksAndRejections (node:internal/process/task_queues:95:5)
    at async model.Query.exec (E:\Skybridge Digital\SmartPlazaNew-main\backend\node_modules\mongoose\lib\query.js:4637:63)
    at async E:\Skybridge Digital\SmartPlazaNew-main\backend\controllers\emiCollectionController.js:213:20\n\n2026-06-10T17:12:30.277Z\nStrictPopulateError: Cannot populate path `sale` because it is not in your schema. Set the `strictPopulate` option to false to override.
    at getModelsMapForPopulate (E:\Skybridge Digital\SmartPlazaNew-main\backend\node_modules\mongoose\lib\helpers\populate\getModelsMapForPopulate.js:51:12)
    at _populatePath (E:\Skybridge Digital\SmartPlazaNew-main\backend\node_modules\mongoose\lib\model.js:4308:21)
    at Function.populate (E:\Skybridge Digital\SmartPlazaNew-main\backend\node_modules\mongoose\lib\model.js:4275:21)
    at model.Query._find (E:\Skybridge Digital\SmartPlazaNew-main\backend\node_modules\mongoose\lib\query.js:2458:20)
    at process.processTicksAndRejections (node:internal/process/task_queues:95:5)
    at async model.Query.exec (E:\Skybridge Digital\SmartPlazaNew-main\backend\node_modules\mongoose\lib\query.js:4637:63)
    at async E:\Skybridge Digital\SmartPlazaNew-main\backend\controllers\emiCollectionController.js:213:20\n\n2026-06-10T17:12:31.701Z\nStrictPopulateError: Cannot populate path `sale` because it is not in your schema. Set the `strictPopulate` option to false to override.
    at getModelsMapForPopulate (E:\Skybridge Digital\SmartPlazaNew-main\backend\node_modules\mongoose\lib\helpers\populate\getModelsMapForPopulate.js:51:12)
    at _populatePath (E:\Skybridge Digital\SmartPlazaNew-main\backend\node_modules\mongoose\lib\model.js:4308:21)
    at Function.populate (E:\Skybridge Digital\SmartPlazaNew-main\backend\node_modules\mongoose\lib\model.js:4275:21)
    at model.Query._find (E:\Skybridge Digital\SmartPlazaNew-main\backend\node_modules\mongoose\lib\query.js:2458:20)
    at process.processTicksAndRejections (node:internal/process/task_queues:95:5)
    at async model.Query.exec (E:\Skybridge Digital\SmartPlazaNew-main\backend\node_modules\mongoose\lib\query.js:4637:63)
    at async E:\Skybridge Digital\SmartPlazaNew-main\backend\controllers\emiCollectionController.js:213:20\n\n2026-06-10T17:14:47.346Z\nTypeError: Cannot read properties of undefined (reading 'forEach')
    at E:\Skybridge Digital\SmartPlazaNew-main\backend\controllers\emiCollectionController.js:221:33
    at Array.forEach (<anonymous>)
    at E:\Skybridge Digital\SmartPlazaNew-main\backend\controllers\emiCollectionController.js:220:12
    at process.processTicksAndRejections (node:internal/process/task_queues:95:5)\n\n2026-06-10T17:14:47.680Z\nTypeError: Cannot read properties of undefined (reading 'forEach')
    at E:\Skybridge Digital\SmartPlazaNew-main\backend\controllers\emiCollectionController.js:221:33
    at Array.forEach (<anonymous>)
    at E:\Skybridge Digital\SmartPlazaNew-main\backend\controllers\emiCollectionController.js:220:12
    at process.processTicksAndRejections (node:internal/process/task_queues:95:5)\n\n2026-06-10T17:25:41.963Z\nCastError: Cast to ObjectId failed for value "overdue" (type string) at path "_id" for model "EMICollection"
    at SchemaObjectId.cast (E:\Skybridge Digital\SmartPlazaNew-main\backend\node_modules\mongoose\lib\schema\objectId.js:253:11)
    at SchemaType.applySetters (E:\Skybridge Digital\SmartPlazaNew-main\backend\node_modules\mongoose\lib\schemaType.js:1280:12)
    at SchemaType.castForQuery (E:\Skybridge Digital\SmartPlazaNew-main\backend\node_modules\mongoose\lib\schemaType.js:1706:17)
    at cast (E:\Skybridge Digital\SmartPlazaNew-main\backend\node_modules\mongoose\lib\cast.js:386:32)
    at Query.cast (E:\Skybridge Digital\SmartPlazaNew-main\backend\node_modules\mongoose\lib\query.js:5025:12)
    at Query._castConditions (E:\Skybridge Digital\SmartPlazaNew-main\backend\node_modules\mongoose\lib\query.js:2374:10)
    at model.Query._findOne (E:\Skybridge Digital\SmartPlazaNew-main\backend\node_modules\mongoose\lib\query.js:2704:8)
    at model.Query.exec (E:\Skybridge Digital\SmartPlazaNew-main\backend\node_modules\mongoose\lib\query.js:4637:80)
    at process.processTicksAndRejections (node:internal/process/task_queues:95:5)
    at async E:\Skybridge Digital\SmartPlazaNew-main\backend\controllers\emiCollectionController.js:57:22\n\n2026-06-10T17:25:42.065Z\nCastError: Cast to ObjectId failed for value "overdue" (type string) at path "_id" for model "EMICollection"
    at SchemaObjectId.cast (E:\Skybridge Digital\SmartPlazaNew-main\backend\node_modules\mongoose\lib\schema\objectId.js:253:11)
    at SchemaType.applySetters (E:\Skybridge Digital\SmartPlazaNew-main\backend\node_modules\mongoose\lib\schemaType.js:1280:12)
    at SchemaType.castForQuery (E:\Skybridge Digital\SmartPlazaNew-main\backend\node_modules\mongoose\lib\schemaType.js:1706:17)
    at cast (E:\Skybridge Digital\SmartPlazaNew-main\backend\node_modules\mongoose\lib\cast.js:386:32)
    at Query.cast (E:\Skybridge Digital\SmartPlazaNew-main\backend\node_modules\mongoose\lib\query.js:5025:12)
    at Query._castConditions (E:\Skybridge Digital\SmartPlazaNew-main\backend\node_modules\mongoose\lib\query.js:2374:10)
    at model.Query._findOne (E:\Skybridge Digital\SmartPlazaNew-main\backend\node_modules\mongoose\lib\query.js:2704:8)
    at model.Query.exec (E:\Skybridge Digital\SmartPlazaNew-main\backend\node_modules\mongoose\lib\query.js:4637:80)
    at process.processTicksAndRejections (node:internal/process/task_queues:95:5)
    at async E:\Skybridge Digital\SmartPlazaNew-main\backend\controllers\emiCollectionController.js:57:22\n\n2026-06-10T17:25:50.317Z\nCastError: Cast to ObjectId failed for value "overdue" (type string) at path "_id" for model "EMICollection"
    at SchemaObjectId.cast (E:\Skybridge Digital\SmartPlazaNew-main\backend\node_modules\mongoose\lib\schema\objectId.js:253:11)
    at SchemaType.applySetters (E:\Skybridge Digital\SmartPlazaNew-main\backend\node_modules\mongoose\lib\schemaType.js:1280:12)
    at SchemaType.castForQuery (E:\Skybridge Digital\SmartPlazaNew-main\backend\node_modules\mongoose\lib\schemaType.js:1706:17)
    at cast (E:\Skybridge Digital\SmartPlazaNew-main\backend\node_modules\mongoose\lib\cast.js:386:32)
    at Query.cast (E:\Skybridge Digital\SmartPlazaNew-main\backend\node_modules\mongoose\lib\query.js:5025:12)
    at Query._castConditions (E:\Skybridge Digital\SmartPlazaNew-main\backend\node_modules\mongoose\lib\query.js:2374:10)
    at model.Query._findOne (E:\Skybridge Digital\SmartPlazaNew-main\backend\node_modules\mongoose\lib\query.js:2704:8)
    at model.Query.exec (E:\Skybridge Digital\SmartPlazaNew-main\backend\node_modules\mongoose\lib\query.js:4637:80)
    at process.processTicksAndRejections (node:internal/process/task_queues:95:5)
    at async E:\Skybridge Digital\SmartPlazaNew-main\backend\controllers\emiCollectionController.js:57:22\n\n2026-06-10T17:25:50.417Z\nCastError: Cast to ObjectId failed for value "overdue" (type string) at path "_id" for model "EMICollection"
    at SchemaObjectId.cast (E:\Skybridge Digital\SmartPlazaNew-main\backend\node_modules\mongoose\lib\schema\objectId.js:253:11)
    at SchemaType.applySetters (E:\Skybridge Digital\SmartPlazaNew-main\backend\node_modules\mongoose\lib\schemaType.js:1280:12)
    at SchemaType.castForQuery (E:\Skybridge Digital\SmartPlazaNew-main\backend\node_modules\mongoose\lib\schemaType.js:1706:17)
    at cast (E:\Skybridge Digital\SmartPlazaNew-main\backend\node_modules\mongoose\lib\cast.js:386:32)
    at Query.cast (E:\Skybridge Digital\SmartPlazaNew-main\backend\node_modules\mongoose\lib\query.js:5025:12)
    at Query._castConditions (E:\Skybridge Digital\SmartPlazaNew-main\backend\node_modules\mongoose\lib\query.js:2374:10)
    at model.Query._findOne (E:\Skybridge Digital\SmartPlazaNew-main\backend\node_modules\mongoose\lib\query.js:2704:8)
    at model.Query.exec (E:\Skybridge Digital\SmartPlazaNew-main\backend\node_modules\mongoose\lib\query.js:4637:80)
    at process.processTicksAndRejections (node:internal/process/task_queues:95:5)
    at async E:\Skybridge Digital\SmartPlazaNew-main\backend\controllers\emiCollectionController.js:57:22\n\n
=======
    at E:\MY-Portfolio\skybridge\smart-plaza\smart-plaza\backend\node_modules\router\index.js:297:9\n\n2026-06-10T14:45:58.554Z\nValidationError: Product validation failed: features.0.image: Path `image` is required.
    at Document.invalidate (E:\MY-Portfolio\skybridge\smart-plaza\smart-plaza\backend\node_modules\mongoose\lib\document.js:3444:32)
    at Subdocument.invalidate (E:\MY-Portfolio\skybridge\smart-plaza\smart-plaza\backend\node_modules\mongoose\lib\types\subdocument.js:231:12)
    at EmbeddedDocument.validate (E:\MY-Portfolio\skybridge\smart-plaza\smart-plaza\backend\node_modules\mongoose\lib\document.js:2866:13)
    at process.processTicksAndRejections (node:internal/process/task_queues:104:5)
    at async Promise.all (index 0)
    at async SchemaDocumentArray.doValidate (E:\MY-Portfolio\skybridge\smart-plaza\smart-plaza\backend\node_modules\mongoose\lib\schema\documentArray.js:268:3)
    at async Promise.all (index 10)
    at async model.validate (E:\MY-Portfolio\skybridge\smart-plaza\smart-plaza\backend\node_modules\mongoose\lib\document.js:2857:30)
    at async model.$__save (E:\MY-Portfolio\skybridge\smart-plaza\smart-plaza\backend\node_modules\mongoose\lib\model.js:393:7)
<<<<<<< HEAD
    at async model.save (E:\MY-Portfolio\skybridge\smart-plaza\smart-plaza\backend\node_modules\mongoose\lib\model.js:667:5)\n\n2026-07-07T14:01:26.677Z\nError: Not Found - /api/routes
    at notFound (E:\MY-Portfolio\skybridge\smart-plaza\smart-plaza\backend\middleware\errorMiddleware.js:2:17)
    at Layer.handleRequest (E:\MY-Portfolio\skybridge\smart-plaza\smart-plaza\backend\node_modules\router\lib\layer.js:152:17)
    at trimPrefix (E:\MY-Portfolio\skybridge\smart-plaza\smart-plaza\backend\node_modules\router\index.js:342:13)
    at E:\MY-Portfolio\skybridge\smart-plaza\smart-plaza\backend\node_modules\router\index.js:297:9
    at processParams (E:\MY-Portfolio\skybridge\smart-plaza\smart-plaza\backend\node_modules\router\index.js:582:12)
    at next (E:\MY-Portfolio\skybridge\smart-plaza\smart-plaza\backend\node_modules\router\index.js:291:5)
    at E:\MY-Portfolio\skybridge\smart-plaza\smart-plaza\backend\server.js:96:3
    at Layer.handleRequest (E:\MY-Portfolio\skybridge\smart-plaza\smart-plaza\backend\node_modules\router\lib\layer.js:152:17)
    at trimPrefix (E:\MY-Portfolio\skybridge\smart-plaza\smart-plaza\backend\node_modules\router\index.js:342:13)
    at E:\MY-Portfolio\skybridge\smart-plaza\smart-plaza\backend\node_modules\router\index.js:297:9\n\n2026-07-07T14:01:27.735Z\nError: Not Found - /api/routes
    at notFound (E:\MY-Portfolio\skybridge\smart-plaza\smart-plaza\backend\middleware\errorMiddleware.js:2:17)
    at Layer.handleRequest (E:\MY-Portfolio\skybridge\smart-plaza\smart-plaza\backend\node_modules\router\lib\layer.js:152:17)
    at trimPrefix (E:\MY-Portfolio\skybridge\smart-plaza\smart-plaza\backend\node_modules\router\index.js:342:13)
    at E:\MY-Portfolio\skybridge\smart-plaza\smart-plaza\backend\node_modules\router\index.js:297:9
    at processParams (E:\MY-Portfolio\skybridge\smart-plaza\smart-plaza\backend\node_modules\router\index.js:582:12)
    at next (E:\MY-Portfolio\skybridge\smart-plaza\smart-plaza\backend\node_modules\router\index.js:291:5)
    at E:\MY-Portfolio\skybridge\smart-plaza\smart-plaza\backend\server.js:96:3
    at Layer.handleRequest (E:\MY-Portfolio\skybridge\smart-plaza\smart-plaza\backend\node_modules\router\lib\layer.js:152:17)
    at trimPrefix (E:\MY-Portfolio\skybridge\smart-plaza\smart-plaza\backend\node_modules\router\index.js:342:13)
    at E:\MY-Portfolio\skybridge\smart-plaza\smart-plaza\backend\node_modules\router\index.js:297:9\n\n2026-07-07T14:02:18.940Z\nError: Not Found - /api/routes
    at notFound (E:\MY-Portfolio\skybridge\smart-plaza\smart-plaza\backend\middleware\errorMiddleware.js:2:17)
    at Layer.handleRequest (E:\MY-Portfolio\skybridge\smart-plaza\smart-plaza\backend\node_modules\router\lib\layer.js:152:17)
    at trimPrefix (E:\MY-Portfolio\skybridge\smart-plaza\smart-plaza\backend\node_modules\router\index.js:342:13)
    at E:\MY-Portfolio\skybridge\smart-plaza\smart-plaza\backend\node_modules\router\index.js:297:9
    at processParams (E:\MY-Portfolio\skybridge\smart-plaza\smart-plaza\backend\node_modules\router\index.js:582:12)
    at next (E:\MY-Portfolio\skybridge\smart-plaza\smart-plaza\backend\node_modules\router\index.js:291:5)
    at E:\MY-Portfolio\skybridge\smart-plaza\smart-plaza\backend\server.js:96:3
    at Layer.handleRequest (E:\MY-Portfolio\skybridge\smart-plaza\smart-plaza\backend\node_modules\router\lib\layer.js:152:17)
    at trimPrefix (E:\MY-Portfolio\skybridge\smart-plaza\smart-plaza\backend\node_modules\router\index.js:342:13)
    at E:\MY-Portfolio\skybridge\smart-plaza\smart-plaza\backend\node_modules\router\index.js:297:9\n\n2026-07-07T14:02:19.961Z\nError: Not Found - /api/routes
    at notFound (E:\MY-Portfolio\skybridge\smart-plaza\smart-plaza\backend\middleware\errorMiddleware.js:2:17)
    at Layer.handleRequest (E:\MY-Portfolio\skybridge\smart-plaza\smart-plaza\backend\node_modules\router\lib\layer.js:152:17)
    at trimPrefix (E:\MY-Portfolio\skybridge\smart-plaza\smart-plaza\backend\node_modules\router\index.js:342:13)
    at E:\MY-Portfolio\skybridge\smart-plaza\smart-plaza\backend\node_modules\router\index.js:297:9
    at processParams (E:\MY-Portfolio\skybridge\smart-plaza\smart-plaza\backend\node_modules\router\index.js:582:12)
    at next (E:\MY-Portfolio\skybridge\smart-plaza\smart-plaza\backend\node_modules\router\index.js:291:5)
    at E:\MY-Portfolio\skybridge\smart-plaza\smart-plaza\backend\server.js:96:3
    at Layer.handleRequest (E:\MY-Portfolio\skybridge\smart-plaza\smart-plaza\backend\node_modules\router\lib\layer.js:152:17)
    at trimPrefix (E:\MY-Portfolio\skybridge\smart-plaza\smart-plaza\backend\node_modules\router\index.js:342:13)
    at E:\MY-Portfolio\skybridge\smart-plaza\smart-plaza\backend\node_modules\router\index.js:297:9\n\n2026-07-07T14:06:49.522Z\nError: Not Found - /api/routes
    at notFound (E:\MY-Portfolio\skybridge\smart-plaza\smart-plaza\backend\middleware\errorMiddleware.js:2:17)
    at Layer.handleRequest (E:\MY-Portfolio\skybridge\smart-plaza\smart-plaza\backend\node_modules\router\lib\layer.js:152:17)
    at trimPrefix (E:\MY-Portfolio\skybridge\smart-plaza\smart-plaza\backend\node_modules\router\index.js:342:13)
    at E:\MY-Portfolio\skybridge\smart-plaza\smart-plaza\backend\node_modules\router\index.js:297:9
    at processParams (E:\MY-Portfolio\skybridge\smart-plaza\smart-plaza\backend\node_modules\router\index.js:582:12)
    at next (E:\MY-Portfolio\skybridge\smart-plaza\smart-plaza\backend\node_modules\router\index.js:291:5)
    at E:\MY-Portfolio\skybridge\smart-plaza\smart-plaza\backend\server.js:96:3
    at Layer.handleRequest (E:\MY-Portfolio\skybridge\smart-plaza\smart-plaza\backend\node_modules\router\lib\layer.js:152:17)
    at trimPrefix (E:\MY-Portfolio\skybridge\smart-plaza\smart-plaza\backend\node_modules\router\index.js:342:13)
    at E:\MY-Portfolio\skybridge\smart-plaza\smart-plaza\backend\node_modules\router\index.js:297:9\n\n2026-07-07T14:06:50.596Z\nError: Not Found - /api/routes
    at notFound (E:\MY-Portfolio\skybridge\smart-plaza\smart-plaza\backend\middleware\errorMiddleware.js:2:17)
    at Layer.handleRequest (E:\MY-Portfolio\skybridge\smart-plaza\smart-plaza\backend\node_modules\router\lib\layer.js:152:17)
    at trimPrefix (E:\MY-Portfolio\skybridge\smart-plaza\smart-plaza\backend\node_modules\router\index.js:342:13)
    at E:\MY-Portfolio\skybridge\smart-plaza\smart-plaza\backend\node_modules\router\index.js:297:9
    at processParams (E:\MY-Portfolio\skybridge\smart-plaza\smart-plaza\backend\node_modules\router\index.js:582:12)
    at next (E:\MY-Portfolio\skybridge\smart-plaza\smart-plaza\backend\node_modules\router\index.js:291:5)
    at E:\MY-Portfolio\skybridge\smart-plaza\smart-plaza\backend\server.js:96:3
    at Layer.handleRequest (E:\MY-Portfolio\skybridge\smart-plaza\smart-plaza\backend\node_modules\router\lib\layer.js:152:17)
    at trimPrefix (E:\MY-Portfolio\skybridge\smart-plaza\smart-plaza\backend\node_modules\router\index.js:342:13)
    at E:\MY-Portfolio\skybridge\smart-plaza\smart-plaza\backend\node_modules\router\index.js:297:9\n\n2026-07-07T15:18:15.985Z\nCastError: Cast to ObjectId failed for value ":id" (type string) at path "_id" for model "SaleOrder"
    at SchemaObjectId.cast (E:\MY-Portfolio\skybridge\smart-plaza\smart-plaza\backend\node_modules\mongoose\lib\schema\objectId.js:252:11)
    at SchemaType.applySetters (E:\MY-Portfolio\skybridge\smart-plaza\smart-plaza\backend\node_modules\mongoose\lib\schemaType.js:1372:12)
    at SchemaType.castForQuery (E:\MY-Portfolio\skybridge\smart-plaza\smart-plaza\backend\node_modules\mongoose\lib\schemaType.js:1798:17)
    at cast (E:\MY-Portfolio\skybridge\smart-plaza\smart-plaza\backend\node_modules\mongoose\lib\cast.js:386:32)
    at Query.cast (E:\MY-Portfolio\skybridge\smart-plaza\smart-plaza\backend\node_modules\mongoose\lib\query.js:5212:12)
    at Query._castConditions (E:\MY-Portfolio\skybridge\smart-plaza\smart-plaza\backend\node_modules\mongoose\lib\query.js:2409:10)
    at model.Query._findOne (E:\MY-Portfolio\skybridge\smart-plaza\smart-plaza\backend\node_modules\mongoose\lib\query.js:2756:8)
    at model.Query.exec (E:\MY-Portfolio\skybridge\smart-plaza\smart-plaza\backend\node_modules\mongoose\lib\query.js:4797:80)
    at process.processTicksAndRejections (node:internal/process/task_queues:104:5)
    at async E:\MY-Portfolio\skybridge\smart-plaza\smart-plaza\backend\controllers\saleOrderController.js:458:21\n\n2026-07-07T15:18:16.014Z\nCastError: Cast to ObjectId failed for value ":id" (type string) at path "_id" for model "SaleOrder"
    at SchemaObjectId.cast (E:\MY-Portfolio\skybridge\smart-plaza\smart-plaza\backend\node_modules\mongoose\lib\schema\objectId.js:252:11)
    at SchemaType.applySetters (E:\MY-Portfolio\skybridge\smart-plaza\smart-plaza\backend\node_modules\mongoose\lib\schemaType.js:1372:12)
    at SchemaType.castForQuery (E:\MY-Portfolio\skybridge\smart-plaza\smart-plaza\backend\node_modules\mongoose\lib\schemaType.js:1798:17)
    at cast (E:\MY-Portfolio\skybridge\smart-plaza\smart-plaza\backend\node_modules\mongoose\lib\cast.js:386:32)
    at Query.cast (E:\MY-Portfolio\skybridge\smart-plaza\smart-plaza\backend\node_modules\mongoose\lib\query.js:5212:12)
    at Query._castConditions (E:\MY-Portfolio\skybridge\smart-plaza\smart-plaza\backend\node_modules\mongoose\lib\query.js:2409:10)
    at model.Query._findOne (E:\MY-Portfolio\skybridge\smart-plaza\smart-plaza\backend\node_modules\mongoose\lib\query.js:2756:8)
    at model.Query.exec (E:\MY-Portfolio\skybridge\smart-plaza\smart-plaza\backend\node_modules\mongoose\lib\query.js:4797:80)
    at process.processTicksAndRejections (node:internal/process/task_queues:104:5)
    at async E:\MY-Portfolio\skybridge\smart-plaza\smart-plaza\backend\controllers\saleOrderController.js:458:21\n\n2026-07-07T15:19:13.141Z\nCastError: Cast to ObjectId failed for value ":id" (type string) at path "_id" for model "SaleOrder"
    at SchemaObjectId.cast (E:\MY-Portfolio\skybridge\smart-plaza\smart-plaza\backend\node_modules\mongoose\lib\schema\objectId.js:252:11)
    at SchemaType.applySetters (E:\MY-Portfolio\skybridge\smart-plaza\smart-plaza\backend\node_modules\mongoose\lib\schemaType.js:1372:12)
    at SchemaType.castForQuery (E:\MY-Portfolio\skybridge\smart-plaza\smart-plaza\backend\node_modules\mongoose\lib\schemaType.js:1798:17)
    at cast (E:\MY-Portfolio\skybridge\smart-plaza\smart-plaza\backend\node_modules\mongoose\lib\cast.js:386:32)
    at Query.cast (E:\MY-Portfolio\skybridge\smart-plaza\smart-plaza\backend\node_modules\mongoose\lib\query.js:5212:12)
    at Query._castConditions (E:\MY-Portfolio\skybridge\smart-plaza\smart-plaza\backend\node_modules\mongoose\lib\query.js:2409:10)
    at model.Query._findOne (E:\MY-Portfolio\skybridge\smart-plaza\smart-plaza\backend\node_modules\mongoose\lib\query.js:2756:8)
    at model.Query.exec (E:\MY-Portfolio\skybridge\smart-plaza\smart-plaza\backend\node_modules\mongoose\lib\query.js:4797:80)
    at process.processTicksAndRejections (node:internal/process/task_queues:104:5)
    at async E:\MY-Portfolio\skybridge\smart-plaza\smart-plaza\backend\controllers\saleOrderController.js:458:21\n\n2026-07-07T15:19:13.153Z\nCastError: Cast to ObjectId failed for value ":id" (type string) at path "_id" for model "SaleOrder"
    at SchemaObjectId.cast (E:\MY-Portfolio\skybridge\smart-plaza\smart-plaza\backend\node_modules\mongoose\lib\schema\objectId.js:252:11)
    at SchemaType.applySetters (E:\MY-Portfolio\skybridge\smart-plaza\smart-plaza\backend\node_modules\mongoose\lib\schemaType.js:1372:12)
    at SchemaType.castForQuery (E:\MY-Portfolio\skybridge\smart-plaza\smart-plaza\backend\node_modules\mongoose\lib\schemaType.js:1798:17)
    at cast (E:\MY-Portfolio\skybridge\smart-plaza\smart-plaza\backend\node_modules\mongoose\lib\cast.js:386:32)
    at Query.cast (E:\MY-Portfolio\skybridge\smart-plaza\smart-plaza\backend\node_modules\mongoose\lib\query.js:5212:12)
    at Query._castConditions (E:\MY-Portfolio\skybridge\smart-plaza\smart-plaza\backend\node_modules\mongoose\lib\query.js:2409:10)
    at model.Query._findOne (E:\MY-Portfolio\skybridge\smart-plaza\smart-plaza\backend\node_modules\mongoose\lib\query.js:2756:8)
    at model.Query.exec (E:\MY-Portfolio\skybridge\smart-plaza\smart-plaza\backend\node_modules\mongoose\lib\query.js:4797:80)
    at process.processTicksAndRejections (node:internal/process/task_queues:104:5)
    at async E:\MY-Portfolio\skybridge\smart-plaza\smart-plaza\backend\controllers\saleOrderController.js:458:21\n\n2026-07-07T16:13:53.280Z\nCastError: Cast to ObjectId failed for value ":id" (type string) at path "_id" for model "SaleOrder"
    at SchemaObjectId.cast (E:\MY-Portfolio\skybridge\smart-plaza\smart-plaza\backend\node_modules\mongoose\lib\schema\objectId.js:252:11)
    at SchemaType.applySetters (E:\MY-Portfolio\skybridge\smart-plaza\smart-plaza\backend\node_modules\mongoose\lib\schemaType.js:1372:12)
    at SchemaType.castForQuery (E:\MY-Portfolio\skybridge\smart-plaza\smart-plaza\backend\node_modules\mongoose\lib\schemaType.js:1798:17)
    at cast (E:\MY-Portfolio\skybridge\smart-plaza\smart-plaza\backend\node_modules\mongoose\lib\cast.js:386:32)
    at Query.cast (E:\MY-Portfolio\skybridge\smart-plaza\smart-plaza\backend\node_modules\mongoose\lib\query.js:5212:12)
    at Query._castConditions (E:\MY-Portfolio\skybridge\smart-plaza\smart-plaza\backend\node_modules\mongoose\lib\query.js:2409:10)
    at model.Query._findOne (E:\MY-Portfolio\skybridge\smart-plaza\smart-plaza\backend\node_modules\mongoose\lib\query.js:2756:8)
    at model.Query.exec (E:\MY-Portfolio\skybridge\smart-plaza\smart-plaza\backend\node_modules\mongoose\lib\query.js:4797:80)
    at process.processTicksAndRejections (node:internal/process/task_queues:104:5)
    at async E:\MY-Portfolio\skybridge\smart-plaza\smart-plaza\backend\controllers\saleOrderController.js:458:21\n\n2026-07-07T16:13:53.319Z\nCastError: Cast to ObjectId failed for value ":id" (type string) at path "_id" for model "SaleOrder"
    at SchemaObjectId.cast (E:\MY-Portfolio\skybridge\smart-plaza\smart-plaza\backend\node_modules\mongoose\lib\schema\objectId.js:252:11)
    at SchemaType.applySetters (E:\MY-Portfolio\skybridge\smart-plaza\smart-plaza\backend\node_modules\mongoose\lib\schemaType.js:1372:12)
    at SchemaType.castForQuery (E:\MY-Portfolio\skybridge\smart-plaza\smart-plaza\backend\node_modules\mongoose\lib\schemaType.js:1798:17)
    at cast (E:\MY-Portfolio\skybridge\smart-plaza\smart-plaza\backend\node_modules\mongoose\lib\cast.js:386:32)
    at Query.cast (E:\MY-Portfolio\skybridge\smart-plaza\smart-plaza\backend\node_modules\mongoose\lib\query.js:5212:12)
    at Query._castConditions (E:\MY-Portfolio\skybridge\smart-plaza\smart-plaza\backend\node_modules\mongoose\lib\query.js:2409:10)
    at model.Query._findOne (E:\MY-Portfolio\skybridge\smart-plaza\smart-plaza\backend\node_modules\mongoose\lib\query.js:2756:8)
    at model.Query.exec (E:\MY-Portfolio\skybridge\smart-plaza\smart-plaza\backend\node_modules\mongoose\lib\query.js:4797:80)
    at process.processTicksAndRejections (node:internal/process/task_queues:104:5)
    at async E:\MY-Portfolio\skybridge\smart-plaza\smart-plaza\backend\controllers\saleOrderController.js:458:21\n\n2026-07-07T20:30:51.321Z\nError: Not Found - /api/routes
    at notFound (E:\MY-Portfolio\skybridge\smart-plaza\smart-plaza\backend\middleware\errorMiddleware.js:2:17)
    at Layer.handleRequest (E:\MY-Portfolio\skybridge\smart-plaza\smart-plaza\backend\node_modules\router\lib\layer.js:152:17)
    at trimPrefix (E:\MY-Portfolio\skybridge\smart-plaza\smart-plaza\backend\node_modules\router\index.js:342:13)
    at E:\MY-Portfolio\skybridge\smart-plaza\smart-plaza\backend\node_modules\router\index.js:297:9
    at processParams (E:\MY-Portfolio\skybridge\smart-plaza\smart-plaza\backend\node_modules\router\index.js:582:12)
    at next (E:\MY-Portfolio\skybridge\smart-plaza\smart-plaza\backend\node_modules\router\index.js:291:5)
    at E:\MY-Portfolio\skybridge\smart-plaza\smart-plaza\backend\server.js:96:3
    at Layer.handleRequest (E:\MY-Portfolio\skybridge\smart-plaza\smart-plaza\backend\node_modules\router\lib\layer.js:152:17)
    at trimPrefix (E:\MY-Portfolio\skybridge\smart-plaza\smart-plaza\backend\node_modules\router\index.js:342:13)
    at E:\MY-Portfolio\skybridge\smart-plaza\smart-plaza\backend\node_modules\router\index.js:297:9\n\n2026-07-07T20:30:52.395Z\nError: Not Found - /api/routes
    at notFound (E:\MY-Portfolio\skybridge\smart-plaza\smart-plaza\backend\middleware\errorMiddleware.js:2:17)
    at Layer.handleRequest (E:\MY-Portfolio\skybridge\smart-plaza\smart-plaza\backend\node_modules\router\lib\layer.js:152:17)
    at trimPrefix (E:\MY-Portfolio\skybridge\smart-plaza\smart-plaza\backend\node_modules\router\index.js:342:13)
    at E:\MY-Portfolio\skybridge\smart-plaza\smart-plaza\backend\node_modules\router\index.js:297:9
    at processParams (E:\MY-Portfolio\skybridge\smart-plaza\smart-plaza\backend\node_modules\router\index.js:582:12)
    at next (E:\MY-Portfolio\skybridge\smart-plaza\smart-plaza\backend\node_modules\router\index.js:291:5)
    at E:\MY-Portfolio\skybridge\smart-plaza\smart-plaza\backend\server.js:96:3
    at Layer.handleRequest (E:\MY-Portfolio\skybridge\smart-plaza\smart-plaza\backend\node_modules\router\lib\layer.js:152:17)
    at trimPrefix (E:\MY-Portfolio\skybridge\smart-plaza\smart-plaza\backend\node_modules\router\index.js:342:13)
    at E:\MY-Portfolio\skybridge\smart-plaza\smart-plaza\backend\node_modules\router\index.js:297:9\n\n2026-07-07T20:43:17.499Z\nTypeError: smsService.areCredentialsConfigured is not a function
    at E:\MY-Portfolio\skybridge\smart-plaza\smart-plaza\backend\controllers\smsController.js:200:35
    at asyncUtilWrap (E:\MY-Portfolio\skybridge\smart-plaza\smart-plaza\backend\node_modules\express-async-handler\index.js:3:20)
    at Layer.handleRequest (E:\MY-Portfolio\skybridge\smart-plaza\smart-plaza\backend\node_modules\router\lib\layer.js:152:17)
    at next (E:\MY-Portfolio\skybridge\smart-plaza\smart-plaza\backend\node_modules\router\lib\route.js:157:13)
    at E:\MY-Portfolio\skybridge\smart-plaza\smart-plaza\backend\middleware\permission.js:15:16
    at process.processTicksAndRejections (node:internal/process/task_queues:104:5)\n\n2026-07-07T20:43:53.141Z\nError: Not Found - /api/routes
    at notFound (E:\MY-Portfolio\skybridge\smart-plaza\smart-plaza\backend\middleware\errorMiddleware.js:2:17)
    at Layer.handleRequest (E:\MY-Portfolio\skybridge\smart-plaza\smart-plaza\backend\node_modules\router\lib\layer.js:152:17)
    at trimPrefix (E:\MY-Portfolio\skybridge\smart-plaza\smart-plaza\backend\node_modules\router\index.js:342:13)
    at E:\MY-Portfolio\skybridge\smart-plaza\smart-plaza\backend\node_modules\router\index.js:297:9
    at processParams (E:\MY-Portfolio\skybridge\smart-plaza\smart-plaza\backend\node_modules\router\index.js:582:12)
    at next (E:\MY-Portfolio\skybridge\smart-plaza\smart-plaza\backend\node_modules\router\index.js:291:5)
    at E:\MY-Portfolio\skybridge\smart-plaza\smart-plaza\backend\server.js:96:3
    at Layer.handleRequest (E:\MY-Portfolio\skybridge\smart-plaza\smart-plaza\backend\node_modules\router\lib\layer.js:152:17)
    at trimPrefix (E:\MY-Portfolio\skybridge\smart-plaza\smart-plaza\backend\node_modules\router\index.js:342:13)
    at E:\MY-Portfolio\skybridge\smart-plaza\smart-plaza\backend\node_modules\router\index.js:297:9\n\n2026-07-07T20:43:54.156Z\nError: Not Found - /api/routes
    at notFound (E:\MY-Portfolio\skybridge\smart-plaza\smart-plaza\backend\middleware\errorMiddleware.js:2:17)
    at Layer.handleRequest (E:\MY-Portfolio\skybridge\smart-plaza\smart-plaza\backend\node_modules\router\lib\layer.js:152:17)
    at trimPrefix (E:\MY-Portfolio\skybridge\smart-plaza\smart-plaza\backend\node_modules\router\index.js:342:13)
    at E:\MY-Portfolio\skybridge\smart-plaza\smart-plaza\backend\node_modules\router\index.js:297:9
    at processParams (E:\MY-Portfolio\skybridge\smart-plaza\smart-plaza\backend\node_modules\router\index.js:582:12)
    at next (E:\MY-Portfolio\skybridge\smart-plaza\smart-plaza\backend\node_modules\router\index.js:291:5)
    at E:\MY-Portfolio\skybridge\smart-plaza\smart-plaza\backend\server.js:96:3
    at Layer.handleRequest (E:\MY-Portfolio\skybridge\smart-plaza\smart-plaza\backend\node_modules\router\lib\layer.js:152:17)
    at trimPrefix (E:\MY-Portfolio\skybridge\smart-plaza\smart-plaza\backend\node_modules\router\index.js:342:13)
    at E:\MY-Portfolio\skybridge\smart-plaza\smart-plaza\backend\node_modules\router\index.js:297:9\n\n
=======
    at async model.save (E:\MY-Portfolio\skybridge\smart-plaza\smart-plaza\backend\node_modules\mongoose\lib\model.js:667:5)\n\n
>>>>>>> e3a29dd95f32df9a31086dac2224d3bfce4b2d61
2026-06-10T21:18:24.343Z\nError: Not Found - /api/routes
    at notFound (E:\Skybridge Digital\SmartPlazaNew-main\backend\middleware\errorMiddleware.js:2:17)
    at Layer.handleRequest (E:\Skybridge Digital\SmartPlazaNew-main\backend\node_modules\router\lib\layer.js:152:17)
    at trimPrefix (E:\Skybridge Digital\SmartPlazaNew-main\backend\node_modules\router\index.js:342:13)
    at E:\Skybridge Digital\SmartPlazaNew-main\backend\node_modules\router\index.js:297:9
    at processParams (E:\Skybridge Digital\SmartPlazaNew-main\backend\node_modules\router\index.js:582:12)
    at next (E:\Skybridge Digital\SmartPlazaNew-main\backend\node_modules\router\index.js:291:5)
    at E:\Skybridge Digital\SmartPlazaNew-main\backend\server.js:96:3
    at Layer.handleRequest (E:\Skybridge Digital\SmartPlazaNew-main\backend\node_modules\router\lib\layer.js:152:17)
    at trimPrefix (E:\Skybridge Digital\SmartPlazaNew-main\backend\node_modules\router\index.js:342:13)
    at E:\Skybridge Digital\SmartPlazaNew-main\backend\node_modules\router\index.js:297:9
    at processParams (E:\Skybridge Digital\SmartPlazaNew-main\backend\node_modules\router\index.js:582:12)
    at next (E:\Skybridge Digital\SmartPlazaNew-main\backend\node_modules\router\index.js:291:5)
    at read (E:\Skybridge Digital\SmartPlazaNew-main\backend\node_modules\body-parser\lib\read.js:54:5)
    at urlencodedParser (E:\Skybridge Digital\SmartPlazaNew-main\backend\node_modules\body-parser\lib\types\urlencoded.js:58:5)
    at Layer.handleRequest (E:\Skybridge Digital\SmartPlazaNew-main\backend\node_modules\router\lib\layer.js:152:17)
    at trimPrefix (E:\Skybridge Digital\SmartPlazaNew-main\backend\node_modules\router\index.js:342:13)\n\n2026-06-10T21:18:25.358Z\nError: Not Found - /api/routes
    at notFound (E:\Skybridge Digital\SmartPlazaNew-main\backend\middleware\errorMiddleware.js:2:17)
    at Layer.handleRequest (E:\Skybridge Digital\SmartPlazaNew-main\backend\node_modules\router\lib\layer.js:152:17)
    at trimPrefix (E:\Skybridge Digital\SmartPlazaNew-main\backend\node_modules\router\index.js:342:13)
    at E:\Skybridge Digital\SmartPlazaNew-main\backend\node_modules\router\index.js:297:9
    at processParams (E:\Skybridge Digital\SmartPlazaNew-main\backend\node_modules\router\index.js:582:12)
    at next (E:\Skybridge Digital\SmartPlazaNew-main\backend\node_modules\router\index.js:291:5)
    at E:\Skybridge Digital\SmartPlazaNew-main\backend\server.js:96:3
    at Layer.handleRequest (E:\Skybridge Digital\SmartPlazaNew-main\backend\node_modules\router\lib\layer.js:152:17)
    at trimPrefix (E:\Skybridge Digital\SmartPlazaNew-main\backend\node_modules\router\index.js:342:13)
    at E:\Skybridge Digital\SmartPlazaNew-main\backend\node_modules\router\index.js:297:9
    at processParams (E:\Skybridge Digital\SmartPlazaNew-main\backend\node_modules\router\index.js:582:12)
    at next (E:\Skybridge Digital\SmartPlazaNew-main\backend\node_modules\router\index.js:291:5)
    at read (E:\Skybridge Digital\SmartPlazaNew-main\backend\node_modules\body-parser\lib\read.js:54:5)
    at urlencodedParser (E:\Skybridge Digital\SmartPlazaNew-main\backend\node_modules\body-parser\lib\types\urlencoded.js:58:5)
    at Layer.handleRequest (E:\Skybridge Digital\SmartPlazaNew-main\backend\node_modules\router\lib\layer.js:152:17)
    at trimPrefix (E:\Skybridge Digital\SmartPlazaNew-main\backend\node_modules\router\index.js:342:13)\n\n2026-07-07T20:28:23.060Z\nError: Not Found - /api/routes
    at notFound (E:\Skybridge Digital\SmartPlazaNew-main\backend\middleware\errorMiddleware.js:2:17)
    at Layer.handleRequest (E:\Skybridge Digital\SmartPlazaNew-main\backend\node_modules\router\lib\layer.js:152:17)
    at trimPrefix (E:\Skybridge Digital\SmartPlazaNew-main\backend\node_modules\router\index.js:342:13)
    at E:\Skybridge Digital\SmartPlazaNew-main\backend\node_modules\router\index.js:297:9
    at processParams (E:\Skybridge Digital\SmartPlazaNew-main\backend\node_modules\router\index.js:582:12)
    at next (E:\Skybridge Digital\SmartPlazaNew-main\backend\node_modules\router\index.js:291:5)
    at E:\Skybridge Digital\SmartPlazaNew-main\backend\server.js:96:3
    at Layer.handleRequest (E:\Skybridge Digital\SmartPlazaNew-main\backend\node_modules\router\lib\layer.js:152:17)
    at trimPrefix (E:\Skybridge Digital\SmartPlazaNew-main\backend\node_modules\router\index.js:342:13)
    at E:\Skybridge Digital\SmartPlazaNew-main\backend\node_modules\router\index.js:297:9
    at processParams (E:\Skybridge Digital\SmartPlazaNew-main\backend\node_modules\router\index.js:582:12)
    at next (E:\Skybridge Digital\SmartPlazaNew-main\backend\node_modules\router\index.js:291:5)
    at read (E:\Skybridge Digital\SmartPlazaNew-main\backend\node_modules\body-parser\lib\read.js:54:5)
    at urlencodedParser (E:\Skybridge Digital\SmartPlazaNew-main\backend\node_modules\body-parser\lib\types\urlencoded.js:58:5)
    at Layer.handleRequest (E:\Skybridge Digital\SmartPlazaNew-main\backend\node_modules\router\lib\layer.js:152:17)
    at trimPrefix (E:\Skybridge Digital\SmartPlazaNew-main\backend\node_modules\router\index.js:342:13)\n\n2026-07-07T20:28:24.098Z\nError: Not Found - /api/routes
    at notFound (E:\Skybridge Digital\SmartPlazaNew-main\backend\middleware\errorMiddleware.js:2:17)
    at Layer.handleRequest (E:\Skybridge Digital\SmartPlazaNew-main\backend\node_modules\router\lib\layer.js:152:17)
    at trimPrefix (E:\Skybridge Digital\SmartPlazaNew-main\backend\node_modules\router\index.js:342:13)
    at E:\Skybridge Digital\SmartPlazaNew-main\backend\node_modules\router\index.js:297:9
    at processParams (E:\Skybridge Digital\SmartPlazaNew-main\backend\node_modules\router\index.js:582:12)
    at next (E:\Skybridge Digital\SmartPlazaNew-main\backend\node_modules\router\index.js:291:5)
    at E:\Skybridge Digital\SmartPlazaNew-main\backend\server.js:96:3
    at Layer.handleRequest (E:\Skybridge Digital\SmartPlazaNew-main\backend\node_modules\router\lib\layer.js:152:17)
    at trimPrefix (E:\Skybridge Digital\SmartPlazaNew-main\backend\node_modules\router\index.js:342:13)
    at E:\Skybridge Digital\SmartPlazaNew-main\backend\node_modules\router\index.js:297:9
    at processParams (E:\Skybridge Digital\SmartPlazaNew-main\backend\node_modules\router\index.js:582:12)
    at next (E:\Skybridge Digital\SmartPlazaNew-main\backend\node_modules\router\index.js:291:5)
    at read (E:\Skybridge Digital\SmartPlazaNew-main\backend\node_modules\body-parser\lib\read.js:54:5)
    at urlencodedParser (E:\Skybridge Digital\SmartPlazaNew-main\backend\node_modules\body-parser\lib\types\urlencoded.js:58:5)
    at Layer.handleRequest (E:\Skybridge Digital\SmartPlazaNew-main\backend\node_modules\router\lib\layer.js:152:17)
    at trimPrefix (E:\Skybridge Digital\SmartPlazaNew-main\backend\node_modules\router\index.js:342:13)\n\n2026-07-07T21:40:17.953Z\nMongoServerError: unrecognized option to $unwind stage: preserveNullAndEmpty
    at Connection.sendCommand (E:\Skybridge Digital\SmartPlazaNew-main\backend\node_modules\mongodb\lib\cmap\connection.js:320:27)
    at process.processTicksAndRejections (node:internal/process/task_queues:95:5)
    at async Connection.command (E:\Skybridge Digital\SmartPlazaNew-main\backend\node_modules\mongodb\lib\cmap\connection.js:344:26)
    at async Server.command (E:\Skybridge Digital\SmartPlazaNew-main\backend\node_modules\mongodb\lib\sdam\server.js:208:29)
    at async tryOperation (E:\Skybridge Digital\SmartPlazaNew-main\backend\node_modules\mongodb\lib\operations\execute_operation.js:215:32)
    at async executeOperation (E:\Skybridge Digital\SmartPlazaNew-main\backend\node_modules\mongodb\lib\operations\execute_operation.js:80:16)
    at async AggregationCursor._initialize (E:\Skybridge Digital\SmartPlazaNew-main\backend\node_modules\mongodb\lib\cursor\aggregation_cursor.js:57:26)
    at async AggregationCursor.cursorInit (E:\Skybridge Digital\SmartPlazaNew-main\backend\node_modules\mongodb\lib\cursor\abstract_cursor.js:620:27)
    at async AggregationCursor.fetchBatch (E:\Skybridge Digital\SmartPlazaNew-main\backend\node_modules\mongodb\lib\cursor\abstract_cursor.js:654:13)
    at async AggregationCursor.next (E:\Skybridge Digital\SmartPlazaNew-main\backend\node_modules\mongodb\lib\cursor\abstract_cursor.js:326:17)
    at async [Symbol.asyncIterator] (E:\Skybridge Digital\SmartPlazaNew-main\backend\node_modules\mongodb\lib\cursor\abstract_cursor.js:254:34)
    at async AggregationCursor.toArray (E:\Skybridge Digital\SmartPlazaNew-main\backend\node_modules\mongodb\lib\cursor\abstract_cursor.js:406:26)
    at async Aggregate.exec (E:\Skybridge Digital\SmartPlazaNew-main\backend\node_modules\mongoose\lib\aggregate.js:1074:14)
    at async E:\Skybridge Digital\SmartPlazaNew-main\backend\controllers\ecommerceAdminController.js:292:18\n\n2026-07-07T21:40:19.385Z\nMongoServerError: unrecognized option to $unwind stage: preserveNullAndEmpty
    at Connection.sendCommand (E:\Skybridge Digital\SmartPlazaNew-main\backend\node_modules\mongodb\lib\cmap\connection.js:320:27)
    at process.processTicksAndRejections (node:internal/process/task_queues:95:5)
    at async Connection.command (E:\Skybridge Digital\SmartPlazaNew-main\backend\node_modules\mongodb\lib\cmap\connection.js:344:26)
    at async Server.command (E:\Skybridge Digital\SmartPlazaNew-main\backend\node_modules\mongodb\lib\sdam\server.js:208:29)
    at async tryOperation (E:\Skybridge Digital\SmartPlazaNew-main\backend\node_modules\mongodb\lib\operations\execute_operation.js:215:32)
    at async executeOperation (E:\Skybridge Digital\SmartPlazaNew-main\backend\node_modules\mongodb\lib\operations\execute_operation.js:80:16)
    at async AggregationCursor._initialize (E:\Skybridge Digital\SmartPlazaNew-main\backend\node_modules\mongodb\lib\cursor\aggregation_cursor.js:57:26)
    at async AggregationCursor.cursorInit (E:\Skybridge Digital\SmartPlazaNew-main\backend\node_modules\mongodb\lib\cursor\abstract_cursor.js:620:27)
    at async AggregationCursor.fetchBatch (E:\Skybridge Digital\SmartPlazaNew-main\backend\node_modules\mongodb\lib\cursor\abstract_cursor.js:654:13)
    at async AggregationCursor.next (E:\Skybridge Digital\SmartPlazaNew-main\backend\node_modules\mongodb\lib\cursor\abstract_cursor.js:326:17)
    at async [Symbol.asyncIterator] (E:\Skybridge Digital\SmartPlazaNew-main\backend\node_modules\mongodb\lib\cursor\abstract_cursor.js:254:34)
    at async AggregationCursor.toArray (E:\Skybridge Digital\SmartPlazaNew-main\backend\node_modules\mongodb\lib\cursor\abstract_cursor.js:406:26)
    at async Aggregate.exec (E:\Skybridge Digital\SmartPlazaNew-main\backend\node_modules\mongoose\lib\aggregate.js:1074:14)
    at async E:\Skybridge Digital\SmartPlazaNew-main\backend\controllers\ecommerceAdminController.js:292:18\n\n2026-07-07T21:56:26.270Z\nMongoServerError: unrecognized option to $unwind stage: preserveNullAndEmpty
    at Connection.sendCommand (E:\Skybridge Digital\SmartPlazaNew-main\backend\node_modules\mongodb\lib\cmap\connection.js:320:27)
    at process.processTicksAndRejections (node:internal/process/task_queues:95:5)
    at async Connection.command (E:\Skybridge Digital\SmartPlazaNew-main\backend\node_modules\mongodb\lib\cmap\connection.js:344:26)
    at async Server.command (E:\Skybridge Digital\SmartPlazaNew-main\backend\node_modules\mongodb\lib\sdam\server.js:208:29)
    at async tryOperation (E:\Skybridge Digital\SmartPlazaNew-main\backend\node_modules\mongodb\lib\operations\execute_operation.js:215:32)
    at async executeOperation (E:\Skybridge Digital\SmartPlazaNew-main\backend\node_modules\mongodb\lib\operations\execute_operation.js:80:16)
    at async AggregationCursor._initialize (E:\Skybridge Digital\SmartPlazaNew-main\backend\node_modules\mongodb\lib\cursor\aggregation_cursor.js:57:26)
    at async AggregationCursor.cursorInit (E:\Skybridge Digital\SmartPlazaNew-main\backend\node_modules\mongodb\lib\cursor\abstract_cursor.js:620:27)
    at async AggregationCursor.fetchBatch (E:\Skybridge Digital\SmartPlazaNew-main\backend\node_modules\mongodb\lib\cursor\abstract_cursor.js:654:13)
    at async AggregationCursor.next (E:\Skybridge Digital\SmartPlazaNew-main\backend\node_modules\mongodb\lib\cursor\abstract_cursor.js:326:17)
    at async [Symbol.asyncIterator] (E:\Skybridge Digital\SmartPlazaNew-main\backend\node_modules\mongodb\lib\cursor\abstract_cursor.js:254:34)
    at async AggregationCursor.toArray (E:\Skybridge Digital\SmartPlazaNew-main\backend\node_modules\mongodb\lib\cursor\abstract_cursor.js:406:26)
    at async Aggregate.exec (E:\Skybridge Digital\SmartPlazaNew-main\backend\node_modules\mongoose\lib\aggregate.js:1074:14)
    at async E:\Skybridge Digital\SmartPlazaNew-main\backend\controllers\ecommerceAdminController.js:292:18\n\n2026-07-07T21:56:27.549Z\nMongoServerError: unrecognized option to $unwind stage: preserveNullAndEmpty
    at Connection.sendCommand (E:\Skybridge Digital\SmartPlazaNew-main\backend\node_modules\mongodb\lib\cmap\connection.js:320:27)
    at process.processTicksAndRejections (node:internal/process/task_queues:95:5)
    at async Connection.command (E:\Skybridge Digital\SmartPlazaNew-main\backend\node_modules\mongodb\lib\cmap\connection.js:344:26)
    at async Server.command (E:\Skybridge Digital\SmartPlazaNew-main\backend\node_modules\mongodb\lib\sdam\server.js:208:29)
    at async tryOperation (E:\Skybridge Digital\SmartPlazaNew-main\backend\node_modules\mongodb\lib\operations\execute_operation.js:215:32)
    at async executeOperation (E:\Skybridge Digital\SmartPlazaNew-main\backend\node_modules\mongodb\lib\operations\execute_operation.js:80:16)
    at async AggregationCursor._initialize (E:\Skybridge Digital\SmartPlazaNew-main\backend\node_modules\mongodb\lib\cursor\aggregation_cursor.js:57:26)
    at async AggregationCursor.cursorInit (E:\Skybridge Digital\SmartPlazaNew-main\backend\node_modules\mongodb\lib\cursor\abstract_cursor.js:620:27)
    at async AggregationCursor.fetchBatch (E:\Skybridge Digital\SmartPlazaNew-main\backend\node_modules\mongodb\lib\cursor\abstract_cursor.js:654:13)
    at async AggregationCursor.next (E:\Skybridge Digital\SmartPlazaNew-main\backend\node_modules\mongodb\lib\cursor\abstract_cursor.js:326:17)
    at async [Symbol.asyncIterator] (E:\Skybridge Digital\SmartPlazaNew-main\backend\node_modules\mongodb\lib\cursor\abstract_cursor.js:254:34)
    at async AggregationCursor.toArray (E:\Skybridge Digital\SmartPlazaNew-main\backend\node_modules\mongodb\lib\cursor\abstract_cursor.js:406:26)
    at async Aggregate.exec (E:\Skybridge Digital\SmartPlazaNew-main\backend\node_modules\mongoose\lib\aggregate.js:1074:14)
    at async E:\Skybridge Digital\SmartPlazaNew-main\backend\controllers\ecommerceAdminController.js:292:18\n\n2026-07-07T21:58:08.366Z\nMongoServerError: unrecognized option to $unwind stage: preserveNullAndEmpty
    at Connection.sendCommand (E:\Skybridge Digital\SmartPlazaNew-main\backend\node_modules\mongodb\lib\cmap\connection.js:320:27)
    at process.processTicksAndRejections (node:internal/process/task_queues:95:5)
    at async Connection.command (E:\Skybridge Digital\SmartPlazaNew-main\backend\node_modules\mongodb\lib\cmap\connection.js:344:26)
    at async Server.command (E:\Skybridge Digital\SmartPlazaNew-main\backend\node_modules\mongodb\lib\sdam\server.js:208:29)
    at async tryOperation (E:\Skybridge Digital\SmartPlazaNew-main\backend\node_modules\mongodb\lib\operations\execute_operation.js:215:32)
    at async executeOperation (E:\Skybridge Digital\SmartPlazaNew-main\backend\node_modules\mongodb\lib\operations\execute_operation.js:80:16)
    at async AggregationCursor._initialize (E:\Skybridge Digital\SmartPlazaNew-main\backend\node_modules\mongodb\lib\cursor\aggregation_cursor.js:57:26)
    at async AggregationCursor.cursorInit (E:\Skybridge Digital\SmartPlazaNew-main\backend\node_modules\mongodb\lib\cursor\abstract_cursor.js:620:27)
    at async AggregationCursor.fetchBatch (E:\Skybridge Digital\SmartPlazaNew-main\backend\node_modules\mongodb\lib\cursor\abstract_cursor.js:654:13)
    at async AggregationCursor.next (E:\Skybridge Digital\SmartPlazaNew-main\backend\node_modules\mongodb\lib\cursor\abstract_cursor.js:326:17)
    at async [Symbol.asyncIterator] (E:\Skybridge Digital\SmartPlazaNew-main\backend\node_modules\mongodb\lib\cursor\abstract_cursor.js:254:34)
    at async AggregationCursor.toArray (E:\Skybridge Digital\SmartPlazaNew-main\backend\node_modules\mongodb\lib\cursor\abstract_cursor.js:406:26)
    at async Aggregate.exec (E:\Skybridge Digital\SmartPlazaNew-main\backend\node_modules\mongoose\lib\aggregate.js:1074:14)
    at async E:\Skybridge Digital\SmartPlazaNew-main\backend\controllers\ecommerceAdminController.js:292:18\n\n2026-07-07T21:58:09.698Z\nMongoServerError: unrecognized option to $unwind stage: preserveNullAndEmpty
    at Connection.sendCommand (E:\Skybridge Digital\SmartPlazaNew-main\backend\node_modules\mongodb\lib\cmap\connection.js:320:27)
    at process.processTicksAndRejections (node:internal/process/task_queues:95:5)
    at async Connection.command (E:\Skybridge Digital\SmartPlazaNew-main\backend\node_modules\mongodb\lib\cmap\connection.js:344:26)
    at async Server.command (E:\Skybridge Digital\SmartPlazaNew-main\backend\node_modules\mongodb\lib\sdam\server.js:208:29)
    at async tryOperation (E:\Skybridge Digital\SmartPlazaNew-main\backend\node_modules\mongodb\lib\operations\execute_operation.js:215:32)
    at async executeOperation (E:\Skybridge Digital\SmartPlazaNew-main\backend\node_modules\mongodb\lib\operations\execute_operation.js:80:16)
    at async AggregationCursor._initialize (E:\Skybridge Digital\SmartPlazaNew-main\backend\node_modules\mongodb\lib\cursor\aggregation_cursor.js:57:26)
    at async AggregationCursor.cursorInit (E:\Skybridge Digital\SmartPlazaNew-main\backend\node_modules\mongodb\lib\cursor\abstract_cursor.js:620:27)
    at async AggregationCursor.fetchBatch (E:\Skybridge Digital\SmartPlazaNew-main\backend\node_modules\mongodb\lib\cursor\abstract_cursor.js:654:13)
    at async AggregationCursor.next (E:\Skybridge Digital\SmartPlazaNew-main\backend\node_modules\mongodb\lib\cursor\abstract_cursor.js:326:17)
    at async [Symbol.asyncIterator] (E:\Skybridge Digital\SmartPlazaNew-main\backend\node_modules\mongodb\lib\cursor\abstract_cursor.js:254:34)
    at async AggregationCursor.toArray (E:\Skybridge Digital\SmartPlazaNew-main\backend\node_modules\mongodb\lib\cursor\abstract_cursor.js:406:26)
    at async Aggregate.exec (E:\Skybridge Digital\SmartPlazaNew-main\backend\node_modules\mongoose\lib\aggregate.js:1074:14)
    at async E:\Skybridge Digital\SmartPlazaNew-main\backend\controllers\ecommerceAdminController.js:292:18\n\n2026-07-07T21:58:54.448Z\nMongoServerError: unrecognized option to $unwind stage: preserveNullAndEmpty
    at Connection.sendCommand (E:\Skybridge Digital\SmartPlazaNew-main\backend\node_modules\mongodb\lib\cmap\connection.js:320:27)
    at process.processTicksAndRejections (node:internal/process/task_queues:95:5)
    at async Connection.command (E:\Skybridge Digital\SmartPlazaNew-main\backend\node_modules\mongodb\lib\cmap\connection.js:344:26)
    at async Server.command (E:\Skybridge Digital\SmartPlazaNew-main\backend\node_modules\mongodb\lib\sdam\server.js:208:29)
    at async tryOperation (E:\Skybridge Digital\SmartPlazaNew-main\backend\node_modules\mongodb\lib\operations\execute_operation.js:215:32)
    at async executeOperation (E:\Skybridge Digital\SmartPlazaNew-main\backend\node_modules\mongodb\lib\operations\execute_operation.js:80:16)
    at async AggregationCursor._initialize (E:\Skybridge Digital\SmartPlazaNew-main\backend\node_modules\mongodb\lib\cursor\aggregation_cursor.js:57:26)
    at async AggregationCursor.cursorInit (E:\Skybridge Digital\SmartPlazaNew-main\backend\node_modules\mongodb\lib\cursor\abstract_cursor.js:620:27)
    at async AggregationCursor.fetchBatch (E:\Skybridge Digital\SmartPlazaNew-main\backend\node_modules\mongodb\lib\cursor\abstract_cursor.js:654:13)
    at async AggregationCursor.next (E:\Skybridge Digital\SmartPlazaNew-main\backend\node_modules\mongodb\lib\cursor\abstract_cursor.js:326:17)
    at async [Symbol.asyncIterator] (E:\Skybridge Digital\SmartPlazaNew-main\backend\node_modules\mongodb\lib\cursor\abstract_cursor.js:254:34)
    at async AggregationCursor.toArray (E:\Skybridge Digital\SmartPlazaNew-main\backend\node_modules\mongodb\lib\cursor\abstract_cursor.js:406:26)
    at async Aggregate.exec (E:\Skybridge Digital\SmartPlazaNew-main\backend\node_modules\mongoose\lib\aggregate.js:1074:14)
    at async E:\Skybridge Digital\SmartPlazaNew-main\backend\controllers\ecommerceAdminController.js:292:18\n\n2026-07-07T21:58:55.779Z\nMongoServerError: unrecognized option to $unwind stage: preserveNullAndEmpty
    at Connection.sendCommand (E:\Skybridge Digital\SmartPlazaNew-main\backend\node_modules\mongodb\lib\cmap\connection.js:320:27)
    at process.processTicksAndRejections (node:internal/process/task_queues:95:5)
    at async Connection.command (E:\Skybridge Digital\SmartPlazaNew-main\backend\node_modules\mongodb\lib\cmap\connection.js:344:26)
    at async Server.command (E:\Skybridge Digital\SmartPlazaNew-main\backend\node_modules\mongodb\lib\sdam\server.js:208:29)
    at async tryOperation (E:\Skybridge Digital\SmartPlazaNew-main\backend\node_modules\mongodb\lib\operations\execute_operation.js:215:32)
    at async executeOperation (E:\Skybridge Digital\SmartPlazaNew-main\backend\node_modules\mongodb\lib\operations\execute_operation.js:80:16)
    at async AggregationCursor._initialize (E:\Skybridge Digital\SmartPlazaNew-main\backend\node_modules\mongodb\lib\cursor\aggregation_cursor.js:57:26)
    at async AggregationCursor.cursorInit (E:\Skybridge Digital\SmartPlazaNew-main\backend\node_modules\mongodb\lib\cursor\abstract_cursor.js:620:27)
    at async AggregationCursor.fetchBatch (E:\Skybridge Digital\SmartPlazaNew-main\backend\node_modules\mongodb\lib\cursor\abstract_cursor.js:654:13)
    at async AggregationCursor.next (E:\Skybridge Digital\SmartPlazaNew-main\backend\node_modules\mongodb\lib\cursor\abstract_cursor.js:326:17)
    at async [Symbol.asyncIterator] (E:\Skybridge Digital\SmartPlazaNew-main\backend\node_modules\mongodb\lib\cursor\abstract_cursor.js:254:34)
    at async AggregationCursor.toArray (E:\Skybridge Digital\SmartPlazaNew-main\backend\node_modules\mongodb\lib\cursor\abstract_cursor.js:406:26)
    at async Aggregate.exec (E:\Skybridge Digital\SmartPlazaNew-main\backend\node_modules\mongoose\lib\aggregate.js:1074:14)
    at async E:\Skybridge Digital\SmartPlazaNew-main\backend\controllers\ecommerceAdminController.js:292:18\n\n2026-07-07T22:01:51.913Z\nTypeError: Class constructor ObjectId cannot be invoked without 'new'
    at E:\Skybridge Digital\SmartPlazaNew-main\backend\controllers\stockBatchController.js:150:74
    at asyncUtilWrap (E:\Skybridge Digital\SmartPlazaNew-main\backend\node_modules\express-async-handler\index.js:3:20)
    at Layer.handleRequest (E:\Skybridge Digital\SmartPlazaNew-main\backend\node_modules\router\lib\layer.js:152:17)
    at next (E:\Skybridge Digital\SmartPlazaNew-main\backend\node_modules\router\lib\route.js:157:13)
    at E:\Skybridge Digital\SmartPlazaNew-main\backend\middleware\permission.js:15:16
    at process.processTicksAndRejections (node:internal/process/task_queues:95:5)\n\n2026-07-07T22:02:43.114Z\nTypeError: Class constructor ObjectId cannot be invoked without 'new'
    at E:\Skybridge Digital\SmartPlazaNew-main\backend\controllers\stockBatchController.js:150:74
    at asyncUtilWrap (E:\Skybridge Digital\SmartPlazaNew-main\backend\node_modules\express-async-handler\index.js:3:20)
    at Layer.handleRequest (E:\Skybridge Digital\SmartPlazaNew-main\backend\node_modules\router\lib\layer.js:152:17)
    at next (E:\Skybridge Digital\SmartPlazaNew-main\backend\node_modules\router\lib\route.js:157:13)
    at E:\Skybridge Digital\SmartPlazaNew-main\backend\middleware\permission.js:15:16
    at process.processTicksAndRejections (node:internal/process/task_queues:95:5)\n\n2026-07-07T22:05:11.087Z\nTypeError: Class constructor ObjectId cannot be invoked without 'new'
    at E:\Skybridge Digital\SmartPlazaNew-main\backend\controllers\stockBatchController.js:150:74
    at asyncUtilWrap (E:\Skybridge Digital\SmartPlazaNew-main\backend\node_modules\express-async-handler\index.js:3:20)
    at Layer.handleRequest (E:\Skybridge Digital\SmartPlazaNew-main\backend\node_modules\router\lib\layer.js:152:17)
    at next (E:\Skybridge Digital\SmartPlazaNew-main\backend\node_modules\router\lib\route.js:157:13)
    at E:\Skybridge Digital\SmartPlazaNew-main\backend\middleware\permission.js:15:16
    at process.processTicksAndRejections (node:internal/process/task_queues:95:5)\n\n2026-07-07T22:05:12.203Z\nTypeError: Class constructor ObjectId cannot be invoked without 'new'
    at E:\Skybridge Digital\SmartPlazaNew-main\backend\controllers\stockBatchController.js:150:74
    at asyncUtilWrap (E:\Skybridge Digital\SmartPlazaNew-main\backend\node_modules\express-async-handler\index.js:3:20)
    at Layer.handleRequest (E:\Skybridge Digital\SmartPlazaNew-main\backend\node_modules\router\lib\layer.js:152:17)
    at next (E:\Skybridge Digital\SmartPlazaNew-main\backend\node_modules\router\lib\route.js:157:13)
    at E:\Skybridge Digital\SmartPlazaNew-main\backend\middleware\permission.js:15:16
    at process.processTicksAndRejections (node:internal/process/task_queues:95:5)\n\n2026-07-07T22:06:09.267Z\nValidationError: StockBatch validation failed: supplier: Supplier is required
    at Document.invalidate (E:\Skybridge Digital\SmartPlazaNew-main\backend\node_modules\mongoose\lib\document.js:3379:32)
    at validatePath (E:\Skybridge Digital\SmartPlazaNew-main\backend\node_modules\mongoose\lib\document.js:3154:13)
    at process.processTicksAndRejections (node:internal/process/task_queues:95:5)
    at async Promise.all (index 2)
    at async model.$__validate (E:\Skybridge Digital\SmartPlazaNew-main\backend\node_modules\mongoose\lib\document.js:3095:3)
    at async model.validate (E:\Skybridge Digital\SmartPlazaNew-main\backend\node_modules\mongoose\lib\document.js:2672:5)
    at async model.validateBeforeSave (E:\Skybridge Digital\SmartPlazaNew-main\backend\node_modules\mongoose\lib\plugins\validateBeforeSave.js:34:7)
    at async Kareem.execPre (E:\Skybridge Digital\SmartPlazaNew-main\backend\node_modules\kareem\index.js:65:24)
    at async model.$__save (E:\Skybridge Digital\SmartPlazaNew-main\backend\node_modules\mongoose\lib\model.js:369:5)
    at async model.save (E:\Skybridge Digital\SmartPlazaNew-main\backend\node_modules\mongoose\lib\model.js:609:5)
    at async E:\Skybridge Digital\SmartPlazaNew-main\backend\node_modules\mongoose\lib\model.js:2714:9
    at async Promise.all (index 0)
    at async Function.create (E:\Skybridge Digital\SmartPlazaNew-main\backend\node_modules\mongoose\lib\model.js:2699:11)
    at async E:\Skybridge Digital\SmartPlazaNew-main\backend\controllers\stockInController.js:231:19\n\n2026-07-07T22:06:58.814Z\nTypeError: Class constructor ObjectId cannot be invoked without 'new'
    at E:\Skybridge Digital\SmartPlazaNew-main\backend\controllers\stockBatchController.js:150:74
    at asyncUtilWrap (E:\Skybridge Digital\SmartPlazaNew-main\backend\node_modules\express-async-handler\index.js:3:20)
    at Layer.handleRequest (E:\Skybridge Digital\SmartPlazaNew-main\backend\node_modules\router\lib\layer.js:152:17)
    at next (E:\Skybridge Digital\SmartPlazaNew-main\backend\node_modules\router\lib\route.js:157:13)
    at E:\Skybridge Digital\SmartPlazaNew-main\backend\middleware\permission.js:15:16
    at process.processTicksAndRejections (node:internal/process/task_queues:95:5)\n\n2026-07-07T22:07:00.045Z\nTypeError: Class constructor ObjectId cannot be invoked without 'new'
    at E:\Skybridge Digital\SmartPlazaNew-main\backend\controllers\stockBatchController.js:150:74
    at asyncUtilWrap (E:\Skybridge Digital\SmartPlazaNew-main\backend\node_modules\express-async-handler\index.js:3:20)
    at Layer.handleRequest (E:\Skybridge Digital\SmartPlazaNew-main\backend\node_modules\router\lib\layer.js:152:17)
    at next (E:\Skybridge Digital\SmartPlazaNew-main\backend\node_modules\router\lib\route.js:157:13)
    at E:\Skybridge Digital\SmartPlazaNew-main\backend\middleware\permission.js:15:16
    at process.processTicksAndRejections (node:internal/process/task_queues:95:5)\n\n2026-07-07T22:07:04.850Z\nTypeError: Class constructor ObjectId cannot be invoked without 'new'
    at E:\Skybridge Digital\SmartPlazaNew-main\backend\controllers\stockBatchController.js:150:74
    at asyncUtilWrap (E:\Skybridge Digital\SmartPlazaNew-main\backend\node_modules\express-async-handler\index.js:3:20)
    at Layer.handleRequest (E:\Skybridge Digital\SmartPlazaNew-main\backend\node_modules\router\lib\layer.js:152:17)
    at next (E:\Skybridge Digital\SmartPlazaNew-main\backend\node_modules\router\lib\route.js:157:13)
    at E:\Skybridge Digital\SmartPlazaNew-main\backend\middleware\permission.js:15:16
    at process.processTicksAndRejections (node:internal/process/task_queues:95:5)\n\n2026-07-07T22:07:06.059Z\nTypeError: Class constructor ObjectId cannot be invoked without 'new'
    at E:\Skybridge Digital\SmartPlazaNew-main\backend\controllers\stockBatchController.js:150:74
    at asyncUtilWrap (E:\Skybridge Digital\SmartPlazaNew-main\backend\node_modules\express-async-handler\index.js:3:20)
    at Layer.handleRequest (E:\Skybridge Digital\SmartPlazaNew-main\backend\node_modules\router\lib\layer.js:152:17)
    at next (E:\Skybridge Digital\SmartPlazaNew-main\backend\node_modules\router\lib\route.js:157:13)
    at E:\Skybridge Digital\SmartPlazaNew-main\backend\middleware\permission.js:15:16
    at process.processTicksAndRejections (node:internal/process/task_queues:95:5)\n\n2026-07-07T22:10:27.463Z\nTypeError: Class constructor ObjectId cannot be invoked without 'new'
    at E:\Skybridge Digital\SmartPlazaNew-main\backend\controllers\stockBatchController.js:150:74
    at asyncUtilWrap (E:\Skybridge Digital\SmartPlazaNew-main\backend\node_modules\express-async-handler\index.js:3:20)
    at Layer.handleRequest (E:\Skybridge Digital\SmartPlazaNew-main\backend\node_modules\router\lib\layer.js:152:17)
    at next (E:\Skybridge Digital\SmartPlazaNew-main\backend\node_modules\router\lib\route.js:157:13)
    at E:\Skybridge Digital\SmartPlazaNew-main\backend\middleware\permission.js:15:16
    at process.processTicksAndRejections (node:internal/process/task_queues:95:5)\n\n2026-07-07T22:10:28.599Z\nTypeError: Class constructor ObjectId cannot be invoked without 'new'
    at E:\Skybridge Digital\SmartPlazaNew-main\backend\controllers\stockBatchController.js:150:74
    at asyncUtilWrap (E:\Skybridge Digital\SmartPlazaNew-main\backend\node_modules\express-async-handler\index.js:3:20)
    at Layer.handleRequest (E:\Skybridge Digital\SmartPlazaNew-main\backend\node_modules\router\lib\layer.js:152:17)
    at next (E:\Skybridge Digital\SmartPlazaNew-main\backend\node_modules\router\lib\route.js:157:13)
    at E:\Skybridge Digital\SmartPlazaNew-main\backend\middleware\permission.js:15:16
    at process.processTicksAndRejections (node:internal/process/task_queues:95:5)\n\n2026-07-07T22:11:19.112Z\nTypeError: Class constructor ObjectId cannot be invoked without 'new'
    at E:\Skybridge Digital\SmartPlazaNew-main\backend\controllers\stockBatchController.js:150:74
    at asyncUtilWrap (E:\Skybridge Digital\SmartPlazaNew-main\backend\node_modules\express-async-handler\index.js:3:20)
    at Layer.handleRequest (E:\Skybridge Digital\SmartPlazaNew-main\backend\node_modules\router\lib\layer.js:152:17)
    at next (E:\Skybridge Digital\SmartPlazaNew-main\backend\node_modules\router\lib\route.js:157:13)
    at E:\Skybridge Digital\SmartPlazaNew-main\backend\middleware\permission.js:15:16
    at process.processTicksAndRejections (node:internal/process/task_queues:95:5)\n\n2026-07-07T22:11:20.237Z\nTypeError: Class constructor ObjectId cannot be invoked without 'new'
    at E:\Skybridge Digital\SmartPlazaNew-main\backend\controllers\stockBatchController.js:150:74
    at asyncUtilWrap (E:\Skybridge Digital\SmartPlazaNew-main\backend\node_modules\express-async-handler\index.js:3:20)
    at Layer.handleRequest (E:\Skybridge Digital\SmartPlazaNew-main\backend\node_modules\router\lib\layer.js:152:17)
    at next (E:\Skybridge Digital\SmartPlazaNew-main\backend\node_modules\router\lib\route.js:157:13)
    at E:\Skybridge Digital\SmartPlazaNew-main\backend\middleware\permission.js:15:16
    at process.processTicksAndRejections (node:internal/process/task_queues:95:5)\n\n2026-07-07T22:13:11.763Z\nTypeError: Class constructor ObjectId cannot be invoked without 'new'
    at E:\Skybridge Digital\SmartPlazaNew-main\backend\controllers\stockBatchController.js:150:74
    at asyncUtilWrap (E:\Skybridge Digital\SmartPlazaNew-main\backend\node_modules\express-async-handler\index.js:3:20)
    at Layer.handleRequest (E:\Skybridge Digital\SmartPlazaNew-main\backend\node_modules\router\lib\layer.js:152:17)
    at next (E:\Skybridge Digital\SmartPlazaNew-main\backend\node_modules\router\lib\route.js:157:13)
    at E:\Skybridge Digital\SmartPlazaNew-main\backend\middleware\permission.js:15:16
    at process.processTicksAndRejections (node:internal/process/task_queues:95:5)\n\n2026-07-07T22:14:19.762Z\nTypeError: Class constructor ObjectId cannot be invoked without 'new'
    at E:\Skybridge Digital\SmartPlazaNew-main\backend\controllers\stockBatchController.js:150:74
    at asyncUtilWrap (E:\Skybridge Digital\SmartPlazaNew-main\backend\node_modules\express-async-handler\index.js:3:20)
    at Layer.handleRequest (E:\Skybridge Digital\SmartPlazaNew-main\backend\node_modules\router\lib\layer.js:152:17)
    at next (E:\Skybridge Digital\SmartPlazaNew-main\backend\node_modules\router\lib\route.js:157:13)
    at E:\Skybridge Digital\SmartPlazaNew-main\backend\middleware\permission.js:15:16
    at process.processTicksAndRejections (node:internal/process/task_queues:95:5)\n\n2026-07-07T22:15:17.208Z\nMongoServerError: unrecognized option to $unwind stage: preserveNullAndEmpty
    at Connection.sendCommand (E:\Skybridge Digital\SmartPlazaNew-main\backend\node_modules\mongodb\lib\cmap\connection.js:320:27)
    at process.processTicksAndRejections (node:internal/process/task_queues:95:5)
    at async Connection.command (E:\Skybridge Digital\SmartPlazaNew-main\backend\node_modules\mongodb\lib\cmap\connection.js:344:26)
    at async Server.command (E:\Skybridge Digital\SmartPlazaNew-main\backend\node_modules\mongodb\lib\sdam\server.js:208:29)
    at async tryOperation (E:\Skybridge Digital\SmartPlazaNew-main\backend\node_modules\mongodb\lib\operations\execute_operation.js:215:32)
    at async executeOperation (E:\Skybridge Digital\SmartPlazaNew-main\backend\node_modules\mongodb\lib\operations\execute_operation.js:80:16)
    at async AggregationCursor._initialize (E:\Skybridge Digital\SmartPlazaNew-main\backend\node_modules\mongodb\lib\cursor\aggregation_cursor.js:57:26)
    at async AggregationCursor.cursorInit (E:\Skybridge Digital\SmartPlazaNew-main\backend\node_modules\mongodb\lib\cursor\abstract_cursor.js:620:27)
    at async AggregationCursor.fetchBatch (E:\Skybridge Digital\SmartPlazaNew-main\backend\node_modules\mongodb\lib\cursor\abstract_cursor.js:654:13)
    at async AggregationCursor.next (E:\Skybridge Digital\SmartPlazaNew-main\backend\node_modules\mongodb\lib\cursor\abstract_cursor.js:326:17)
    at async [Symbol.asyncIterator] (E:\Skybridge Digital\SmartPlazaNew-main\backend\node_modules\mongodb\lib\cursor\abstract_cursor.js:254:34)
    at async AggregationCursor.toArray (E:\Skybridge Digital\SmartPlazaNew-main\backend\node_modules\mongodb\lib\cursor\abstract_cursor.js:406:26)
    at async Aggregate.exec (E:\Skybridge Digital\SmartPlazaNew-main\backend\node_modules\mongoose\lib\aggregate.js:1074:14)
    at async E:\Skybridge Digital\SmartPlazaNew-main\backend\controllers\ecommerceAdminController.js:292:18\n\n2026-07-07T22:15:18.406Z\nMongoServerError: unrecognized option to $unwind stage: preserveNullAndEmpty
    at Connection.sendCommand (E:\Skybridge Digital\SmartPlazaNew-main\backend\node_modules\mongodb\lib\cmap\connection.js:320:27)
    at process.processTicksAndRejections (node:internal/process/task_queues:95:5)
    at async Connection.command (E:\Skybridge Digital\SmartPlazaNew-main\backend\node_modules\mongodb\lib\cmap\connection.js:344:26)
    at async Server.command (E:\Skybridge Digital\SmartPlazaNew-main\backend\node_modules\mongodb\lib\sdam\server.js:208:29)
    at async tryOperation (E:\Skybridge Digital\SmartPlazaNew-main\backend\node_modules\mongodb\lib\operations\execute_operation.js:215:32)
    at async executeOperation (E:\Skybridge Digital\SmartPlazaNew-main\backend\node_modules\mongodb\lib\operations\execute_operation.js:80:16)
    at async AggregationCursor._initialize (E:\Skybridge Digital\SmartPlazaNew-main\backend\node_modules\mongodb\lib\cursor\aggregation_cursor.js:57:26)
    at async AggregationCursor.cursorInit (E:\Skybridge Digital\SmartPlazaNew-main\backend\node_modules\mongodb\lib\cursor\abstract_cursor.js:620:27)
    at async AggregationCursor.fetchBatch (E:\Skybridge Digital\SmartPlazaNew-main\backend\node_modules\mongodb\lib\cursor\abstract_cursor.js:654:13)
    at async AggregationCursor.next (E:\Skybridge Digital\SmartPlazaNew-main\backend\node_modules\mongodb\lib\cursor\abstract_cursor.js:326:17)
    at async [Symbol.asyncIterator] (E:\Skybridge Digital\SmartPlazaNew-main\backend\node_modules\mongodb\lib\cursor\abstract_cursor.js:254:34)
    at async AggregationCursor.toArray (E:\Skybridge Digital\SmartPlazaNew-main\backend\node_modules\mongodb\lib\cursor\abstract_cursor.js:406:26)
    at async Aggregate.exec (E:\Skybridge Digital\SmartPlazaNew-main\backend\node_modules\mongoose\lib\aggregate.js:1074:14)
    at async E:\Skybridge Digital\SmartPlazaNew-main\backend\controllers\ecommerceAdminController.js:292:18\n\n2026-07-07T22:15:39.916Z\nTypeError: Class constructor ObjectId cannot be invoked without 'new'
    at E:\Skybridge Digital\SmartPlazaNew-main\backend\controllers\stockBatchController.js:150:74
    at asyncUtilWrap (E:\Skybridge Digital\SmartPlazaNew-main\backend\node_modules\express-async-handler\index.js:3:20)
    at Layer.handleRequest (E:\Skybridge Digital\SmartPlazaNew-main\backend\node_modules\router\lib\layer.js:152:17)
    at next (E:\Skybridge Digital\SmartPlazaNew-main\backend\node_modules\router\lib\route.js:157:13)
    at E:\Skybridge Digital\SmartPlazaNew-main\backend\middleware\permission.js:15:16
    at process.processTicksAndRejections (node:internal/process/task_queues:95:5)\n\n2026-07-07T22:15:41.031Z\nTypeError: Class constructor ObjectId cannot be invoked without 'new'
    at E:\Skybridge Digital\SmartPlazaNew-main\backend\controllers\stockBatchController.js:150:74
    at asyncUtilWrap (E:\Skybridge Digital\SmartPlazaNew-main\backend\node_modules\express-async-handler\index.js:3:20)
    at Layer.handleRequest (E:\Skybridge Digital\SmartPlazaNew-main\backend\node_modules\router\lib\layer.js:152:17)
    at next (E:\Skybridge Digital\SmartPlazaNew-main\backend\node_modules\router\lib\route.js:157:13)
    at E:\Skybridge Digital\SmartPlazaNew-main\backend\middleware\permission.js:15:16
    at process.processTicksAndRejections (node:internal/process/task_queues:95:5)\n\n2026-07-07T22:19:24.295Z\nTypeError: Class constructor ObjectId cannot be invoked without 'new'
    at E:\Skybridge Digital\SmartPlazaNew-main\backend\controllers\stockBatchController.js:150:74
    at asyncUtilWrap (E:\Skybridge Digital\SmartPlazaNew-main\backend\node_modules\express-async-handler\index.js:3:20)
    at Layer.handleRequest (E:\Skybridge Digital\SmartPlazaNew-main\backend\node_modules\router\lib\layer.js:152:17)
    at next (E:\Skybridge Digital\SmartPlazaNew-main\backend\node_modules\router\lib\route.js:157:13)
    at E:\Skybridge Digital\SmartPlazaNew-main\backend\middleware\permission.js:15:16
    at process.processTicksAndRejections (node:internal/process/task_queues:95:5)\n\n2026-07-07T22:19:25.406Z\nTypeError: Class constructor ObjectId cannot be invoked without 'new'
    at E:\Skybridge Digital\SmartPlazaNew-main\backend\controllers\stockBatchController.js:150:74
    at asyncUtilWrap (E:\Skybridge Digital\SmartPlazaNew-main\backend\node_modules\express-async-handler\index.js:3:20)
    at Layer.handleRequest (E:\Skybridge Digital\SmartPlazaNew-main\backend\node_modules\router\lib\layer.js:152:17)
    at next (E:\Skybridge Digital\SmartPlazaNew-main\backend\node_modules\router\lib\route.js:157:13)
    at E:\Skybridge Digital\SmartPlazaNew-main\backend\middleware\permission.js:15:16
    at process.processTicksAndRejections (node:internal/process/task_queues:95:5)\n\n2026-07-07T22:21:02.849Z\nTypeError: Class constructor ObjectId cannot be invoked without 'new'
    at E:\Skybridge Digital\SmartPlazaNew-main\backend\controllers\stockBatchController.js:150:74
    at asyncUtilWrap (E:\Skybridge Digital\SmartPlazaNew-main\backend\node_modules\express-async-handler\index.js:3:20)
    at Layer.handleRequest (E:\Skybridge Digital\SmartPlazaNew-main\backend\node_modules\router\lib\layer.js:152:17)
    at next (E:\Skybridge Digital\SmartPlazaNew-main\backend\node_modules\router\lib\route.js:157:13)
    at E:\Skybridge Digital\SmartPlazaNew-main\backend\middleware\permission.js:15:16
    at process.processTicksAndRejections (node:internal/process/task_queues:95:5)\n\n2026-07-07T22:21:03.979Z\nTypeError: Class constructor ObjectId cannot be invoked without 'new'
    at E:\Skybridge Digital\SmartPlazaNew-main\backend\controllers\stockBatchController.js:150:74
    at asyncUtilWrap (E:\Skybridge Digital\SmartPlazaNew-main\backend\node_modules\express-async-handler\index.js:3:20)
    at Layer.handleRequest (E:\Skybridge Digital\SmartPlazaNew-main\backend\node_modules\router\lib\layer.js:152:17)
    at next (E:\Skybridge Digital\SmartPlazaNew-main\backend\node_modules\router\lib\route.js:157:13)
    at E:\Skybridge Digital\SmartPlazaNew-main\backend\middleware\permission.js:15:16
    at process.processTicksAndRejections (node:internal/process/task_queues:95:5)\n\n2026-07-07T22:27:13.868Z\nTypeError: Class constructor ObjectId cannot be invoked without 'new'
    at E:\Skybridge Digital\SmartPlazaNew-main\backend\controllers\stockBatchController.js:150:74
    at asyncUtilWrap (E:\Skybridge Digital\SmartPlazaNew-main\backend\node_modules\express-async-handler\index.js:3:20)
    at Layer.handleRequest (E:\Skybridge Digital\SmartPlazaNew-main\backend\node_modules\router\lib\layer.js:152:17)
    at next (E:\Skybridge Digital\SmartPlazaNew-main\backend\node_modules\router\lib\route.js:157:13)
    at E:\Skybridge Digital\SmartPlazaNew-main\backend\middleware\permission.js:15:16
    at process.processTicksAndRejections (node:internal/process/task_queues:95:5)\n\n2026-07-07T22:27:15.006Z\nTypeError: Class constructor ObjectId cannot be invoked without 'new'
    at E:\Skybridge Digital\SmartPlazaNew-main\backend\controllers\stockBatchController.js:150:74
    at asyncUtilWrap (E:\Skybridge Digital\SmartPlazaNew-main\backend\node_modules\express-async-handler\index.js:3:20)
    at Layer.handleRequest (E:\Skybridge Digital\SmartPlazaNew-main\backend\node_modules\router\lib\layer.js:152:17)
    at next (E:\Skybridge Digital\SmartPlazaNew-main\backend\node_modules\router\lib\route.js:157:13)
    at E:\Skybridge Digital\SmartPlazaNew-main\backend\middleware\permission.js:15:16
    at process.processTicksAndRejections (node:internal/process/task_queues:95:5)\n\n2026-07-07T22:29:09.235Z\nTypeError: Class constructor ObjectId cannot be invoked without 'new'
    at E:\Skybridge Digital\SmartPlazaNew-main\backend\controllers\stockBatchController.js:150:74
    at asyncUtilWrap (E:\Skybridge Digital\SmartPlazaNew-main\backend\node_modules\express-async-handler\index.js:3:20)
    at Layer.handleRequest (E:\Skybridge Digital\SmartPlazaNew-main\backend\node_modules\router\lib\layer.js:152:17)
    at next (E:\Skybridge Digital\SmartPlazaNew-main\backend\node_modules\router\lib\route.js:157:13)
    at E:\Skybridge Digital\SmartPlazaNew-main\backend\middleware\permission.js:15:16
    at process.processTicksAndRejections (node:internal/process/task_queues:95:5)\n\n2026-07-07T22:29:10.478Z\nTypeError: Class constructor ObjectId cannot be invoked without 'new'
    at E:\Skybridge Digital\SmartPlazaNew-main\backend\controllers\stockBatchController.js:150:74
    at asyncUtilWrap (E:\Skybridge Digital\SmartPlazaNew-main\backend\node_modules\express-async-handler\index.js:3:20)
    at Layer.handleRequest (E:\Skybridge Digital\SmartPlazaNew-main\backend\node_modules\router\lib\layer.js:152:17)
    at next (E:\Skybridge Digital\SmartPlazaNew-main\backend\node_modules\router\lib\route.js:157:13)
    at E:\Skybridge Digital\SmartPlazaNew-main\backend\middleware\permission.js:15:16
    at process.processTicksAndRejections (node:internal/process/task_queues:95:5)\n\n2026-07-07T22:31:38.840Z\nTypeError: Class constructor ObjectId cannot be invoked without 'new'
    at E:\Skybridge Digital\SmartPlazaNew-main\backend\controllers\stockBatchController.js:150:74
    at asyncUtilWrap (E:\Skybridge Digital\SmartPlazaNew-main\backend\node_modules\express-async-handler\index.js:3:20)
    at Layer.handleRequest (E:\Skybridge Digital\SmartPlazaNew-main\backend\node_modules\router\lib\layer.js:152:17)
    at next (E:\Skybridge Digital\SmartPlazaNew-main\backend\node_modules\router\lib\route.js:157:13)
    at E:\Skybridge Digital\SmartPlazaNew-main\backend\middleware\permission.js:15:16
    at process.processTicksAndRejections (node:internal/process/task_queues:95:5)\n\n2026-07-07T22:31:50.252Z\nTypeError: Class constructor ObjectId cannot be invoked without 'new'
    at E:\Skybridge Digital\SmartPlazaNew-main\backend\controllers\stockBatchController.js:150:74
    at asyncUtilWrap (E:\Skybridge Digital\SmartPlazaNew-main\backend\node_modules\express-async-handler\index.js:3:20)
    at Layer.handleRequest (E:\Skybridge Digital\SmartPlazaNew-main\backend\node_modules\router\lib\layer.js:152:17)
    at next (E:\Skybridge Digital\SmartPlazaNew-main\backend\node_modules\router\lib\route.js:157:13)
    at E:\Skybridge Digital\SmartPlazaNew-main\backend\middleware\permission.js:15:16
    at process.processTicksAndRejections (node:internal/process/task_queues:95:5)\n\n2026-07-07T22:32:21.443Z\nTypeError: Class constructor ObjectId cannot be invoked without 'new'
    at E:\Skybridge Digital\SmartPlazaNew-main\backend\controllers\stockBatchController.js:150:74
    at asyncUtilWrap (E:\Skybridge Digital\SmartPlazaNew-main\backend\node_modules\express-async-handler\index.js:3:20)
    at Layer.handleRequest (E:\Skybridge Digital\SmartPlazaNew-main\backend\node_modules\router\lib\layer.js:152:17)
    at next (E:\Skybridge Digital\SmartPlazaNew-main\backend\node_modules\router\lib\route.js:157:13)
    at E:\Skybridge Digital\SmartPlazaNew-main\backend\middleware\permission.js:15:16
    at process.processTicksAndRejections (node:internal/process/task_queues:95:5)\n\n2026-07-07T22:40:59.508Z\nTypeError: Class constructor ObjectId cannot be invoked without 'new'
    at E:\Skybridge Digital\SmartPlazaNew-main\backend\controllers\stockBatchController.js:150:74
    at asyncUtilWrap (E:\Skybridge Digital\SmartPlazaNew-main\backend\node_modules\express-async-handler\index.js:3:20)
    at Layer.handleRequest (E:\Skybridge Digital\SmartPlazaNew-main\backend\node_modules\router\lib\layer.js:152:17)
    at next (E:\Skybridge Digital\SmartPlazaNew-main\backend\node_modules\router\lib\route.js:157:13)
    at E:\Skybridge Digital\SmartPlazaNew-main\backend\middleware\permission.js:15:16
    at process.processTicksAndRejections (node:internal/process/task_queues:95:5)\n\n2026-07-07T22:41:00.654Z\nTypeError: Class constructor ObjectId cannot be invoked without 'new'
    at E:\Skybridge Digital\SmartPlazaNew-main\backend\controllers\stockBatchController.js:150:74
    at asyncUtilWrap (E:\Skybridge Digital\SmartPlazaNew-main\backend\node_modules\express-async-handler\index.js:3:20)
    at Layer.handleRequest (E:\Skybridge Digital\SmartPlazaNew-main\backend\node_modules\router\lib\layer.js:152:17)
    at next (E:\Skybridge Digital\SmartPlazaNew-main\backend\node_modules\router\lib\route.js:157:13)
    at E:\Skybridge Digital\SmartPlazaNew-main\backend\middleware\permission.js:15:16
    at process.processTicksAndRejections (node:internal/process/task_queues:95:5)\n\n2026-07-07T22:41:08.608Z\nTypeError: Class constructor ObjectId cannot be invoked without 'new'
    at E:\Skybridge Digital\SmartPlazaNew-main\backend\controllers\stockBatchController.js:150:74
    at asyncUtilWrap (E:\Skybridge Digital\SmartPlazaNew-main\backend\node_modules\express-async-handler\index.js:3:20)
    at Layer.handleRequest (E:\Skybridge Digital\SmartPlazaNew-main\backend\node_modules\router\lib\layer.js:152:17)
    at next (E:\Skybridge Digital\SmartPlazaNew-main\backend\node_modules\router\lib\route.js:157:13)
    at E:\Skybridge Digital\SmartPlazaNew-main\backend\middleware\permission.js:15:16
    at process.processTicksAndRejections (node:internal/process/task_queues:95:5)\n\n2026-07-07T22:41:09.839Z\nTypeError: Class constructor ObjectId cannot be invoked without 'new'
    at E:\Skybridge Digital\SmartPlazaNew-main\backend\controllers\stockBatchController.js:150:74
    at asyncUtilWrap (E:\Skybridge Digital\SmartPlazaNew-main\backend\node_modules\express-async-handler\index.js:3:20)
    at Layer.handleRequest (E:\Skybridge Digital\SmartPlazaNew-main\backend\node_modules\router\lib\layer.js:152:17)
    at next (E:\Skybridge Digital\SmartPlazaNew-main\backend\node_modules\router\lib\route.js:157:13)
    at E:\Skybridge Digital\SmartPlazaNew-main\backend\middleware\permission.js:15:16
    at process.processTicksAndRejections (node:internal/process/task_queues:95:5)\n\n2026-07-07T22:41:15.062Z\nTypeError: Class constructor ObjectId cannot be invoked without 'new'
    at E:\Skybridge Digital\SmartPlazaNew-main\backend\controllers\stockBatchController.js:150:74
    at asyncUtilWrap (E:\Skybridge Digital\SmartPlazaNew-main\backend\node_modules\express-async-handler\index.js:3:20)
    at Layer.handleRequest (E:\Skybridge Digital\SmartPlazaNew-main\backend\node_modules\router\lib\layer.js:152:17)
    at next (E:\Skybridge Digital\SmartPlazaNew-main\backend\node_modules\router\lib\route.js:157:13)
    at E:\Skybridge Digital\SmartPlazaNew-main\backend\middleware\permission.js:15:16
    at process.processTicksAndRejections (node:internal/process/task_queues:95:5)\n\n2026-07-07T22:41:16.390Z\nTypeError: Class constructor ObjectId cannot be invoked without 'new'
    at E:\Skybridge Digital\SmartPlazaNew-main\backend\controllers\stockBatchController.js:150:74
    at asyncUtilWrap (E:\Skybridge Digital\SmartPlazaNew-main\backend\node_modules\express-async-handler\index.js:3:20)
    at Layer.handleRequest (E:\Skybridge Digital\SmartPlazaNew-main\backend\node_modules\router\lib\layer.js:152:17)
    at next (E:\Skybridge Digital\SmartPlazaNew-main\backend\node_modules\router\lib\route.js:157:13)
    at E:\Skybridge Digital\SmartPlazaNew-main\backend\middleware\permission.js:15:16
    at process.processTicksAndRejections (node:internal/process/task_queues:95:5)\n\n2026-07-07T22:50:37.511Z\nTypeError: Class constructor ObjectId cannot be invoked without 'new'
    at E:\Skybridge Digital\SmartPlazaNew-main\backend\controllers\stockBatchController.js:150:74
    at asyncUtilWrap (E:\Skybridge Digital\SmartPlazaNew-main\backend\node_modules\express-async-handler\index.js:3:20)
    at Layer.handleRequest (E:\Skybridge Digital\SmartPlazaNew-main\backend\node_modules\router\lib\layer.js:152:17)
    at next (E:\Skybridge Digital\SmartPlazaNew-main\backend\node_modules\router\lib\route.js:157:13)
    at E:\Skybridge Digital\SmartPlazaNew-main\backend\middleware\permission.js:15:16
    at process.processTicksAndRejections (node:internal/process/task_queues:95:5)\n\n2026-07-07T22:51:23.243Z\nTypeError: Class constructor ObjectId cannot be invoked without 'new'
    at E:\Skybridge Digital\SmartPlazaNew-main\backend\controllers\stockBatchController.js:150:74
    at asyncUtilWrap (E:\Skybridge Digital\SmartPlazaNew-main\backend\node_modules\express-async-handler\index.js:3:20)
    at Layer.handleRequest (E:\Skybridge Digital\SmartPlazaNew-main\backend\node_modules\router\lib\layer.js:152:17)
    at next (E:\Skybridge Digital\SmartPlazaNew-main\backend\node_modules\router\lib\route.js:157:13)
    at E:\Skybridge Digital\SmartPlazaNew-main\backend\middleware\permission.js:15:16
    at process.processTicksAndRejections (node:internal/process/task_queues:95:5)\n\n2026-07-07T22:52:44.035Z\nValidationError: StockBatch validation failed: supplier: Supplier is required
    at Document.invalidate (E:\Skybridge Digital\SmartPlazaNew-main\backend\node_modules\mongoose\lib\document.js:3379:32)
    at validatePath (E:\Skybridge Digital\SmartPlazaNew-main\backend\node_modules\mongoose\lib\document.js:3154:13)
    at process.processTicksAndRejections (node:internal/process/task_queues:95:5)
    at async Promise.all (index 2)
    at async model.$__validate (E:\Skybridge Digital\SmartPlazaNew-main\backend\node_modules\mongoose\lib\document.js:3095:3)
    at async model.validate (E:\Skybridge Digital\SmartPlazaNew-main\backend\node_modules\mongoose\lib\document.js:2672:5)
    at async model.validateBeforeSave (E:\Skybridge Digital\SmartPlazaNew-main\backend\node_modules\mongoose\lib\plugins\validateBeforeSave.js:34:7)
    at async Kareem.execPre (E:\Skybridge Digital\SmartPlazaNew-main\backend\node_modules\kareem\index.js:65:24)
    at async model.$__save (E:\Skybridge Digital\SmartPlazaNew-main\backend\node_modules\mongoose\lib\model.js:369:5)
    at async model.save (E:\Skybridge Digital\SmartPlazaNew-main\backend\node_modules\mongoose\lib\model.js:609:5)
    at async E:\Skybridge Digital\SmartPlazaNew-main\backend\node_modules\mongoose\lib\model.js:2714:9
    at async Promise.all (index 0)
    at async Function.create (E:\Skybridge Digital\SmartPlazaNew-main\backend\node_modules\mongoose\lib\model.js:2699:11)
    at async E:\Skybridge Digital\SmartPlazaNew-main\backend\controllers\stockInController.js:231:19\n\n2026-07-07T23:17:34.156Z\nMongoServerError: unrecognized option to $unwind stage: preserveNullAndEmpty
    at Connection.sendCommand (E:\Skybridge Digital\SmartPlazaNew-main\backend\node_modules\mongodb\lib\cmap\connection.js:320:27)
    at process.processTicksAndRejections (node:internal/process/task_queues:95:5)
    at async Connection.command (E:\Skybridge Digital\SmartPlazaNew-main\backend\node_modules\mongodb\lib\cmap\connection.js:344:26)
    at async Server.command (E:\Skybridge Digital\SmartPlazaNew-main\backend\node_modules\mongodb\lib\sdam\server.js:208:29)
    at async tryOperation (E:\Skybridge Digital\SmartPlazaNew-main\backend\node_modules\mongodb\lib\operations\execute_operation.js:215:32)
    at async executeOperation (E:\Skybridge Digital\SmartPlazaNew-main\backend\node_modules\mongodb\lib\operations\execute_operation.js:80:16)
    at async AggregationCursor._initialize (E:\Skybridge Digital\SmartPlazaNew-main\backend\node_modules\mongodb\lib\cursor\aggregation_cursor.js:57:26)
    at async AggregationCursor.cursorInit (E:\Skybridge Digital\SmartPlazaNew-main\backend\node_modules\mongodb\lib\cursor\abstract_cursor.js:620:27)
    at async AggregationCursor.fetchBatch (E:\Skybridge Digital\SmartPlazaNew-main\backend\node_modules\mongodb\lib\cursor\abstract_cursor.js:654:13)
    at async AggregationCursor.next (E:\Skybridge Digital\SmartPlazaNew-main\backend\node_modules\mongodb\lib\cursor\abstract_cursor.js:326:17)
    at async [Symbol.asyncIterator] (E:\Skybridge Digital\SmartPlazaNew-main\backend\node_modules\mongodb\lib\cursor\abstract_cursor.js:254:34)
    at async AggregationCursor.toArray (E:\Skybridge Digital\SmartPlazaNew-main\backend\node_modules\mongodb\lib\cursor\abstract_cursor.js:406:26)
    at async Aggregate.exec (E:\Skybridge Digital\SmartPlazaNew-main\backend\node_modules\mongoose\lib\aggregate.js:1074:14)
    at async E:\Skybridge Digital\SmartPlazaNew-main\backend\controllers\ecommerceAdminController.js:292:18\n\n2026-07-07T23:40:45.802Z\nError: Not Found - /api/routes
    at notFound (E:\Skybridge Digital\SmartPlazaNew-main\backend\middleware\errorMiddleware.js:2:17)
    at Layer.handleRequest (E:\Skybridge Digital\SmartPlazaNew-main\backend\node_modules\router\lib\layer.js:152:17)
    at trimPrefix (E:\Skybridge Digital\SmartPlazaNew-main\backend\node_modules\router\index.js:342:13)
    at E:\Skybridge Digital\SmartPlazaNew-main\backend\node_modules\router\index.js:297:9
    at processParams (E:\Skybridge Digital\SmartPlazaNew-main\backend\node_modules\router\index.js:582:12)
    at next (E:\Skybridge Digital\SmartPlazaNew-main\backend\node_modules\router\index.js:291:5)
    at E:\Skybridge Digital\SmartPlazaNew-main\backend\server.js:96:3
    at Layer.handleRequest (E:\Skybridge Digital\SmartPlazaNew-main\backend\node_modules\router\lib\layer.js:152:17)
    at trimPrefix (E:\Skybridge Digital\SmartPlazaNew-main\backend\node_modules\router\index.js:342:13)
    at E:\Skybridge Digital\SmartPlazaNew-main\backend\node_modules\router\index.js:297:9
    at processParams (E:\Skybridge Digital\SmartPlazaNew-main\backend\node_modules\router\index.js:582:12)
    at next (E:\Skybridge Digital\SmartPlazaNew-main\backend\node_modules\router\index.js:291:5)
    at read (E:\Skybridge Digital\SmartPlazaNew-main\backend\node_modules\body-parser\lib\read.js:54:5)
    at urlencodedParser (E:\Skybridge Digital\SmartPlazaNew-main\backend\node_modules\body-parser\lib\types\urlencoded.js:58:5)
    at Layer.handleRequest (E:\Skybridge Digital\SmartPlazaNew-main\backend\node_modules\router\lib\layer.js:152:17)
    at trimPrefix (E:\Skybridge Digital\SmartPlazaNew-main\backend\node_modules\router\index.js:342:13)\n\n2026-07-07T23:40:46.836Z\nError: Not Found - /api/routes
    at notFound (E:\Skybridge Digital\SmartPlazaNew-main\backend\middleware\errorMiddleware.js:2:17)
    at Layer.handleRequest (E:\Skybridge Digital\SmartPlazaNew-main\backend\node_modules\router\lib\layer.js:152:17)
    at trimPrefix (E:\Skybridge Digital\SmartPlazaNew-main\backend\node_modules\router\index.js:342:13)
    at E:\Skybridge Digital\SmartPlazaNew-main\backend\node_modules\router\index.js:297:9
    at processParams (E:\Skybridge Digital\SmartPlazaNew-main\backend\node_modules\router\index.js:582:12)
    at next (E:\Skybridge Digital\SmartPlazaNew-main\backend\node_modules\router\index.js:291:5)
    at E:\Skybridge Digital\SmartPlazaNew-main\backend\server.js:96:3
    at Layer.handleRequest (E:\Skybridge Digital\SmartPlazaNew-main\backend\node_modules\router\lib\layer.js:152:17)
    at trimPrefix (E:\Skybridge Digital\SmartPlazaNew-main\backend\node_modules\router\index.js:342:13)
    at E:\Skybridge Digital\SmartPlazaNew-main\backend\node_modules\router\index.js:297:9
    at processParams (E:\Skybridge Digital\SmartPlazaNew-main\backend\node_modules\router\index.js:582:12)
    at next (E:\Skybridge Digital\SmartPlazaNew-main\backend\node_modules\router\index.js:291:5)
    at read (E:\Skybridge Digital\SmartPlazaNew-main\backend\node_modules\body-parser\lib\read.js:54:5)
    at urlencodedParser (E:\Skybridge Digital\SmartPlazaNew-main\backend\node_modules\body-parser\lib\types\urlencoded.js:58:5)
    at Layer.handleRequest (E:\Skybridge Digital\SmartPlazaNew-main\backend\node_modules\router\lib\layer.js:152:17)
    at trimPrefix (E:\Skybridge Digital\SmartPlazaNew-main\backend\node_modules\router\index.js:342:13)\n\n
>>>>>>> bc2be36e55feb8b5864050b1261ae71fbfe813b7
2026-07-07T21:39:23.946Z\nError: Not Found - /api/routes
    at notFound (E:\MY-Portfolio\skybridge\smart-plaza\smart-plaza\backend\middleware\errorMiddleware.js:2:17)
    at Layer.handleRequest (E:\MY-Portfolio\skybridge\smart-plaza\smart-plaza\backend\node_modules\router\lib\layer.js:152:17)
    at trimPrefix (E:\MY-Portfolio\skybridge\smart-plaza\smart-plaza\backend\node_modules\router\index.js:342:13)
    at E:\MY-Portfolio\skybridge\smart-plaza\smart-plaza\backend\node_modules\router\index.js:297:9
    at processParams (E:\MY-Portfolio\skybridge\smart-plaza\smart-plaza\backend\node_modules\router\index.js:582:12)
    at next (E:\MY-Portfolio\skybridge\smart-plaza\smart-plaza\backend\node_modules\router\index.js:291:5)
    at E:\MY-Portfolio\skybridge\smart-plaza\smart-plaza\backend\server.js:96:3
    at Layer.handleRequest (E:\MY-Portfolio\skybridge\smart-plaza\smart-plaza\backend\node_modules\router\lib\layer.js:152:17)
    at trimPrefix (E:\MY-Portfolio\skybridge\smart-plaza\smart-plaza\backend\node_modules\router\index.js:342:13)
    at E:\MY-Portfolio\skybridge\smart-plaza\smart-plaza\backend\node_modules\router\index.js:297:9
    at processParams (E:\MY-Portfolio\skybridge\smart-plaza\smart-plaza\backend\node_modules\router\index.js:582:12)
    at next (E:\MY-Portfolio\skybridge\smart-plaza\smart-plaza\backend\node_modules\router\index.js:291:5)
    at read (E:\MY-Portfolio\skybridge\smart-plaza\smart-plaza\backend\node_modules\body-parser\lib\read.js:53:5)
    at urlencodedParser (E:\MY-Portfolio\skybridge\smart-plaza\smart-plaza\backend\node_modules\body-parser\lib\types\urlencoded.js:57:5)
    at Layer.handleRequest (E:\MY-Portfolio\skybridge\smart-plaza\smart-plaza\backend\node_modules\router\lib\layer.js:152:17)
    at trimPrefix (E:\MY-Portfolio\skybridge\smart-plaza\smart-plaza\backend\node_modules\router\index.js:342:13)\n\n2026-07-07T21:39:24.973Z\nError: Not Found - /api/routes
    at notFound (E:\MY-Portfolio\skybridge\smart-plaza\smart-plaza\backend\middleware\errorMiddleware.js:2:17)
    at Layer.handleRequest (E:\MY-Portfolio\skybridge\smart-plaza\smart-plaza\backend\node_modules\router\lib\layer.js:152:17)
    at trimPrefix (E:\MY-Portfolio\skybridge\smart-plaza\smart-plaza\backend\node_modules\router\index.js:342:13)
    at E:\MY-Portfolio\skybridge\smart-plaza\smart-plaza\backend\node_modules\router\index.js:297:9
    at processParams (E:\MY-Portfolio\skybridge\smart-plaza\smart-plaza\backend\node_modules\router\index.js:582:12)
    at next (E:\MY-Portfolio\skybridge\smart-plaza\smart-plaza\backend\node_modules\router\index.js:291:5)
    at E:\MY-Portfolio\skybridge\smart-plaza\smart-plaza\backend\server.js:96:3
    at Layer.handleRequest (E:\MY-Portfolio\skybridge\smart-plaza\smart-plaza\backend\node_modules\router\lib\layer.js:152:17)
    at trimPrefix (E:\MY-Portfolio\skybridge\smart-plaza\smart-plaza\backend\node_modules\router\index.js:342:13)
    at E:\MY-Portfolio\skybridge\smart-plaza\smart-plaza\backend\node_modules\router\index.js:297:9
    at processParams (E:\MY-Portfolio\skybridge\smart-plaza\smart-plaza\backend\node_modules\router\index.js:582:12)
    at next (E:\MY-Portfolio\skybridge\smart-plaza\smart-plaza\backend\node_modules\router\index.js:291:5)
    at read (E:\MY-Portfolio\skybridge\smart-plaza\smart-plaza\backend\node_modules\body-parser\lib\read.js:53:5)
    at urlencodedParser (E:\MY-Portfolio\skybridge\smart-plaza\smart-plaza\backend\node_modules\body-parser\lib\types\urlencoded.js:57:5)
    at Layer.handleRequest (E:\MY-Portfolio\skybridge\smart-plaza\smart-plaza\backend\node_modules\router\lib\layer.js:152:17)
    at trimPrefix (E:\MY-Portfolio\skybridge\smart-plaza\smart-plaza\backend\node_modules\router\index.js:342:13)\n\n2026-07-07T23:25:19.313Z\nError: Not Found - /api/sr-assign/custom-roles?
    at notFound (E:\MY-Portfolio\skybridge\smart-plaza\smart-plaza\backend\middleware\errorMiddleware.js:2:17)
    at Layer.handleRequest (E:\MY-Portfolio\skybridge\smart-plaza\smart-plaza\backend\node_modules\router\lib\layer.js:152:17)
    at trimPrefix (E:\MY-Portfolio\skybridge\smart-plaza\smart-plaza\backend\node_modules\router\index.js:342:13)
    at E:\MY-Portfolio\skybridge\smart-plaza\smart-plaza\backend\node_modules\router\index.js:297:9
    at processParams (E:\MY-Portfolio\skybridge\smart-plaza\smart-plaza\backend\node_modules\router\index.js:582:12)
    at next (E:\MY-Portfolio\skybridge\smart-plaza\smart-plaza\backend\node_modules\router\index.js:291:5)
    at E:\MY-Portfolio\skybridge\smart-plaza\smart-plaza\backend\server.js:96:3
    at Layer.handleRequest (E:\MY-Portfolio\skybridge\smart-plaza\smart-plaza\backend\node_modules\router\lib\layer.js:152:17)
    at trimPrefix (E:\MY-Portfolio\skybridge\smart-plaza\smart-plaza\backend\node_modules\router\index.js:342:13)
    at E:\MY-Portfolio\skybridge\smart-plaza\smart-plaza\backend\node_modules\router\index.js:297:9
    at processParams (E:\MY-Portfolio\skybridge\smart-plaza\smart-plaza\backend\node_modules\router\index.js:582:12)
    at next (E:\MY-Portfolio\skybridge\smart-plaza\smart-plaza\backend\node_modules\router\index.js:291:5)
    at read (E:\MY-Portfolio\skybridge\smart-plaza\smart-plaza\backend\node_modules\body-parser\lib\read.js:53:5)
    at urlencodedParser (E:\MY-Portfolio\skybridge\smart-plaza\smart-plaza\backend\node_modules\body-parser\lib\types\urlencoded.js:57:5)
    at Layer.handleRequest (E:\MY-Portfolio\skybridge\smart-plaza\smart-plaza\backend\node_modules\router\lib\layer.js:152:17)
    at trimPrefix (E:\MY-Portfolio\skybridge\smart-plaza\smart-plaza\backend\node_modules\router\index.js:342:13)\n\n2026-07-07T23:25:19.321Z\nError: Not Found - /api/sr-assign/potential-custom-roles
    at notFound (E:\MY-Portfolio\skybridge\smart-plaza\smart-plaza\backend\middleware\errorMiddleware.js:2:17)
    at Layer.handleRequest (E:\MY-Portfolio\skybridge\smart-plaza\smart-plaza\backend\node_modules\router\lib\layer.js:152:17)
    at trimPrefix (E:\MY-Portfolio\skybridge\smart-plaza\smart-plaza\backend\node_modules\router\index.js:342:13)
    at E:\MY-Portfolio\skybridge\smart-plaza\smart-plaza\backend\node_modules\router\index.js:297:9
    at processParams (E:\MY-Portfolio\skybridge\smart-plaza\smart-plaza\backend\node_modules\router\index.js:582:12)
    at next (E:\MY-Portfolio\skybridge\smart-plaza\smart-plaza\backend\node_modules\router\index.js:291:5)
    at E:\MY-Portfolio\skybridge\smart-plaza\smart-plaza\backend\server.js:96:3
    at Layer.handleRequest (E:\MY-Portfolio\skybridge\smart-plaza\smart-plaza\backend\node_modules\router\lib\layer.js:152:17)
    at trimPrefix (E:\MY-Portfolio\skybridge\smart-plaza\smart-plaza\backend\node_modules\router\index.js:342:13)
    at E:\MY-Portfolio\skybridge\smart-plaza\smart-plaza\backend\node_modules\router\index.js:297:9
    at processParams (E:\MY-Portfolio\skybridge\smart-plaza\smart-plaza\backend\node_modules\router\index.js:582:12)
    at next (E:\MY-Portfolio\skybridge\smart-plaza\smart-plaza\backend\node_modules\router\index.js:291:5)
    at read (E:\MY-Portfolio\skybridge\smart-plaza\smart-plaza\backend\node_modules\body-parser\lib\read.js:53:5)
    at urlencodedParser (E:\MY-Portfolio\skybridge\smart-plaza\smart-plaza\backend\node_modules\body-parser\lib\types\urlencoded.js:57:5)
    at Layer.handleRequest (E:\MY-Portfolio\skybridge\smart-plaza\smart-plaza\backend\node_modules\router\lib\layer.js:152:17)
    at trimPrefix (E:\MY-Portfolio\skybridge\smart-plaza\smart-plaza\backend\node_modules\router\index.js:342:13)\n\n2026-07-07T23:25:19.325Z\nError: Not Found - /api/sr-assign/custom-roles?
    at notFound (E:\MY-Portfolio\skybridge\smart-plaza\smart-plaza\backend\middleware\errorMiddleware.js:2:17)
    at Layer.handleRequest (E:\MY-Portfolio\skybridge\smart-plaza\smart-plaza\backend\node_modules\router\lib\layer.js:152:17)
    at trimPrefix (E:\MY-Portfolio\skybridge\smart-plaza\smart-plaza\backend\node_modules\router\index.js:342:13)
    at E:\MY-Portfolio\skybridge\smart-plaza\smart-plaza\backend\node_modules\router\index.js:297:9
    at processParams (E:\MY-Portfolio\skybridge\smart-plaza\smart-plaza\backend\node_modules\router\index.js:582:12)
    at next (E:\MY-Portfolio\skybridge\smart-plaza\smart-plaza\backend\node_modules\router\index.js:291:5)
    at E:\MY-Portfolio\skybridge\smart-plaza\smart-plaza\backend\server.js:96:3
    at Layer.handleRequest (E:\MY-Portfolio\skybridge\smart-plaza\smart-plaza\backend\node_modules\router\lib\layer.js:152:17)
    at trimPrefix (E:\MY-Portfolio\skybridge\smart-plaza\smart-plaza\backend\node_modules\router\index.js:342:13)
    at E:\MY-Portfolio\skybridge\smart-plaza\smart-plaza\backend\node_modules\router\index.js:297:9
    at processParams (E:\MY-Portfolio\skybridge\smart-plaza\smart-plaza\backend\node_modules\router\index.js:582:12)
    at next (E:\MY-Portfolio\skybridge\smart-plaza\smart-plaza\backend\node_modules\router\index.js:291:5)
    at read (E:\MY-Portfolio\skybridge\smart-plaza\smart-plaza\backend\node_modules\body-parser\lib\read.js:53:5)
    at urlencodedParser (E:\MY-Portfolio\skybridge\smart-plaza\smart-plaza\backend\node_modules\body-parser\lib\types\urlencoded.js:57:5)
    at Layer.handleRequest (E:\MY-Portfolio\skybridge\smart-plaza\smart-plaza\backend\node_modules\router\lib\layer.js:152:17)
    at trimPrefix (E:\MY-Portfolio\skybridge\smart-plaza\smart-plaza\backend\node_modules\router\index.js:342:13)\n\n2026-07-07T23:25:19.335Z\nError: Not Found - /api/sr-assign/potential-custom-roles
    at notFound (E:\MY-Portfolio\skybridge\smart-plaza\smart-plaza\backend\middleware\errorMiddleware.js:2:17)
    at Layer.handleRequest (E:\MY-Portfolio\skybridge\smart-plaza\smart-plaza\backend\node_modules\router\lib\layer.js:152:17)
    at trimPrefix (E:\MY-Portfolio\skybridge\smart-plaza\smart-plaza\backend\node_modules\router\index.js:342:13)
    at E:\MY-Portfolio\skybridge\smart-plaza\smart-plaza\backend\node_modules\router\index.js:297:9
    at processParams (E:\MY-Portfolio\skybridge\smart-plaza\smart-plaza\backend\node_modules\router\index.js:582:12)
    at next (E:\MY-Portfolio\skybridge\smart-plaza\smart-plaza\backend\node_modules\router\index.js:291:5)
    at E:\MY-Portfolio\skybridge\smart-plaza\smart-plaza\backend\server.js:96:3
    at Layer.handleRequest (E:\MY-Portfolio\skybridge\smart-plaza\smart-plaza\backend\node_modules\router\lib\layer.js:152:17)
    at trimPrefix (E:\MY-Portfolio\skybridge\smart-plaza\smart-plaza\backend\node_modules\router\index.js:342:13)
    at E:\MY-Portfolio\skybridge\smart-plaza\smart-plaza\backend\node_modules\router\index.js:297:9
    at processParams (E:\MY-Portfolio\skybridge\smart-plaza\smart-plaza\backend\node_modules\router\index.js:582:12)
    at next (E:\MY-Portfolio\skybridge\smart-plaza\smart-plaza\backend\node_modules\router\index.js:291:5)
    at read (E:\MY-Portfolio\skybridge\smart-plaza\smart-plaza\backend\node_modules\body-parser\lib\read.js:53:5)
    at urlencodedParser (E:\MY-Portfolio\skybridge\smart-plaza\smart-plaza\backend\node_modules\body-parser\lib\types\urlencoded.js:57:5)
    at Layer.handleRequest (E:\MY-Portfolio\skybridge\smart-plaza\smart-plaza\backend\node_modules\router\lib\layer.js:152:17)
<<<<<<< HEAD
    at trimPrefix (E:\MY-Portfolio\skybridge\smart-plaza\smart-plaza\backend\node_modules\router\index.js:342:13)\n\n2026-07-08T13:51:36.852Z\nMongoServerError: unrecognized option to $unwind stage: preserveNullAndEmpty
    at Connection.sendCommand (E:\Skybridge Digital\SmartPlazaNew-main\backend\node_modules\mongodb\lib\cmap\connection.js:320:27)
    at process.processTicksAndRejections (node:internal/process/task_queues:95:5)
    at async Connection.command (E:\Skybridge Digital\SmartPlazaNew-main\backend\node_modules\mongodb\lib\cmap\connection.js:344:26)
    at async Server.command (E:\Skybridge Digital\SmartPlazaNew-main\backend\node_modules\mongodb\lib\sdam\server.js:208:29)
    at async tryOperation (E:\Skybridge Digital\SmartPlazaNew-main\backend\node_modules\mongodb\lib\operations\execute_operation.js:215:32)
    at async executeOperation (E:\Skybridge Digital\SmartPlazaNew-main\backend\node_modules\mongodb\lib\operations\execute_operation.js:80:16)
    at async AggregationCursor._initialize (E:\Skybridge Digital\SmartPlazaNew-main\backend\node_modules\mongodb\lib\cursor\aggregation_cursor.js:57:26)
    at async AggregationCursor.cursorInit (E:\Skybridge Digital\SmartPlazaNew-main\backend\node_modules\mongodb\lib\cursor\abstract_cursor.js:620:27)
    at async AggregationCursor.fetchBatch (E:\Skybridge Digital\SmartPlazaNew-main\backend\node_modules\mongodb\lib\cursor\abstract_cursor.js:654:13)
    at async AggregationCursor.next (E:\Skybridge Digital\SmartPlazaNew-main\backend\node_modules\mongodb\lib\cursor\abstract_cursor.js:326:17)
    at async [Symbol.asyncIterator] (E:\Skybridge Digital\SmartPlazaNew-main\backend\node_modules\mongodb\lib\cursor\abstract_cursor.js:254:34)
    at async AggregationCursor.toArray (E:\Skybridge Digital\SmartPlazaNew-main\backend\node_modules\mongodb\lib\cursor\abstract_cursor.js:406:26)
    at async Aggregate.exec (E:\Skybridge Digital\SmartPlazaNew-main\backend\node_modules\mongoose\lib\aggregate.js:1074:14)
    at async E:\Skybridge Digital\SmartPlazaNew-main\backend\controllers\ecommerceAdminController.js:292:18\n\n2026-07-08T13:51:38.035Z\nMongoServerError: unrecognized option to $unwind stage: preserveNullAndEmpty
    at Connection.sendCommand (E:\Skybridge Digital\SmartPlazaNew-main\backend\node_modules\mongodb\lib\cmap\connection.js:320:27)
    at process.processTicksAndRejections (node:internal/process/task_queues:95:5)
    at async Connection.command (E:\Skybridge Digital\SmartPlazaNew-main\backend\node_modules\mongodb\lib\cmap\connection.js:344:26)
    at async Server.command (E:\Skybridge Digital\SmartPlazaNew-main\backend\node_modules\mongodb\lib\sdam\server.js:208:29)
    at async tryOperation (E:\Skybridge Digital\SmartPlazaNew-main\backend\node_modules\mongodb\lib\operations\execute_operation.js:215:32)
    at async executeOperation (E:\Skybridge Digital\SmartPlazaNew-main\backend\node_modules\mongodb\lib\operations\execute_operation.js:80:16)
    at async AggregationCursor._initialize (E:\Skybridge Digital\SmartPlazaNew-main\backend\node_modules\mongodb\lib\cursor\aggregation_cursor.js:57:26)
    at async AggregationCursor.cursorInit (E:\Skybridge Digital\SmartPlazaNew-main\backend\node_modules\mongodb\lib\cursor\abstract_cursor.js:620:27)
    at async AggregationCursor.fetchBatch (E:\Skybridge Digital\SmartPlazaNew-main\backend\node_modules\mongodb\lib\cursor\abstract_cursor.js:654:13)
    at async AggregationCursor.next (E:\Skybridge Digital\SmartPlazaNew-main\backend\node_modules\mongodb\lib\cursor\abstract_cursor.js:326:17)
    at async [Symbol.asyncIterator] (E:\Skybridge Digital\SmartPlazaNew-main\backend\node_modules\mongodb\lib\cursor\abstract_cursor.js:254:34)
    at async AggregationCursor.toArray (E:\Skybridge Digital\SmartPlazaNew-main\backend\node_modules\mongodb\lib\cursor\abstract_cursor.js:406:26)
    at async Aggregate.exec (E:\Skybridge Digital\SmartPlazaNew-main\backend\node_modules\mongoose\lib\aggregate.js:1074:14)
    at async E:\Skybridge Digital\SmartPlazaNew-main\backend\controllers\ecommerceAdminController.js:292:18\n\n2026-07-08T17:11:43.929Z\nError: Not Found - /api/routes
    at notFound (E:\Skybridge Digital\SmartPlazaNew-main\backend\middleware\errorMiddleware.js:2:17)
    at Layer.handleRequest (E:\Skybridge Digital\SmartPlazaNew-main\backend\node_modules\router\lib\layer.js:152:17)
    at trimPrefix (E:\Skybridge Digital\SmartPlazaNew-main\backend\node_modules\router\index.js:342:13)
    at E:\Skybridge Digital\SmartPlazaNew-main\backend\node_modules\router\index.js:297:9
    at processParams (E:\Skybridge Digital\SmartPlazaNew-main\backend\node_modules\router\index.js:582:12)
    at next (E:\Skybridge Digital\SmartPlazaNew-main\backend\node_modules\router\index.js:291:5)
    at E:\Skybridge Digital\SmartPlazaNew-main\backend\server.js:96:3
    at Layer.handleRequest (E:\Skybridge Digital\SmartPlazaNew-main\backend\node_modules\router\lib\layer.js:152:17)
    at trimPrefix (E:\Skybridge Digital\SmartPlazaNew-main\backend\node_modules\router\index.js:342:13)
    at E:\Skybridge Digital\SmartPlazaNew-main\backend\node_modules\router\index.js:297:9
    at processParams (E:\Skybridge Digital\SmartPlazaNew-main\backend\node_modules\router\index.js:582:12)
    at next (E:\Skybridge Digital\SmartPlazaNew-main\backend\node_modules\router\index.js:291:5)
    at read (E:\Skybridge Digital\SmartPlazaNew-main\backend\node_modules\body-parser\lib\read.js:54:5)
    at urlencodedParser (E:\Skybridge Digital\SmartPlazaNew-main\backend\node_modules\body-parser\lib\types\urlencoded.js:58:5)
    at Layer.handleRequest (E:\Skybridge Digital\SmartPlazaNew-main\backend\node_modules\router\lib\layer.js:152:17)
    at trimPrefix (E:\Skybridge Digital\SmartPlazaNew-main\backend\node_modules\router\index.js:342:13)\n\n2026-07-08T17:11:44.950Z\nError: Not Found - /api/routes
    at notFound (E:\Skybridge Digital\SmartPlazaNew-main\backend\middleware\errorMiddleware.js:2:17)
    at Layer.handleRequest (E:\Skybridge Digital\SmartPlazaNew-main\backend\node_modules\router\lib\layer.js:152:17)
    at trimPrefix (E:\Skybridge Digital\SmartPlazaNew-main\backend\node_modules\router\index.js:342:13)
    at E:\Skybridge Digital\SmartPlazaNew-main\backend\node_modules\router\index.js:297:9
    at processParams (E:\Skybridge Digital\SmartPlazaNew-main\backend\node_modules\router\index.js:582:12)
    at next (E:\Skybridge Digital\SmartPlazaNew-main\backend\node_modules\router\index.js:291:5)
    at E:\Skybridge Digital\SmartPlazaNew-main\backend\server.js:96:3
    at Layer.handleRequest (E:\Skybridge Digital\SmartPlazaNew-main\backend\node_modules\router\lib\layer.js:152:17)
    at trimPrefix (E:\Skybridge Digital\SmartPlazaNew-main\backend\node_modules\router\index.js:342:13)
    at E:\Skybridge Digital\SmartPlazaNew-main\backend\node_modules\router\index.js:297:9
    at processParams (E:\Skybridge Digital\SmartPlazaNew-main\backend\node_modules\router\index.js:582:12)
    at next (E:\Skybridge Digital\SmartPlazaNew-main\backend\node_modules\router\index.js:291:5)
    at read (E:\Skybridge Digital\SmartPlazaNew-main\backend\node_modules\body-parser\lib\read.js:54:5)
    at urlencodedParser (E:\Skybridge Digital\SmartPlazaNew-main\backend\node_modules\body-parser\lib\types\urlencoded.js:58:5)
    at Layer.handleRequest (E:\Skybridge Digital\SmartPlazaNew-main\backend\node_modules\router\lib\layer.js:152:17)
    at trimPrefix (E:\Skybridge Digital\SmartPlazaNew-main\backend\node_modules\router\index.js:342:13)\n\n2026-07-08T17:38:42.992Z\nError: Not Found - /api/customers
    at notFound (E:\Skybridge Digital\SmartPlazaNew-main\backend\middleware\errorMiddleware.js:2:17)
    at Layer.handleRequest (E:\Skybridge Digital\SmartPlazaNew-main\backend\node_modules\router\lib\layer.js:152:17)
    at trimPrefix (E:\Skybridge Digital\SmartPlazaNew-main\backend\node_modules\router\index.js:342:13)
    at E:\Skybridge Digital\SmartPlazaNew-main\backend\node_modules\router\index.js:297:9
    at processParams (E:\Skybridge Digital\SmartPlazaNew-main\backend\node_modules\router\index.js:582:12)
    at next (E:\Skybridge Digital\SmartPlazaNew-main\backend\node_modules\router\index.js:291:5)
    at E:\Skybridge Digital\SmartPlazaNew-main\backend\server.js:96:3
    at Layer.handleRequest (E:\Skybridge Digital\SmartPlazaNew-main\backend\node_modules\router\lib\layer.js:152:17)
    at trimPrefix (E:\Skybridge Digital\SmartPlazaNew-main\backend\node_modules\router\index.js:342:13)
    at E:\Skybridge Digital\SmartPlazaNew-main\backend\node_modules\router\index.js:297:9
    at processParams (E:\Skybridge Digital\SmartPlazaNew-main\backend\node_modules\router\index.js:582:12)
    at next (E:\Skybridge Digital\SmartPlazaNew-main\backend\node_modules\router\index.js:291:5)
    at read (E:\Skybridge Digital\SmartPlazaNew-main\backend\node_modules\body-parser\lib\read.js:54:5)
    at urlencodedParser (E:\Skybridge Digital\SmartPlazaNew-main\backend\node_modules\body-parser\lib\types\urlencoded.js:58:5)
    at Layer.handleRequest (E:\Skybridge Digital\SmartPlazaNew-main\backend\node_modules\router\lib\layer.js:152:17)
    at trimPrefix (E:\Skybridge Digital\SmartPlazaNew-main\backend\node_modules\router\index.js:342:13)\n\n2026-07-08T17:38:44.020Z\nError: Not Found - /api/customers
    at notFound (E:\Skybridge Digital\SmartPlazaNew-main\backend\middleware\errorMiddleware.js:2:17)
    at Layer.handleRequest (E:\Skybridge Digital\SmartPlazaNew-main\backend\node_modules\router\lib\layer.js:152:17)
    at trimPrefix (E:\Skybridge Digital\SmartPlazaNew-main\backend\node_modules\router\index.js:342:13)
    at E:\Skybridge Digital\SmartPlazaNew-main\backend\node_modules\router\index.js:297:9
    at processParams (E:\Skybridge Digital\SmartPlazaNew-main\backend\node_modules\router\index.js:582:12)
    at next (E:\Skybridge Digital\SmartPlazaNew-main\backend\node_modules\router\index.js:291:5)
    at E:\Skybridge Digital\SmartPlazaNew-main\backend\server.js:96:3
    at Layer.handleRequest (E:\Skybridge Digital\SmartPlazaNew-main\backend\node_modules\router\lib\layer.js:152:17)
    at trimPrefix (E:\Skybridge Digital\SmartPlazaNew-main\backend\node_modules\router\index.js:342:13)
    at E:\Skybridge Digital\SmartPlazaNew-main\backend\node_modules\router\index.js:297:9
    at processParams (E:\Skybridge Digital\SmartPlazaNew-main\backend\node_modules\router\index.js:582:12)
    at next (E:\Skybridge Digital\SmartPlazaNew-main\backend\node_modules\router\index.js:291:5)
    at read (E:\Skybridge Digital\SmartPlazaNew-main\backend\node_modules\body-parser\lib\read.js:54:5)
    at urlencodedParser (E:\Skybridge Digital\SmartPlazaNew-main\backend\node_modules\body-parser\lib\types\urlencoded.js:58:5)
    at Layer.handleRequest (E:\Skybridge Digital\SmartPlazaNew-main\backend\node_modules\router\lib\layer.js:152:17)
    at trimPrefix (E:\Skybridge Digital\SmartPlazaNew-main\backend\node_modules\router\index.js:342:13)\n\n2026-07-08T17:57:51.370Z\nError: Not Found - /api/customers
    at notFound (E:\Skybridge Digital\SmartPlazaNew-main\backend\middleware\errorMiddleware.js:2:17)
    at Layer.handleRequest (E:\Skybridge Digital\SmartPlazaNew-main\backend\node_modules\router\lib\layer.js:152:17)
    at trimPrefix (E:\Skybridge Digital\SmartPlazaNew-main\backend\node_modules\router\index.js:342:13)
    at E:\Skybridge Digital\SmartPlazaNew-main\backend\node_modules\router\index.js:297:9
    at processParams (E:\Skybridge Digital\SmartPlazaNew-main\backend\node_modules\router\index.js:582:12)
    at next (E:\Skybridge Digital\SmartPlazaNew-main\backend\node_modules\router\index.js:291:5)
    at E:\Skybridge Digital\SmartPlazaNew-main\backend\server.js:96:3
    at Layer.handleRequest (E:\Skybridge Digital\SmartPlazaNew-main\backend\node_modules\router\lib\layer.js:152:17)
    at trimPrefix (E:\Skybridge Digital\SmartPlazaNew-main\backend\node_modules\router\index.js:342:13)
    at E:\Skybridge Digital\SmartPlazaNew-main\backend\node_modules\router\index.js:297:9
    at processParams (E:\Skybridge Digital\SmartPlazaNew-main\backend\node_modules\router\index.js:582:12)
    at next (E:\Skybridge Digital\SmartPlazaNew-main\backend\node_modules\router\index.js:291:5)
    at read (E:\Skybridge Digital\SmartPlazaNew-main\backend\node_modules\body-parser\lib\read.js:54:5)
    at urlencodedParser (E:\Skybridge Digital\SmartPlazaNew-main\backend\node_modules\body-parser\lib\types\urlencoded.js:58:5)
    at Layer.handleRequest (E:\Skybridge Digital\SmartPlazaNew-main\backend\node_modules\router\lib\layer.js:152:17)
    at trimPrefix (E:\Skybridge Digital\SmartPlazaNew-main\backend\node_modules\router\index.js:342:13)\n\n2026-07-08T17:57:52.398Z\nError: Not Found - /api/customers
    at notFound (E:\Skybridge Digital\SmartPlazaNew-main\backend\middleware\errorMiddleware.js:2:17)
    at Layer.handleRequest (E:\Skybridge Digital\SmartPlazaNew-main\backend\node_modules\router\lib\layer.js:152:17)
    at trimPrefix (E:\Skybridge Digital\SmartPlazaNew-main\backend\node_modules\router\index.js:342:13)
    at E:\Skybridge Digital\SmartPlazaNew-main\backend\node_modules\router\index.js:297:9
    at processParams (E:\Skybridge Digital\SmartPlazaNew-main\backend\node_modules\router\index.js:582:12)
    at next (E:\Skybridge Digital\SmartPlazaNew-main\backend\node_modules\router\index.js:291:5)
    at E:\Skybridge Digital\SmartPlazaNew-main\backend\server.js:96:3
    at Layer.handleRequest (E:\Skybridge Digital\SmartPlazaNew-main\backend\node_modules\router\lib\layer.js:152:17)
    at trimPrefix (E:\Skybridge Digital\SmartPlazaNew-main\backend\node_modules\router\index.js:342:13)
    at E:\Skybridge Digital\SmartPlazaNew-main\backend\node_modules\router\index.js:297:9
    at processParams (E:\Skybridge Digital\SmartPlazaNew-main\backend\node_modules\router\index.js:582:12)
    at next (E:\Skybridge Digital\SmartPlazaNew-main\backend\node_modules\router\index.js:291:5)
    at read (E:\Skybridge Digital\SmartPlazaNew-main\backend\node_modules\body-parser\lib\read.js:54:5)
    at urlencodedParser (E:\Skybridge Digital\SmartPlazaNew-main\backend\node_modules\body-parser\lib\types\urlencoded.js:58:5)
    at Layer.handleRequest (E:\Skybridge Digital\SmartPlazaNew-main\backend\node_modules\router\lib\layer.js:152:17)
    at trimPrefix (E:\Skybridge Digital\SmartPlazaNew-main\backend\node_modules\router\index.js:342:13)\n\n2026-07-08T18:15:59.641Z\nError: Not Found - /favicon.ico
    at notFound (E:\Skybridge Digital\SmartPlazaNew-main\backend\middleware\errorMiddleware.js:2:17)
    at Layer.handleRequest (E:\Skybridge Digital\SmartPlazaNew-main\backend\node_modules\router\lib\layer.js:152:17)
    at trimPrefix (E:\Skybridge Digital\SmartPlazaNew-main\backend\node_modules\router\index.js:342:13)
    at E:\Skybridge Digital\SmartPlazaNew-main\backend\node_modules\router\index.js:297:9
    at processParams (E:\Skybridge Digital\SmartPlazaNew-main\backend\node_modules\router\index.js:582:12)
    at next (E:\Skybridge Digital\SmartPlazaNew-main\backend\node_modules\router\index.js:291:5)
    at E:\Skybridge Digital\SmartPlazaNew-main\backend\server.js:96:3
    at Layer.handleRequest (E:\Skybridge Digital\SmartPlazaNew-main\backend\node_modules\router\lib\layer.js:152:17)
    at trimPrefix (E:\Skybridge Digital\SmartPlazaNew-main\backend\node_modules\router\index.js:342:13)
    at E:\Skybridge Digital\SmartPlazaNew-main\backend\node_modules\router\index.js:297:9
    at processParams (E:\Skybridge Digital\SmartPlazaNew-main\backend\node_modules\router\index.js:582:12)
    at next (E:\Skybridge Digital\SmartPlazaNew-main\backend\node_modules\router\index.js:291:5)
    at read (E:\Skybridge Digital\SmartPlazaNew-main\backend\node_modules\body-parser\lib\read.js:54:5)
    at urlencodedParser (E:\Skybridge Digital\SmartPlazaNew-main\backend\node_modules\body-parser\lib\types\urlencoded.js:58:5)
    at Layer.handleRequest (E:\Skybridge Digital\SmartPlazaNew-main\backend\node_modules\router\lib\layer.js:152:17)
    at trimPrefix (E:\Skybridge Digital\SmartPlazaNew-main\backend\node_modules\router\index.js:342:13)\n\n2026-07-08T18:38:10.216Z\nMongoServerError: unrecognized option to $unwind stage: preserveNullAndEmpty
    at Connection.sendCommand (E:\Skybridge Digital\SmartPlazaNew-main\backend\node_modules\mongodb\lib\cmap\connection.js:320:27)
    at process.processTicksAndRejections (node:internal/process/task_queues:95:5)
    at async Connection.command (E:\Skybridge Digital\SmartPlazaNew-main\backend\node_modules\mongodb\lib\cmap\connection.js:344:26)
    at async Server.command (E:\Skybridge Digital\SmartPlazaNew-main\backend\node_modules\mongodb\lib\sdam\server.js:208:29)
    at async tryOperation (E:\Skybridge Digital\SmartPlazaNew-main\backend\node_modules\mongodb\lib\operations\execute_operation.js:215:32)
    at async executeOperation (E:\Skybridge Digital\SmartPlazaNew-main\backend\node_modules\mongodb\lib\operations\execute_operation.js:80:16)
    at async AggregationCursor._initialize (E:\Skybridge Digital\SmartPlazaNew-main\backend\node_modules\mongodb\lib\cursor\aggregation_cursor.js:57:26)
    at async AggregationCursor.cursorInit (E:\Skybridge Digital\SmartPlazaNew-main\backend\node_modules\mongodb\lib\cursor\abstract_cursor.js:620:27)
    at async AggregationCursor.fetchBatch (E:\Skybridge Digital\SmartPlazaNew-main\backend\node_modules\mongodb\lib\cursor\abstract_cursor.js:654:13)
    at async AggregationCursor.next (E:\Skybridge Digital\SmartPlazaNew-main\backend\node_modules\mongodb\lib\cursor\abstract_cursor.js:326:17)
    at async [Symbol.asyncIterator] (E:\Skybridge Digital\SmartPlazaNew-main\backend\node_modules\mongodb\lib\cursor\abstract_cursor.js:254:34)
    at async AggregationCursor.toArray (E:\Skybridge Digital\SmartPlazaNew-main\backend\node_modules\mongodb\lib\cursor\abstract_cursor.js:406:26)
    at async Aggregate.exec (E:\Skybridge Digital\SmartPlazaNew-main\backend\node_modules\mongoose\lib\aggregate.js:1074:14)
    at async E:\Skybridge Digital\SmartPlazaNew-main\backend\controllers\ecommerceAdminController.js:292:18\n\n2026-07-08T18:38:11.381Z\nMongoServerError: unrecognized option to $unwind stage: preserveNullAndEmpty
    at Connection.sendCommand (E:\Skybridge Digital\SmartPlazaNew-main\backend\node_modules\mongodb\lib\cmap\connection.js:320:27)
    at process.processTicksAndRejections (node:internal/process/task_queues:95:5)
    at async Connection.command (E:\Skybridge Digital\SmartPlazaNew-main\backend\node_modules\mongodb\lib\cmap\connection.js:344:26)
    at async Server.command (E:\Skybridge Digital\SmartPlazaNew-main\backend\node_modules\mongodb\lib\sdam\server.js:208:29)
    at async tryOperation (E:\Skybridge Digital\SmartPlazaNew-main\backend\node_modules\mongodb\lib\operations\execute_operation.js:215:32)
    at async executeOperation (E:\Skybridge Digital\SmartPlazaNew-main\backend\node_modules\mongodb\lib\operations\execute_operation.js:80:16)
    at async AggregationCursor._initialize (E:\Skybridge Digital\SmartPlazaNew-main\backend\node_modules\mongodb\lib\cursor\aggregation_cursor.js:57:26)
    at async AggregationCursor.cursorInit (E:\Skybridge Digital\SmartPlazaNew-main\backend\node_modules\mongodb\lib\cursor\abstract_cursor.js:620:27)
    at async AggregationCursor.fetchBatch (E:\Skybridge Digital\SmartPlazaNew-main\backend\node_modules\mongodb\lib\cursor\abstract_cursor.js:654:13)
    at async AggregationCursor.next (E:\Skybridge Digital\SmartPlazaNew-main\backend\node_modules\mongodb\lib\cursor\abstract_cursor.js:326:17)
    at async [Symbol.asyncIterator] (E:\Skybridge Digital\SmartPlazaNew-main\backend\node_modules\mongodb\lib\cursor\abstract_cursor.js:254:34)
    at async AggregationCursor.toArray (E:\Skybridge Digital\SmartPlazaNew-main\backend\node_modules\mongodb\lib\cursor\abstract_cursor.js:406:26)
    at async Aggregate.exec (E:\Skybridge Digital\SmartPlazaNew-main\backend\node_modules\mongoose\lib\aggregate.js:1074:14)
    at async E:\Skybridge Digital\SmartPlazaNew-main\backend\controllers\ecommerceAdminController.js:292:18\n\n2026-07-08T18:39:31.957Z\nError: Not Found - /api/routes
    at notFound (E:\Skybridge Digital\SmartPlazaNew-main\backend\middleware\errorMiddleware.js:2:17)
    at Layer.handleRequest (E:\Skybridge Digital\SmartPlazaNew-main\backend\node_modules\router\lib\layer.js:152:17)
    at trimPrefix (E:\Skybridge Digital\SmartPlazaNew-main\backend\node_modules\router\index.js:342:13)
    at E:\Skybridge Digital\SmartPlazaNew-main\backend\node_modules\router\index.js:297:9
    at processParams (E:\Skybridge Digital\SmartPlazaNew-main\backend\node_modules\router\index.js:582:12)
    at next (E:\Skybridge Digital\SmartPlazaNew-main\backend\node_modules\router\index.js:291:5)
    at E:\Skybridge Digital\SmartPlazaNew-main\backend\server.js:96:3
    at Layer.handleRequest (E:\Skybridge Digital\SmartPlazaNew-main\backend\node_modules\router\lib\layer.js:152:17)
    at trimPrefix (E:\Skybridge Digital\SmartPlazaNew-main\backend\node_modules\router\index.js:342:13)
    at E:\Skybridge Digital\SmartPlazaNew-main\backend\node_modules\router\index.js:297:9
    at processParams (E:\Skybridge Digital\SmartPlazaNew-main\backend\node_modules\router\index.js:582:12)
    at next (E:\Skybridge Digital\SmartPlazaNew-main\backend\node_modules\router\index.js:291:5)
    at read (E:\Skybridge Digital\SmartPlazaNew-main\backend\node_modules\body-parser\lib\read.js:54:5)
    at urlencodedParser (E:\Skybridge Digital\SmartPlazaNew-main\backend\node_modules\body-parser\lib\types\urlencoded.js:58:5)
    at Layer.handleRequest (E:\Skybridge Digital\SmartPlazaNew-main\backend\node_modules\router\lib\layer.js:152:17)
    at trimPrefix (E:\Skybridge Digital\SmartPlazaNew-main\backend\node_modules\router\index.js:342:13)\n\n2026-07-08T18:39:32.987Z\nError: Not Found - /api/routes
    at notFound (E:\Skybridge Digital\SmartPlazaNew-main\backend\middleware\errorMiddleware.js:2:17)
    at Layer.handleRequest (E:\Skybridge Digital\SmartPlazaNew-main\backend\node_modules\router\lib\layer.js:152:17)
    at trimPrefix (E:\Skybridge Digital\SmartPlazaNew-main\backend\node_modules\router\index.js:342:13)
    at E:\Skybridge Digital\SmartPlazaNew-main\backend\node_modules\router\index.js:297:9
    at processParams (E:\Skybridge Digital\SmartPlazaNew-main\backend\node_modules\router\index.js:582:12)
    at next (E:\Skybridge Digital\SmartPlazaNew-main\backend\node_modules\router\index.js:291:5)
    at E:\Skybridge Digital\SmartPlazaNew-main\backend\server.js:96:3
    at Layer.handleRequest (E:\Skybridge Digital\SmartPlazaNew-main\backend\node_modules\router\lib\layer.js:152:17)
    at trimPrefix (E:\Skybridge Digital\SmartPlazaNew-main\backend\node_modules\router\index.js:342:13)
    at E:\Skybridge Digital\SmartPlazaNew-main\backend\node_modules\router\index.js:297:9
    at processParams (E:\Skybridge Digital\SmartPlazaNew-main\backend\node_modules\router\index.js:582:12)
    at next (E:\Skybridge Digital\SmartPlazaNew-main\backend\node_modules\router\index.js:291:5)
    at read (E:\Skybridge Digital\SmartPlazaNew-main\backend\node_modules\body-parser\lib\read.js:54:5)
    at urlencodedParser (E:\Skybridge Digital\SmartPlazaNew-main\backend\node_modules\body-parser\lib\types\urlencoded.js:58:5)
    at Layer.handleRequest (E:\Skybridge Digital\SmartPlazaNew-main\backend\node_modules\router\lib\layer.js:152:17)
    at trimPrefix (E:\Skybridge Digital\SmartPlazaNew-main\backend\node_modules\router\index.js:342:13)\n\n2026-07-08T19:00:09.431Z\nError: Not Found - /api/routes
    at notFound (E:\Skybridge Digital\SmartPlazaNew-main\backend\middleware\errorMiddleware.js:2:17)
    at Layer.handleRequest (E:\Skybridge Digital\SmartPlazaNew-main\backend\node_modules\router\lib\layer.js:152:17)
    at trimPrefix (E:\Skybridge Digital\SmartPlazaNew-main\backend\node_modules\router\index.js:342:13)
    at E:\Skybridge Digital\SmartPlazaNew-main\backend\node_modules\router\index.js:297:9
    at processParams (E:\Skybridge Digital\SmartPlazaNew-main\backend\node_modules\router\index.js:582:12)
    at next (E:\Skybridge Digital\SmartPlazaNew-main\backend\node_modules\router\index.js:291:5)
    at E:\Skybridge Digital\SmartPlazaNew-main\backend\server.js:96:3
    at Layer.handleRequest (E:\Skybridge Digital\SmartPlazaNew-main\backend\node_modules\router\lib\layer.js:152:17)
    at trimPrefix (E:\Skybridge Digital\SmartPlazaNew-main\backend\node_modules\router\index.js:342:13)
    at E:\Skybridge Digital\SmartPlazaNew-main\backend\node_modules\router\index.js:297:9
    at processParams (E:\Skybridge Digital\SmartPlazaNew-main\backend\node_modules\router\index.js:582:12)
    at next (E:\Skybridge Digital\SmartPlazaNew-main\backend\node_modules\router\index.js:291:5)
    at read (E:\Skybridge Digital\SmartPlazaNew-main\backend\node_modules\body-parser\lib\read.js:54:5)
    at urlencodedParser (E:\Skybridge Digital\SmartPlazaNew-main\backend\node_modules\body-parser\lib\types\urlencoded.js:58:5)
    at Layer.handleRequest (E:\Skybridge Digital\SmartPlazaNew-main\backend\node_modules\router\lib\layer.js:152:17)
    at trimPrefix (E:\Skybridge Digital\SmartPlazaNew-main\backend\node_modules\router\index.js:342:13)\n\n2026-07-08T19:00:10.442Z\nError: Not Found - /api/routes
    at notFound (E:\Skybridge Digital\SmartPlazaNew-main\backend\middleware\errorMiddleware.js:2:17)
    at Layer.handleRequest (E:\Skybridge Digital\SmartPlazaNew-main\backend\node_modules\router\lib\layer.js:152:17)
    at trimPrefix (E:\Skybridge Digital\SmartPlazaNew-main\backend\node_modules\router\index.js:342:13)
    at E:\Skybridge Digital\SmartPlazaNew-main\backend\node_modules\router\index.js:297:9
    at processParams (E:\Skybridge Digital\SmartPlazaNew-main\backend\node_modules\router\index.js:582:12)
    at next (E:\Skybridge Digital\SmartPlazaNew-main\backend\node_modules\router\index.js:291:5)
    at E:\Skybridge Digital\SmartPlazaNew-main\backend\server.js:96:3
    at Layer.handleRequest (E:\Skybridge Digital\SmartPlazaNew-main\backend\node_modules\router\lib\layer.js:152:17)
    at trimPrefix (E:\Skybridge Digital\SmartPlazaNew-main\backend\node_modules\router\index.js:342:13)
    at E:\Skybridge Digital\SmartPlazaNew-main\backend\node_modules\router\index.js:297:9
    at processParams (E:\Skybridge Digital\SmartPlazaNew-main\backend\node_modules\router\index.js:582:12)
    at next (E:\Skybridge Digital\SmartPlazaNew-main\backend\node_modules\router\index.js:291:5)
    at read (E:\Skybridge Digital\SmartPlazaNew-main\backend\node_modules\body-parser\lib\read.js:54:5)
    at urlencodedParser (E:\Skybridge Digital\SmartPlazaNew-main\backend\node_modules\body-parser\lib\types\urlencoded.js:58:5)
    at Layer.handleRequest (E:\Skybridge Digital\SmartPlazaNew-main\backend\node_modules\router\lib\layer.js:152:17)
    at trimPrefix (E:\Skybridge Digital\SmartPlazaNew-main\backend\node_modules\router\index.js:342:13)\n\n2026-07-08T19:14:55.505Z\nError: Not Found - /api/customers
    at notFound (E:\Skybridge Digital\SmartPlazaNew-main\backend\middleware\errorMiddleware.js:2:17)
    at Layer.handleRequest (E:\Skybridge Digital\SmartPlazaNew-main\backend\node_modules\router\lib\layer.js:152:17)
    at trimPrefix (E:\Skybridge Digital\SmartPlazaNew-main\backend\node_modules\router\index.js:342:13)
    at E:\Skybridge Digital\SmartPlazaNew-main\backend\node_modules\router\index.js:297:9
    at processParams (E:\Skybridge Digital\SmartPlazaNew-main\backend\node_modules\router\index.js:582:12)
    at next (E:\Skybridge Digital\SmartPlazaNew-main\backend\node_modules\router\index.js:291:5)
    at E:\Skybridge Digital\SmartPlazaNew-main\backend\server.js:96:3
    at Layer.handleRequest (E:\Skybridge Digital\SmartPlazaNew-main\backend\node_modules\router\lib\layer.js:152:17)
    at trimPrefix (E:\Skybridge Digital\SmartPlazaNew-main\backend\node_modules\router\index.js:342:13)
    at E:\Skybridge Digital\SmartPlazaNew-main\backend\node_modules\router\index.js:297:9
    at processParams (E:\Skybridge Digital\SmartPlazaNew-main\backend\node_modules\router\index.js:582:12)
    at next (E:\Skybridge Digital\SmartPlazaNew-main\backend\node_modules\router\index.js:291:5)
    at read (E:\Skybridge Digital\SmartPlazaNew-main\backend\node_modules\body-parser\lib\read.js:54:5)
    at urlencodedParser (E:\Skybridge Digital\SmartPlazaNew-main\backend\node_modules\body-parser\lib\types\urlencoded.js:58:5)
    at Layer.handleRequest (E:\Skybridge Digital\SmartPlazaNew-main\backend\node_modules\router\lib\layer.js:152:17)
    at trimPrefix (E:\Skybridge Digital\SmartPlazaNew-main\backend\node_modules\router\index.js:342:13)\n\n2026-07-08T19:14:56.522Z\nError: Not Found - /api/customers
    at notFound (E:\Skybridge Digital\SmartPlazaNew-main\backend\middleware\errorMiddleware.js:2:17)
    at Layer.handleRequest (E:\Skybridge Digital\SmartPlazaNew-main\backend\node_modules\router\lib\layer.js:152:17)
    at trimPrefix (E:\Skybridge Digital\SmartPlazaNew-main\backend\node_modules\router\index.js:342:13)
    at E:\Skybridge Digital\SmartPlazaNew-main\backend\node_modules\router\index.js:297:9
    at processParams (E:\Skybridge Digital\SmartPlazaNew-main\backend\node_modules\router\index.js:582:12)
    at next (E:\Skybridge Digital\SmartPlazaNew-main\backend\node_modules\router\index.js:291:5)
    at E:\Skybridge Digital\SmartPlazaNew-main\backend\server.js:96:3
    at Layer.handleRequest (E:\Skybridge Digital\SmartPlazaNew-main\backend\node_modules\router\lib\layer.js:152:17)
    at trimPrefix (E:\Skybridge Digital\SmartPlazaNew-main\backend\node_modules\router\index.js:342:13)
    at E:\Skybridge Digital\SmartPlazaNew-main\backend\node_modules\router\index.js:297:9
    at processParams (E:\Skybridge Digital\SmartPlazaNew-main\backend\node_modules\router\index.js:582:12)
    at next (E:\Skybridge Digital\SmartPlazaNew-main\backend\node_modules\router\index.js:291:5)
    at read (E:\Skybridge Digital\SmartPlazaNew-main\backend\node_modules\body-parser\lib\read.js:54:5)
    at urlencodedParser (E:\Skybridge Digital\SmartPlazaNew-main\backend\node_modules\body-parser\lib\types\urlencoded.js:58:5)
    at Layer.handleRequest (E:\Skybridge Digital\SmartPlazaNew-main\backend\node_modules\router\lib\layer.js:152:17)
    at trimPrefix (E:\Skybridge Digital\SmartPlazaNew-main\backend\node_modules\router\index.js:342:13)\n\n2026-07-08T19:24:02.087Z\nError: Not Found - /api/customers
    at notFound (E:\Skybridge Digital\SmartPlazaNew-main\backend\middleware\errorMiddleware.js:2:17)
    at Layer.handleRequest (E:\Skybridge Digital\SmartPlazaNew-main\backend\node_modules\router\lib\layer.js:152:17)
    at trimPrefix (E:\Skybridge Digital\SmartPlazaNew-main\backend\node_modules\router\index.js:342:13)
    at E:\Skybridge Digital\SmartPlazaNew-main\backend\node_modules\router\index.js:297:9
    at processParams (E:\Skybridge Digital\SmartPlazaNew-main\backend\node_modules\router\index.js:582:12)
    at next (E:\Skybridge Digital\SmartPlazaNew-main\backend\node_modules\router\index.js:291:5)
    at E:\Skybridge Digital\SmartPlazaNew-main\backend\server.js:96:3
    at Layer.handleRequest (E:\Skybridge Digital\SmartPlazaNew-main\backend\node_modules\router\lib\layer.js:152:17)
    at trimPrefix (E:\Skybridge Digital\SmartPlazaNew-main\backend\node_modules\router\index.js:342:13)
    at E:\Skybridge Digital\SmartPlazaNew-main\backend\node_modules\router\index.js:297:9
    at processParams (E:\Skybridge Digital\SmartPlazaNew-main\backend\node_modules\router\index.js:582:12)
    at next (E:\Skybridge Digital\SmartPlazaNew-main\backend\node_modules\router\index.js:291:5)
    at read (E:\Skybridge Digital\SmartPlazaNew-main\backend\node_modules\body-parser\lib\read.js:54:5)
    at urlencodedParser (E:\Skybridge Digital\SmartPlazaNew-main\backend\node_modules\body-parser\lib\types\urlencoded.js:58:5)
    at Layer.handleRequest (E:\Skybridge Digital\SmartPlazaNew-main\backend\node_modules\router\lib\layer.js:152:17)
    at trimPrefix (E:\Skybridge Digital\SmartPlazaNew-main\backend\node_modules\router\index.js:342:13)\n\n2026-07-08T19:24:03.103Z\nError: Not Found - /api/customers
    at notFound (E:\Skybridge Digital\SmartPlazaNew-main\backend\middleware\errorMiddleware.js:2:17)
    at Layer.handleRequest (E:\Skybridge Digital\SmartPlazaNew-main\backend\node_modules\router\lib\layer.js:152:17)
    at trimPrefix (E:\Skybridge Digital\SmartPlazaNew-main\backend\node_modules\router\index.js:342:13)
    at E:\Skybridge Digital\SmartPlazaNew-main\backend\node_modules\router\index.js:297:9
    at processParams (E:\Skybridge Digital\SmartPlazaNew-main\backend\node_modules\router\index.js:582:12)
    at next (E:\Skybridge Digital\SmartPlazaNew-main\backend\node_modules\router\index.js:291:5)
    at E:\Skybridge Digital\SmartPlazaNew-main\backend\server.js:96:3
    at Layer.handleRequest (E:\Skybridge Digital\SmartPlazaNew-main\backend\node_modules\router\lib\layer.js:152:17)
    at trimPrefix (E:\Skybridge Digital\SmartPlazaNew-main\backend\node_modules\router\index.js:342:13)
    at E:\Skybridge Digital\SmartPlazaNew-main\backend\node_modules\router\index.js:297:9
    at processParams (E:\Skybridge Digital\SmartPlazaNew-main\backend\node_modules\router\index.js:582:12)
    at next (E:\Skybridge Digital\SmartPlazaNew-main\backend\node_modules\router\index.js:291:5)
    at read (E:\Skybridge Digital\SmartPlazaNew-main\backend\node_modules\body-parser\lib\read.js:54:5)
    at urlencodedParser (E:\Skybridge Digital\SmartPlazaNew-main\backend\node_modules\body-parser\lib\types\urlencoded.js:58:5)
    at Layer.handleRequest (E:\Skybridge Digital\SmartPlazaNew-main\backend\node_modules\router\lib\layer.js:152:17)
    at trimPrefix (E:\Skybridge Digital\SmartPlazaNew-main\backend\node_modules\router\index.js:342:13)\n\n2026-07-08T23:32:41.297Z\nError: Not Found - /api/routes
    at notFound (E:\Skybridge Digital\SmartPlazaNew-main\backend\middleware\errorMiddleware.js:2:17)
    at Layer.handleRequest (E:\Skybridge Digital\SmartPlazaNew-main\backend\node_modules\router\lib\layer.js:152:17)
    at trimPrefix (E:\Skybridge Digital\SmartPlazaNew-main\backend\node_modules\router\index.js:342:13)
    at E:\Skybridge Digital\SmartPlazaNew-main\backend\node_modules\router\index.js:297:9
    at processParams (E:\Skybridge Digital\SmartPlazaNew-main\backend\node_modules\router\index.js:582:12)
    at next (E:\Skybridge Digital\SmartPlazaNew-main\backend\node_modules\router\index.js:291:5)
    at E:\Skybridge Digital\SmartPlazaNew-main\backend\server.js:96:3
    at Layer.handleRequest (E:\Skybridge Digital\SmartPlazaNew-main\backend\node_modules\router\lib\layer.js:152:17)
    at trimPrefix (E:\Skybridge Digital\SmartPlazaNew-main\backend\node_modules\router\index.js:342:13)
    at E:\Skybridge Digital\SmartPlazaNew-main\backend\node_modules\router\index.js:297:9
    at processParams (E:\Skybridge Digital\SmartPlazaNew-main\backend\node_modules\router\index.js:582:12)
    at next (E:\Skybridge Digital\SmartPlazaNew-main\backend\node_modules\router\index.js:291:5)
    at read (E:\Skybridge Digital\SmartPlazaNew-main\backend\node_modules\body-parser\lib\read.js:54:5)
    at urlencodedParser (E:\Skybridge Digital\SmartPlazaNew-main\backend\node_modules\body-parser\lib\types\urlencoded.js:58:5)
    at Layer.handleRequest (E:\Skybridge Digital\SmartPlazaNew-main\backend\node_modules\router\lib\layer.js:152:17)
    at trimPrefix (E:\Skybridge Digital\SmartPlazaNew-main\backend\node_modules\router\index.js:342:13)\n\n2026-07-08T23:32:42.317Z\nError: Not Found - /api/routes
    at notFound (E:\Skybridge Digital\SmartPlazaNew-main\backend\middleware\errorMiddleware.js:2:17)
    at Layer.handleRequest (E:\Skybridge Digital\SmartPlazaNew-main\backend\node_modules\router\lib\layer.js:152:17)
    at trimPrefix (E:\Skybridge Digital\SmartPlazaNew-main\backend\node_modules\router\index.js:342:13)
    at E:\Skybridge Digital\SmartPlazaNew-main\backend\node_modules\router\index.js:297:9
    at processParams (E:\Skybridge Digital\SmartPlazaNew-main\backend\node_modules\router\index.js:582:12)
    at next (E:\Skybridge Digital\SmartPlazaNew-main\backend\node_modules\router\index.js:291:5)
    at E:\Skybridge Digital\SmartPlazaNew-main\backend\server.js:96:3
    at Layer.handleRequest (E:\Skybridge Digital\SmartPlazaNew-main\backend\node_modules\router\lib\layer.js:152:17)
    at trimPrefix (E:\Skybridge Digital\SmartPlazaNew-main\backend\node_modules\router\index.js:342:13)
    at E:\Skybridge Digital\SmartPlazaNew-main\backend\node_modules\router\index.js:297:9
    at processParams (E:\Skybridge Digital\SmartPlazaNew-main\backend\node_modules\router\index.js:582:12)
    at next (E:\Skybridge Digital\SmartPlazaNew-main\backend\node_modules\router\index.js:291:5)
    at read (E:\Skybridge Digital\SmartPlazaNew-main\backend\node_modules\body-parser\lib\read.js:54:5)
    at urlencodedParser (E:\Skybridge Digital\SmartPlazaNew-main\backend\node_modules\body-parser\lib\types\urlencoded.js:58:5)
    at Layer.handleRequest (E:\Skybridge Digital\SmartPlazaNew-main\backend\node_modules\router\lib\layer.js:152:17)
    at trimPrefix (E:\Skybridge Digital\SmartPlazaNew-main\backend\node_modules\router\index.js:342:13)\n\n2026-07-09T01:08:07.583Z\nError: Not Found - /api/routes
    at notFound (E:\Skybridge Digital\SmartPlazaNew-main\backend\middleware\errorMiddleware.js:2:17)
    at Layer.handleRequest (E:\Skybridge Digital\SmartPlazaNew-main\backend\node_modules\router\lib\layer.js:152:17)
    at trimPrefix (E:\Skybridge Digital\SmartPlazaNew-main\backend\node_modules\router\index.js:342:13)
    at E:\Skybridge Digital\SmartPlazaNew-main\backend\node_modules\router\index.js:297:9
    at processParams (E:\Skybridge Digital\SmartPlazaNew-main\backend\node_modules\router\index.js:582:12)
    at next (E:\Skybridge Digital\SmartPlazaNew-main\backend\node_modules\router\index.js:291:5)
    at E:\Skybridge Digital\SmartPlazaNew-main\backend\server.js:96:3
    at Layer.handleRequest (E:\Skybridge Digital\SmartPlazaNew-main\backend\node_modules\router\lib\layer.js:152:17)
    at trimPrefix (E:\Skybridge Digital\SmartPlazaNew-main\backend\node_modules\router\index.js:342:13)
    at E:\Skybridge Digital\SmartPlazaNew-main\backend\node_modules\router\index.js:297:9
    at processParams (E:\Skybridge Digital\SmartPlazaNew-main\backend\node_modules\router\index.js:582:12)
    at next (E:\Skybridge Digital\SmartPlazaNew-main\backend\node_modules\router\index.js:291:5)
    at read (E:\Skybridge Digital\SmartPlazaNew-main\backend\node_modules\body-parser\lib\read.js:54:5)
    at urlencodedParser (E:\Skybridge Digital\SmartPlazaNew-main\backend\node_modules\body-parser\lib\types\urlencoded.js:58:5)
    at Layer.handleRequest (E:\Skybridge Digital\SmartPlazaNew-main\backend\node_modules\router\lib\layer.js:152:17)
    at trimPrefix (E:\Skybridge Digital\SmartPlazaNew-main\backend\node_modules\router\index.js:342:13)\n\n2026-07-09T01:08:08.596Z\nError: Not Found - /api/routes
    at notFound (E:\Skybridge Digital\SmartPlazaNew-main\backend\middleware\errorMiddleware.js:2:17)
    at Layer.handleRequest (E:\Skybridge Digital\SmartPlazaNew-main\backend\node_modules\router\lib\layer.js:152:17)
    at trimPrefix (E:\Skybridge Digital\SmartPlazaNew-main\backend\node_modules\router\index.js:342:13)
    at E:\Skybridge Digital\SmartPlazaNew-main\backend\node_modules\router\index.js:297:9
    at processParams (E:\Skybridge Digital\SmartPlazaNew-main\backend\node_modules\router\index.js:582:12)
    at next (E:\Skybridge Digital\SmartPlazaNew-main\backend\node_modules\router\index.js:291:5)
    at E:\Skybridge Digital\SmartPlazaNew-main\backend\server.js:96:3
    at Layer.handleRequest (E:\Skybridge Digital\SmartPlazaNew-main\backend\node_modules\router\lib\layer.js:152:17)
    at trimPrefix (E:\Skybridge Digital\SmartPlazaNew-main\backend\node_modules\router\index.js:342:13)
    at E:\Skybridge Digital\SmartPlazaNew-main\backend\node_modules\router\index.js:297:9
    at processParams (E:\Skybridge Digital\SmartPlazaNew-main\backend\node_modules\router\index.js:582:12)
    at next (E:\Skybridge Digital\SmartPlazaNew-main\backend\node_modules\router\index.js:291:5)
    at read (E:\Skybridge Digital\SmartPlazaNew-main\backend\node_modules\body-parser\lib\read.js:54:5)
    at urlencodedParser (E:\Skybridge Digital\SmartPlazaNew-main\backend\node_modules\body-parser\lib\types\urlencoded.js:58:5)
    at Layer.handleRequest (E:\Skybridge Digital\SmartPlazaNew-main\backend\node_modules\router\lib\layer.js:152:17)
    at trimPrefix (E:\Skybridge Digital\SmartPlazaNew-main\backend\node_modules\router\index.js:342:13)\n\n2026-07-09T15:37:46.161Z\nMongoServerError: unrecognized option to $unwind stage: preserveNullAndEmpty
    at Connection.sendCommand (E:\Skybridge Digital\SmartPlazaNew-main\backend\node_modules\mongodb\lib\cmap\connection.js:320:27)
    at process.processTicksAndRejections (node:internal/process/task_queues:95:5)
    at async Connection.command (E:\Skybridge Digital\SmartPlazaNew-main\backend\node_modules\mongodb\lib\cmap\connection.js:344:26)
    at async Server.command (E:\Skybridge Digital\SmartPlazaNew-main\backend\node_modules\mongodb\lib\sdam\server.js:208:29)
    at async tryOperation (E:\Skybridge Digital\SmartPlazaNew-main\backend\node_modules\mongodb\lib\operations\execute_operation.js:215:32)
    at async executeOperation (E:\Skybridge Digital\SmartPlazaNew-main\backend\node_modules\mongodb\lib\operations\execute_operation.js:80:16)
    at async AggregationCursor._initialize (E:\Skybridge Digital\SmartPlazaNew-main\backend\node_modules\mongodb\lib\cursor\aggregation_cursor.js:57:26)
    at async AggregationCursor.cursorInit (E:\Skybridge Digital\SmartPlazaNew-main\backend\node_modules\mongodb\lib\cursor\abstract_cursor.js:620:27)
    at async AggregationCursor.fetchBatch (E:\Skybridge Digital\SmartPlazaNew-main\backend\node_modules\mongodb\lib\cursor\abstract_cursor.js:654:13)
    at async AggregationCursor.next (E:\Skybridge Digital\SmartPlazaNew-main\backend\node_modules\mongodb\lib\cursor\abstract_cursor.js:326:17)
    at async [Symbol.asyncIterator] (E:\Skybridge Digital\SmartPlazaNew-main\backend\node_modules\mongodb\lib\cursor\abstract_cursor.js:254:34)
    at async AggregationCursor.toArray (E:\Skybridge Digital\SmartPlazaNew-main\backend\node_modules\mongodb\lib\cursor\abstract_cursor.js:406:26)
    at async Aggregate.exec (E:\Skybridge Digital\SmartPlazaNew-main\backend\node_modules\mongoose\lib\aggregate.js:1074:14)
    at async E:\Skybridge Digital\SmartPlazaNew-main\backend\controllers\ecommerceAdminController.js:292:18\n\n2026-07-09T15:37:47.346Z\nMongoServerError: unrecognized option to $unwind stage: preserveNullAndEmpty
    at Connection.sendCommand (E:\Skybridge Digital\SmartPlazaNew-main\backend\node_modules\mongodb\lib\cmap\connection.js:320:27)
    at process.processTicksAndRejections (node:internal/process/task_queues:95:5)
    at async Connection.command (E:\Skybridge Digital\SmartPlazaNew-main\backend\node_modules\mongodb\lib\cmap\connection.js:344:26)
    at async Server.command (E:\Skybridge Digital\SmartPlazaNew-main\backend\node_modules\mongodb\lib\sdam\server.js:208:29)
    at async tryOperation (E:\Skybridge Digital\SmartPlazaNew-main\backend\node_modules\mongodb\lib\operations\execute_operation.js:215:32)
    at async executeOperation (E:\Skybridge Digital\SmartPlazaNew-main\backend\node_modules\mongodb\lib\operations\execute_operation.js:80:16)
    at async AggregationCursor._initialize (E:\Skybridge Digital\SmartPlazaNew-main\backend\node_modules\mongodb\lib\cursor\aggregation_cursor.js:57:26)
    at async AggregationCursor.cursorInit (E:\Skybridge Digital\SmartPlazaNew-main\backend\node_modules\mongodb\lib\cursor\abstract_cursor.js:620:27)
    at async AggregationCursor.fetchBatch (E:\Skybridge Digital\SmartPlazaNew-main\backend\node_modules\mongodb\lib\cursor\abstract_cursor.js:654:13)
    at async AggregationCursor.next (E:\Skybridge Digital\SmartPlazaNew-main\backend\node_modules\mongodb\lib\cursor\abstract_cursor.js:326:17)
    at async [Symbol.asyncIterator] (E:\Skybridge Digital\SmartPlazaNew-main\backend\node_modules\mongodb\lib\cursor\abstract_cursor.js:254:34)
    at async AggregationCursor.toArray (E:\Skybridge Digital\SmartPlazaNew-main\backend\node_modules\mongodb\lib\cursor\abstract_cursor.js:406:26)
    at async Aggregate.exec (E:\Skybridge Digital\SmartPlazaNew-main\backend\node_modules\mongoose\lib\aggregate.js:1074:14)
    at async E:\Skybridge Digital\SmartPlazaNew-main\backend\controllers\ecommerceAdminController.js:292:18\n\n2026-07-09T15:38:04.601Z\nMongoServerError: unrecognized option to $unwind stage: preserveNullAndEmpty
    at Connection.sendCommand (E:\Skybridge Digital\SmartPlazaNew-main\backend\node_modules\mongodb\lib\cmap\connection.js:320:27)
    at process.processTicksAndRejections (node:internal/process/task_queues:95:5)
    at async Connection.command (E:\Skybridge Digital\SmartPlazaNew-main\backend\node_modules\mongodb\lib\cmap\connection.js:344:26)
    at async Server.command (E:\Skybridge Digital\SmartPlazaNew-main\backend\node_modules\mongodb\lib\sdam\server.js:208:29)
    at async tryOperation (E:\Skybridge Digital\SmartPlazaNew-main\backend\node_modules\mongodb\lib\operations\execute_operation.js:215:32)
    at async executeOperation (E:\Skybridge Digital\SmartPlazaNew-main\backend\node_modules\mongodb\lib\operations\execute_operation.js:80:16)
    at async AggregationCursor._initialize (E:\Skybridge Digital\SmartPlazaNew-main\backend\node_modules\mongodb\lib\cursor\aggregation_cursor.js:57:26)
    at async AggregationCursor.cursorInit (E:\Skybridge Digital\SmartPlazaNew-main\backend\node_modules\mongodb\lib\cursor\abstract_cursor.js:620:27)
    at async AggregationCursor.fetchBatch (E:\Skybridge Digital\SmartPlazaNew-main\backend\node_modules\mongodb\lib\cursor\abstract_cursor.js:654:13)
    at async AggregationCursor.next (E:\Skybridge Digital\SmartPlazaNew-main\backend\node_modules\mongodb\lib\cursor\abstract_cursor.js:326:17)
    at async [Symbol.asyncIterator] (E:\Skybridge Digital\SmartPlazaNew-main\backend\node_modules\mongodb\lib\cursor\abstract_cursor.js:254:34)
    at async AggregationCursor.toArray (E:\Skybridge Digital\SmartPlazaNew-main\backend\node_modules\mongodb\lib\cursor\abstract_cursor.js:406:26)
    at async Aggregate.exec (E:\Skybridge Digital\SmartPlazaNew-main\backend\node_modules\mongoose\lib\aggregate.js:1074:14)
    at async E:\Skybridge Digital\SmartPlazaNew-main\backend\controllers\ecommerceAdminController.js:292:18\n\n2026-07-09T15:38:05.770Z\nMongoServerError: unrecognized option to $unwind stage: preserveNullAndEmpty
    at Connection.sendCommand (E:\Skybridge Digital\SmartPlazaNew-main\backend\node_modules\mongodb\lib\cmap\connection.js:320:27)
    at process.processTicksAndRejections (node:internal/process/task_queues:95:5)
    at async Connection.command (E:\Skybridge Digital\SmartPlazaNew-main\backend\node_modules\mongodb\lib\cmap\connection.js:344:26)
    at async Server.command (E:\Skybridge Digital\SmartPlazaNew-main\backend\node_modules\mongodb\lib\sdam\server.js:208:29)
    at async tryOperation (E:\Skybridge Digital\SmartPlazaNew-main\backend\node_modules\mongodb\lib\operations\execute_operation.js:215:32)
    at async executeOperation (E:\Skybridge Digital\SmartPlazaNew-main\backend\node_modules\mongodb\lib\operations\execute_operation.js:80:16)
    at async AggregationCursor._initialize (E:\Skybridge Digital\SmartPlazaNew-main\backend\node_modules\mongodb\lib\cursor\aggregation_cursor.js:57:26)
    at async AggregationCursor.cursorInit (E:\Skybridge Digital\SmartPlazaNew-main\backend\node_modules\mongodb\lib\cursor\abstract_cursor.js:620:27)
    at async AggregationCursor.fetchBatch (E:\Skybridge Digital\SmartPlazaNew-main\backend\node_modules\mongodb\lib\cursor\abstract_cursor.js:654:13)
    at async AggregationCursor.next (E:\Skybridge Digital\SmartPlazaNew-main\backend\node_modules\mongodb\lib\cursor\abstract_cursor.js:326:17)
    at async [Symbol.asyncIterator] (E:\Skybridge Digital\SmartPlazaNew-main\backend\node_modules\mongodb\lib\cursor\abstract_cursor.js:254:34)
    at async AggregationCursor.toArray (E:\Skybridge Digital\SmartPlazaNew-main\backend\node_modules\mongodb\lib\cursor\abstract_cursor.js:406:26)
    at async Aggregate.exec (E:\Skybridge Digital\SmartPlazaNew-main\backend\node_modules\mongoose\lib\aggregate.js:1074:14)
    at async E:\Skybridge Digital\SmartPlazaNew-main\backend\controllers\ecommerceAdminController.js:292:18\n\n2026-07-09T16:06:26.575Z\nError: Not Found - /api/customers
    at notFound (E:\Skybridge Digital\SmartPlazaNew-main\backend\middleware\errorMiddleware.js:2:17)
    at Layer.handleRequest (E:\Skybridge Digital\SmartPlazaNew-main\backend\node_modules\router\lib\layer.js:152:17)
    at trimPrefix (E:\Skybridge Digital\SmartPlazaNew-main\backend\node_modules\router\index.js:342:13)
    at E:\Skybridge Digital\SmartPlazaNew-main\backend\node_modules\router\index.js:297:9
    at processParams (E:\Skybridge Digital\SmartPlazaNew-main\backend\node_modules\router\index.js:582:12)
    at next (E:\Skybridge Digital\SmartPlazaNew-main\backend\node_modules\router\index.js:291:5)
    at E:\Skybridge Digital\SmartPlazaNew-main\backend\server.js:96:3
    at Layer.handleRequest (E:\Skybridge Digital\SmartPlazaNew-main\backend\node_modules\router\lib\layer.js:152:17)
    at trimPrefix (E:\Skybridge Digital\SmartPlazaNew-main\backend\node_modules\router\index.js:342:13)
    at E:\Skybridge Digital\SmartPlazaNew-main\backend\node_modules\router\index.js:297:9
    at processParams (E:\Skybridge Digital\SmartPlazaNew-main\backend\node_modules\router\index.js:582:12)
    at next (E:\Skybridge Digital\SmartPlazaNew-main\backend\node_modules\router\index.js:291:5)
    at read (E:\Skybridge Digital\SmartPlazaNew-main\backend\node_modules\body-parser\lib\read.js:54:5)
    at urlencodedParser (E:\Skybridge Digital\SmartPlazaNew-main\backend\node_modules\body-parser\lib\types\urlencoded.js:58:5)
    at Layer.handleRequest (E:\Skybridge Digital\SmartPlazaNew-main\backend\node_modules\router\lib\layer.js:152:17)
    at trimPrefix (E:\Skybridge Digital\SmartPlazaNew-main\backend\node_modules\router\index.js:342:13)\n\n2026-07-09T16:06:27.587Z\nError: Not Found - /api/customers
    at notFound (E:\Skybridge Digital\SmartPlazaNew-main\backend\middleware\errorMiddleware.js:2:17)
    at Layer.handleRequest (E:\Skybridge Digital\SmartPlazaNew-main\backend\node_modules\router\lib\layer.js:152:17)
    at trimPrefix (E:\Skybridge Digital\SmartPlazaNew-main\backend\node_modules\router\index.js:342:13)
    at E:\Skybridge Digital\SmartPlazaNew-main\backend\node_modules\router\index.js:297:9
    at processParams (E:\Skybridge Digital\SmartPlazaNew-main\backend\node_modules\router\index.js:582:12)
    at next (E:\Skybridge Digital\SmartPlazaNew-main\backend\node_modules\router\index.js:291:5)
    at E:\Skybridge Digital\SmartPlazaNew-main\backend\server.js:96:3
    at Layer.handleRequest (E:\Skybridge Digital\SmartPlazaNew-main\backend\node_modules\router\lib\layer.js:152:17)
    at trimPrefix (E:\Skybridge Digital\SmartPlazaNew-main\backend\node_modules\router\index.js:342:13)
    at E:\Skybridge Digital\SmartPlazaNew-main\backend\node_modules\router\index.js:297:9
    at processParams (E:\Skybridge Digital\SmartPlazaNew-main\backend\node_modules\router\index.js:582:12)
    at next (E:\Skybridge Digital\SmartPlazaNew-main\backend\node_modules\router\index.js:291:5)
    at read (E:\Skybridge Digital\SmartPlazaNew-main\backend\node_modules\body-parser\lib\read.js:54:5)
    at urlencodedParser (E:\Skybridge Digital\SmartPlazaNew-main\backend\node_modules\body-parser\lib\types\urlencoded.js:58:5)
    at Layer.handleRequest (E:\Skybridge Digital\SmartPlazaNew-main\backend\node_modules\router\lib\layer.js:152:17)
    at trimPrefix (E:\Skybridge Digital\SmartPlazaNew-main\backend\node_modules\router\index.js:342:13)\n\n2026-07-09T16:15:04.111Z\nError: Not Found - /api/customers
    at notFound (E:\Skybridge Digital\SmartPlazaNew-main\backend\middleware\errorMiddleware.js:2:17)
    at Layer.handleRequest (E:\Skybridge Digital\SmartPlazaNew-main\backend\node_modules\router\lib\layer.js:152:17)
    at trimPrefix (E:\Skybridge Digital\SmartPlazaNew-main\backend\node_modules\router\index.js:342:13)
    at E:\Skybridge Digital\SmartPlazaNew-main\backend\node_modules\router\index.js:297:9
    at processParams (E:\Skybridge Digital\SmartPlazaNew-main\backend\node_modules\router\index.js:582:12)
    at next (E:\Skybridge Digital\SmartPlazaNew-main\backend\node_modules\router\index.js:291:5)
    at E:\Skybridge Digital\SmartPlazaNew-main\backend\server.js:96:3
    at Layer.handleRequest (E:\Skybridge Digital\SmartPlazaNew-main\backend\node_modules\router\lib\layer.js:152:17)
    at trimPrefix (E:\Skybridge Digital\SmartPlazaNew-main\backend\node_modules\router\index.js:342:13)
    at E:\Skybridge Digital\SmartPlazaNew-main\backend\node_modules\router\index.js:297:9
    at processParams (E:\Skybridge Digital\SmartPlazaNew-main\backend\node_modules\router\index.js:582:12)
    at next (E:\Skybridge Digital\SmartPlazaNew-main\backend\node_modules\router\index.js:291:5)
    at read (E:\Skybridge Digital\SmartPlazaNew-main\backend\node_modules\body-parser\lib\read.js:54:5)
    at urlencodedParser (E:\Skybridge Digital\SmartPlazaNew-main\backend\node_modules\body-parser\lib\types\urlencoded.js:58:5)
    at Layer.handleRequest (E:\Skybridge Digital\SmartPlazaNew-main\backend\node_modules\router\lib\layer.js:152:17)
    at trimPrefix (E:\Skybridge Digital\SmartPlazaNew-main\backend\node_modules\router\index.js:342:13)\n\n2026-07-09T16:15:05.193Z\nError: Not Found - /api/customers
    at notFound (E:\Skybridge Digital\SmartPlazaNew-main\backend\middleware\errorMiddleware.js:2:17)
    at Layer.handleRequest (E:\Skybridge Digital\SmartPlazaNew-main\backend\node_modules\router\lib\layer.js:152:17)
    at trimPrefix (E:\Skybridge Digital\SmartPlazaNew-main\backend\node_modules\router\index.js:342:13)
    at E:\Skybridge Digital\SmartPlazaNew-main\backend\node_modules\router\index.js:297:9
    at processParams (E:\Skybridge Digital\SmartPlazaNew-main\backend\node_modules\router\index.js:582:12)
    at next (E:\Skybridge Digital\SmartPlazaNew-main\backend\node_modules\router\index.js:291:5)
    at E:\Skybridge Digital\SmartPlazaNew-main\backend\server.js:96:3
    at Layer.handleRequest (E:\Skybridge Digital\SmartPlazaNew-main\backend\node_modules\router\lib\layer.js:152:17)
    at trimPrefix (E:\Skybridge Digital\SmartPlazaNew-main\backend\node_modules\router\index.js:342:13)
    at E:\Skybridge Digital\SmartPlazaNew-main\backend\node_modules\router\index.js:297:9
    at processParams (E:\Skybridge Digital\SmartPlazaNew-main\backend\node_modules\router\index.js:582:12)
    at next (E:\Skybridge Digital\SmartPlazaNew-main\backend\node_modules\router\index.js:291:5)
    at read (E:\Skybridge Digital\SmartPlazaNew-main\backend\node_modules\body-parser\lib\read.js:54:5)
    at urlencodedParser (E:\Skybridge Digital\SmartPlazaNew-main\backend\node_modules\body-parser\lib\types\urlencoded.js:58:5)
    at Layer.handleRequest (E:\Skybridge Digital\SmartPlazaNew-main\backend\node_modules\router\lib\layer.js:152:17)
    at trimPrefix (E:\Skybridge Digital\SmartPlazaNew-main\backend\node_modules\router\index.js:342:13)\n\n2026-07-09T16:15:09.911Z\nMongoServerError: unrecognized option to $unwind stage: preserveNullAndEmpty
    at Connection.sendCommand (E:\Skybridge Digital\SmartPlazaNew-main\backend\node_modules\mongodb\lib\cmap\connection.js:320:27)
    at process.processTicksAndRejections (node:internal/process/task_queues:95:5)
    at async Connection.command (E:\Skybridge Digital\SmartPlazaNew-main\backend\node_modules\mongodb\lib\cmap\connection.js:344:26)
    at async Server.command (E:\Skybridge Digital\SmartPlazaNew-main\backend\node_modules\mongodb\lib\sdam\server.js:208:29)
    at async tryOperation (E:\Skybridge Digital\SmartPlazaNew-main\backend\node_modules\mongodb\lib\operations\execute_operation.js:215:32)
    at async executeOperation (E:\Skybridge Digital\SmartPlazaNew-main\backend\node_modules\mongodb\lib\operations\execute_operation.js:80:16)
    at async AggregationCursor._initialize (E:\Skybridge Digital\SmartPlazaNew-main\backend\node_modules\mongodb\lib\cursor\aggregation_cursor.js:57:26)
    at async AggregationCursor.cursorInit (E:\Skybridge Digital\SmartPlazaNew-main\backend\node_modules\mongodb\lib\cursor\abstract_cursor.js:620:27)
    at async AggregationCursor.fetchBatch (E:\Skybridge Digital\SmartPlazaNew-main\backend\node_modules\mongodb\lib\cursor\abstract_cursor.js:654:13)
    at async AggregationCursor.next (E:\Skybridge Digital\SmartPlazaNew-main\backend\node_modules\mongodb\lib\cursor\abstract_cursor.js:326:17)
    at async [Symbol.asyncIterator] (E:\Skybridge Digital\SmartPlazaNew-main\backend\node_modules\mongodb\lib\cursor\abstract_cursor.js:254:34)
    at async AggregationCursor.toArray (E:\Skybridge Digital\SmartPlazaNew-main\backend\node_modules\mongodb\lib\cursor\abstract_cursor.js:406:26)
    at async Aggregate.exec (E:\Skybridge Digital\SmartPlazaNew-main\backend\node_modules\mongoose\lib\aggregate.js:1074:14)
    at async E:\Skybridge Digital\SmartPlazaNew-main\backend\controllers\ecommerceAdminController.js:292:18\n\n2026-07-09T16:15:11.069Z\nMongoServerError: unrecognized option to $unwind stage: preserveNullAndEmpty
    at Connection.sendCommand (E:\Skybridge Digital\SmartPlazaNew-main\backend\node_modules\mongodb\lib\cmap\connection.js:320:27)
    at process.processTicksAndRejections (node:internal/process/task_queues:95:5)
    at async Connection.command (E:\Skybridge Digital\SmartPlazaNew-main\backend\node_modules\mongodb\lib\cmap\connection.js:344:26)
    at async Server.command (E:\Skybridge Digital\SmartPlazaNew-main\backend\node_modules\mongodb\lib\sdam\server.js:208:29)
    at async tryOperation (E:\Skybridge Digital\SmartPlazaNew-main\backend\node_modules\mongodb\lib\operations\execute_operation.js:215:32)
    at async executeOperation (E:\Skybridge Digital\SmartPlazaNew-main\backend\node_modules\mongodb\lib\operations\execute_operation.js:80:16)
    at async AggregationCursor._initialize (E:\Skybridge Digital\SmartPlazaNew-main\backend\node_modules\mongodb\lib\cursor\aggregation_cursor.js:57:26)
    at async AggregationCursor.cursorInit (E:\Skybridge Digital\SmartPlazaNew-main\backend\node_modules\mongodb\lib\cursor\abstract_cursor.js:620:27)
    at async AggregationCursor.fetchBatch (E:\Skybridge Digital\SmartPlazaNew-main\backend\node_modules\mongodb\lib\cursor\abstract_cursor.js:654:13)
    at async AggregationCursor.next (E:\Skybridge Digital\SmartPlazaNew-main\backend\node_modules\mongodb\lib\cursor\abstract_cursor.js:326:17)
    at async [Symbol.asyncIterator] (E:\Skybridge Digital\SmartPlazaNew-main\backend\node_modules\mongodb\lib\cursor\abstract_cursor.js:254:34)
    at async AggregationCursor.toArray (E:\Skybridge Digital\SmartPlazaNew-main\backend\node_modules\mongodb\lib\cursor\abstract_cursor.js:406:26)
    at async Aggregate.exec (E:\Skybridge Digital\SmartPlazaNew-main\backend\node_modules\mongoose\lib\aggregate.js:1074:14)
    at async E:\Skybridge Digital\SmartPlazaNew-main\backend\controllers\ecommerceAdminController.js:292:18\n\n
=======
    at trimPrefix (E:\MY-Portfolio\skybridge\smart-plaza\smart-plaza\backend\node_modules\router\index.js:342:13)\n\n2026-07-09T12:51:37.547Z\nError: Not Found - /api/routes
    at notFound (E:\MY-Portfolio\skybridge\smart-plaza\smart-plaza\backend\middleware\errorMiddleware.js:2:17)
    at Layer.handleRequest (E:\MY-Portfolio\skybridge\smart-plaza\smart-plaza\backend\node_modules\router\lib\layer.js:152:17)
    at trimPrefix (E:\MY-Portfolio\skybridge\smart-plaza\smart-plaza\backend\node_modules\router\index.js:342:13)
    at E:\MY-Portfolio\skybridge\smart-plaza\smart-plaza\backend\node_modules\router\index.js:297:9
    at processParams (E:\MY-Portfolio\skybridge\smart-plaza\smart-plaza\backend\node_modules\router\index.js:582:12)
    at next (E:\MY-Portfolio\skybridge\smart-plaza\smart-plaza\backend\node_modules\router\index.js:291:5)
    at E:\MY-Portfolio\skybridge\smart-plaza\smart-plaza\backend\server.js:96:3
    at Layer.handleRequest (E:\MY-Portfolio\skybridge\smart-plaza\smart-plaza\backend\node_modules\router\lib\layer.js:152:17)
    at trimPrefix (E:\MY-Portfolio\skybridge\smart-plaza\smart-plaza\backend\node_modules\router\index.js:342:13)
    at E:\MY-Portfolio\skybridge\smart-plaza\smart-plaza\backend\node_modules\router\index.js:297:9
    at processParams (E:\MY-Portfolio\skybridge\smart-plaza\smart-plaza\backend\node_modules\router\index.js:582:12)
    at next (E:\MY-Portfolio\skybridge\smart-plaza\smart-plaza\backend\node_modules\router\index.js:291:5)
    at read (E:\MY-Portfolio\skybridge\smart-plaza\smart-plaza\backend\node_modules\body-parser\lib\read.js:53:5)
    at urlencodedParser (E:\MY-Portfolio\skybridge\smart-plaza\smart-plaza\backend\node_modules\body-parser\lib\types\urlencoded.js:57:5)
    at Layer.handleRequest (E:\MY-Portfolio\skybridge\smart-plaza\smart-plaza\backend\node_modules\router\lib\layer.js:152:17)
    at trimPrefix (E:\MY-Portfolio\skybridge\smart-plaza\smart-plaza\backend\node_modules\router\index.js:342:13)\n\n2026-07-09T14:02:47.824Z\nError: Not Found - /api/users/login
    at notFound (E:\MY-Portfolio\skybridge\smart-plaza\smart-plaza\backend\middleware\errorMiddleware.js:2:17)
    at Layer.handleRequest (E:\MY-Portfolio\skybridge\smart-plaza\smart-plaza\backend\node_modules\router\lib\layer.js:152:17)
    at trimPrefix (E:\MY-Portfolio\skybridge\smart-plaza\smart-plaza\backend\node_modules\router\index.js:342:13)
    at E:\MY-Portfolio\skybridge\smart-plaza\smart-plaza\backend\node_modules\router\index.js:297:9
    at processParams (E:\MY-Portfolio\skybridge\smart-plaza\smart-plaza\backend\node_modules\router\index.js:582:12)
    at next (E:\MY-Portfolio\skybridge\smart-plaza\smart-plaza\backend\node_modules\router\index.js:291:5)
    at E:\MY-Portfolio\skybridge\smart-plaza\smart-plaza\backend\node_modules\router\index.js:688:15
    at next (E:\MY-Portfolio\skybridge\smart-plaza\smart-plaza\backend\node_modules\router\index.js:276:14)
    at router.handle (E:\MY-Portfolio\skybridge\smart-plaza\smart-plaza\backend\node_modules\router\index.js:186:3)
    at router (E:\MY-Portfolio\skybridge\smart-plaza\smart-plaza\backend\node_modules\router\index.js:60:12)
    at Layer.handleRequest (E:\MY-Portfolio\skybridge\smart-plaza\smart-plaza\backend\node_modules\router\lib\layer.js:152:17)
    at trimPrefix (E:\MY-Portfolio\skybridge\smart-plaza\smart-plaza\backend\node_modules\router\index.js:342:13)
    at E:\MY-Portfolio\skybridge\smart-plaza\smart-plaza\backend\node_modules\router\index.js:297:9
    at processParams (E:\MY-Portfolio\skybridge\smart-plaza\smart-plaza\backend\node_modules\router\index.js:582:12)
    at next (E:\MY-Portfolio\skybridge\smart-plaza\smart-plaza\backend\node_modules\router\index.js:291:5)
    at E:\MY-Portfolio\skybridge\smart-plaza\smart-plaza\backend\server.js:96:3\n\n2026-07-09T14:10:25.922Z\nError: Not Found - /api/routes
    at notFound (E:\MY-Portfolio\skybridge\smart-plaza\smart-plaza\backend\middleware\errorMiddleware.js:2:17)
    at Layer.handleRequest (E:\MY-Portfolio\skybridge\smart-plaza\smart-plaza\backend\node_modules\router\lib\layer.js:152:17)
    at trimPrefix (E:\MY-Portfolio\skybridge\smart-plaza\smart-plaza\backend\node_modules\router\index.js:342:13)
    at E:\MY-Portfolio\skybridge\smart-plaza\smart-plaza\backend\node_modules\router\index.js:297:9
    at processParams (E:\MY-Portfolio\skybridge\smart-plaza\smart-plaza\backend\node_modules\router\index.js:582:12)
    at next (E:\MY-Portfolio\skybridge\smart-plaza\smart-plaza\backend\node_modules\router\index.js:291:5)
    at E:\MY-Portfolio\skybridge\smart-plaza\smart-plaza\backend\server.js:96:3
    at Layer.handleRequest (E:\MY-Portfolio\skybridge\smart-plaza\smart-plaza\backend\node_modules\router\lib\layer.js:152:17)
    at trimPrefix (E:\MY-Portfolio\skybridge\smart-plaza\smart-plaza\backend\node_modules\router\index.js:342:13)
    at E:\MY-Portfolio\skybridge\smart-plaza\smart-plaza\backend\node_modules\router\index.js:297:9
    at processParams (E:\MY-Portfolio\skybridge\smart-plaza\smart-plaza\backend\node_modules\router\index.js:582:12)
    at next (E:\MY-Portfolio\skybridge\smart-plaza\smart-plaza\backend\node_modules\router\index.js:291:5)
    at read (E:\MY-Portfolio\skybridge\smart-plaza\smart-plaza\backend\node_modules\body-parser\lib\read.js:53:5)
    at urlencodedParser (E:\MY-Portfolio\skybridge\smart-plaza\smart-plaza\backend\node_modules\body-parser\lib\types\urlencoded.js:57:5)
    at Layer.handleRequest (E:\MY-Portfolio\skybridge\smart-plaza\smart-plaza\backend\node_modules\router\lib\layer.js:152:17)
    at trimPrefix (E:\MY-Portfolio\skybridge\smart-plaza\smart-plaza\backend\node_modules\router\index.js:342:13)\n\n2026-07-09T14:10:26.942Z\nError: Not Found - /api/routes
    at notFound (E:\MY-Portfolio\skybridge\smart-plaza\smart-plaza\backend\middleware\errorMiddleware.js:2:17)
    at Layer.handleRequest (E:\MY-Portfolio\skybridge\smart-plaza\smart-plaza\backend\node_modules\router\lib\layer.js:152:17)
    at trimPrefix (E:\MY-Portfolio\skybridge\smart-plaza\smart-plaza\backend\node_modules\router\index.js:342:13)
    at E:\MY-Portfolio\skybridge\smart-plaza\smart-plaza\backend\node_modules\router\index.js:297:9
    at processParams (E:\MY-Portfolio\skybridge\smart-plaza\smart-plaza\backend\node_modules\router\index.js:582:12)
    at next (E:\MY-Portfolio\skybridge\smart-plaza\smart-plaza\backend\node_modules\router\index.js:291:5)
    at E:\MY-Portfolio\skybridge\smart-plaza\smart-plaza\backend\server.js:96:3
    at Layer.handleRequest (E:\MY-Portfolio\skybridge\smart-plaza\smart-plaza\backend\node_modules\router\lib\layer.js:152:17)
    at trimPrefix (E:\MY-Portfolio\skybridge\smart-plaza\smart-plaza\backend\node_modules\router\index.js:342:13)
    at E:\MY-Portfolio\skybridge\smart-plaza\smart-plaza\backend\node_modules\router\index.js:297:9
    at processParams (E:\MY-Portfolio\skybridge\smart-plaza\smart-plaza\backend\node_modules\router\index.js:582:12)
    at next (E:\MY-Portfolio\skybridge\smart-plaza\smart-plaza\backend\node_modules\router\index.js:291:5)
    at read (E:\MY-Portfolio\skybridge\smart-plaza\smart-plaza\backend\node_modules\body-parser\lib\read.js:53:5)
    at urlencodedParser (E:\MY-Portfolio\skybridge\smart-plaza\smart-plaza\backend\node_modules\body-parser\lib\types\urlencoded.js:57:5)
    at Layer.handleRequest (E:\MY-Portfolio\skybridge\smart-plaza\smart-plaza\backend\node_modules\router\lib\layer.js:152:17)
    at trimPrefix (E:\MY-Portfolio\skybridge\smart-plaza\smart-plaza\backend\node_modules\router\index.js:342:13)\n\n2026-07-09T14:16:06.277Z\nError: Not Found - /api/routes
    at notFound (E:\MY-Portfolio\skybridge\smart-plaza\smart-plaza\backend\middleware\errorMiddleware.js:2:17)
    at Layer.handleRequest (E:\MY-Portfolio\skybridge\smart-plaza\smart-plaza\backend\node_modules\router\lib\layer.js:152:17)
    at trimPrefix (E:\MY-Portfolio\skybridge\smart-plaza\smart-plaza\backend\node_modules\router\index.js:342:13)
    at E:\MY-Portfolio\skybridge\smart-plaza\smart-plaza\backend\node_modules\router\index.js:297:9
    at processParams (E:\MY-Portfolio\skybridge\smart-plaza\smart-plaza\backend\node_modules\router\index.js:582:12)
    at next (E:\MY-Portfolio\skybridge\smart-plaza\smart-plaza\backend\node_modules\router\index.js:291:5)
    at E:\MY-Portfolio\skybridge\smart-plaza\smart-plaza\backend\server.js:96:3
    at Layer.handleRequest (E:\MY-Portfolio\skybridge\smart-plaza\smart-plaza\backend\node_modules\router\lib\layer.js:152:17)
    at trimPrefix (E:\MY-Portfolio\skybridge\smart-plaza\smart-plaza\backend\node_modules\router\index.js:342:13)
    at E:\MY-Portfolio\skybridge\smart-plaza\smart-plaza\backend\node_modules\router\index.js:297:9
    at processParams (E:\MY-Portfolio\skybridge\smart-plaza\smart-plaza\backend\node_modules\router\index.js:582:12)
    at next (E:\MY-Portfolio\skybridge\smart-plaza\smart-plaza\backend\node_modules\router\index.js:291:5)
    at read (E:\MY-Portfolio\skybridge\smart-plaza\smart-plaza\backend\node_modules\body-parser\lib\read.js:53:5)
    at urlencodedParser (E:\MY-Portfolio\skybridge\smart-plaza\smart-plaza\backend\node_modules\body-parser\lib\types\urlencoded.js:57:5)
    at Layer.handleRequest (E:\MY-Portfolio\skybridge\smart-plaza\smart-plaza\backend\node_modules\router\lib\layer.js:152:17)
    at trimPrefix (E:\MY-Portfolio\skybridge\smart-plaza\smart-plaza\backend\node_modules\router\index.js:342:13)\n\n2026-07-09T14:16:07.373Z\nError: Not Found - /api/routes
    at notFound (E:\MY-Portfolio\skybridge\smart-plaza\smart-plaza\backend\middleware\errorMiddleware.js:2:17)
    at Layer.handleRequest (E:\MY-Portfolio\skybridge\smart-plaza\smart-plaza\backend\node_modules\router\lib\layer.js:152:17)
    at trimPrefix (E:\MY-Portfolio\skybridge\smart-plaza\smart-plaza\backend\node_modules\router\index.js:342:13)
    at E:\MY-Portfolio\skybridge\smart-plaza\smart-plaza\backend\node_modules\router\index.js:297:9
    at processParams (E:\MY-Portfolio\skybridge\smart-plaza\smart-plaza\backend\node_modules\router\index.js:582:12)
    at next (E:\MY-Portfolio\skybridge\smart-plaza\smart-plaza\backend\node_modules\router\index.js:291:5)
    at E:\MY-Portfolio\skybridge\smart-plaza\smart-plaza\backend\server.js:96:3
    at Layer.handleRequest (E:\MY-Portfolio\skybridge\smart-plaza\smart-plaza\backend\node_modules\router\lib\layer.js:152:17)
    at trimPrefix (E:\MY-Portfolio\skybridge\smart-plaza\smart-plaza\backend\node_modules\router\index.js:342:13)
    at E:\MY-Portfolio\skybridge\smart-plaza\smart-plaza\backend\node_modules\router\index.js:297:9
    at processParams (E:\MY-Portfolio\skybridge\smart-plaza\smart-plaza\backend\node_modules\router\index.js:582:12)
    at next (E:\MY-Portfolio\skybridge\smart-plaza\smart-plaza\backend\node_modules\router\index.js:291:5)
    at read (E:\MY-Portfolio\skybridge\smart-plaza\smart-plaza\backend\node_modules\body-parser\lib\read.js:53:5)
    at urlencodedParser (E:\MY-Portfolio\skybridge\smart-plaza\smart-plaza\backend\node_modules\body-parser\lib\types\urlencoded.js:57:5)
    at Layer.handleRequest (E:\MY-Portfolio\skybridge\smart-plaza\smart-plaza\backend\node_modules\router\lib\layer.js:152:17)
    at trimPrefix (E:\MY-Portfolio\skybridge\smart-plaza\smart-plaza\backend\node_modules\router\index.js:342:13)\n\n2026-07-09T14:16:55.218Z\nError: Not Found - /api/routes
    at notFound (E:\MY-Portfolio\skybridge\smart-plaza\smart-plaza\backend\middleware\errorMiddleware.js:2:17)
    at Layer.handleRequest (E:\MY-Portfolio\skybridge\smart-plaza\smart-plaza\backend\node_modules\router\lib\layer.js:152:17)
    at trimPrefix (E:\MY-Portfolio\skybridge\smart-plaza\smart-plaza\backend\node_modules\router\index.js:342:13)
    at E:\MY-Portfolio\skybridge\smart-plaza\smart-plaza\backend\node_modules\router\index.js:297:9
    at processParams (E:\MY-Portfolio\skybridge\smart-plaza\smart-plaza\backend\node_modules\router\index.js:582:12)
    at next (E:\MY-Portfolio\skybridge\smart-plaza\smart-plaza\backend\node_modules\router\index.js:291:5)
    at E:\MY-Portfolio\skybridge\smart-plaza\smart-plaza\backend\server.js:96:3
    at Layer.handleRequest (E:\MY-Portfolio\skybridge\smart-plaza\smart-plaza\backend\node_modules\router\lib\layer.js:152:17)
    at trimPrefix (E:\MY-Portfolio\skybridge\smart-plaza\smart-plaza\backend\node_modules\router\index.js:342:13)
    at E:\MY-Portfolio\skybridge\smart-plaza\smart-plaza\backend\node_modules\router\index.js:297:9
    at processParams (E:\MY-Portfolio\skybridge\smart-plaza\smart-plaza\backend\node_modules\router\index.js:582:12)
    at next (E:\MY-Portfolio\skybridge\smart-plaza\smart-plaza\backend\node_modules\router\index.js:291:5)
    at read (E:\MY-Portfolio\skybridge\smart-plaza\smart-plaza\backend\node_modules\body-parser\lib\read.js:53:5)
    at urlencodedParser (E:\MY-Portfolio\skybridge\smart-plaza\smart-plaza\backend\node_modules\body-parser\lib\types\urlencoded.js:57:5)
    at Layer.handleRequest (E:\MY-Portfolio\skybridge\smart-plaza\smart-plaza\backend\node_modules\router\lib\layer.js:152:17)
    at trimPrefix (E:\MY-Portfolio\skybridge\smart-plaza\smart-plaza\backend\node_modules\router\index.js:342:13)\n\n2026-07-09T14:18:10.662Z\nError: Not Found - /api/routes
    at notFound (E:\MY-Portfolio\skybridge\smart-plaza\smart-plaza\backend\middleware\errorMiddleware.js:2:17)
    at Layer.handleRequest (E:\MY-Portfolio\skybridge\smart-plaza\smart-plaza\backend\node_modules\router\lib\layer.js:152:17)
    at trimPrefix (E:\MY-Portfolio\skybridge\smart-plaza\smart-plaza\backend\node_modules\router\index.js:342:13)
    at E:\MY-Portfolio\skybridge\smart-plaza\smart-plaza\backend\node_modules\router\index.js:297:9
    at processParams (E:\MY-Portfolio\skybridge\smart-plaza\smart-plaza\backend\node_modules\router\index.js:582:12)
    at next (E:\MY-Portfolio\skybridge\smart-plaza\smart-plaza\backend\node_modules\router\index.js:291:5)
    at E:\MY-Portfolio\skybridge\smart-plaza\smart-plaza\backend\server.js:96:3
    at Layer.handleRequest (E:\MY-Portfolio\skybridge\smart-plaza\smart-plaza\backend\node_modules\router\lib\layer.js:152:17)
    at trimPrefix (E:\MY-Portfolio\skybridge\smart-plaza\smart-plaza\backend\node_modules\router\index.js:342:13)
    at E:\MY-Portfolio\skybridge\smart-plaza\smart-plaza\backend\node_modules\router\index.js:297:9
    at processParams (E:\MY-Portfolio\skybridge\smart-plaza\smart-plaza\backend\node_modules\router\index.js:582:12)
    at next (E:\MY-Portfolio\skybridge\smart-plaza\smart-plaza\backend\node_modules\router\index.js:291:5)
    at read (E:\MY-Portfolio\skybridge\smart-plaza\smart-plaza\backend\node_modules\body-parser\lib\read.js:53:5)
    at urlencodedParser (E:\MY-Portfolio\skybridge\smart-plaza\smart-plaza\backend\node_modules\body-parser\lib\types\urlencoded.js:57:5)
    at Layer.handleRequest (E:\MY-Portfolio\skybridge\smart-plaza\smart-plaza\backend\node_modules\router\lib\layer.js:152:17)
    at trimPrefix (E:\MY-Portfolio\skybridge\smart-plaza\smart-plaza\backend\node_modules\router\index.js:342:13)\n\n2026-07-09T14:24:25.611Z\nError: Not Found - /api/routes
    at notFound (E:\MY-Portfolio\skybridge\smart-plaza\smart-plaza\backend\middleware\errorMiddleware.js:2:17)
    at Layer.handleRequest (E:\MY-Portfolio\skybridge\smart-plaza\smart-plaza\backend\node_modules\router\lib\layer.js:152:17)
    at trimPrefix (E:\MY-Portfolio\skybridge\smart-plaza\smart-plaza\backend\node_modules\router\index.js:342:13)
    at E:\MY-Portfolio\skybridge\smart-plaza\smart-plaza\backend\node_modules\router\index.js:297:9
    at processParams (E:\MY-Portfolio\skybridge\smart-plaza\smart-plaza\backend\node_modules\router\index.js:582:12)
    at next (E:\MY-Portfolio\skybridge\smart-plaza\smart-plaza\backend\node_modules\router\index.js:291:5)
    at E:\MY-Portfolio\skybridge\smart-plaza\smart-plaza\backend\server.js:96:3
    at Layer.handleRequest (E:\MY-Portfolio\skybridge\smart-plaza\smart-plaza\backend\node_modules\router\lib\layer.js:152:17)
    at trimPrefix (E:\MY-Portfolio\skybridge\smart-plaza\smart-plaza\backend\node_modules\router\index.js:342:13)
    at E:\MY-Portfolio\skybridge\smart-plaza\smart-plaza\backend\node_modules\router\index.js:297:9
    at processParams (E:\MY-Portfolio\skybridge\smart-plaza\smart-plaza\backend\node_modules\router\index.js:582:12)
    at next (E:\MY-Portfolio\skybridge\smart-plaza\smart-plaza\backend\node_modules\router\index.js:291:5)
    at read (E:\MY-Portfolio\skybridge\smart-plaza\smart-plaza\backend\node_modules\body-parser\lib\read.js:53:5)
    at urlencodedParser (E:\MY-Portfolio\skybridge\smart-plaza\smart-plaza\backend\node_modules\body-parser\lib\types\urlencoded.js:57:5)
    at Layer.handleRequest (E:\MY-Portfolio\skybridge\smart-plaza\smart-plaza\backend\node_modules\router\lib\layer.js:152:17)
    at trimPrefix (E:\MY-Portfolio\skybridge\smart-plaza\smart-plaza\backend\node_modules\router\index.js:342:13)\n\n2026-07-09T14:24:26.641Z\nError: Not Found - /api/routes
    at notFound (E:\MY-Portfolio\skybridge\smart-plaza\smart-plaza\backend\middleware\errorMiddleware.js:2:17)
    at Layer.handleRequest (E:\MY-Portfolio\skybridge\smart-plaza\smart-plaza\backend\node_modules\router\lib\layer.js:152:17)
    at trimPrefix (E:\MY-Portfolio\skybridge\smart-plaza\smart-plaza\backend\node_modules\router\index.js:342:13)
    at E:\MY-Portfolio\skybridge\smart-plaza\smart-plaza\backend\node_modules\router\index.js:297:9
    at processParams (E:\MY-Portfolio\skybridge\smart-plaza\smart-plaza\backend\node_modules\router\index.js:582:12)
    at next (E:\MY-Portfolio\skybridge\smart-plaza\smart-plaza\backend\node_modules\router\index.js:291:5)
    at E:\MY-Portfolio\skybridge\smart-plaza\smart-plaza\backend\server.js:96:3
    at Layer.handleRequest (E:\MY-Portfolio\skybridge\smart-plaza\smart-plaza\backend\node_modules\router\lib\layer.js:152:17)
    at trimPrefix (E:\MY-Portfolio\skybridge\smart-plaza\smart-plaza\backend\node_modules\router\index.js:342:13)
    at E:\MY-Portfolio\skybridge\smart-plaza\smart-plaza\backend\node_modules\router\index.js:297:9
    at processParams (E:\MY-Portfolio\skybridge\smart-plaza\smart-plaza\backend\node_modules\router\index.js:582:12)
    at next (E:\MY-Portfolio\skybridge\smart-plaza\smart-plaza\backend\node_modules\router\index.js:291:5)
    at read (E:\MY-Portfolio\skybridge\smart-plaza\smart-plaza\backend\node_modules\body-parser\lib\read.js:53:5)
    at urlencodedParser (E:\MY-Portfolio\skybridge\smart-plaza\smart-plaza\backend\node_modules\body-parser\lib\types\urlencoded.js:57:5)
    at Layer.handleRequest (E:\MY-Portfolio\skybridge\smart-plaza\smart-plaza\backend\node_modules\router\lib\layer.js:152:17)
    at trimPrefix (E:\MY-Portfolio\skybridge\smart-plaza\smart-plaza\backend\node_modules\router\index.js:342:13)\n\n2026-07-09T14:39:02.767Z\nError: Not Found - /api/routes
    at notFound (E:\MY-Portfolio\skybridge\smart-plaza\smart-plaza\backend\middleware\errorMiddleware.js:2:17)
    at Layer.handleRequest (E:\MY-Portfolio\skybridge\smart-plaza\smart-plaza\backend\node_modules\router\lib\layer.js:152:17)
    at trimPrefix (E:\MY-Portfolio\skybridge\smart-plaza\smart-plaza\backend\node_modules\router\index.js:342:13)
    at E:\MY-Portfolio\skybridge\smart-plaza\smart-plaza\backend\node_modules\router\index.js:297:9
    at processParams (E:\MY-Portfolio\skybridge\smart-plaza\smart-plaza\backend\node_modules\router\index.js:582:12)
    at next (E:\MY-Portfolio\skybridge\smart-plaza\smart-plaza\backend\node_modules\router\index.js:291:5)
    at E:\MY-Portfolio\skybridge\smart-plaza\smart-plaza\backend\server.js:96:3
    at Layer.handleRequest (E:\MY-Portfolio\skybridge\smart-plaza\smart-plaza\backend\node_modules\router\lib\layer.js:152:17)
    at trimPrefix (E:\MY-Portfolio\skybridge\smart-plaza\smart-plaza\backend\node_modules\router\index.js:342:13)
    at E:\MY-Portfolio\skybridge\smart-plaza\smart-plaza\backend\node_modules\router\index.js:297:9
    at processParams (E:\MY-Portfolio\skybridge\smart-plaza\smart-plaza\backend\node_modules\router\index.js:582:12)
    at next (E:\MY-Portfolio\skybridge\smart-plaza\smart-plaza\backend\node_modules\router\index.js:291:5)
    at read (E:\MY-Portfolio\skybridge\smart-plaza\smart-plaza\backend\node_modules\body-parser\lib\read.js:53:5)
    at urlencodedParser (E:\MY-Portfolio\skybridge\smart-plaza\smart-plaza\backend\node_modules\body-parser\lib\types\urlencoded.js:57:5)
    at Layer.handleRequest (E:\MY-Portfolio\skybridge\smart-plaza\smart-plaza\backend\node_modules\router\lib\layer.js:152:17)
    at trimPrefix (E:\MY-Portfolio\skybridge\smart-plaza\smart-plaza\backend\node_modules\router\index.js:342:13)\n\n2026-07-09T14:39:03.812Z\nError: Not Found - /api/routes
    at notFound (E:\MY-Portfolio\skybridge\smart-plaza\smart-plaza\backend\middleware\errorMiddleware.js:2:17)
    at Layer.handleRequest (E:\MY-Portfolio\skybridge\smart-plaza\smart-plaza\backend\node_modules\router\lib\layer.js:152:17)
    at trimPrefix (E:\MY-Portfolio\skybridge\smart-plaza\smart-plaza\backend\node_modules\router\index.js:342:13)
    at E:\MY-Portfolio\skybridge\smart-plaza\smart-plaza\backend\node_modules\router\index.js:297:9
    at processParams (E:\MY-Portfolio\skybridge\smart-plaza\smart-plaza\backend\node_modules\router\index.js:582:12)
    at next (E:\MY-Portfolio\skybridge\smart-plaza\smart-plaza\backend\node_modules\router\index.js:291:5)
    at E:\MY-Portfolio\skybridge\smart-plaza\smart-plaza\backend\server.js:96:3
    at Layer.handleRequest (E:\MY-Portfolio\skybridge\smart-plaza\smart-plaza\backend\node_modules\router\lib\layer.js:152:17)
    at trimPrefix (E:\MY-Portfolio\skybridge\smart-plaza\smart-plaza\backend\node_modules\router\index.js:342:13)
    at E:\MY-Portfolio\skybridge\smart-plaza\smart-plaza\backend\node_modules\router\index.js:297:9
    at processParams (E:\MY-Portfolio\skybridge\smart-plaza\smart-plaza\backend\node_modules\router\index.js:582:12)
    at next (E:\MY-Portfolio\skybridge\smart-plaza\smart-plaza\backend\node_modules\router\index.js:291:5)
    at read (E:\MY-Portfolio\skybridge\smart-plaza\smart-plaza\backend\node_modules\body-parser\lib\read.js:53:5)
    at urlencodedParser (E:\MY-Portfolio\skybridge\smart-plaza\smart-plaza\backend\node_modules\body-parser\lib\types\urlencoded.js:57:5)
    at Layer.handleRequest (E:\MY-Portfolio\skybridge\smart-plaza\smart-plaza\backend\node_modules\router\lib\layer.js:152:17)
    at trimPrefix (E:\MY-Portfolio\skybridge\smart-plaza\smart-plaza\backend\node_modules\router\index.js:342:13)\n\n2026-07-09T14:39:12.659Z\nError: Not Found - /api/routes
    at notFound (E:\MY-Portfolio\skybridge\smart-plaza\smart-plaza\backend\middleware\errorMiddleware.js:2:17)
    at Layer.handleRequest (E:\MY-Portfolio\skybridge\smart-plaza\smart-plaza\backend\node_modules\router\lib\layer.js:152:17)
    at trimPrefix (E:\MY-Portfolio\skybridge\smart-plaza\smart-plaza\backend\node_modules\router\index.js:342:13)
    at E:\MY-Portfolio\skybridge\smart-plaza\smart-plaza\backend\node_modules\router\index.js:297:9
    at processParams (E:\MY-Portfolio\skybridge\smart-plaza\smart-plaza\backend\node_modules\router\index.js:582:12)
    at next (E:\MY-Portfolio\skybridge\smart-plaza\smart-plaza\backend\node_modules\router\index.js:291:5)
    at E:\MY-Portfolio\skybridge\smart-plaza\smart-plaza\backend\server.js:96:3
    at Layer.handleRequest (E:\MY-Portfolio\skybridge\smart-plaza\smart-plaza\backend\node_modules\router\lib\layer.js:152:17)
    at trimPrefix (E:\MY-Portfolio\skybridge\smart-plaza\smart-plaza\backend\node_modules\router\index.js:342:13)
    at E:\MY-Portfolio\skybridge\smart-plaza\smart-plaza\backend\node_modules\router\index.js:297:9
    at processParams (E:\MY-Portfolio\skybridge\smart-plaza\smart-plaza\backend\node_modules\router\index.js:582:12)
    at next (E:\MY-Portfolio\skybridge\smart-plaza\smart-plaza\backend\node_modules\router\index.js:291:5)
    at read (E:\MY-Portfolio\skybridge\smart-plaza\smart-plaza\backend\node_modules\body-parser\lib\read.js:53:5)
    at urlencodedParser (E:\MY-Portfolio\skybridge\smart-plaza\smart-plaza\backend\node_modules\body-parser\lib\types\urlencoded.js:57:5)
    at Layer.handleRequest (E:\MY-Portfolio\skybridge\smart-plaza\smart-plaza\backend\node_modules\router\lib\layer.js:152:17)
    at trimPrefix (E:\MY-Portfolio\skybridge\smart-plaza\smart-plaza\backend\node_modules\router\index.js:342:13)\n\n2026-07-09T14:39:13.723Z\nError: Not Found - /api/routes
    at notFound (E:\MY-Portfolio\skybridge\smart-plaza\smart-plaza\backend\middleware\errorMiddleware.js:2:17)
    at Layer.handleRequest (E:\MY-Portfolio\skybridge\smart-plaza\smart-plaza\backend\node_modules\router\lib\layer.js:152:17)
    at trimPrefix (E:\MY-Portfolio\skybridge\smart-plaza\smart-plaza\backend\node_modules\router\index.js:342:13)
    at E:\MY-Portfolio\skybridge\smart-plaza\smart-plaza\backend\node_modules\router\index.js:297:9
    at processParams (E:\MY-Portfolio\skybridge\smart-plaza\smart-plaza\backend\node_modules\router\index.js:582:12)
    at next (E:\MY-Portfolio\skybridge\smart-plaza\smart-plaza\backend\node_modules\router\index.js:291:5)
    at E:\MY-Portfolio\skybridge\smart-plaza\smart-plaza\backend\server.js:96:3
    at Layer.handleRequest (E:\MY-Portfolio\skybridge\smart-plaza\smart-plaza\backend\node_modules\router\lib\layer.js:152:17)
    at trimPrefix (E:\MY-Portfolio\skybridge\smart-plaza\smart-plaza\backend\node_modules\router\index.js:342:13)
    at E:\MY-Portfolio\skybridge\smart-plaza\smart-plaza\backend\node_modules\router\index.js:297:9
    at processParams (E:\MY-Portfolio\skybridge\smart-plaza\smart-plaza\backend\node_modules\router\index.js:582:12)
    at next (E:\MY-Portfolio\skybridge\smart-plaza\smart-plaza\backend\node_modules\router\index.js:291:5)
    at read (E:\MY-Portfolio\skybridge\smart-plaza\smart-plaza\backend\node_modules\body-parser\lib\read.js:53:5)
    at urlencodedParser (E:\MY-Portfolio\skybridge\smart-plaza\smart-plaza\backend\node_modules\body-parser\lib\types\urlencoded.js:57:5)
    at Layer.handleRequest (E:\MY-Portfolio\skybridge\smart-plaza\smart-plaza\backend\node_modules\router\lib\layer.js:152:17)
    at trimPrefix (E:\MY-Portfolio\skybridge\smart-plaza\smart-plaza\backend\node_modules\router\index.js:342:13)\n\n2026-07-09T14:45:43.093Z\nError: Not Found - /api/routes
    at notFound (E:\MY-Portfolio\skybridge\smart-plaza\smart-plaza\backend\middleware\errorMiddleware.js:2:17)
    at Layer.handleRequest (E:\MY-Portfolio\skybridge\smart-plaza\smart-plaza\backend\node_modules\router\lib\layer.js:152:17)
    at trimPrefix (E:\MY-Portfolio\skybridge\smart-plaza\smart-plaza\backend\node_modules\router\index.js:342:13)
    at E:\MY-Portfolio\skybridge\smart-plaza\smart-plaza\backend\node_modules\router\index.js:297:9
    at processParams (E:\MY-Portfolio\skybridge\smart-plaza\smart-plaza\backend\node_modules\router\index.js:582:12)
    at next (E:\MY-Portfolio\skybridge\smart-plaza\smart-plaza\backend\node_modules\router\index.js:291:5)
    at E:\MY-Portfolio\skybridge\smart-plaza\smart-plaza\backend\server.js:96:3
    at Layer.handleRequest (E:\MY-Portfolio\skybridge\smart-plaza\smart-plaza\backend\node_modules\router\lib\layer.js:152:17)
    at trimPrefix (E:\MY-Portfolio\skybridge\smart-plaza\smart-plaza\backend\node_modules\router\index.js:342:13)
    at E:\MY-Portfolio\skybridge\smart-plaza\smart-plaza\backend\node_modules\router\index.js:297:9
    at processParams (E:\MY-Portfolio\skybridge\smart-plaza\smart-plaza\backend\node_modules\router\index.js:582:12)
    at next (E:\MY-Portfolio\skybridge\smart-plaza\smart-plaza\backend\node_modules\router\index.js:291:5)
    at read (E:\MY-Portfolio\skybridge\smart-plaza\smart-plaza\backend\node_modules\body-parser\lib\read.js:53:5)
    at urlencodedParser (E:\MY-Portfolio\skybridge\smart-plaza\smart-plaza\backend\node_modules\body-parser\lib\types\urlencoded.js:57:5)
    at Layer.handleRequest (E:\MY-Portfolio\skybridge\smart-plaza\smart-plaza\backend\node_modules\router\lib\layer.js:152:17)
    at trimPrefix (E:\MY-Portfolio\skybridge\smart-plaza\smart-plaza\backend\node_modules\router\index.js:342:13)\n\n2026-07-09T14:45:44.121Z\nError: Not Found - /api/routes
    at notFound (E:\MY-Portfolio\skybridge\smart-plaza\smart-plaza\backend\middleware\errorMiddleware.js:2:17)
    at Layer.handleRequest (E:\MY-Portfolio\skybridge\smart-plaza\smart-plaza\backend\node_modules\router\lib\layer.js:152:17)
    at trimPrefix (E:\MY-Portfolio\skybridge\smart-plaza\smart-plaza\backend\node_modules\router\index.js:342:13)
    at E:\MY-Portfolio\skybridge\smart-plaza\smart-plaza\backend\node_modules\router\index.js:297:9
    at processParams (E:\MY-Portfolio\skybridge\smart-plaza\smart-plaza\backend\node_modules\router\index.js:582:12)
    at next (E:\MY-Portfolio\skybridge\smart-plaza\smart-plaza\backend\node_modules\router\index.js:291:5)
    at E:\MY-Portfolio\skybridge\smart-plaza\smart-plaza\backend\server.js:96:3
    at Layer.handleRequest (E:\MY-Portfolio\skybridge\smart-plaza\smart-plaza\backend\node_modules\router\lib\layer.js:152:17)
    at trimPrefix (E:\MY-Portfolio\skybridge\smart-plaza\smart-plaza\backend\node_modules\router\index.js:342:13)
    at E:\MY-Portfolio\skybridge\smart-plaza\smart-plaza\backend\node_modules\router\index.js:297:9
    at processParams (E:\MY-Portfolio\skybridge\smart-plaza\smart-plaza\backend\node_modules\router\index.js:582:12)
    at next (E:\MY-Portfolio\skybridge\smart-plaza\smart-plaza\backend\node_modules\router\index.js:291:5)
    at read (E:\MY-Portfolio\skybridge\smart-plaza\smart-plaza\backend\node_modules\body-parser\lib\read.js:53:5)
    at urlencodedParser (E:\MY-Portfolio\skybridge\smart-plaza\smart-plaza\backend\node_modules\body-parser\lib\types\urlencoded.js:57:5)
    at Layer.handleRequest (E:\MY-Portfolio\skybridge\smart-plaza\smart-plaza\backend\node_modules\router\lib\layer.js:152:17)
    at trimPrefix (E:\MY-Portfolio\skybridge\smart-plaza\smart-plaza\backend\node_modules\router\index.js:342:13)\n\n2026-07-09T14:51:09.021Z\nError: Not Found - /api/routes
    at notFound (E:\MY-Portfolio\skybridge\smart-plaza\smart-plaza\backend\middleware\errorMiddleware.js:2:17)
    at Layer.handleRequest (E:\MY-Portfolio\skybridge\smart-plaza\smart-plaza\backend\node_modules\router\lib\layer.js:152:17)
    at trimPrefix (E:\MY-Portfolio\skybridge\smart-plaza\smart-plaza\backend\node_modules\router\index.js:342:13)
    at E:\MY-Portfolio\skybridge\smart-plaza\smart-plaza\backend\node_modules\router\index.js:297:9
    at processParams (E:\MY-Portfolio\skybridge\smart-plaza\smart-plaza\backend\node_modules\router\index.js:582:12)
    at next (E:\MY-Portfolio\skybridge\smart-plaza\smart-plaza\backend\node_modules\router\index.js:291:5)
    at E:\MY-Portfolio\skybridge\smart-plaza\smart-plaza\backend\server.js:96:3
    at Layer.handleRequest (E:\MY-Portfolio\skybridge\smart-plaza\smart-plaza\backend\node_modules\router\lib\layer.js:152:17)
    at trimPrefix (E:\MY-Portfolio\skybridge\smart-plaza\smart-plaza\backend\node_modules\router\index.js:342:13)
    at E:\MY-Portfolio\skybridge\smart-plaza\smart-plaza\backend\node_modules\router\index.js:297:9
    at processParams (E:\MY-Portfolio\skybridge\smart-plaza\smart-plaza\backend\node_modules\router\index.js:582:12)
    at next (E:\MY-Portfolio\skybridge\smart-plaza\smart-plaza\backend\node_modules\router\index.js:291:5)
    at read (E:\MY-Portfolio\skybridge\smart-plaza\smart-plaza\backend\node_modules\body-parser\lib\read.js:53:5)
    at urlencodedParser (E:\MY-Portfolio\skybridge\smart-plaza\smart-plaza\backend\node_modules\body-parser\lib\types\urlencoded.js:57:5)
    at Layer.handleRequest (E:\MY-Portfolio\skybridge\smart-plaza\smart-plaza\backend\node_modules\router\lib\layer.js:152:17)
    at trimPrefix (E:\MY-Portfolio\skybridge\smart-plaza\smart-plaza\backend\node_modules\router\index.js:342:13)\n\n2026-07-09T14:51:10.056Z\nError: Not Found - /api/routes
    at notFound (E:\MY-Portfolio\skybridge\smart-plaza\smart-plaza\backend\middleware\errorMiddleware.js:2:17)
    at Layer.handleRequest (E:\MY-Portfolio\skybridge\smart-plaza\smart-plaza\backend\node_modules\router\lib\layer.js:152:17)
    at trimPrefix (E:\MY-Portfolio\skybridge\smart-plaza\smart-plaza\backend\node_modules\router\index.js:342:13)
    at E:\MY-Portfolio\skybridge\smart-plaza\smart-plaza\backend\node_modules\router\index.js:297:9
    at processParams (E:\MY-Portfolio\skybridge\smart-plaza\smart-plaza\backend\node_modules\router\index.js:582:12)
    at next (E:\MY-Portfolio\skybridge\smart-plaza\smart-plaza\backend\node_modules\router\index.js:291:5)
    at E:\MY-Portfolio\skybridge\smart-plaza\smart-plaza\backend\server.js:96:3
    at Layer.handleRequest (E:\MY-Portfolio\skybridge\smart-plaza\smart-plaza\backend\node_modules\router\lib\layer.js:152:17)
    at trimPrefix (E:\MY-Portfolio\skybridge\smart-plaza\smart-plaza\backend\node_modules\router\index.js:342:13)
    at E:\MY-Portfolio\skybridge\smart-plaza\smart-plaza\backend\node_modules\router\index.js:297:9
    at processParams (E:\MY-Portfolio\skybridge\smart-plaza\smart-plaza\backend\node_modules\router\index.js:582:12)
    at next (E:\MY-Portfolio\skybridge\smart-plaza\smart-plaza\backend\node_modules\router\index.js:291:5)
    at read (E:\MY-Portfolio\skybridge\smart-plaza\smart-plaza\backend\node_modules\body-parser\lib\read.js:53:5)
    at urlencodedParser (E:\MY-Portfolio\skybridge\smart-plaza\smart-plaza\backend\node_modules\body-parser\lib\types\urlencoded.js:57:5)
    at Layer.handleRequest (E:\MY-Portfolio\skybridge\smart-plaza\smart-plaza\backend\node_modules\router\lib\layer.js:152:17)
    at trimPrefix (E:\MY-Portfolio\skybridge\smart-plaza\smart-plaza\backend\node_modules\router\index.js:342:13)\n\n2026-07-09T14:53:05.144Z\nError: Not Found - /api/routes
    at notFound (E:\MY-Portfolio\skybridge\smart-plaza\smart-plaza\backend\middleware\errorMiddleware.js:2:17)
    at Layer.handleRequest (E:\MY-Portfolio\skybridge\smart-plaza\smart-plaza\backend\node_modules\router\lib\layer.js:152:17)
    at trimPrefix (E:\MY-Portfolio\skybridge\smart-plaza\smart-plaza\backend\node_modules\router\index.js:342:13)
    at E:\MY-Portfolio\skybridge\smart-plaza\smart-plaza\backend\node_modules\router\index.js:297:9
    at processParams (E:\MY-Portfolio\skybridge\smart-plaza\smart-plaza\backend\node_modules\router\index.js:582:12)
    at next (E:\MY-Portfolio\skybridge\smart-plaza\smart-plaza\backend\node_modules\router\index.js:291:5)
    at E:\MY-Portfolio\skybridge\smart-plaza\smart-plaza\backend\server.js:96:3
    at Layer.handleRequest (E:\MY-Portfolio\skybridge\smart-plaza\smart-plaza\backend\node_modules\router\lib\layer.js:152:17)
    at trimPrefix (E:\MY-Portfolio\skybridge\smart-plaza\smart-plaza\backend\node_modules\router\index.js:342:13)
    at E:\MY-Portfolio\skybridge\smart-plaza\smart-plaza\backend\node_modules\router\index.js:297:9
    at processParams (E:\MY-Portfolio\skybridge\smart-plaza\smart-plaza\backend\node_modules\router\index.js:582:12)
    at next (E:\MY-Portfolio\skybridge\smart-plaza\smart-plaza\backend\node_modules\router\index.js:291:5)
    at read (E:\MY-Portfolio\skybridge\smart-plaza\smart-plaza\backend\node_modules\body-parser\lib\read.js:53:5)
    at urlencodedParser (E:\MY-Portfolio\skybridge\smart-plaza\smart-plaza\backend\node_modules\body-parser\lib\types\urlencoded.js:57:5)
    at Layer.handleRequest (E:\MY-Portfolio\skybridge\smart-plaza\smart-plaza\backend\node_modules\router\lib\layer.js:152:17)
    at trimPrefix (E:\MY-Portfolio\skybridge\smart-plaza\smart-plaza\backend\node_modules\router\index.js:342:13)\n\n2026-07-09T14:53:06.184Z\nError: Not Found - /api/routes
    at notFound (E:\MY-Portfolio\skybridge\smart-plaza\smart-plaza\backend\middleware\errorMiddleware.js:2:17)
    at Layer.handleRequest (E:\MY-Portfolio\skybridge\smart-plaza\smart-plaza\backend\node_modules\router\lib\layer.js:152:17)
    at trimPrefix (E:\MY-Portfolio\skybridge\smart-plaza\smart-plaza\backend\node_modules\router\index.js:342:13)
    at E:\MY-Portfolio\skybridge\smart-plaza\smart-plaza\backend\node_modules\router\index.js:297:9
    at processParams (E:\MY-Portfolio\skybridge\smart-plaza\smart-plaza\backend\node_modules\router\index.js:582:12)
    at next (E:\MY-Portfolio\skybridge\smart-plaza\smart-plaza\backend\node_modules\router\index.js:291:5)
    at E:\MY-Portfolio\skybridge\smart-plaza\smart-plaza\backend\server.js:96:3
    at Layer.handleRequest (E:\MY-Portfolio\skybridge\smart-plaza\smart-plaza\backend\node_modules\router\lib\layer.js:152:17)
    at trimPrefix (E:\MY-Portfolio\skybridge\smart-plaza\smart-plaza\backend\node_modules\router\index.js:342:13)
    at E:\MY-Portfolio\skybridge\smart-plaza\smart-plaza\backend\node_modules\router\index.js:297:9
    at processParams (E:\MY-Portfolio\skybridge\smart-plaza\smart-plaza\backend\node_modules\router\index.js:582:12)
    at next (E:\MY-Portfolio\skybridge\smart-plaza\smart-plaza\backend\node_modules\router\index.js:291:5)
    at read (E:\MY-Portfolio\skybridge\smart-plaza\smart-plaza\backend\node_modules\body-parser\lib\read.js:53:5)
    at urlencodedParser (E:\MY-Portfolio\skybridge\smart-plaza\smart-plaza\backend\node_modules\body-parser\lib\types\urlencoded.js:57:5)
    at Layer.handleRequest (E:\MY-Portfolio\skybridge\smart-plaza\smart-plaza\backend\node_modules\router\lib\layer.js:152:17)
    at trimPrefix (E:\MY-Portfolio\skybridge\smart-plaza\smart-plaza\backend\node_modules\router\index.js:342:13)\n\n2026-07-09T17:39:25.311Z\nMongoServerError: unrecognized option to $unwind stage: preserveNullAndEmpty
    at Connection.sendCommand (E:\MY-Portfolio\skybridge\smart-plaza\smart-plaza\backend\node_modules\mongodb\lib\cmap\connection.js:320:27)
    at process.processTicksAndRejections (node:internal/process/task_queues:104:5)
    at async Connection.command (E:\MY-Portfolio\skybridge\smart-plaza\smart-plaza\backend\node_modules\mongodb\lib\cmap\connection.js:347:26)
    at async Server.command (E:\MY-Portfolio\skybridge\smart-plaza\smart-plaza\backend\node_modules\mongodb\lib\sdam\server.js:208:29)
    at async executeOperationWithRetries (E:\MY-Portfolio\skybridge\smart-plaza\smart-plaza\backend\node_modules\mongodb\lib\operations\execute_operation.js:193:32)
    at async executeOperation (E:\MY-Portfolio\skybridge\smart-plaza\smart-plaza\backend\node_modules\mongodb\lib\operations\execute_operation.js:83:16)
    at async AggregationCursor._initialize (E:\MY-Portfolio\skybridge\smart-plaza\smart-plaza\backend\node_modules\mongodb\lib\cursor\aggregation_cursor.js:57:26)
    at async AggregationCursor.cursorInit (E:\MY-Portfolio\skybridge\smart-plaza\smart-plaza\backend\node_modules\mongodb\lib\cursor\abstract_cursor.js:620:27)
    at async AggregationCursor.fetchBatch (E:\MY-Portfolio\skybridge\smart-plaza\smart-plaza\backend\node_modules\mongodb\lib\cursor\abstract_cursor.js:654:13)
    at async AggregationCursor.next (E:\MY-Portfolio\skybridge\smart-plaza\smart-plaza\backend\node_modules\mongodb\lib\cursor\abstract_cursor.js:326:17)
    at async [Symbol.asyncIterator] (E:\MY-Portfolio\skybridge\smart-plaza\smart-plaza\backend\node_modules\mongodb\lib\cursor\abstract_cursor.js:254:34)
    at async AggregationCursor.toArray (E:\MY-Portfolio\skybridge\smart-plaza\smart-plaza\backend\node_modules\mongodb\lib\cursor\abstract_cursor.js:406:26)
    at async Aggregate.exec (E:\MY-Portfolio\skybridge\smart-plaza\smart-plaza\backend\node_modules\mongoose\lib\aggregate.js:1112:14)
    at async E:\MY-Portfolio\skybridge\smart-plaza\smart-plaza\backend\controllers\ecommerceAdminController.js:292:18\n\n2026-07-09T17:39:26.443Z\nMongoServerError: unrecognized option to $unwind stage: preserveNullAndEmpty
    at Connection.sendCommand (E:\MY-Portfolio\skybridge\smart-plaza\smart-plaza\backend\node_modules\mongodb\lib\cmap\connection.js:320:27)
    at process.processTicksAndRejections (node:internal/process/task_queues:104:5)
    at async Connection.command (E:\MY-Portfolio\skybridge\smart-plaza\smart-plaza\backend\node_modules\mongodb\lib\cmap\connection.js:347:26)
    at async Server.command (E:\MY-Portfolio\skybridge\smart-plaza\smart-plaza\backend\node_modules\mongodb\lib\sdam\server.js:208:29)
    at async executeOperationWithRetries (E:\MY-Portfolio\skybridge\smart-plaza\smart-plaza\backend\node_modules\mongodb\lib\operations\execute_operation.js:193:32)
    at async executeOperation (E:\MY-Portfolio\skybridge\smart-plaza\smart-plaza\backend\node_modules\mongodb\lib\operations\execute_operation.js:83:16)
    at async AggregationCursor._initialize (E:\MY-Portfolio\skybridge\smart-plaza\smart-plaza\backend\node_modules\mongodb\lib\cursor\aggregation_cursor.js:57:26)
    at async AggregationCursor.cursorInit (E:\MY-Portfolio\skybridge\smart-plaza\smart-plaza\backend\node_modules\mongodb\lib\cursor\abstract_cursor.js:620:27)
    at async AggregationCursor.fetchBatch (E:\MY-Portfolio\skybridge\smart-plaza\smart-plaza\backend\node_modules\mongodb\lib\cursor\abstract_cursor.js:654:13)
    at async AggregationCursor.next (E:\MY-Portfolio\skybridge\smart-plaza\smart-plaza\backend\node_modules\mongodb\lib\cursor\abstract_cursor.js:326:17)
    at async [Symbol.asyncIterator] (E:\MY-Portfolio\skybridge\smart-plaza\smart-plaza\backend\node_modules\mongodb\lib\cursor\abstract_cursor.js:254:34)
    at async AggregationCursor.toArray (E:\MY-Portfolio\skybridge\smart-plaza\smart-plaza\backend\node_modules\mongodb\lib\cursor\abstract_cursor.js:406:26)
    at async Aggregate.exec (E:\MY-Portfolio\skybridge\smart-plaza\smart-plaza\backend\node_modules\mongoose\lib\aggregate.js:1112:14)
    at async E:\MY-Portfolio\skybridge\smart-plaza\smart-plaza\backend\controllers\ecommerceAdminController.js:292:18\n\n2026-07-09T17:42:48.478Z\nError: Not Found - /api/customers
    at notFound (E:\MY-Portfolio\skybridge\smart-plaza\smart-plaza\backend\middleware\errorMiddleware.js:2:17)
    at Layer.handleRequest (E:\MY-Portfolio\skybridge\smart-plaza\smart-plaza\backend\node_modules\router\lib\layer.js:152:17)
    at trimPrefix (E:\MY-Portfolio\skybridge\smart-plaza\smart-plaza\backend\node_modules\router\index.js:342:13)
    at E:\MY-Portfolio\skybridge\smart-plaza\smart-plaza\backend\node_modules\router\index.js:297:9
    at processParams (E:\MY-Portfolio\skybridge\smart-plaza\smart-plaza\backend\node_modules\router\index.js:582:12)
    at next (E:\MY-Portfolio\skybridge\smart-plaza\smart-plaza\backend\node_modules\router\index.js:291:5)
    at E:\MY-Portfolio\skybridge\smart-plaza\smart-plaza\backend\server.js:96:3
    at Layer.handleRequest (E:\MY-Portfolio\skybridge\smart-plaza\smart-plaza\backend\node_modules\router\lib\layer.js:152:17)
    at trimPrefix (E:\MY-Portfolio\skybridge\smart-plaza\smart-plaza\backend\node_modules\router\index.js:342:13)
    at E:\MY-Portfolio\skybridge\smart-plaza\smart-plaza\backend\node_modules\router\index.js:297:9
    at processParams (E:\MY-Portfolio\skybridge\smart-plaza\smart-plaza\backend\node_modules\router\index.js:582:12)
    at next (E:\MY-Portfolio\skybridge\smart-plaza\smart-plaza\backend\node_modules\router\index.js:291:5)
    at read (E:\MY-Portfolio\skybridge\smart-plaza\smart-plaza\backend\node_modules\body-parser\lib\read.js:53:5)
    at urlencodedParser (E:\MY-Portfolio\skybridge\smart-plaza\smart-plaza\backend\node_modules\body-parser\lib\types\urlencoded.js:57:5)
    at Layer.handleRequest (E:\MY-Portfolio\skybridge\smart-plaza\smart-plaza\backend\node_modules\router\lib\layer.js:152:17)
    at trimPrefix (E:\MY-Portfolio\skybridge\smart-plaza\smart-plaza\backend\node_modules\router\index.js:342:13)\n\n2026-07-09T17:42:49.514Z\nError: Not Found - /api/customers
    at notFound (E:\MY-Portfolio\skybridge\smart-plaza\smart-plaza\backend\middleware\errorMiddleware.js:2:17)
    at Layer.handleRequest (E:\MY-Portfolio\skybridge\smart-plaza\smart-plaza\backend\node_modules\router\lib\layer.js:152:17)
    at trimPrefix (E:\MY-Portfolio\skybridge\smart-plaza\smart-plaza\backend\node_modules\router\index.js:342:13)
    at E:\MY-Portfolio\skybridge\smart-plaza\smart-plaza\backend\node_modules\router\index.js:297:9
    at processParams (E:\MY-Portfolio\skybridge\smart-plaza\smart-plaza\backend\node_modules\router\index.js:582:12)
    at next (E:\MY-Portfolio\skybridge\smart-plaza\smart-plaza\backend\node_modules\router\index.js:291:5)
    at E:\MY-Portfolio\skybridge\smart-plaza\smart-plaza\backend\server.js:96:3
    at Layer.handleRequest (E:\MY-Portfolio\skybridge\smart-plaza\smart-plaza\backend\node_modules\router\lib\layer.js:152:17)
    at trimPrefix (E:\MY-Portfolio\skybridge\smart-plaza\smart-plaza\backend\node_modules\router\index.js:342:13)
    at E:\MY-Portfolio\skybridge\smart-plaza\smart-plaza\backend\node_modules\router\index.js:297:9
    at processParams (E:\MY-Portfolio\skybridge\smart-plaza\smart-plaza\backend\node_modules\router\index.js:582:12)
    at next (E:\MY-Portfolio\skybridge\smart-plaza\smart-plaza\backend\node_modules\router\index.js:291:5)
    at read (E:\MY-Portfolio\skybridge\smart-plaza\smart-plaza\backend\node_modules\body-parser\lib\read.js:53:5)
    at urlencodedParser (E:\MY-Portfolio\skybridge\smart-plaza\smart-plaza\backend\node_modules\body-parser\lib\types\urlencoded.js:57:5)
    at Layer.handleRequest (E:\MY-Portfolio\skybridge\smart-plaza\smart-plaza\backend\node_modules\router\lib\layer.js:152:17)
<<<<<<< HEAD
    at trimPrefix (E:\MY-Portfolio\skybridge\smart-plaza\smart-plaza\backend\node_modules\router\index.js:342:13)\n\n2026-07-09T19:42:15.994Z\nError: Not Found - /api/routes
    at notFound (E:\MY-Portfolio\skybridge\smart-plaza\smart-plaza\backend\middleware\errorMiddleware.js:2:17)
    at Layer.handleRequest (E:\MY-Portfolio\skybridge\smart-plaza\smart-plaza\backend\node_modules\router\lib\layer.js:152:17)
    at trimPrefix (E:\MY-Portfolio\skybridge\smart-plaza\smart-plaza\backend\node_modules\router\index.js:342:13)
    at E:\MY-Portfolio\skybridge\smart-plaza\smart-plaza\backend\node_modules\router\index.js:297:9
    at processParams (E:\MY-Portfolio\skybridge\smart-plaza\smart-plaza\backend\node_modules\router\index.js:582:12)
    at next (E:\MY-Portfolio\skybridge\smart-plaza\smart-plaza\backend\node_modules\router\index.js:291:5)
    at E:\MY-Portfolio\skybridge\smart-plaza\smart-plaza\backend\server.js:96:3
    at Layer.handleRequest (E:\MY-Portfolio\skybridge\smart-plaza\smart-plaza\backend\node_modules\router\lib\layer.js:152:17)
    at trimPrefix (E:\MY-Portfolio\skybridge\smart-plaza\smart-plaza\backend\node_modules\router\index.js:342:13)
    at E:\MY-Portfolio\skybridge\smart-plaza\smart-plaza\backend\node_modules\router\index.js:297:9
    at processParams (E:\MY-Portfolio\skybridge\smart-plaza\smart-plaza\backend\node_modules\router\index.js:582:12)
    at next (E:\MY-Portfolio\skybridge\smart-plaza\smart-plaza\backend\node_modules\router\index.js:291:5)
    at read (E:\MY-Portfolio\skybridge\smart-plaza\smart-plaza\backend\node_modules\body-parser\lib\read.js:53:5)
    at urlencodedParser (E:\MY-Portfolio\skybridge\smart-plaza\smart-plaza\backend\node_modules\body-parser\lib\types\urlencoded.js:57:5)
    at Layer.handleRequest (E:\MY-Portfolio\skybridge\smart-plaza\smart-plaza\backend\node_modules\router\lib\layer.js:152:17)
    at trimPrefix (E:\MY-Portfolio\skybridge\smart-plaza\smart-plaza\backend\node_modules\router\index.js:342:13)\n\n2026-07-09T19:42:17.025Z\nError: Not Found - /api/routes
    at notFound (E:\MY-Portfolio\skybridge\smart-plaza\smart-plaza\backend\middleware\errorMiddleware.js:2:17)
    at Layer.handleRequest (E:\MY-Portfolio\skybridge\smart-plaza\smart-plaza\backend\node_modules\router\lib\layer.js:152:17)
    at trimPrefix (E:\MY-Portfolio\skybridge\smart-plaza\smart-plaza\backend\node_modules\router\index.js:342:13)
    at E:\MY-Portfolio\skybridge\smart-plaza\smart-plaza\backend\node_modules\router\index.js:297:9
    at processParams (E:\MY-Portfolio\skybridge\smart-plaza\smart-plaza\backend\node_modules\router\index.js:582:12)
    at next (E:\MY-Portfolio\skybridge\smart-plaza\smart-plaza\backend\node_modules\router\index.js:291:5)
    at E:\MY-Portfolio\skybridge\smart-plaza\smart-plaza\backend\server.js:96:3
    at Layer.handleRequest (E:\MY-Portfolio\skybridge\smart-plaza\smart-plaza\backend\node_modules\router\lib\layer.js:152:17)
    at trimPrefix (E:\MY-Portfolio\skybridge\smart-plaza\smart-plaza\backend\node_modules\router\index.js:342:13)
    at E:\MY-Portfolio\skybridge\smart-plaza\smart-plaza\backend\node_modules\router\index.js:297:9
    at processParams (E:\MY-Portfolio\skybridge\smart-plaza\smart-plaza\backend\node_modules\router\index.js:582:12)
    at next (E:\MY-Portfolio\skybridge\smart-plaza\smart-plaza\backend\node_modules\router\index.js:291:5)
    at read (E:\MY-Portfolio\skybridge\smart-plaza\smart-plaza\backend\node_modules\body-parser\lib\read.js:53:5)
    at urlencodedParser (E:\MY-Portfolio\skybridge\smart-plaza\smart-plaza\backend\node_modules\body-parser\lib\types\urlencoded.js:57:5)
    at Layer.handleRequest (E:\MY-Portfolio\skybridge\smart-plaza\smart-plaza\backend\node_modules\router\lib\layer.js:152:17)
    at trimPrefix (E:\MY-Portfolio\skybridge\smart-plaza\smart-plaza\backend\node_modules\router\index.js:342:13)\n\n2026-07-09T19:42:20.330Z\nError: Not Found - /api/routes
    at notFound (E:\MY-Portfolio\skybridge\smart-plaza\smart-plaza\backend\middleware\errorMiddleware.js:2:17)
    at Layer.handleRequest (E:\MY-Portfolio\skybridge\smart-plaza\smart-plaza\backend\node_modules\router\lib\layer.js:152:17)
    at trimPrefix (E:\MY-Portfolio\skybridge\smart-plaza\smart-plaza\backend\node_modules\router\index.js:342:13)
    at E:\MY-Portfolio\skybridge\smart-plaza\smart-plaza\backend\node_modules\router\index.js:297:9
    at processParams (E:\MY-Portfolio\skybridge\smart-plaza\smart-plaza\backend\node_modules\router\index.js:582:12)
    at next (E:\MY-Portfolio\skybridge\smart-plaza\smart-plaza\backend\node_modules\router\index.js:291:5)
    at E:\MY-Portfolio\skybridge\smart-plaza\smart-plaza\backend\server.js:96:3
    at Layer.handleRequest (E:\MY-Portfolio\skybridge\smart-plaza\smart-plaza\backend\node_modules\router\lib\layer.js:152:17)
    at trimPrefix (E:\MY-Portfolio\skybridge\smart-plaza\smart-plaza\backend\node_modules\router\index.js:342:13)
    at E:\MY-Portfolio\skybridge\smart-plaza\smart-plaza\backend\node_modules\router\index.js:297:9
    at processParams (E:\MY-Portfolio\skybridge\smart-plaza\smart-plaza\backend\node_modules\router\index.js:582:12)
    at next (E:\MY-Portfolio\skybridge\smart-plaza\smart-plaza\backend\node_modules\router\index.js:291:5)
    at read (E:\MY-Portfolio\skybridge\smart-plaza\smart-plaza\backend\node_modules\body-parser\lib\read.js:53:5)
    at urlencodedParser (E:\MY-Portfolio\skybridge\smart-plaza\smart-plaza\backend\node_modules\body-parser\lib\types\urlencoded.js:57:5)
    at Layer.handleRequest (E:\MY-Portfolio\skybridge\smart-plaza\smart-plaza\backend\node_modules\router\lib\layer.js:152:17)
    at trimPrefix (E:\MY-Portfolio\skybridge\smart-plaza\smart-plaza\backend\node_modules\router\index.js:342:13)\n\n2026-07-09T19:42:21.413Z\nError: Not Found - /api/routes
    at notFound (E:\MY-Portfolio\skybridge\smart-plaza\smart-plaza\backend\middleware\errorMiddleware.js:2:17)
    at Layer.handleRequest (E:\MY-Portfolio\skybridge\smart-plaza\smart-plaza\backend\node_modules\router\lib\layer.js:152:17)
    at trimPrefix (E:\MY-Portfolio\skybridge\smart-plaza\smart-plaza\backend\node_modules\router\index.js:342:13)
    at E:\MY-Portfolio\skybridge\smart-plaza\smart-plaza\backend\node_modules\router\index.js:297:9
    at processParams (E:\MY-Portfolio\skybridge\smart-plaza\smart-plaza\backend\node_modules\router\index.js:582:12)
    at next (E:\MY-Portfolio\skybridge\smart-plaza\smart-plaza\backend\node_modules\router\index.js:291:5)
    at E:\MY-Portfolio\skybridge\smart-plaza\smart-plaza\backend\server.js:96:3
    at Layer.handleRequest (E:\MY-Portfolio\skybridge\smart-plaza\smart-plaza\backend\node_modules\router\lib\layer.js:152:17)
    at trimPrefix (E:\MY-Portfolio\skybridge\smart-plaza\smart-plaza\backend\node_modules\router\index.js:342:13)
    at E:\MY-Portfolio\skybridge\smart-plaza\smart-plaza\backend\node_modules\router\index.js:297:9
    at processParams (E:\MY-Portfolio\skybridge\smart-plaza\smart-plaza\backend\node_modules\router\index.js:582:12)
    at next (E:\MY-Portfolio\skybridge\smart-plaza\smart-plaza\backend\node_modules\router\index.js:291:5)
    at read (E:\MY-Portfolio\skybridge\smart-plaza\smart-plaza\backend\node_modules\body-parser\lib\read.js:53:5)
    at urlencodedParser (E:\MY-Portfolio\skybridge\smart-plaza\smart-plaza\backend\node_modules\body-parser\lib\types\urlencoded.js:57:5)
    at Layer.handleRequest (E:\MY-Portfolio\skybridge\smart-plaza\smart-plaza\backend\node_modules\router\lib\layer.js:152:17)
    at trimPrefix (E:\MY-Portfolio\skybridge\smart-plaza\smart-plaza\backend\node_modules\router\index.js:342:13)\n\n2026-07-09T22:37:02.549Z\nMongoServerError: unrecognized option to $unwind stage: preserveNullAndEmpty
    at Connection.sendCommand (E:\MY-Portfolio\skybridge\smart-plaza\smart-plaza\backend\node_modules\mongodb\lib\cmap\connection.js:320:27)
    at process.processTicksAndRejections (node:internal/process/task_queues:104:5)
    at async Connection.command (E:\MY-Portfolio\skybridge\smart-plaza\smart-plaza\backend\node_modules\mongodb\lib\cmap\connection.js:347:26)
    at async Server.command (E:\MY-Portfolio\skybridge\smart-plaza\smart-plaza\backend\node_modules\mongodb\lib\sdam\server.js:208:29)
    at async executeOperationWithRetries (E:\MY-Portfolio\skybridge\smart-plaza\smart-plaza\backend\node_modules\mongodb\lib\operations\execute_operation.js:193:32)
    at async executeOperation (E:\MY-Portfolio\skybridge\smart-plaza\smart-plaza\backend\node_modules\mongodb\lib\operations\execute_operation.js:83:16)
    at async AggregationCursor._initialize (E:\MY-Portfolio\skybridge\smart-plaza\smart-plaza\backend\node_modules\mongodb\lib\cursor\aggregation_cursor.js:57:26)
    at async AggregationCursor.cursorInit (E:\MY-Portfolio\skybridge\smart-plaza\smart-plaza\backend\node_modules\mongodb\lib\cursor\abstract_cursor.js:620:27)
    at async AggregationCursor.fetchBatch (E:\MY-Portfolio\skybridge\smart-plaza\smart-plaza\backend\node_modules\mongodb\lib\cursor\abstract_cursor.js:654:13)
    at async AggregationCursor.next (E:\MY-Portfolio\skybridge\smart-plaza\smart-plaza\backend\node_modules\mongodb\lib\cursor\abstract_cursor.js:326:17)
    at async [Symbol.asyncIterator] (E:\MY-Portfolio\skybridge\smart-plaza\smart-plaza\backend\node_modules\mongodb\lib\cursor\abstract_cursor.js:254:34)
    at async AggregationCursor.toArray (E:\MY-Portfolio\skybridge\smart-plaza\smart-plaza\backend\node_modules\mongodb\lib\cursor\abstract_cursor.js:406:26)
    at async Aggregate.exec (E:\MY-Portfolio\skybridge\smart-plaza\smart-plaza\backend\node_modules\mongoose\lib\aggregate.js:1112:14)
    at async E:\MY-Portfolio\skybridge\smart-plaza\smart-plaza\backend\controllers\ecommerceAdminController.js:292:18\n\n2026-07-09T22:37:03.681Z\nMongoServerError: unrecognized option to $unwind stage: preserveNullAndEmpty
    at Connection.sendCommand (E:\MY-Portfolio\skybridge\smart-plaza\smart-plaza\backend\node_modules\mongodb\lib\cmap\connection.js:320:27)
    at process.processTicksAndRejections (node:internal/process/task_queues:104:5)
    at async Connection.command (E:\MY-Portfolio\skybridge\smart-plaza\smart-plaza\backend\node_modules\mongodb\lib\cmap\connection.js:347:26)
    at async Server.command (E:\MY-Portfolio\skybridge\smart-plaza\smart-plaza\backend\node_modules\mongodb\lib\sdam\server.js:208:29)
    at async executeOperationWithRetries (E:\MY-Portfolio\skybridge\smart-plaza\smart-plaza\backend\node_modules\mongodb\lib\operations\execute_operation.js:193:32)
    at async executeOperation (E:\MY-Portfolio\skybridge\smart-plaza\smart-plaza\backend\node_modules\mongodb\lib\operations\execute_operation.js:83:16)
    at async AggregationCursor._initialize (E:\MY-Portfolio\skybridge\smart-plaza\smart-plaza\backend\node_modules\mongodb\lib\cursor\aggregation_cursor.js:57:26)
    at async AggregationCursor.cursorInit (E:\MY-Portfolio\skybridge\smart-plaza\smart-plaza\backend\node_modules\mongodb\lib\cursor\abstract_cursor.js:620:27)
    at async AggregationCursor.fetchBatch (E:\MY-Portfolio\skybridge\smart-plaza\smart-plaza\backend\node_modules\mongodb\lib\cursor\abstract_cursor.js:654:13)
    at async AggregationCursor.next (E:\MY-Portfolio\skybridge\smart-plaza\smart-plaza\backend\node_modules\mongodb\lib\cursor\abstract_cursor.js:326:17)
    at async [Symbol.asyncIterator] (E:\MY-Portfolio\skybridge\smart-plaza\smart-plaza\backend\node_modules\mongodb\lib\cursor\abstract_cursor.js:254:34)
    at async AggregationCursor.toArray (E:\MY-Portfolio\skybridge\smart-plaza\smart-plaza\backend\node_modules\mongodb\lib\cursor\abstract_cursor.js:406:26)
    at async Aggregate.exec (E:\MY-Portfolio\skybridge\smart-plaza\smart-plaza\backend\node_modules\mongoose\lib\aggregate.js:1112:14)
    at async E:\MY-Portfolio\skybridge\smart-plaza\smart-plaza\backend\controllers\ecommerceAdminController.js:292:18\n\n2026-07-09T22:55:44.344Z\nMongoServerError: unrecognized option to $unwind stage: preserveNullAndEmpty
    at Connection.sendCommand (E:\MY-Portfolio\skybridge\smart-plaza\smart-plaza\backend\node_modules\mongodb\lib\cmap\connection.js:320:27)
    at process.processTicksAndRejections (node:internal/process/task_queues:104:5)
    at async Connection.command (E:\MY-Portfolio\skybridge\smart-plaza\smart-plaza\backend\node_modules\mongodb\lib\cmap\connection.js:347:26)
    at async Server.command (E:\MY-Portfolio\skybridge\smart-plaza\smart-plaza\backend\node_modules\mongodb\lib\sdam\server.js:208:29)
    at async executeOperationWithRetries (E:\MY-Portfolio\skybridge\smart-plaza\smart-plaza\backend\node_modules\mongodb\lib\operations\execute_operation.js:193:32)
    at async executeOperation (E:\MY-Portfolio\skybridge\smart-plaza\smart-plaza\backend\node_modules\mongodb\lib\operations\execute_operation.js:83:16)
    at async AggregationCursor._initialize (E:\MY-Portfolio\skybridge\smart-plaza\smart-plaza\backend\node_modules\mongodb\lib\cursor\aggregation_cursor.js:57:26)
    at async AggregationCursor.cursorInit (E:\MY-Portfolio\skybridge\smart-plaza\smart-plaza\backend\node_modules\mongodb\lib\cursor\abstract_cursor.js:620:27)
    at async AggregationCursor.fetchBatch (E:\MY-Portfolio\skybridge\smart-plaza\smart-plaza\backend\node_modules\mongodb\lib\cursor\abstract_cursor.js:654:13)
    at async AggregationCursor.next (E:\MY-Portfolio\skybridge\smart-plaza\smart-plaza\backend\node_modules\mongodb\lib\cursor\abstract_cursor.js:326:17)
    at async [Symbol.asyncIterator] (E:\MY-Portfolio\skybridge\smart-plaza\smart-plaza\backend\node_modules\mongodb\lib\cursor\abstract_cursor.js:254:34)
    at async AggregationCursor.toArray (E:\MY-Portfolio\skybridge\smart-plaza\smart-plaza\backend\node_modules\mongodb\lib\cursor\abstract_cursor.js:406:26)
    at async Aggregate.exec (E:\MY-Portfolio\skybridge\smart-plaza\smart-plaza\backend\node_modules\mongoose\lib\aggregate.js:1112:14)
    at async E:\MY-Portfolio\skybridge\smart-plaza\smart-plaza\backend\controllers\ecommerceAdminController.js:292:18\n\n
=======
    at trimPrefix (E:\MY-Portfolio\skybridge\smart-plaza\smart-plaza\backend\node_modules\router\index.js:342:13)\n\n
>>>>>>> a2b97f017837979d1ba4948c8c8555a6a6b29121
<<<<<<< HEAD
2026-07-10T02:29:48.291Z\nError: Not Found - /api/customers
    at notFound (E:\Skybridge Digital\SmartPlazaNew-main\backend\middleware\errorMiddleware.js:2:17)
    at Layer.handleRequest (E:\Skybridge Digital\SmartPlazaNew-main\backend\node_modules\router\lib\layer.js:152:17)
    at trimPrefix (E:\Skybridge Digital\SmartPlazaNew-main\backend\node_modules\router\index.js:342:13)
    at E:\Skybridge Digital\SmartPlazaNew-main\backend\node_modules\router\index.js:297:9
    at processParams (E:\Skybridge Digital\SmartPlazaNew-main\backend\node_modules\router\index.js:582:12)
    at next (E:\Skybridge Digital\SmartPlazaNew-main\backend\node_modules\router\index.js:291:5)
    at E:\Skybridge Digital\SmartPlazaNew-main\backend\server.js:96:3
    at Layer.handleRequest (E:\Skybridge Digital\SmartPlazaNew-main\backend\node_modules\router\lib\layer.js:152:17)
    at trimPrefix (E:\Skybridge Digital\SmartPlazaNew-main\backend\node_modules\router\index.js:342:13)
    at E:\Skybridge Digital\SmartPlazaNew-main\backend\node_modules\router\index.js:297:9
    at processParams (E:\Skybridge Digital\SmartPlazaNew-main\backend\node_modules\router\index.js:582:12)
    at next (E:\Skybridge Digital\SmartPlazaNew-main\backend\node_modules\router\index.js:291:5)
    at read (E:\Skybridge Digital\SmartPlazaNew-main\backend\node_modules\body-parser\lib\read.js:54:5)
    at urlencodedParser (E:\Skybridge Digital\SmartPlazaNew-main\backend\node_modules\body-parser\lib\types\urlencoded.js:58:5)
    at Layer.handleRequest (E:\Skybridge Digital\SmartPlazaNew-main\backend\node_modules\router\lib\layer.js:152:17)
    at trimPrefix (E:\Skybridge Digital\SmartPlazaNew-main\backend\node_modules\router\index.js:342:13)\n\n2026-07-10T02:29:49.318Z\nError: Not Found - /api/customers
    at notFound (E:\Skybridge Digital\SmartPlazaNew-main\backend\middleware\errorMiddleware.js:2:17)
    at Layer.handleRequest (E:\Skybridge Digital\SmartPlazaNew-main\backend\node_modules\router\lib\layer.js:152:17)
    at trimPrefix (E:\Skybridge Digital\SmartPlazaNew-main\backend\node_modules\router\index.js:342:13)
    at E:\Skybridge Digital\SmartPlazaNew-main\backend\node_modules\router\index.js:297:9
    at processParams (E:\Skybridge Digital\SmartPlazaNew-main\backend\node_modules\router\index.js:582:12)
    at next (E:\Skybridge Digital\SmartPlazaNew-main\backend\node_modules\router\index.js:291:5)
    at E:\Skybridge Digital\SmartPlazaNew-main\backend\server.js:96:3
    at Layer.handleRequest (E:\Skybridge Digital\SmartPlazaNew-main\backend\node_modules\router\lib\layer.js:152:17)
    at trimPrefix (E:\Skybridge Digital\SmartPlazaNew-main\backend\node_modules\router\index.js:342:13)
    at E:\Skybridge Digital\SmartPlazaNew-main\backend\node_modules\router\index.js:297:9
    at processParams (E:\Skybridge Digital\SmartPlazaNew-main\backend\node_modules\router\index.js:582:12)
    at next (E:\Skybridge Digital\SmartPlazaNew-main\backend\node_modules\router\index.js:291:5)
    at read (E:\Skybridge Digital\SmartPlazaNew-main\backend\node_modules\body-parser\lib\read.js:54:5)
    at urlencodedParser (E:\Skybridge Digital\SmartPlazaNew-main\backend\node_modules\body-parser\lib\types\urlencoded.js:58:5)
    at Layer.handleRequest (E:\Skybridge Digital\SmartPlazaNew-main\backend\node_modules\router\lib\layer.js:152:17)
    at trimPrefix (E:\Skybridge Digital\SmartPlazaNew-main\backend\node_modules\router\index.js:342:13)\n\n2026-07-10T02:35:02.179Z\nError: Not Found - /api/customers
    at notFound (E:\Skybridge Digital\SmartPlazaNew-main\backend\middleware\errorMiddleware.js:2:17)
    at Layer.handleRequest (E:\Skybridge Digital\SmartPlazaNew-main\backend\node_modules\router\lib\layer.js:152:17)
    at trimPrefix (E:\Skybridge Digital\SmartPlazaNew-main\backend\node_modules\router\index.js:342:13)
    at E:\Skybridge Digital\SmartPlazaNew-main\backend\node_modules\router\index.js:297:9
    at processParams (E:\Skybridge Digital\SmartPlazaNew-main\backend\node_modules\router\index.js:582:12)
    at next (E:\Skybridge Digital\SmartPlazaNew-main\backend\node_modules\router\index.js:291:5)
    at E:\Skybridge Digital\SmartPlazaNew-main\backend\server.js:96:3
    at Layer.handleRequest (E:\Skybridge Digital\SmartPlazaNew-main\backend\node_modules\router\lib\layer.js:152:17)
    at trimPrefix (E:\Skybridge Digital\SmartPlazaNew-main\backend\node_modules\router\index.js:342:13)
    at E:\Skybridge Digital\SmartPlazaNew-main\backend\node_modules\router\index.js:297:9
    at processParams (E:\Skybridge Digital\SmartPlazaNew-main\backend\node_modules\router\index.js:582:12)
    at next (E:\Skybridge Digital\SmartPlazaNew-main\backend\node_modules\router\index.js:291:5)
    at read (E:\Skybridge Digital\SmartPlazaNew-main\backend\node_modules\body-parser\lib\read.js:54:5)
    at urlencodedParser (E:\Skybridge Digital\SmartPlazaNew-main\backend\node_modules\body-parser\lib\types\urlencoded.js:58:5)
    at Layer.handleRequest (E:\Skybridge Digital\SmartPlazaNew-main\backend\node_modules\router\lib\layer.js:152:17)
    at trimPrefix (E:\Skybridge Digital\SmartPlazaNew-main\backend\node_modules\router\index.js:342:13)\n\n2026-07-10T02:35:42.431Z\nError: Not Found - /api/customers
    at notFound (E:\Skybridge Digital\SmartPlazaNew-main\backend\middleware\errorMiddleware.js:2:17)
    at Layer.handleRequest (E:\Skybridge Digital\SmartPlazaNew-main\backend\node_modules\router\lib\layer.js:152:17)
    at trimPrefix (E:\Skybridge Digital\SmartPlazaNew-main\backend\node_modules\router\index.js:342:13)
    at E:\Skybridge Digital\SmartPlazaNew-main\backend\node_modules\router\index.js:297:9
    at processParams (E:\Skybridge Digital\SmartPlazaNew-main\backend\node_modules\router\index.js:582:12)
    at next (E:\Skybridge Digital\SmartPlazaNew-main\backend\node_modules\router\index.js:291:5)
    at E:\Skybridge Digital\SmartPlazaNew-main\backend\server.js:96:3
    at Layer.handleRequest (E:\Skybridge Digital\SmartPlazaNew-main\backend\node_modules\router\lib\layer.js:152:17)
    at trimPrefix (E:\Skybridge Digital\SmartPlazaNew-main\backend\node_modules\router\index.js:342:13)
    at E:\Skybridge Digital\SmartPlazaNew-main\backend\node_modules\router\index.js:297:9
    at processParams (E:\Skybridge Digital\SmartPlazaNew-main\backend\node_modules\router\index.js:582:12)
    at next (E:\Skybridge Digital\SmartPlazaNew-main\backend\node_modules\router\index.js:291:5)
    at read (E:\Skybridge Digital\SmartPlazaNew-main\backend\node_modules\body-parser\lib\read.js:54:5)
    at urlencodedParser (E:\Skybridge Digital\SmartPlazaNew-main\backend\node_modules\body-parser\lib\types\urlencoded.js:58:5)
    at Layer.handleRequest (E:\Skybridge Digital\SmartPlazaNew-main\backend\node_modules\router\lib\layer.js:152:17)
    at trimPrefix (E:\Skybridge Digital\SmartPlazaNew-main\backend\node_modules\router\index.js:342:13)\n\n2026-07-10T02:40:45.359Z\nError: Not Found - /api/customers
    at notFound (E:\Skybridge Digital\SmartPlazaNew-main\backend\middleware\errorMiddleware.js:2:17)
    at Layer.handleRequest (E:\Skybridge Digital\SmartPlazaNew-main\backend\node_modules\router\lib\layer.js:152:17)
    at trimPrefix (E:\Skybridge Digital\SmartPlazaNew-main\backend\node_modules\router\index.js:342:13)
    at E:\Skybridge Digital\SmartPlazaNew-main\backend\node_modules\router\index.js:297:9
    at processParams (E:\Skybridge Digital\SmartPlazaNew-main\backend\node_modules\router\index.js:582:12)
    at next (E:\Skybridge Digital\SmartPlazaNew-main\backend\node_modules\router\index.js:291:5)
    at E:\Skybridge Digital\SmartPlazaNew-main\backend\server.js:96:3
    at Layer.handleRequest (E:\Skybridge Digital\SmartPlazaNew-main\backend\node_modules\router\lib\layer.js:152:17)
    at trimPrefix (E:\Skybridge Digital\SmartPlazaNew-main\backend\node_modules\router\index.js:342:13)
    at E:\Skybridge Digital\SmartPlazaNew-main\backend\node_modules\router\index.js:297:9
    at processParams (E:\Skybridge Digital\SmartPlazaNew-main\backend\node_modules\router\index.js:582:12)
    at next (E:\Skybridge Digital\SmartPlazaNew-main\backend\node_modules\router\index.js:291:5)
    at read (E:\Skybridge Digital\SmartPlazaNew-main\backend\node_modules\body-parser\lib\read.js:54:5)
    at urlencodedParser (E:\Skybridge Digital\SmartPlazaNew-main\backend\node_modules\body-parser\lib\types\urlencoded.js:58:5)
    at Layer.handleRequest (E:\Skybridge Digital\SmartPlazaNew-main\backend\node_modules\router\lib\layer.js:152:17)
    at trimPrefix (E:\Skybridge Digital\SmartPlazaNew-main\backend\node_modules\router\index.js:342:13)\n\n2026-07-10T02:40:50.065Z\nError: Not Found - /api/customers
    at notFound (E:\Skybridge Digital\SmartPlazaNew-main\backend\middleware\errorMiddleware.js:2:17)
    at Layer.handleRequest (E:\Skybridge Digital\SmartPlazaNew-main\backend\node_modules\router\lib\layer.js:152:17)
    at trimPrefix (E:\Skybridge Digital\SmartPlazaNew-main\backend\node_modules\router\index.js:342:13)
    at E:\Skybridge Digital\SmartPlazaNew-main\backend\node_modules\router\index.js:297:9
    at processParams (E:\Skybridge Digital\SmartPlazaNew-main\backend\node_modules\router\index.js:582:12)
    at next (E:\Skybridge Digital\SmartPlazaNew-main\backend\node_modules\router\index.js:291:5)
    at E:\Skybridge Digital\SmartPlazaNew-main\backend\server.js:96:3
    at Layer.handleRequest (E:\Skybridge Digital\SmartPlazaNew-main\backend\node_modules\router\lib\layer.js:152:17)
    at trimPrefix (E:\Skybridge Digital\SmartPlazaNew-main\backend\node_modules\router\index.js:342:13)
    at E:\Skybridge Digital\SmartPlazaNew-main\backend\node_modules\router\index.js:297:9
    at processParams (E:\Skybridge Digital\SmartPlazaNew-main\backend\node_modules\router\index.js:582:12)
    at next (E:\Skybridge Digital\SmartPlazaNew-main\backend\node_modules\router\index.js:291:5)
    at read (E:\Skybridge Digital\SmartPlazaNew-main\backend\node_modules\body-parser\lib\read.js:54:5)
    at urlencodedParser (E:\Skybridge Digital\SmartPlazaNew-main\backend\node_modules\body-parser\lib\types\urlencoded.js:58:5)
    at Layer.handleRequest (E:\Skybridge Digital\SmartPlazaNew-main\backend\node_modules\router\lib\layer.js:152:17)
    at trimPrefix (E:\Skybridge Digital\SmartPlazaNew-main\backend\node_modules\router\index.js:342:13)\n\n2026-07-10T02:42:14.613Z\nError: Not Found - /api/customers
    at notFound (E:\Skybridge Digital\SmartPlazaNew-main\backend\middleware\errorMiddleware.js:2:17)
    at Layer.handleRequest (E:\Skybridge Digital\SmartPlazaNew-main\backend\node_modules\router\lib\layer.js:152:17)
    at trimPrefix (E:\Skybridge Digital\SmartPlazaNew-main\backend\node_modules\router\index.js:342:13)
    at E:\Skybridge Digital\SmartPlazaNew-main\backend\node_modules\router\index.js:297:9
    at processParams (E:\Skybridge Digital\SmartPlazaNew-main\backend\node_modules\router\index.js:582:12)
    at next (E:\Skybridge Digital\SmartPlazaNew-main\backend\node_modules\router\index.js:291:5)
    at E:\Skybridge Digital\SmartPlazaNew-main\backend\server.js:96:3
    at Layer.handleRequest (E:\Skybridge Digital\SmartPlazaNew-main\backend\node_modules\router\lib\layer.js:152:17)
    at trimPrefix (E:\Skybridge Digital\SmartPlazaNew-main\backend\node_modules\router\index.js:342:13)
    at E:\Skybridge Digital\SmartPlazaNew-main\backend\node_modules\router\index.js:297:9
    at processParams (E:\Skybridge Digital\SmartPlazaNew-main\backend\node_modules\router\index.js:582:12)
    at next (E:\Skybridge Digital\SmartPlazaNew-main\backend\node_modules\router\index.js:291:5)
    at read (E:\Skybridge Digital\SmartPlazaNew-main\backend\node_modules\body-parser\lib\read.js:54:5)
    at urlencodedParser (E:\Skybridge Digital\SmartPlazaNew-main\backend\node_modules\body-parser\lib\types\urlencoded.js:58:5)
    at Layer.handleRequest (E:\Skybridge Digital\SmartPlazaNew-main\backend\node_modules\router\lib\layer.js:152:17)
    at trimPrefix (E:\Skybridge Digital\SmartPlazaNew-main\backend\node_modules\router\index.js:342:13)\n\n2026-07-10T02:42:15.633Z\nError: Not Found - /api/customers
    at notFound (E:\Skybridge Digital\SmartPlazaNew-main\backend\middleware\errorMiddleware.js:2:17)
    at Layer.handleRequest (E:\Skybridge Digital\SmartPlazaNew-main\backend\node_modules\router\lib\layer.js:152:17)
    at trimPrefix (E:\Skybridge Digital\SmartPlazaNew-main\backend\node_modules\router\index.js:342:13)
    at E:\Skybridge Digital\SmartPlazaNew-main\backend\node_modules\router\index.js:297:9
    at processParams (E:\Skybridge Digital\SmartPlazaNew-main\backend\node_modules\router\index.js:582:12)
    at next (E:\Skybridge Digital\SmartPlazaNew-main\backend\node_modules\router\index.js:291:5)
    at E:\Skybridge Digital\SmartPlazaNew-main\backend\server.js:96:3
    at Layer.handleRequest (E:\Skybridge Digital\SmartPlazaNew-main\backend\node_modules\router\lib\layer.js:152:17)
    at trimPrefix (E:\Skybridge Digital\SmartPlazaNew-main\backend\node_modules\router\index.js:342:13)
    at E:\Skybridge Digital\SmartPlazaNew-main\backend\node_modules\router\index.js:297:9
    at processParams (E:\Skybridge Digital\SmartPlazaNew-main\backend\node_modules\router\index.js:582:12)
    at next (E:\Skybridge Digital\SmartPlazaNew-main\backend\node_modules\router\index.js:291:5)
    at read (E:\Skybridge Digital\SmartPlazaNew-main\backend\node_modules\body-parser\lib\read.js:54:5)
    at urlencodedParser (E:\Skybridge Digital\SmartPlazaNew-main\backend\node_modules\body-parser\lib\types\urlencoded.js:58:5)
    at Layer.handleRequest (E:\Skybridge Digital\SmartPlazaNew-main\backend\node_modules\router\lib\layer.js:152:17)
    at trimPrefix (E:\Skybridge Digital\SmartPlazaNew-main\backend\node_modules\router\index.js:342:13)\n\n2026-07-10T02:42:29.441Z\nValidationError: Customer validation failed: contactType: Contact type is required
    at Document.invalidate (E:\Skybridge Digital\SmartPlazaNew-main\backend\node_modules\mongoose\lib\document.js:3379:32)
    at validatePath (E:\Skybridge Digital\SmartPlazaNew-main\backend\node_modules\mongoose\lib\document.js:3154:13)
    at process.processTicksAndRejections (node:internal/process/task_queues:95:5)
    at async Promise.all (index 0)
    at async model.$__validate (E:\Skybridge Digital\SmartPlazaNew-main\backend\node_modules\mongoose\lib\document.js:3095:3)
    at async model.validate (E:\Skybridge Digital\SmartPlazaNew-main\backend\node_modules\mongoose\lib\document.js:2672:5)
    at async model.validateBeforeSave (E:\Skybridge Digital\SmartPlazaNew-main\backend\node_modules\mongoose\lib\plugins\validateBeforeSave.js:34:7)
    at async Kareem.execPre (E:\Skybridge Digital\SmartPlazaNew-main\backend\node_modules\kareem\index.js:65:24)
    at async model.$__save (E:\Skybridge Digital\SmartPlazaNew-main\backend\node_modules\mongoose\lib\model.js:369:5)
    at async model.save (E:\Skybridge Digital\SmartPlazaNew-main\backend\node_modules\mongoose\lib\model.js:609:5)
    at async E:\Skybridge Digital\SmartPlazaNew-main\backend\node_modules\mongoose\lib\model.js:2714:9
    at async Promise.all (index 0)
    at async Function.create (E:\Skybridge Digital\SmartPlazaNew-main\backend\node_modules\mongoose\lib\model.js:2699:11)
    at async E:\Skybridge Digital\SmartPlazaNew-main\backend\controllers\contactController.js:124:20\n\n2026-07-10T02:42:41.620Z\nValidationError: Customer validation failed: contactType: Contact type is required
    at Document.invalidate (E:\Skybridge Digital\SmartPlazaNew-main\backend\node_modules\mongoose\lib\document.js:3379:32)
    at validatePath (E:\Skybridge Digital\SmartPlazaNew-main\backend\node_modules\mongoose\lib\document.js:3154:13)
    at process.processTicksAndRejections (node:internal/process/task_queues:95:5)
    at async Promise.all (index 0)
    at async model.$__validate (E:\Skybridge Digital\SmartPlazaNew-main\backend\node_modules\mongoose\lib\document.js:3095:3)
    at async model.validate (E:\Skybridge Digital\SmartPlazaNew-main\backend\node_modules\mongoose\lib\document.js:2672:5)
    at async model.validateBeforeSave (E:\Skybridge Digital\SmartPlazaNew-main\backend\node_modules\mongoose\lib\plugins\validateBeforeSave.js:34:7)
    at async Kareem.execPre (E:\Skybridge Digital\SmartPlazaNew-main\backend\node_modules\kareem\index.js:65:24)
    at async model.$__save (E:\Skybridge Digital\SmartPlazaNew-main\backend\node_modules\mongoose\lib\model.js:369:5)
    at async model.save (E:\Skybridge Digital\SmartPlazaNew-main\backend\node_modules\mongoose\lib\model.js:609:5)
    at async E:\Skybridge Digital\SmartPlazaNew-main\backend\node_modules\mongoose\lib\model.js:2714:9
    at async Promise.all (index 0)
    at async Function.create (E:\Skybridge Digital\SmartPlazaNew-main\backend\node_modules\mongoose\lib\model.js:2699:11)
    at async E:\Skybridge Digital\SmartPlazaNew-main\backend\controllers\contactController.js:124:20\n\n2026-07-10T02:45:36.875Z\nError: Not Found - /api/customers
    at notFound (E:\Skybridge Digital\SmartPlazaNew-main\backend\middleware\errorMiddleware.js:2:17)
    at Layer.handleRequest (E:\Skybridge Digital\SmartPlazaNew-main\backend\node_modules\router\lib\layer.js:152:17)
    at trimPrefix (E:\Skybridge Digital\SmartPlazaNew-main\backend\node_modules\router\index.js:342:13)
    at E:\Skybridge Digital\SmartPlazaNew-main\backend\node_modules\router\index.js:297:9
    at processParams (E:\Skybridge Digital\SmartPlazaNew-main\backend\node_modules\router\index.js:582:12)
    at next (E:\Skybridge Digital\SmartPlazaNew-main\backend\node_modules\router\index.js:291:5)
    at E:\Skybridge Digital\SmartPlazaNew-main\backend\server.js:96:3
    at Layer.handleRequest (E:\Skybridge Digital\SmartPlazaNew-main\backend\node_modules\router\lib\layer.js:152:17)
    at trimPrefix (E:\Skybridge Digital\SmartPlazaNew-main\backend\node_modules\router\index.js:342:13)
    at E:\Skybridge Digital\SmartPlazaNew-main\backend\node_modules\router\index.js:297:9
    at processParams (E:\Skybridge Digital\SmartPlazaNew-main\backend\node_modules\router\index.js:582:12)
    at next (E:\Skybridge Digital\SmartPlazaNew-main\backend\node_modules\router\index.js:291:5)
    at read (E:\Skybridge Digital\SmartPlazaNew-main\backend\node_modules\body-parser\lib\read.js:54:5)
    at urlencodedParser (E:\Skybridge Digital\SmartPlazaNew-main\backend\node_modules\body-parser\lib\types\urlencoded.js:58:5)
    at Layer.handleRequest (E:\Skybridge Digital\SmartPlazaNew-main\backend\node_modules\router\lib\layer.js:152:17)
    at trimPrefix (E:\Skybridge Digital\SmartPlazaNew-main\backend\node_modules\router\index.js:342:13)\n\n2026-07-10T02:45:37.888Z\nError: Not Found - /api/customers
    at notFound (E:\Skybridge Digital\SmartPlazaNew-main\backend\middleware\errorMiddleware.js:2:17)
    at Layer.handleRequest (E:\Skybridge Digital\SmartPlazaNew-main\backend\node_modules\router\lib\layer.js:152:17)
    at trimPrefix (E:\Skybridge Digital\SmartPlazaNew-main\backend\node_modules\router\index.js:342:13)
    at E:\Skybridge Digital\SmartPlazaNew-main\backend\node_modules\router\index.js:297:9
    at processParams (E:\Skybridge Digital\SmartPlazaNew-main\backend\node_modules\router\index.js:582:12)
    at next (E:\Skybridge Digital\SmartPlazaNew-main\backend\node_modules\router\index.js:291:5)
    at E:\Skybridge Digital\SmartPlazaNew-main\backend\server.js:96:3
    at Layer.handleRequest (E:\Skybridge Digital\SmartPlazaNew-main\backend\node_modules\router\lib\layer.js:152:17)
    at trimPrefix (E:\Skybridge Digital\SmartPlazaNew-main\backend\node_modules\router\index.js:342:13)
    at E:\Skybridge Digital\SmartPlazaNew-main\backend\node_modules\router\index.js:297:9
    at processParams (E:\Skybridge Digital\SmartPlazaNew-main\backend\node_modules\router\index.js:582:12)
    at next (E:\Skybridge Digital\SmartPlazaNew-main\backend\node_modules\router\index.js:291:5)
    at read (E:\Skybridge Digital\SmartPlazaNew-main\backend\node_modules\body-parser\lib\read.js:54:5)
    at urlencodedParser (E:\Skybridge Digital\SmartPlazaNew-main\backend\node_modules\body-parser\lib\types\urlencoded.js:58:5)
    at Layer.handleRequest (E:\Skybridge Digital\SmartPlazaNew-main\backend\node_modules\router\lib\layer.js:152:17)
    at trimPrefix (E:\Skybridge Digital\SmartPlazaNew-main\backend\node_modules\router\index.js:342:13)\n\n2026-07-10T02:46:04.584Z\nValidationError: Customer validation failed: contactType: Please select a valid contact type
    at Document.invalidate (E:\Skybridge Digital\SmartPlazaNew-main\backend\node_modules\mongoose\lib\document.js:3379:32)
    at validatePath (E:\Skybridge Digital\SmartPlazaNew-main\backend\node_modules\mongoose\lib\document.js:3154:13)
    at process.processTicksAndRejections (node:internal/process/task_queues:95:5)
    at async Promise.all (index 0)
    at async model.$__validate (E:\Skybridge Digital\SmartPlazaNew-main\backend\node_modules\mongoose\lib\document.js:3095:3)
    at async model.validate (E:\Skybridge Digital\SmartPlazaNew-main\backend\node_modules\mongoose\lib\document.js:2672:5)
    at async model.validateBeforeSave (E:\Skybridge Digital\SmartPlazaNew-main\backend\node_modules\mongoose\lib\plugins\validateBeforeSave.js:34:7)
    at async Kareem.execPre (E:\Skybridge Digital\SmartPlazaNew-main\backend\node_modules\kareem\index.js:65:24)
    at async model.$__save (E:\Skybridge Digital\SmartPlazaNew-main\backend\node_modules\mongoose\lib\model.js:369:5)
    at async model.save (E:\Skybridge Digital\SmartPlazaNew-main\backend\node_modules\mongoose\lib\model.js:609:5)
    at async E:\Skybridge Digital\SmartPlazaNew-main\backend\node_modules\mongoose\lib\model.js:2714:9
    at async Promise.all (index 0)
    at async Function.create (E:\Skybridge Digital\SmartPlazaNew-main\backend\node_modules\mongoose\lib\model.js:2699:11)
    at async E:\Skybridge Digital\SmartPlazaNew-main\backend\controllers\contactController.js:124:20\n\n2026-07-10T02:46:09.396Z\nValidationError: Customer validation failed: contactType: Please select a valid contact type
    at Document.invalidate (E:\Skybridge Digital\SmartPlazaNew-main\backend\node_modules\mongoose\lib\document.js:3379:32)
    at validatePath (E:\Skybridge Digital\SmartPlazaNew-main\backend\node_modules\mongoose\lib\document.js:3154:13)
    at process.processTicksAndRejections (node:internal/process/task_queues:95:5)
    at async Promise.all (index 0)
    at async model.$__validate (E:\Skybridge Digital\SmartPlazaNew-main\backend\node_modules\mongoose\lib\document.js:3095:3)
    at async model.validate (E:\Skybridge Digital\SmartPlazaNew-main\backend\node_modules\mongoose\lib\document.js:2672:5)
    at async model.validateBeforeSave (E:\Skybridge Digital\SmartPlazaNew-main\backend\node_modules\mongoose\lib\plugins\validateBeforeSave.js:34:7)
    at async Kareem.execPre (E:\Skybridge Digital\SmartPlazaNew-main\backend\node_modules\kareem\index.js:65:24)
    at async model.$__save (E:\Skybridge Digital\SmartPlazaNew-main\backend\node_modules\mongoose\lib\model.js:369:5)
    at async model.save (E:\Skybridge Digital\SmartPlazaNew-main\backend\node_modules\mongoose\lib\model.js:609:5)
    at async E:\Skybridge Digital\SmartPlazaNew-main\backend\node_modules\mongoose\lib\model.js:2714:9
    at async Promise.all (index 0)
    at async Function.create (E:\Skybridge Digital\SmartPlazaNew-main\backend\node_modules\mongoose\lib\model.js:2699:11)
    at async E:\Skybridge Digital\SmartPlazaNew-main\backend\controllers\contactController.js:124:20\n\n2026-07-10T02:46:31.282Z\nValidationError: Customer validation failed: contactType: Please select a valid contact type
    at Document.invalidate (E:\Skybridge Digital\SmartPlazaNew-main\backend\node_modules\mongoose\lib\document.js:3379:32)
    at validatePath (E:\Skybridge Digital\SmartPlazaNew-main\backend\node_modules\mongoose\lib\document.js:3154:13)
    at process.processTicksAndRejections (node:internal/process/task_queues:95:5)
    at async Promise.all (index 0)
    at async model.$__validate (E:\Skybridge Digital\SmartPlazaNew-main\backend\node_modules\mongoose\lib\document.js:3095:3)
    at async model.validate (E:\Skybridge Digital\SmartPlazaNew-main\backend\node_modules\mongoose\lib\document.js:2672:5)
    at async model.validateBeforeSave (E:\Skybridge Digital\SmartPlazaNew-main\backend\node_modules\mongoose\lib\plugins\validateBeforeSave.js:34:7)
    at async Kareem.execPre (E:\Skybridge Digital\SmartPlazaNew-main\backend\node_modules\kareem\index.js:65:24)
    at async model.$__save (E:\Skybridge Digital\SmartPlazaNew-main\backend\node_modules\mongoose\lib\model.js:369:5)
    at async model.save (E:\Skybridge Digital\SmartPlazaNew-main\backend\node_modules\mongoose\lib\model.js:609:5)
    at async E:\Skybridge Digital\SmartPlazaNew-main\backend\node_modules\mongoose\lib\model.js:2714:9
    at async Promise.all (index 0)
    at async Function.create (E:\Skybridge Digital\SmartPlazaNew-main\backend\node_modules\mongoose\lib\model.js:2699:11)
    at async E:\Skybridge Digital\SmartPlazaNew-main\backend\controllers\contactController.js:124:20\n\n2026-07-10T02:48:09.040Z\nError: Not Found - /api/customers
    at notFound (E:\Skybridge Digital\SmartPlazaNew-main\backend\middleware\errorMiddleware.js:2:17)
    at Layer.handleRequest (E:\Skybridge Digital\SmartPlazaNew-main\backend\node_modules\router\lib\layer.js:152:17)
    at trimPrefix (E:\Skybridge Digital\SmartPlazaNew-main\backend\node_modules\router\index.js:342:13)
    at E:\Skybridge Digital\SmartPlazaNew-main\backend\node_modules\router\index.js:297:9
    at processParams (E:\Skybridge Digital\SmartPlazaNew-main\backend\node_modules\router\index.js:582:12)
    at next (E:\Skybridge Digital\SmartPlazaNew-main\backend\node_modules\router\index.js:291:5)
    at E:\Skybridge Digital\SmartPlazaNew-main\backend\server.js:96:3
    at Layer.handleRequest (E:\Skybridge Digital\SmartPlazaNew-main\backend\node_modules\router\lib\layer.js:152:17)
    at trimPrefix (E:\Skybridge Digital\SmartPlazaNew-main\backend\node_modules\router\index.js:342:13)
    at E:\Skybridge Digital\SmartPlazaNew-main\backend\node_modules\router\index.js:297:9
    at processParams (E:\Skybridge Digital\SmartPlazaNew-main\backend\node_modules\router\index.js:582:12)
    at next (E:\Skybridge Digital\SmartPlazaNew-main\backend\node_modules\router\index.js:291:5)
    at read (E:\Skybridge Digital\SmartPlazaNew-main\backend\node_modules\body-parser\lib\read.js:54:5)
    at urlencodedParser (E:\Skybridge Digital\SmartPlazaNew-main\backend\node_modules\body-parser\lib\types\urlencoded.js:58:5)
    at Layer.handleRequest (E:\Skybridge Digital\SmartPlazaNew-main\backend\node_modules\router\lib\layer.js:152:17)
    at trimPrefix (E:\Skybridge Digital\SmartPlazaNew-main\backend\node_modules\router\index.js:342:13)\n\n2026-07-10T02:48:10.068Z\nError: Not Found - /api/customers
    at notFound (E:\Skybridge Digital\SmartPlazaNew-main\backend\middleware\errorMiddleware.js:2:17)
    at Layer.handleRequest (E:\Skybridge Digital\SmartPlazaNew-main\backend\node_modules\router\lib\layer.js:152:17)
    at trimPrefix (E:\Skybridge Digital\SmartPlazaNew-main\backend\node_modules\router\index.js:342:13)
    at E:\Skybridge Digital\SmartPlazaNew-main\backend\node_modules\router\index.js:297:9
    at processParams (E:\Skybridge Digital\SmartPlazaNew-main\backend\node_modules\router\index.js:582:12)
    at next (E:\Skybridge Digital\SmartPlazaNew-main\backend\node_modules\router\index.js:291:5)
    at E:\Skybridge Digital\SmartPlazaNew-main\backend\server.js:96:3
    at Layer.handleRequest (E:\Skybridge Digital\SmartPlazaNew-main\backend\node_modules\router\lib\layer.js:152:17)
    at trimPrefix (E:\Skybridge Digital\SmartPlazaNew-main\backend\node_modules\router\index.js:342:13)
    at E:\Skybridge Digital\SmartPlazaNew-main\backend\node_modules\router\index.js:297:9
    at processParams (E:\Skybridge Digital\SmartPlazaNew-main\backend\node_modules\router\index.js:582:12)
    at next (E:\Skybridge Digital\SmartPlazaNew-main\backend\node_modules\router\index.js:291:5)
    at read (E:\Skybridge Digital\SmartPlazaNew-main\backend\node_modules\body-parser\lib\read.js:54:5)
    at urlencodedParser (E:\Skybridge Digital\SmartPlazaNew-main\backend\node_modules\body-parser\lib\types\urlencoded.js:58:5)
    at Layer.handleRequest (E:\Skybridge Digital\SmartPlazaNew-main\backend\node_modules\router\lib\layer.js:152:17)
    at trimPrefix (E:\Skybridge Digital\SmartPlazaNew-main\backend\node_modules\router\index.js:342:13)\n\n2026-07-10T02:48:20.569Z\nMongoServerError: E11000 duplicate key error collection: smartplaza.customers index: contactNumber_1 dup key: { contactNumber: "01912244011" }
    at InsertOneOperation.handleOk (E:\Skybridge Digital\SmartPlazaNew-main\backend\node_modules\mongodb\lib\operations\insert.js:51:19)
    at tryOperation (E:\Skybridge Digital\SmartPlazaNew-main\backend\node_modules\mongodb\lib\operations\execute_operation.js:216:34)
    at process.processTicksAndRejections (node:internal/process/task_queues:95:5)
    at async executeOperation (E:\Skybridge Digital\SmartPlazaNew-main\backend\node_modules\mongodb\lib\operations\execute_operation.js:80:16)
    at async Collection.insertOne (E:\Skybridge Digital\SmartPlazaNew-main\backend\node_modules\mongodb\lib\collection.js:154:16)
    at async model.$__save (E:\Skybridge Digital\SmartPlazaNew-main\backend\node_modules\mongoose\lib\model.js:398:16)
    at async model.save (E:\Skybridge Digital\SmartPlazaNew-main\backend\node_modules\mongoose\lib\model.js:609:5)
    at async E:\Skybridge Digital\SmartPlazaNew-main\backend\node_modules\mongoose\lib\model.js:2714:9
    at async Promise.all (index 0)
    at async Function.create (E:\Skybridge Digital\SmartPlazaNew-main\backend\node_modules\mongoose\lib\model.js:2699:11)
    at async E:\Skybridge Digital\SmartPlazaNew-main\backend\controllers\contactController.js:124:20\n\n2026-07-10T02:49:46.765Z\nError: Not Found - /api/customers
    at notFound (E:\Skybridge Digital\SmartPlazaNew-main\backend\middleware\errorMiddleware.js:2:17)
    at Layer.handleRequest (E:\Skybridge Digital\SmartPlazaNew-main\backend\node_modules\router\lib\layer.js:152:17)
    at trimPrefix (E:\Skybridge Digital\SmartPlazaNew-main\backend\node_modules\router\index.js:342:13)
    at E:\Skybridge Digital\SmartPlazaNew-main\backend\node_modules\router\index.js:297:9
    at processParams (E:\Skybridge Digital\SmartPlazaNew-main\backend\node_modules\router\index.js:582:12)
    at next (E:\Skybridge Digital\SmartPlazaNew-main\backend\node_modules\router\index.js:291:5)
    at E:\Skybridge Digital\SmartPlazaNew-main\backend\server.js:96:3
    at Layer.handleRequest (E:\Skybridge Digital\SmartPlazaNew-main\backend\node_modules\router\lib\layer.js:152:17)
    at trimPrefix (E:\Skybridge Digital\SmartPlazaNew-main\backend\node_modules\router\index.js:342:13)
    at E:\Skybridge Digital\SmartPlazaNew-main\backend\node_modules\router\index.js:297:9
    at processParams (E:\Skybridge Digital\SmartPlazaNew-main\backend\node_modules\router\index.js:582:12)
    at next (E:\Skybridge Digital\SmartPlazaNew-main\backend\node_modules\router\index.js:291:5)
    at read (E:\Skybridge Digital\SmartPlazaNew-main\backend\node_modules\body-parser\lib\read.js:54:5)
    at urlencodedParser (E:\Skybridge Digital\SmartPlazaNew-main\backend\node_modules\body-parser\lib\types\urlencoded.js:58:5)
    at Layer.handleRequest (E:\Skybridge Digital\SmartPlazaNew-main\backend\node_modules\router\lib\layer.js:152:17)
    at trimPrefix (E:\Skybridge Digital\SmartPlazaNew-main\backend\node_modules\router\index.js:342:13)\n\n2026-07-10T02:49:47.878Z\nError: Not Found - /api/customers
    at notFound (E:\Skybridge Digital\SmartPlazaNew-main\backend\middleware\errorMiddleware.js:2:17)
    at Layer.handleRequest (E:\Skybridge Digital\SmartPlazaNew-main\backend\node_modules\router\lib\layer.js:152:17)
    at trimPrefix (E:\Skybridge Digital\SmartPlazaNew-main\backend\node_modules\router\index.js:342:13)
    at E:\Skybridge Digital\SmartPlazaNew-main\backend\node_modules\router\index.js:297:9
    at processParams (E:\Skybridge Digital\SmartPlazaNew-main\backend\node_modules\router\index.js:582:12)
    at next (E:\Skybridge Digital\SmartPlazaNew-main\backend\node_modules\router\index.js:291:5)
    at E:\Skybridge Digital\SmartPlazaNew-main\backend\server.js:96:3
    at Layer.handleRequest (E:\Skybridge Digital\SmartPlazaNew-main\backend\node_modules\router\lib\layer.js:152:17)
    at trimPrefix (E:\Skybridge Digital\SmartPlazaNew-main\backend\node_modules\router\index.js:342:13)
    at E:\Skybridge Digital\SmartPlazaNew-main\backend\node_modules\router\index.js:297:9
    at processParams (E:\Skybridge Digital\SmartPlazaNew-main\backend\node_modules\router\index.js:582:12)
    at next (E:\Skybridge Digital\SmartPlazaNew-main\backend\node_modules\router\index.js:291:5)
    at read (E:\Skybridge Digital\SmartPlazaNew-main\backend\node_modules\body-parser\lib\read.js:54:5)
    at urlencodedParser (E:\Skybridge Digital\SmartPlazaNew-main\backend\node_modules\body-parser\lib\types\urlencoded.js:58:5)
    at Layer.handleRequest (E:\Skybridge Digital\SmartPlazaNew-main\backend\node_modules\router\lib\layer.js:152:17)
    at trimPrefix (E:\Skybridge Digital\SmartPlazaNew-main\backend\node_modules\router\index.js:342:13)\n\n2026-07-10T02:50:25.053Z\nError: Not Found - /api/customers
    at notFound (E:\Skybridge Digital\SmartPlazaNew-main\backend\middleware\errorMiddleware.js:2:17)
    at Layer.handleRequest (E:\Skybridge Digital\SmartPlazaNew-main\backend\node_modules\router\lib\layer.js:152:17)
    at trimPrefix (E:\Skybridge Digital\SmartPlazaNew-main\backend\node_modules\router\index.js:342:13)
    at E:\Skybridge Digital\SmartPlazaNew-main\backend\node_modules\router\index.js:297:9
    at processParams (E:\Skybridge Digital\SmartPlazaNew-main\backend\node_modules\router\index.js:582:12)
    at next (E:\Skybridge Digital\SmartPlazaNew-main\backend\node_modules\router\index.js:291:5)
    at E:\Skybridge Digital\SmartPlazaNew-main\backend\server.js:96:3
    at Layer.handleRequest (E:\Skybridge Digital\SmartPlazaNew-main\backend\node_modules\router\lib\layer.js:152:17)
    at trimPrefix (E:\Skybridge Digital\SmartPlazaNew-main\backend\node_modules\router\index.js:342:13)
    at E:\Skybridge Digital\SmartPlazaNew-main\backend\node_modules\router\index.js:297:9
    at processParams (E:\Skybridge Digital\SmartPlazaNew-main\backend\node_modules\router\index.js:582:12)
    at next (E:\Skybridge Digital\SmartPlazaNew-main\backend\node_modules\router\index.js:291:5)
    at read (E:\Skybridge Digital\SmartPlazaNew-main\backend\node_modules\body-parser\lib\read.js:54:5)
    at urlencodedParser (E:\Skybridge Digital\SmartPlazaNew-main\backend\node_modules\body-parser\lib\types\urlencoded.js:58:5)
    at Layer.handleRequest (E:\Skybridge Digital\SmartPlazaNew-main\backend\node_modules\router\lib\layer.js:152:17)
    at trimPrefix (E:\Skybridge Digital\SmartPlazaNew-main\backend\node_modules\router\index.js:342:13)\n\n2026-07-10T02:50:26.071Z\nError: Not Found - /api/customers
    at notFound (E:\Skybridge Digital\SmartPlazaNew-main\backend\middleware\errorMiddleware.js:2:17)
    at Layer.handleRequest (E:\Skybridge Digital\SmartPlazaNew-main\backend\node_modules\router\lib\layer.js:152:17)
    at trimPrefix (E:\Skybridge Digital\SmartPlazaNew-main\backend\node_modules\router\index.js:342:13)
    at E:\Skybridge Digital\SmartPlazaNew-main\backend\node_modules\router\index.js:297:9
    at processParams (E:\Skybridge Digital\SmartPlazaNew-main\backend\node_modules\router\index.js:582:12)
    at next (E:\Skybridge Digital\SmartPlazaNew-main\backend\node_modules\router\index.js:291:5)
    at E:\Skybridge Digital\SmartPlazaNew-main\backend\server.js:96:3
    at Layer.handleRequest (E:\Skybridge Digital\SmartPlazaNew-main\backend\node_modules\router\lib\layer.js:152:17)
    at trimPrefix (E:\Skybridge Digital\SmartPlazaNew-main\backend\node_modules\router\index.js:342:13)
    at E:\Skybridge Digital\SmartPlazaNew-main\backend\node_modules\router\index.js:297:9
    at processParams (E:\Skybridge Digital\SmartPlazaNew-main\backend\node_modules\router\index.js:582:12)
    at next (E:\Skybridge Digital\SmartPlazaNew-main\backend\node_modules\router\index.js:291:5)
    at read (E:\Skybridge Digital\SmartPlazaNew-main\backend\node_modules\body-parser\lib\read.js:54:5)
    at urlencodedParser (E:\Skybridge Digital\SmartPlazaNew-main\backend\node_modules\body-parser\lib\types\urlencoded.js:58:5)
    at Layer.handleRequest (E:\Skybridge Digital\SmartPlazaNew-main\backend\node_modules\router\lib\layer.js:152:17)
    at trimPrefix (E:\Skybridge Digital\SmartPlazaNew-main\backend\node_modules\router\index.js:342:13)\n\n2026-07-10T02:52:23.483Z\nError: Not Found - /api/customers
    at notFound (E:\Skybridge Digital\SmartPlazaNew-main\backend\middleware\errorMiddleware.js:2:17)
    at Layer.handleRequest (E:\Skybridge Digital\SmartPlazaNew-main\backend\node_modules\router\lib\layer.js:152:17)
    at trimPrefix (E:\Skybridge Digital\SmartPlazaNew-main\backend\node_modules\router\index.js:342:13)
    at E:\Skybridge Digital\SmartPlazaNew-main\backend\node_modules\router\index.js:297:9
    at processParams (E:\Skybridge Digital\SmartPlazaNew-main\backend\node_modules\router\index.js:582:12)
    at next (E:\Skybridge Digital\SmartPlazaNew-main\backend\node_modules\router\index.js:291:5)
    at E:\Skybridge Digital\SmartPlazaNew-main\backend\server.js:96:3
    at Layer.handleRequest (E:\Skybridge Digital\SmartPlazaNew-main\backend\node_modules\router\lib\layer.js:152:17)
    at trimPrefix (E:\Skybridge Digital\SmartPlazaNew-main\backend\node_modules\router\index.js:342:13)
    at E:\Skybridge Digital\SmartPlazaNew-main\backend\node_modules\router\index.js:297:9
    at processParams (E:\Skybridge Digital\SmartPlazaNew-main\backend\node_modules\router\index.js:582:12)
    at next (E:\Skybridge Digital\SmartPlazaNew-main\backend\node_modules\router\index.js:291:5)
    at read (E:\Skybridge Digital\SmartPlazaNew-main\backend\node_modules\body-parser\lib\read.js:54:5)
    at urlencodedParser (E:\Skybridge Digital\SmartPlazaNew-main\backend\node_modules\body-parser\lib\types\urlencoded.js:58:5)
    at Layer.handleRequest (E:\Skybridge Digital\SmartPlazaNew-main\backend\node_modules\router\lib\layer.js:152:17)
    at trimPrefix (E:\Skybridge Digital\SmartPlazaNew-main\backend\node_modules\router\index.js:342:13)\n\n2026-07-10T02:52:26.501Z\nError: Not Found - /api/customers
    at notFound (E:\Skybridge Digital\SmartPlazaNew-main\backend\middleware\errorMiddleware.js:2:17)
    at Layer.handleRequest (E:\Skybridge Digital\SmartPlazaNew-main\backend\node_modules\router\lib\layer.js:152:17)
    at trimPrefix (E:\Skybridge Digital\SmartPlazaNew-main\backend\node_modules\router\index.js:342:13)
    at E:\Skybridge Digital\SmartPlazaNew-main\backend\node_modules\router\index.js:297:9
    at processParams (E:\Skybridge Digital\SmartPlazaNew-main\backend\node_modules\router\index.js:582:12)
    at next (E:\Skybridge Digital\SmartPlazaNew-main\backend\node_modules\router\index.js:291:5)
    at E:\Skybridge Digital\SmartPlazaNew-main\backend\server.js:96:3
    at Layer.handleRequest (E:\Skybridge Digital\SmartPlazaNew-main\backend\node_modules\router\lib\layer.js:152:17)
    at trimPrefix (E:\Skybridge Digital\SmartPlazaNew-main\backend\node_modules\router\index.js:342:13)
    at E:\Skybridge Digital\SmartPlazaNew-main\backend\node_modules\router\index.js:297:9
    at processParams (E:\Skybridge Digital\SmartPlazaNew-main\backend\node_modules\router\index.js:582:12)
    at next (E:\Skybridge Digital\SmartPlazaNew-main\backend\node_modules\router\index.js:291:5)
    at read (E:\Skybridge Digital\SmartPlazaNew-main\backend\node_modules\body-parser\lib\read.js:54:5)
    at urlencodedParser (E:\Skybridge Digital\SmartPlazaNew-main\backend\node_modules\body-parser\lib\types\urlencoded.js:58:5)
    at Layer.handleRequest (E:\Skybridge Digital\SmartPlazaNew-main\backend\node_modules\router\lib\layer.js:152:17)
    at trimPrefix (E:\Skybridge Digital\SmartPlazaNew-main\backend\node_modules\router\index.js:342:13)\n\n
=======
>>>>>>> 9d35a683a94b5324c14e64026fd66b51deee46f2
>>>>>>> 6e4fd84de7c13222f20e3887c035a7a99d12f053
2026-07-10T06:41:43.450Z\nError: Not Found - /api/routes
    at notFound (E:\MY-Portfolio\skybridge\smart-plaza\smart-plaza\backend\middleware\errorMiddleware.js:2:17)
    at Layer.handleRequest (E:\MY-Portfolio\skybridge\smart-plaza\smart-plaza\backend\node_modules\router\lib\layer.js:152:17)
    at trimPrefix (E:\MY-Portfolio\skybridge\smart-plaza\smart-plaza\backend\node_modules\router\index.js:342:13)
    at E:\MY-Portfolio\skybridge\smart-plaza\smart-plaza\backend\node_modules\router\index.js:297:9
    at processParams (E:\MY-Portfolio\skybridge\smart-plaza\smart-plaza\backend\node_modules\router\index.js:582:12)
    at next (E:\MY-Portfolio\skybridge\smart-plaza\smart-plaza\backend\node_modules\router\index.js:291:5)
    at E:\MY-Portfolio\skybridge\smart-plaza\smart-plaza\backend\server.js:96:3
    at Layer.handleRequest (E:\MY-Portfolio\skybridge\smart-plaza\smart-plaza\backend\node_modules\router\lib\layer.js:152:17)
    at trimPrefix (E:\MY-Portfolio\skybridge\smart-plaza\smart-plaza\backend\node_modules\router\index.js:342:13)
    at E:\MY-Portfolio\skybridge\smart-plaza\smart-plaza\backend\node_modules\router\index.js:297:9
    at processParams (E:\MY-Portfolio\skybridge\smart-plaza\smart-plaza\backend\node_modules\router\index.js:582:12)
    at next (E:\MY-Portfolio\skybridge\smart-plaza\smart-plaza\backend\node_modules\router\index.js:291:5)
    at read (E:\MY-Portfolio\skybridge\smart-plaza\smart-plaza\backend\node_modules\body-parser\lib\read.js:53:5)
    at urlencodedParser (E:\MY-Portfolio\skybridge\smart-plaza\smart-plaza\backend\node_modules\body-parser\lib\types\urlencoded.js:57:5)
    at Layer.handleRequest (E:\MY-Portfolio\skybridge\smart-plaza\smart-plaza\backend\node_modules\router\lib\layer.js:152:17)
    at trimPrefix (E:\MY-Portfolio\skybridge\smart-plaza\smart-plaza\backend\node_modules\router\index.js:342:13)\n\n2026-07-10T06:41:44.472Z\nError: Not Found - /api/routes
    at notFound (E:\MY-Portfolio\skybridge\smart-plaza\smart-plaza\backend\middleware\errorMiddleware.js:2:17)
    at Layer.handleRequest (E:\MY-Portfolio\skybridge\smart-plaza\smart-plaza\backend\node_modules\router\lib\layer.js:152:17)
    at trimPrefix (E:\MY-Portfolio\skybridge\smart-plaza\smart-plaza\backend\node_modules\router\index.js:342:13)
    at E:\MY-Portfolio\skybridge\smart-plaza\smart-plaza\backend\node_modules\router\index.js:297:9
    at processParams (E:\MY-Portfolio\skybridge\smart-plaza\smart-plaza\backend\node_modules\router\index.js:582:12)
    at next (E:\MY-Portfolio\skybridge\smart-plaza\smart-plaza\backend\node_modules\router\index.js:291:5)
    at E:\MY-Portfolio\skybridge\smart-plaza\smart-plaza\backend\server.js:96:3
    at Layer.handleRequest (E:\MY-Portfolio\skybridge\smart-plaza\smart-plaza\backend\node_modules\router\lib\layer.js:152:17)
    at trimPrefix (E:\MY-Portfolio\skybridge\smart-plaza\smart-plaza\backend\node_modules\router\index.js:342:13)
    at E:\MY-Portfolio\skybridge\smart-plaza\smart-plaza\backend\node_modules\router\index.js:297:9
    at processParams (E:\MY-Portfolio\skybridge\smart-plaza\smart-plaza\backend\node_modules\router\index.js:582:12)
    at next (E:\MY-Portfolio\skybridge\smart-plaza\smart-plaza\backend\node_modules\router\index.js:291:5)
    at read (E:\MY-Portfolio\skybridge\smart-plaza\smart-plaza\backend\node_modules\body-parser\lib\read.js:53:5)
    at urlencodedParser (E:\MY-Portfolio\skybridge\smart-plaza\smart-plaza\backend\node_modules\body-parser\lib\types\urlencoded.js:57:5)
    at Layer.handleRequest (E:\MY-Portfolio\skybridge\smart-plaza\smart-plaza\backend\node_modules\router\lib\layer.js:152:17)
    at trimPrefix (E:\MY-Portfolio\skybridge\smart-plaza\smart-plaza\backend\node_modules\router\index.js:342:13)\n\n2026-07-10T07:37:49.581Z\nError: Not Found - /favicon.ico
    at notFound (E:\MY-Portfolio\skybridge\smart-plaza\smart-plaza\backend\middleware\errorMiddleware.js:2:17)
    at Layer.handleRequest (E:\MY-Portfolio\skybridge\smart-plaza\smart-plaza\backend\node_modules\router\lib\layer.js:152:17)
    at trimPrefix (E:\MY-Portfolio\skybridge\smart-plaza\smart-plaza\backend\node_modules\router\index.js:342:13)
    at E:\MY-Portfolio\skybridge\smart-plaza\smart-plaza\backend\node_modules\router\index.js:297:9
    at processParams (E:\MY-Portfolio\skybridge\smart-plaza\smart-plaza\backend\node_modules\router\index.js:582:12)
    at next (E:\MY-Portfolio\skybridge\smart-plaza\smart-plaza\backend\node_modules\router\index.js:291:5)
    at E:\MY-Portfolio\skybridge\smart-plaza\smart-plaza\backend\server.js:96:3
    at Layer.handleRequest (E:\MY-Portfolio\skybridge\smart-plaza\smart-plaza\backend\node_modules\router\lib\layer.js:152:17)
    at trimPrefix (E:\MY-Portfolio\skybridge\smart-plaza\smart-plaza\backend\node_modules\router\index.js:342:13)
    at E:\MY-Portfolio\skybridge\smart-plaza\smart-plaza\backend\node_modules\router\index.js:297:9
    at processParams (E:\MY-Portfolio\skybridge\smart-plaza\smart-plaza\backend\node_modules\router\index.js:582:12)
    at next (E:\MY-Portfolio\skybridge\smart-plaza\smart-plaza\backend\node_modules\router\index.js:291:5)
    at read (E:\MY-Portfolio\skybridge\smart-plaza\smart-plaza\backend\node_modules\body-parser\lib\read.js:53:5)
    at urlencodedParser (E:\MY-Portfolio\skybridge\smart-plaza\smart-plaza\backend\node_modules\body-parser\lib\types\urlencoded.js:57:5)
    at Layer.handleRequest (E:\MY-Portfolio\skybridge\smart-plaza\smart-plaza\backend\node_modules\router\lib\layer.js:152:17)
    at trimPrefix (E:\MY-Portfolio\skybridge\smart-plaza\smart-plaza\backend\node_modules\router\index.js:342:13)\n\n2026-07-10T07:39:09.445Z\nError: Not Found - /api/routes
    at notFound (E:\MY-Portfolio\skybridge\smart-plaza\smart-plaza\backend\middleware\errorMiddleware.js:2:17)
    at Layer.handleRequest (E:\MY-Portfolio\skybridge\smart-plaza\smart-plaza\backend\node_modules\router\lib\layer.js:152:17)
    at trimPrefix (E:\MY-Portfolio\skybridge\smart-plaza\smart-plaza\backend\node_modules\router\index.js:342:13)
    at E:\MY-Portfolio\skybridge\smart-plaza\smart-plaza\backend\node_modules\router\index.js:297:9
    at processParams (E:\MY-Portfolio\skybridge\smart-plaza\smart-plaza\backend\node_modules\router\index.js:582:12)
    at next (E:\MY-Portfolio\skybridge\smart-plaza\smart-plaza\backend\node_modules\router\index.js:291:5)
    at E:\MY-Portfolio\skybridge\smart-plaza\smart-plaza\backend\server.js:96:3
    at Layer.handleRequest (E:\MY-Portfolio\skybridge\smart-plaza\smart-plaza\backend\node_modules\router\lib\layer.js:152:17)
    at trimPrefix (E:\MY-Portfolio\skybridge\smart-plaza\smart-plaza\backend\node_modules\router\index.js:342:13)
    at E:\MY-Portfolio\skybridge\smart-plaza\smart-plaza\backend\node_modules\router\index.js:297:9
    at processParams (E:\MY-Portfolio\skybridge\smart-plaza\smart-plaza\backend\node_modules\router\index.js:582:12)
    at next (E:\MY-Portfolio\skybridge\smart-plaza\smart-plaza\backend\node_modules\router\index.js:291:5)
    at read (E:\MY-Portfolio\skybridge\smart-plaza\smart-plaza\backend\node_modules\body-parser\lib\read.js:53:5)
    at urlencodedParser (E:\MY-Portfolio\skybridge\smart-plaza\smart-plaza\backend\node_modules\body-parser\lib\types\urlencoded.js:57:5)
    at Layer.handleRequest (E:\MY-Portfolio\skybridge\smart-plaza\smart-plaza\backend\node_modules\router\lib\layer.js:152:17)
    at trimPrefix (E:\MY-Portfolio\skybridge\smart-plaza\smart-plaza\backend\node_modules\router\index.js:342:13)\n\n2026-07-10T07:39:10.503Z\nError: Not Found - /api/routes
    at notFound (E:\MY-Portfolio\skybridge\smart-plaza\smart-plaza\backend\middleware\errorMiddleware.js:2:17)
    at Layer.handleRequest (E:\MY-Portfolio\skybridge\smart-plaza\smart-plaza\backend\node_modules\router\lib\layer.js:152:17)
    at trimPrefix (E:\MY-Portfolio\skybridge\smart-plaza\smart-plaza\backend\node_modules\router\index.js:342:13)
    at E:\MY-Portfolio\skybridge\smart-plaza\smart-plaza\backend\node_modules\router\index.js:297:9
    at processParams (E:\MY-Portfolio\skybridge\smart-plaza\smart-plaza\backend\node_modules\router\index.js:582:12)
    at next (E:\MY-Portfolio\skybridge\smart-plaza\smart-plaza\backend\node_modules\router\index.js:291:5)
    at E:\MY-Portfolio\skybridge\smart-plaza\smart-plaza\backend\server.js:96:3
    at Layer.handleRequest (E:\MY-Portfolio\skybridge\smart-plaza\smart-plaza\backend\node_modules\router\lib\layer.js:152:17)
    at trimPrefix (E:\MY-Portfolio\skybridge\smart-plaza\smart-plaza\backend\node_modules\router\index.js:342:13)
    at E:\MY-Portfolio\skybridge\smart-plaza\smart-plaza\backend\node_modules\router\index.js:297:9
    at processParams (E:\MY-Portfolio\skybridge\smart-plaza\smart-plaza\backend\node_modules\router\index.js:582:12)
    at next (E:\MY-Portfolio\skybridge\smart-plaza\smart-plaza\backend\node_modules\router\index.js:291:5)
    at read (E:\MY-Portfolio\skybridge\smart-plaza\smart-plaza\backend\node_modules\body-parser\lib\read.js:53:5)
    at urlencodedParser (E:\MY-Portfolio\skybridge\smart-plaza\smart-plaza\backend\node_modules\body-parser\lib\types\urlencoded.js:57:5)
    at Layer.handleRequest (E:\MY-Portfolio\skybridge\smart-plaza\smart-plaza\backend\node_modules\router\lib\layer.js:152:17)
    at trimPrefix (E:\MY-Portfolio\skybridge\smart-plaza\smart-plaza\backend\node_modules\router\index.js:342:13)\n\n2026-07-10T07:44:01.434Z\nMongoServerError: unrecognized option to $unwind stage: preserveNullAndEmpty
    at Connection.sendCommand (E:\MY-Portfolio\skybridge\smart-plaza\smart-plaza\backend\node_modules\mongodb\lib\cmap\connection.js:320:27)
    at process.processTicksAndRejections (node:internal/process/task_queues:104:5)
    at async Connection.command (E:\MY-Portfolio\skybridge\smart-plaza\smart-plaza\backend\node_modules\mongodb\lib\cmap\connection.js:347:26)
    at async Server.command (E:\MY-Portfolio\skybridge\smart-plaza\smart-plaza\backend\node_modules\mongodb\lib\sdam\server.js:208:29)
    at async executeOperationWithRetries (E:\MY-Portfolio\skybridge\smart-plaza\smart-plaza\backend\node_modules\mongodb\lib\operations\execute_operation.js:193:32)
    at async executeOperation (E:\MY-Portfolio\skybridge\smart-plaza\smart-plaza\backend\node_modules\mongodb\lib\operations\execute_operation.js:83:16)
    at async AggregationCursor._initialize (E:\MY-Portfolio\skybridge\smart-plaza\smart-plaza\backend\node_modules\mongodb\lib\cursor\aggregation_cursor.js:57:26)
    at async AggregationCursor.cursorInit (E:\MY-Portfolio\skybridge\smart-plaza\smart-plaza\backend\node_modules\mongodb\lib\cursor\abstract_cursor.js:620:27)
    at async AggregationCursor.fetchBatch (E:\MY-Portfolio\skybridge\smart-plaza\smart-plaza\backend\node_modules\mongodb\lib\cursor\abstract_cursor.js:654:13)
    at async AggregationCursor.next (E:\MY-Portfolio\skybridge\smart-plaza\smart-plaza\backend\node_modules\mongodb\lib\cursor\abstract_cursor.js:326:17)
    at async [Symbol.asyncIterator] (E:\MY-Portfolio\skybridge\smart-plaza\smart-plaza\backend\node_modules\mongodb\lib\cursor\abstract_cursor.js:254:34)
    at async AggregationCursor.toArray (E:\MY-Portfolio\skybridge\smart-plaza\smart-plaza\backend\node_modules\mongodb\lib\cursor\abstract_cursor.js:406:26)
    at async Aggregate.exec (E:\MY-Portfolio\skybridge\smart-plaza\smart-plaza\backend\node_modules\mongoose\lib\aggregate.js:1112:14)
    at async E:\MY-Portfolio\skybridge\smart-plaza\smart-plaza\backend\controllers\ecommerceAdminController.js:292:18\n\n2026-07-10T07:44:02.531Z\nMongoServerError: unrecognized option to $unwind stage: preserveNullAndEmpty
    at Connection.sendCommand (E:\MY-Portfolio\skybridge\smart-plaza\smart-plaza\backend\node_modules\mongodb\lib\cmap\connection.js:320:27)
    at process.processTicksAndRejections (node:internal/process/task_queues:104:5)
    at async Connection.command (E:\MY-Portfolio\skybridge\smart-plaza\smart-plaza\backend\node_modules\mongodb\lib\cmap\connection.js:347:26)
    at async Server.command (E:\MY-Portfolio\skybridge\smart-plaza\smart-plaza\backend\node_modules\mongodb\lib\sdam\server.js:208:29)
    at async executeOperationWithRetries (E:\MY-Portfolio\skybridge\smart-plaza\smart-plaza\backend\node_modules\mongodb\lib\operations\execute_operation.js:193:32)
    at async executeOperation (E:\MY-Portfolio\skybridge\smart-plaza\smart-plaza\backend\node_modules\mongodb\lib\operations\execute_operation.js:83:16)
    at async AggregationCursor._initialize (E:\MY-Portfolio\skybridge\smart-plaza\smart-plaza\backend\node_modules\mongodb\lib\cursor\aggregation_cursor.js:57:26)
    at async AggregationCursor.cursorInit (E:\MY-Portfolio\skybridge\smart-plaza\smart-plaza\backend\node_modules\mongodb\lib\cursor\abstract_cursor.js:620:27)
    at async AggregationCursor.fetchBatch (E:\MY-Portfolio\skybridge\smart-plaza\smart-plaza\backend\node_modules\mongodb\lib\cursor\abstract_cursor.js:654:13)
    at async AggregationCursor.next (E:\MY-Portfolio\skybridge\smart-plaza\smart-plaza\backend\node_modules\mongodb\lib\cursor\abstract_cursor.js:326:17)
    at async [Symbol.asyncIterator] (E:\MY-Portfolio\skybridge\smart-plaza\smart-plaza\backend\node_modules\mongodb\lib\cursor\abstract_cursor.js:254:34)
    at async AggregationCursor.toArray (E:\MY-Portfolio\skybridge\smart-plaza\smart-plaza\backend\node_modules\mongodb\lib\cursor\abstract_cursor.js:406:26)
    at async Aggregate.exec (E:\MY-Portfolio\skybridge\smart-plaza\smart-plaza\backend\node_modules\mongoose\lib\aggregate.js:1112:14)
    at async E:\MY-Portfolio\skybridge\smart-plaza\smart-plaza\backend\controllers\ecommerceAdminController.js:292:18\n\n2026-07-10T07:50:56.045Z\nMongoServerError: unrecognized option to $unwind stage: preserveNullAndEmpty
    at Connection.sendCommand (E:\MY-Portfolio\skybridge\smart-plaza\smart-plaza\backend\node_modules\mongodb\lib\cmap\connection.js:320:27)
    at process.processTicksAndRejections (node:internal/process/task_queues:104:5)
    at async Connection.command (E:\MY-Portfolio\skybridge\smart-plaza\smart-plaza\backend\node_modules\mongodb\lib\cmap\connection.js:347:26)
    at async Server.command (E:\MY-Portfolio\skybridge\smart-plaza\smart-plaza\backend\node_modules\mongodb\lib\sdam\server.js:208:29)
    at async executeOperationWithRetries (E:\MY-Portfolio\skybridge\smart-plaza\smart-plaza\backend\node_modules\mongodb\lib\operations\execute_operation.js:193:32)
    at async executeOperation (E:\MY-Portfolio\skybridge\smart-plaza\smart-plaza\backend\node_modules\mongodb\lib\operations\execute_operation.js:83:16)
    at async AggregationCursor._initialize (E:\MY-Portfolio\skybridge\smart-plaza\smart-plaza\backend\node_modules\mongodb\lib\cursor\aggregation_cursor.js:57:26)
    at async AggregationCursor.cursorInit (E:\MY-Portfolio\skybridge\smart-plaza\smart-plaza\backend\node_modules\mongodb\lib\cursor\abstract_cursor.js:620:27)
    at async AggregationCursor.fetchBatch (E:\MY-Portfolio\skybridge\smart-plaza\smart-plaza\backend\node_modules\mongodb\lib\cursor\abstract_cursor.js:654:13)
    at async AggregationCursor.next (E:\MY-Portfolio\skybridge\smart-plaza\smart-plaza\backend\node_modules\mongodb\lib\cursor\abstract_cursor.js:326:17)
    at async [Symbol.asyncIterator] (E:\MY-Portfolio\skybridge\smart-plaza\smart-plaza\backend\node_modules\mongodb\lib\cursor\abstract_cursor.js:254:34)
    at async AggregationCursor.toArray (E:\MY-Portfolio\skybridge\smart-plaza\smart-plaza\backend\node_modules\mongodb\lib\cursor\abstract_cursor.js:406:26)
    at async Aggregate.exec (E:\MY-Portfolio\skybridge\smart-plaza\smart-plaza\backend\node_modules\mongoose\lib\aggregate.js:1112:14)
    at async E:\MY-Portfolio\skybridge\smart-plaza\smart-plaza\backend\controllers\ecommerceAdminController.js:293:18\n\n2026-07-10T07:52:42.623Z\nMongoServerError: unrecognized option to $unwind stage: preserveNullAndEmpty
    at Connection.sendCommand (E:\MY-Portfolio\skybridge\smart-plaza\smart-plaza\backend\node_modules\mongodb\lib\cmap\connection.js:320:27)
    at process.processTicksAndRejections (node:internal/process/task_queues:104:5)
    at async Connection.command (E:\MY-Portfolio\skybridge\smart-plaza\smart-plaza\backend\node_modules\mongodb\lib\cmap\connection.js:347:26)
    at async Server.command (E:\MY-Portfolio\skybridge\smart-plaza\smart-plaza\backend\node_modules\mongodb\lib\sdam\server.js:208:29)
    at async executeOperationWithRetries (E:\MY-Portfolio\skybridge\smart-plaza\smart-plaza\backend\node_modules\mongodb\lib\operations\execute_operation.js:193:32)
    at async executeOperation (E:\MY-Portfolio\skybridge\smart-plaza\smart-plaza\backend\node_modules\mongodb\lib\operations\execute_operation.js:83:16)
    at async AggregationCursor._initialize (E:\MY-Portfolio\skybridge\smart-plaza\smart-plaza\backend\node_modules\mongodb\lib\cursor\aggregation_cursor.js:57:26)
    at async AggregationCursor.cursorInit (E:\MY-Portfolio\skybridge\smart-plaza\smart-plaza\backend\node_modules\mongodb\lib\cursor\abstract_cursor.js:620:27)
    at async AggregationCursor.fetchBatch (E:\MY-Portfolio\skybridge\smart-plaza\smart-plaza\backend\node_modules\mongodb\lib\cursor\abstract_cursor.js:654:13)
    at async AggregationCursor.next (E:\MY-Portfolio\skybridge\smart-plaza\smart-plaza\backend\node_modules\mongodb\lib\cursor\abstract_cursor.js:326:17)
    at async [Symbol.asyncIterator] (E:\MY-Portfolio\skybridge\smart-plaza\smart-plaza\backend\node_modules\mongodb\lib\cursor\abstract_cursor.js:254:34)
    at async AggregationCursor.toArray (E:\MY-Portfolio\skybridge\smart-plaza\smart-plaza\backend\node_modules\mongodb\lib\cursor\abstract_cursor.js:406:26)
    at async Aggregate.exec (E:\MY-Portfolio\skybridge\smart-plaza\smart-plaza\backend\node_modules\mongoose\lib\aggregate.js:1112:14)
<<<<<<< HEAD
    at async E:\MY-Portfolio\skybridge\smart-plaza\smart-plaza\backend\controllers\ecommerceAdminController.js:293:18\n\n2026-07-10T14:37:59.423Z\nMongoServerError: unrecognized option to $unwind stage: preserveNullAndEmpty
    at Connection.sendCommand (E:\Skybridge Digital\SmartPlazaNew-main\backend\node_modules\mongodb\lib\cmap\connection.js:320:27)
    at process.processTicksAndRejections (node:internal/process/task_queues:95:5)
    at async Connection.command (E:\Skybridge Digital\SmartPlazaNew-main\backend\node_modules\mongodb\lib\cmap\connection.js:344:26)
    at async Server.command (E:\Skybridge Digital\SmartPlazaNew-main\backend\node_modules\mongodb\lib\sdam\server.js:208:29)
    at async tryOperation (E:\Skybridge Digital\SmartPlazaNew-main\backend\node_modules\mongodb\lib\operations\execute_operation.js:215:32)
    at async executeOperation (E:\Skybridge Digital\SmartPlazaNew-main\backend\node_modules\mongodb\lib\operations\execute_operation.js:80:16)
    at async AggregationCursor._initialize (E:\Skybridge Digital\SmartPlazaNew-main\backend\node_modules\mongodb\lib\cursor\aggregation_cursor.js:57:26)
    at async AggregationCursor.cursorInit (E:\Skybridge Digital\SmartPlazaNew-main\backend\node_modules\mongodb\lib\cursor\abstract_cursor.js:620:27)
    at async AggregationCursor.fetchBatch (E:\Skybridge Digital\SmartPlazaNew-main\backend\node_modules\mongodb\lib\cursor\abstract_cursor.js:654:13)
    at async AggregationCursor.next (E:\Skybridge Digital\SmartPlazaNew-main\backend\node_modules\mongodb\lib\cursor\abstract_cursor.js:326:17)
    at async [Symbol.asyncIterator] (E:\Skybridge Digital\SmartPlazaNew-main\backend\node_modules\mongodb\lib\cursor\abstract_cursor.js:254:34)
    at async AggregationCursor.toArray (E:\Skybridge Digital\SmartPlazaNew-main\backend\node_modules\mongodb\lib\cursor\abstract_cursor.js:406:26)
    at async Aggregate.exec (E:\Skybridge Digital\SmartPlazaNew-main\backend\node_modules\mongoose\lib\aggregate.js:1074:14)
    at async E:\Skybridge Digital\SmartPlazaNew-main\backend\controllers\ecommerceAdminController.js:293:18\n\n2026-07-10T14:38:00.944Z\nMongoServerError: unrecognized option to $unwind stage: preserveNullAndEmpty
    at Connection.sendCommand (E:\Skybridge Digital\SmartPlazaNew-main\backend\node_modules\mongodb\lib\cmap\connection.js:320:27)
    at process.processTicksAndRejections (node:internal/process/task_queues:95:5)
    at async Connection.command (E:\Skybridge Digital\SmartPlazaNew-main\backend\node_modules\mongodb\lib\cmap\connection.js:344:26)
    at async Server.command (E:\Skybridge Digital\SmartPlazaNew-main\backend\node_modules\mongodb\lib\sdam\server.js:208:29)
    at async tryOperation (E:\Skybridge Digital\SmartPlazaNew-main\backend\node_modules\mongodb\lib\operations\execute_operation.js:215:32)
    at async executeOperation (E:\Skybridge Digital\SmartPlazaNew-main\backend\node_modules\mongodb\lib\operations\execute_operation.js:80:16)
    at async AggregationCursor._initialize (E:\Skybridge Digital\SmartPlazaNew-main\backend\node_modules\mongodb\lib\cursor\aggregation_cursor.js:57:26)
    at async AggregationCursor.cursorInit (E:\Skybridge Digital\SmartPlazaNew-main\backend\node_modules\mongodb\lib\cursor\abstract_cursor.js:620:27)
    at async AggregationCursor.fetchBatch (E:\Skybridge Digital\SmartPlazaNew-main\backend\node_modules\mongodb\lib\cursor\abstract_cursor.js:654:13)
    at async AggregationCursor.next (E:\Skybridge Digital\SmartPlazaNew-main\backend\node_modules\mongodb\lib\cursor\abstract_cursor.js:326:17)
    at async [Symbol.asyncIterator] (E:\Skybridge Digital\SmartPlazaNew-main\backend\node_modules\mongodb\lib\cursor\abstract_cursor.js:254:34)
    at async AggregationCursor.toArray (E:\Skybridge Digital\SmartPlazaNew-main\backend\node_modules\mongodb\lib\cursor\abstract_cursor.js:406:26)
    at async Aggregate.exec (E:\Skybridge Digital\SmartPlazaNew-main\backend\node_modules\mongoose\lib\aggregate.js:1074:14)
    at async E:\Skybridge Digital\SmartPlazaNew-main\backend\controllers\ecommerceAdminController.js:293:18\n\n2026-07-10T14:55:49.753Z\nError: Not Found - /favicon.ico
    at notFound (E:\Skybridge Digital\SmartPlazaNew-main\backend\middleware\errorMiddleware.js:2:17)
    at Layer.handleRequest (E:\Skybridge Digital\SmartPlazaNew-main\backend\node_modules\router\lib\layer.js:152:17)
    at trimPrefix (E:\Skybridge Digital\SmartPlazaNew-main\backend\node_modules\router\index.js:342:13)
    at E:\Skybridge Digital\SmartPlazaNew-main\backend\node_modules\router\index.js:297:9
    at processParams (E:\Skybridge Digital\SmartPlazaNew-main\backend\node_modules\router\index.js:582:12)
    at next (E:\Skybridge Digital\SmartPlazaNew-main\backend\node_modules\router\index.js:291:5)
    at E:\Skybridge Digital\SmartPlazaNew-main\backend\server.js:96:3
    at Layer.handleRequest (E:\Skybridge Digital\SmartPlazaNew-main\backend\node_modules\router\lib\layer.js:152:17)
    at trimPrefix (E:\Skybridge Digital\SmartPlazaNew-main\backend\node_modules\router\index.js:342:13)
    at E:\Skybridge Digital\SmartPlazaNew-main\backend\node_modules\router\index.js:297:9
    at processParams (E:\Skybridge Digital\SmartPlazaNew-main\backend\node_modules\router\index.js:582:12)
    at next (E:\Skybridge Digital\SmartPlazaNew-main\backend\node_modules\router\index.js:291:5)
    at read (E:\Skybridge Digital\SmartPlazaNew-main\backend\node_modules\body-parser\lib\read.js:54:5)
    at urlencodedParser (E:\Skybridge Digital\SmartPlazaNew-main\backend\node_modules\body-parser\lib\types\urlencoded.js:58:5)
    at Layer.handleRequest (E:\Skybridge Digital\SmartPlazaNew-main\backend\node_modules\router\lib\layer.js:152:17)
    at trimPrefix (E:\Skybridge Digital\SmartPlazaNew-main\backend\node_modules\router\index.js:342:13)\n\n
=======
    at async E:\MY-Portfolio\skybridge\smart-plaza\smart-plaza\backend\controllers\ecommerceAdminController.js:293:18\n\n2026-07-10T12:59:09.774Z\nError: Not Found - /favicon.ico
    at notFound (E:\MY-Portfolio\skybridge\smart-plaza\smart-plaza\backend\middleware\errorMiddleware.js:2:17)
    at Layer.handleRequest (E:\MY-Portfolio\skybridge\smart-plaza\smart-plaza\backend\node_modules\router\lib\layer.js:152:17)
    at trimPrefix (E:\MY-Portfolio\skybridge\smart-plaza\smart-plaza\backend\node_modules\router\index.js:342:13)
    at E:\MY-Portfolio\skybridge\smart-plaza\smart-plaza\backend\node_modules\router\index.js:297:9
    at processParams (E:\MY-Portfolio\skybridge\smart-plaza\smart-plaza\backend\node_modules\router\index.js:582:12)
    at next (E:\MY-Portfolio\skybridge\smart-plaza\smart-plaza\backend\node_modules\router\index.js:291:5)
    at E:\MY-Portfolio\skybridge\smart-plaza\smart-plaza\backend\server.js:96:3
    at Layer.handleRequest (E:\MY-Portfolio\skybridge\smart-plaza\smart-plaza\backend\node_modules\router\lib\layer.js:152:17)
    at trimPrefix (E:\MY-Portfolio\skybridge\smart-plaza\smart-plaza\backend\node_modules\router\index.js:342:13)
    at E:\MY-Portfolio\skybridge\smart-plaza\smart-plaza\backend\node_modules\router\index.js:297:9
    at processParams (E:\MY-Portfolio\skybridge\smart-plaza\smart-plaza\backend\node_modules\router\index.js:582:12)
    at next (E:\MY-Portfolio\skybridge\smart-plaza\smart-plaza\backend\node_modules\router\index.js:291:5)
    at read (E:\MY-Portfolio\skybridge\smart-plaza\smart-plaza\backend\node_modules\body-parser\lib\read.js:53:5)
    at urlencodedParser (E:\MY-Portfolio\skybridge\smart-plaza\smart-plaza\backend\node_modules\body-parser\lib\types\urlencoded.js:57:5)
    at Layer.handleRequest (E:\MY-Portfolio\skybridge\smart-plaza\smart-plaza\backend\node_modules\router\lib\layer.js:152:17)
    at trimPrefix (E:\MY-Portfolio\skybridge\smart-plaza\smart-plaza\backend\node_modules\router\index.js:342:13)\n\n2026-07-10T12:59:09.787Z\nError: Not Found - /favicon.ico
    at notFound (E:\MY-Portfolio\skybridge\smart-plaza\smart-plaza\backend\middleware\errorMiddleware.js:2:17)
    at Layer.handleRequest (E:\MY-Portfolio\skybridge\smart-plaza\smart-plaza\backend\node_modules\router\lib\layer.js:152:17)
    at trimPrefix (E:\MY-Portfolio\skybridge\smart-plaza\smart-plaza\backend\node_modules\router\index.js:342:13)
    at E:\MY-Portfolio\skybridge\smart-plaza\smart-plaza\backend\node_modules\router\index.js:297:9
    at processParams (E:\MY-Portfolio\skybridge\smart-plaza\smart-plaza\backend\node_modules\router\index.js:582:12)
    at next (E:\MY-Portfolio\skybridge\smart-plaza\smart-plaza\backend\node_modules\router\index.js:291:5)
    at E:\MY-Portfolio\skybridge\smart-plaza\smart-plaza\backend\server.js:96:3
    at Layer.handleRequest (E:\MY-Portfolio\skybridge\smart-plaza\smart-plaza\backend\node_modules\router\lib\layer.js:152:17)
    at trimPrefix (E:\MY-Portfolio\skybridge\smart-plaza\smart-plaza\backend\node_modules\router\index.js:342:13)
    at E:\MY-Portfolio\skybridge\smart-plaza\smart-plaza\backend\node_modules\router\index.js:297:9
    at processParams (E:\MY-Portfolio\skybridge\smart-plaza\smart-plaza\backend\node_modules\router\index.js:582:12)
    at next (E:\MY-Portfolio\skybridge\smart-plaza\smart-plaza\backend\node_modules\router\index.js:291:5)
    at read (E:\MY-Portfolio\skybridge\smart-plaza\smart-plaza\backend\node_modules\body-parser\lib\read.js:53:5)
    at urlencodedParser (E:\MY-Portfolio\skybridge\smart-plaza\smart-plaza\backend\node_modules\body-parser\lib\types\urlencoded.js:57:5)
    at Layer.handleRequest (E:\MY-Portfolio\skybridge\smart-plaza\smart-plaza\backend\node_modules\router\lib\layer.js:152:17)
    at trimPrefix (E:\MY-Portfolio\skybridge\smart-plaza\smart-plaza\backend\node_modules\router\index.js:342:13)\n\n2026-07-10T12:59:10.891Z\nMongoServerError: unrecognized option to $unwind stage: preserveNullAndEmpty
    at Connection.sendCommand (E:\MY-Portfolio\skybridge\smart-plaza\smart-plaza\backend\node_modules\mongodb\lib\cmap\connection.js:320:27)
    at process.processTicksAndRejections (node:internal/process/task_queues:104:5)
    at async Connection.command (E:\MY-Portfolio\skybridge\smart-plaza\smart-plaza\backend\node_modules\mongodb\lib\cmap\connection.js:347:26)
    at async Server.command (E:\MY-Portfolio\skybridge\smart-plaza\smart-plaza\backend\node_modules\mongodb\lib\sdam\server.js:208:29)
    at async executeOperationWithRetries (E:\MY-Portfolio\skybridge\smart-plaza\smart-plaza\backend\node_modules\mongodb\lib\operations\execute_operation.js:193:32)
    at async executeOperation (E:\MY-Portfolio\skybridge\smart-plaza\smart-plaza\backend\node_modules\mongodb\lib\operations\execute_operation.js:83:16)
    at async AggregationCursor._initialize (E:\MY-Portfolio\skybridge\smart-plaza\smart-plaza\backend\node_modules\mongodb\lib\cursor\aggregation_cursor.js:57:26)
    at async AggregationCursor.cursorInit (E:\MY-Portfolio\skybridge\smart-plaza\smart-plaza\backend\node_modules\mongodb\lib\cursor\abstract_cursor.js:620:27)
    at async AggregationCursor.fetchBatch (E:\MY-Portfolio\skybridge\smart-plaza\smart-plaza\backend\node_modules\mongodb\lib\cursor\abstract_cursor.js:654:13)
    at async AggregationCursor.next (E:\MY-Portfolio\skybridge\smart-plaza\smart-plaza\backend\node_modules\mongodb\lib\cursor\abstract_cursor.js:326:17)
    at async [Symbol.asyncIterator] (E:\MY-Portfolio\skybridge\smart-plaza\smart-plaza\backend\node_modules\mongodb\lib\cursor\abstract_cursor.js:254:34)
    at async AggregationCursor.toArray (E:\MY-Portfolio\skybridge\smart-plaza\smart-plaza\backend\node_modules\mongodb\lib\cursor\abstract_cursor.js:406:26)
    at async Aggregate.exec (E:\MY-Portfolio\skybridge\smart-plaza\smart-plaza\backend\node_modules\mongoose\lib\aggregate.js:1112:14)
    at async E:\MY-Portfolio\skybridge\smart-plaza\smart-plaza\backend\controllers\ecommerceAdminController.js:293:18\n\n2026-07-10T12:59:12.790Z\nMongoServerError: unrecognized option to $unwind stage: preserveNullAndEmpty
    at Connection.sendCommand (E:\MY-Portfolio\skybridge\smart-plaza\smart-plaza\backend\node_modules\mongodb\lib\cmap\connection.js:320:27)
    at process.processTicksAndRejections (node:internal/process/task_queues:104:5)
    at async Connection.command (E:\MY-Portfolio\skybridge\smart-plaza\smart-plaza\backend\node_modules\mongodb\lib\cmap\connection.js:347:26)
    at async Server.command (E:\MY-Portfolio\skybridge\smart-plaza\smart-plaza\backend\node_modules\mongodb\lib\sdam\server.js:208:29)
    at async executeOperationWithRetries (E:\MY-Portfolio\skybridge\smart-plaza\smart-plaza\backend\node_modules\mongodb\lib\operations\execute_operation.js:193:32)
    at async executeOperation (E:\MY-Portfolio\skybridge\smart-plaza\smart-plaza\backend\node_modules\mongodb\lib\operations\execute_operation.js:83:16)
    at async AggregationCursor._initialize (E:\MY-Portfolio\skybridge\smart-plaza\smart-plaza\backend\node_modules\mongodb\lib\cursor\aggregation_cursor.js:57:26)
    at async AggregationCursor.cursorInit (E:\MY-Portfolio\skybridge\smart-plaza\smart-plaza\backend\node_modules\mongodb\lib\cursor\abstract_cursor.js:620:27)
    at async AggregationCursor.fetchBatch (E:\MY-Portfolio\skybridge\smart-plaza\smart-plaza\backend\node_modules\mongodb\lib\cursor\abstract_cursor.js:654:13)
    at async AggregationCursor.next (E:\MY-Portfolio\skybridge\smart-plaza\smart-plaza\backend\node_modules\mongodb\lib\cursor\abstract_cursor.js:326:17)
    at async [Symbol.asyncIterator] (E:\MY-Portfolio\skybridge\smart-plaza\smart-plaza\backend\node_modules\mongodb\lib\cursor\abstract_cursor.js:254:34)
    at async AggregationCursor.toArray (E:\MY-Portfolio\skybridge\smart-plaza\smart-plaza\backend\node_modules\mongodb\lib\cursor\abstract_cursor.js:406:26)
    at async Aggregate.exec (E:\MY-Portfolio\skybridge\smart-plaza\smart-plaza\backend\node_modules\mongoose\lib\aggregate.js:1112:14)
    at async E:\MY-Portfolio\skybridge\smart-plaza\smart-plaza\backend\controllers\ecommerceAdminController.js:293:18\n\n2026-07-10T13:03:02.654Z\nError: Not Found - /api/routes
    at notFound (E:\MY-Portfolio\skybridge\smart-plaza\smart-plaza\backend\middleware\errorMiddleware.js:2:17)
    at Layer.handleRequest (E:\MY-Portfolio\skybridge\smart-plaza\smart-plaza\backend\node_modules\router\lib\layer.js:152:17)
    at trimPrefix (E:\MY-Portfolio\skybridge\smart-plaza\smart-plaza\backend\node_modules\router\index.js:342:13)
    at E:\MY-Portfolio\skybridge\smart-plaza\smart-plaza\backend\node_modules\router\index.js:297:9
    at processParams (E:\MY-Portfolio\skybridge\smart-plaza\smart-plaza\backend\node_modules\router\index.js:582:12)
    at next (E:\MY-Portfolio\skybridge\smart-plaza\smart-plaza\backend\node_modules\router\index.js:291:5)
    at E:\MY-Portfolio\skybridge\smart-plaza\smart-plaza\backend\server.js:96:3
    at Layer.handleRequest (E:\MY-Portfolio\skybridge\smart-plaza\smart-plaza\backend\node_modules\router\lib\layer.js:152:17)
    at trimPrefix (E:\MY-Portfolio\skybridge\smart-plaza\smart-plaza\backend\node_modules\router\index.js:342:13)
    at E:\MY-Portfolio\skybridge\smart-plaza\smart-plaza\backend\node_modules\router\index.js:297:9
    at processParams (E:\MY-Portfolio\skybridge\smart-plaza\smart-plaza\backend\node_modules\router\index.js:582:12)
    at next (E:\MY-Portfolio\skybridge\smart-plaza\smart-plaza\backend\node_modules\router\index.js:291:5)
    at read (E:\MY-Portfolio\skybridge\smart-plaza\smart-plaza\backend\node_modules\body-parser\lib\read.js:53:5)
    at urlencodedParser (E:\MY-Portfolio\skybridge\smart-plaza\smart-plaza\backend\node_modules\body-parser\lib\types\urlencoded.js:57:5)
    at Layer.handleRequest (E:\MY-Portfolio\skybridge\smart-plaza\smart-plaza\backend\node_modules\router\lib\layer.js:152:17)
    at trimPrefix (E:\MY-Portfolio\skybridge\smart-plaza\smart-plaza\backend\node_modules\router\index.js:342:13)\n\n2026-07-10T13:03:03.683Z\nError: Not Found - /api/routes
    at notFound (E:\MY-Portfolio\skybridge\smart-plaza\smart-plaza\backend\middleware\errorMiddleware.js:2:17)
    at Layer.handleRequest (E:\MY-Portfolio\skybridge\smart-plaza\smart-plaza\backend\node_modules\router\lib\layer.js:152:17)
    at trimPrefix (E:\MY-Portfolio\skybridge\smart-plaza\smart-plaza\backend\node_modules\router\index.js:342:13)
    at E:\MY-Portfolio\skybridge\smart-plaza\smart-plaza\backend\node_modules\router\index.js:297:9
    at processParams (E:\MY-Portfolio\skybridge\smart-plaza\smart-plaza\backend\node_modules\router\index.js:582:12)
    at next (E:\MY-Portfolio\skybridge\smart-plaza\smart-plaza\backend\node_modules\router\index.js:291:5)
    at E:\MY-Portfolio\skybridge\smart-plaza\smart-plaza\backend\server.js:96:3
    at Layer.handleRequest (E:\MY-Portfolio\skybridge\smart-plaza\smart-plaza\backend\node_modules\router\lib\layer.js:152:17)
    at trimPrefix (E:\MY-Portfolio\skybridge\smart-plaza\smart-plaza\backend\node_modules\router\index.js:342:13)
    at E:\MY-Portfolio\skybridge\smart-plaza\smart-plaza\backend\node_modules\router\index.js:297:9
    at processParams (E:\MY-Portfolio\skybridge\smart-plaza\smart-plaza\backend\node_modules\router\index.js:582:12)
    at next (E:\MY-Portfolio\skybridge\smart-plaza\smart-plaza\backend\node_modules\router\index.js:291:5)
    at read (E:\MY-Portfolio\skybridge\smart-plaza\smart-plaza\backend\node_modules\body-parser\lib\read.js:53:5)
    at urlencodedParser (E:\MY-Portfolio\skybridge\smart-plaza\smart-plaza\backend\node_modules\body-parser\lib\types\urlencoded.js:57:5)
    at Layer.handleRequest (E:\MY-Portfolio\skybridge\smart-plaza\smart-plaza\backend\node_modules\router\lib\layer.js:152:17)
    at trimPrefix (E:\MY-Portfolio\skybridge\smart-plaza\smart-plaza\backend\node_modules\router\index.js:342:13)\n\n2026-07-10T13:06:03.900Z\nError: Not Found - /api/routes
    at notFound (E:\MY-Portfolio\skybridge\smart-plaza\smart-plaza\backend\middleware\errorMiddleware.js:2:17)
    at Layer.handleRequest (E:\MY-Portfolio\skybridge\smart-plaza\smart-plaza\backend\node_modules\router\lib\layer.js:152:17)
    at trimPrefix (E:\MY-Portfolio\skybridge\smart-plaza\smart-plaza\backend\node_modules\router\index.js:342:13)
    at E:\MY-Portfolio\skybridge\smart-plaza\smart-plaza\backend\node_modules\router\index.js:297:9
    at processParams (E:\MY-Portfolio\skybridge\smart-plaza\smart-plaza\backend\node_modules\router\index.js:582:12)
    at next (E:\MY-Portfolio\skybridge\smart-plaza\smart-plaza\backend\node_modules\router\index.js:291:5)
    at E:\MY-Portfolio\skybridge\smart-plaza\smart-plaza\backend\server.js:96:3
    at Layer.handleRequest (E:\MY-Portfolio\skybridge\smart-plaza\smart-plaza\backend\node_modules\router\lib\layer.js:152:17)
    at trimPrefix (E:\MY-Portfolio\skybridge\smart-plaza\smart-plaza\backend\node_modules\router\index.js:342:13)
    at E:\MY-Portfolio\skybridge\smart-plaza\smart-plaza\backend\node_modules\router\index.js:297:9
    at processParams (E:\MY-Portfolio\skybridge\smart-plaza\smart-plaza\backend\node_modules\router\index.js:582:12)
    at next (E:\MY-Portfolio\skybridge\smart-plaza\smart-plaza\backend\node_modules\router\index.js:291:5)
    at read (E:\MY-Portfolio\skybridge\smart-plaza\smart-plaza\backend\node_modules\body-parser\lib\read.js:53:5)
    at urlencodedParser (E:\MY-Portfolio\skybridge\smart-plaza\smart-plaza\backend\node_modules\body-parser\lib\types\urlencoded.js:57:5)
    at Layer.handleRequest (E:\MY-Portfolio\skybridge\smart-plaza\smart-plaza\backend\node_modules\router\lib\layer.js:152:17)
    at trimPrefix (E:\MY-Portfolio\skybridge\smart-plaza\smart-plaza\backend\node_modules\router\index.js:342:13)\n\n2026-07-10T13:06:04.964Z\nError: Not Found - /api/routes
    at notFound (E:\MY-Portfolio\skybridge\smart-plaza\smart-plaza\backend\middleware\errorMiddleware.js:2:17)
    at Layer.handleRequest (E:\MY-Portfolio\skybridge\smart-plaza\smart-plaza\backend\node_modules\router\lib\layer.js:152:17)
    at trimPrefix (E:\MY-Portfolio\skybridge\smart-plaza\smart-plaza\backend\node_modules\router\index.js:342:13)
    at E:\MY-Portfolio\skybridge\smart-plaza\smart-plaza\backend\node_modules\router\index.js:297:9
    at processParams (E:\MY-Portfolio\skybridge\smart-plaza\smart-plaza\backend\node_modules\router\index.js:582:12)
    at next (E:\MY-Portfolio\skybridge\smart-plaza\smart-plaza\backend\node_modules\router\index.js:291:5)
    at E:\MY-Portfolio\skybridge\smart-plaza\smart-plaza\backend\server.js:96:3
    at Layer.handleRequest (E:\MY-Portfolio\skybridge\smart-plaza\smart-plaza\backend\node_modules\router\lib\layer.js:152:17)
    at trimPrefix (E:\MY-Portfolio\skybridge\smart-plaza\smart-plaza\backend\node_modules\router\index.js:342:13)
    at E:\MY-Portfolio\skybridge\smart-plaza\smart-plaza\backend\node_modules\router\index.js:297:9
    at processParams (E:\MY-Portfolio\skybridge\smart-plaza\smart-plaza\backend\node_modules\router\index.js:582:12)
    at next (E:\MY-Portfolio\skybridge\smart-plaza\smart-plaza\backend\node_modules\router\index.js:291:5)
    at read (E:\MY-Portfolio\skybridge\smart-plaza\smart-plaza\backend\node_modules\body-parser\lib\read.js:53:5)
    at urlencodedParser (E:\MY-Portfolio\skybridge\smart-plaza\smart-plaza\backend\node_modules\body-parser\lib\types\urlencoded.js:57:5)
    at Layer.handleRequest (E:\MY-Portfolio\skybridge\smart-plaza\smart-plaza\backend\node_modules\router\lib\layer.js:152:17)
    at trimPrefix (E:\MY-Portfolio\skybridge\smart-plaza\smart-plaza\backend\node_modules\router\index.js:342:13)\n\n2026-07-10T13:24:04.530Z\nError: Not Found - /api/routes
    at notFound (E:\MY-Portfolio\skybridge\smart-plaza\smart-plaza\backend\middleware\errorMiddleware.js:2:17)
    at Layer.handleRequest (E:\MY-Portfolio\skybridge\smart-plaza\smart-plaza\backend\node_modules\router\lib\layer.js:152:17)
    at trimPrefix (E:\MY-Portfolio\skybridge\smart-plaza\smart-plaza\backend\node_modules\router\index.js:342:13)
    at E:\MY-Portfolio\skybridge\smart-plaza\smart-plaza\backend\node_modules\router\index.js:297:9
    at processParams (E:\MY-Portfolio\skybridge\smart-plaza\smart-plaza\backend\node_modules\router\index.js:582:12)
    at next (E:\MY-Portfolio\skybridge\smart-plaza\smart-plaza\backend\node_modules\router\index.js:291:5)
    at E:\MY-Portfolio\skybridge\smart-plaza\smart-plaza\backend\server.js:96:3
    at Layer.handleRequest (E:\MY-Portfolio\skybridge\smart-plaza\smart-plaza\backend\node_modules\router\lib\layer.js:152:17)
    at trimPrefix (E:\MY-Portfolio\skybridge\smart-plaza\smart-plaza\backend\node_modules\router\index.js:342:13)
    at E:\MY-Portfolio\skybridge\smart-plaza\smart-plaza\backend\node_modules\router\index.js:297:9
    at processParams (E:\MY-Portfolio\skybridge\smart-plaza\smart-plaza\backend\node_modules\router\index.js:582:12)
    at next (E:\MY-Portfolio\skybridge\smart-plaza\smart-plaza\backend\node_modules\router\index.js:291:5)
    at read (E:\MY-Portfolio\skybridge\smart-plaza\smart-plaza\backend\node_modules\body-parser\lib\read.js:53:5)
    at urlencodedParser (E:\MY-Portfolio\skybridge\smart-plaza\smart-plaza\backend\node_modules\body-parser\lib\types\urlencoded.js:57:5)
    at Layer.handleRequest (E:\MY-Portfolio\skybridge\smart-plaza\smart-plaza\backend\node_modules\router\lib\layer.js:152:17)
    at trimPrefix (E:\MY-Portfolio\skybridge\smart-plaza\smart-plaza\backend\node_modules\router\index.js:342:13)\n\n2026-07-10T13:24:05.563Z\nError: Not Found - /api/routes
    at notFound (E:\MY-Portfolio\skybridge\smart-plaza\smart-plaza\backend\middleware\errorMiddleware.js:2:17)
    at Layer.handleRequest (E:\MY-Portfolio\skybridge\smart-plaza\smart-plaza\backend\node_modules\router\lib\layer.js:152:17)
    at trimPrefix (E:\MY-Portfolio\skybridge\smart-plaza\smart-plaza\backend\node_modules\router\index.js:342:13)
    at E:\MY-Portfolio\skybridge\smart-plaza\smart-plaza\backend\node_modules\router\index.js:297:9
    at processParams (E:\MY-Portfolio\skybridge\smart-plaza\smart-plaza\backend\node_modules\router\index.js:582:12)
    at next (E:\MY-Portfolio\skybridge\smart-plaza\smart-plaza\backend\node_modules\router\index.js:291:5)
    at E:\MY-Portfolio\skybridge\smart-plaza\smart-plaza\backend\server.js:96:3
    at Layer.handleRequest (E:\MY-Portfolio\skybridge\smart-plaza\smart-plaza\backend\node_modules\router\lib\layer.js:152:17)
    at trimPrefix (E:\MY-Portfolio\skybridge\smart-plaza\smart-plaza\backend\node_modules\router\index.js:342:13)
    at E:\MY-Portfolio\skybridge\smart-plaza\smart-plaza\backend\node_modules\router\index.js:297:9
    at processParams (E:\MY-Portfolio\skybridge\smart-plaza\smart-plaza\backend\node_modules\router\index.js:582:12)
    at next (E:\MY-Portfolio\skybridge\smart-plaza\smart-plaza\backend\node_modules\router\index.js:291:5)
    at read (E:\MY-Portfolio\skybridge\smart-plaza\smart-plaza\backend\node_modules\body-parser\lib\read.js:53:5)
    at urlencodedParser (E:\MY-Portfolio\skybridge\smart-plaza\smart-plaza\backend\node_modules\body-parser\lib\types\urlencoded.js:57:5)
    at Layer.handleRequest (E:\MY-Portfolio\skybridge\smart-plaza\smart-plaza\backend\node_modules\router\lib\layer.js:152:17)
    at trimPrefix (E:\MY-Portfolio\skybridge\smart-plaza\smart-plaza\backend\node_modules\router\index.js:342:13)\n\n2026-07-10T13:33:35.951Z\nError: Not Found - /api/routes
    at notFound (E:\MY-Portfolio\skybridge\smart-plaza\smart-plaza\backend\middleware\errorMiddleware.js:2:17)
    at Layer.handleRequest (E:\MY-Portfolio\skybridge\smart-plaza\smart-plaza\backend\node_modules\router\lib\layer.js:152:17)
    at trimPrefix (E:\MY-Portfolio\skybridge\smart-plaza\smart-plaza\backend\node_modules\router\index.js:342:13)
    at E:\MY-Portfolio\skybridge\smart-plaza\smart-plaza\backend\node_modules\router\index.js:297:9
    at processParams (E:\MY-Portfolio\skybridge\smart-plaza\smart-plaza\backend\node_modules\router\index.js:582:12)
    at next (E:\MY-Portfolio\skybridge\smart-plaza\smart-plaza\backend\node_modules\router\index.js:291:5)
    at E:\MY-Portfolio\skybridge\smart-plaza\smart-plaza\backend\server.js:96:3
    at Layer.handleRequest (E:\MY-Portfolio\skybridge\smart-plaza\smart-plaza\backend\node_modules\router\lib\layer.js:152:17)
    at trimPrefix (E:\MY-Portfolio\skybridge\smart-plaza\smart-plaza\backend\node_modules\router\index.js:342:13)
    at E:\MY-Portfolio\skybridge\smart-plaza\smart-plaza\backend\node_modules\router\index.js:297:9
    at processParams (E:\MY-Portfolio\skybridge\smart-plaza\smart-plaza\backend\node_modules\router\index.js:582:12)
    at next (E:\MY-Portfolio\skybridge\smart-plaza\smart-plaza\backend\node_modules\router\index.js:291:5)
    at read (E:\MY-Portfolio\skybridge\smart-plaza\smart-plaza\backend\node_modules\body-parser\lib\read.js:53:5)
    at urlencodedParser (E:\MY-Portfolio\skybridge\smart-plaza\smart-plaza\backend\node_modules\body-parser\lib\types\urlencoded.js:57:5)
    at Layer.handleRequest (E:\MY-Portfolio\skybridge\smart-plaza\smart-plaza\backend\node_modules\router\lib\layer.js:152:17)
    at trimPrefix (E:\MY-Portfolio\skybridge\smart-plaza\smart-plaza\backend\node_modules\router\index.js:342:13)\n\n2026-07-10T13:37:24.221Z\nMongoServerError: unrecognized option to $unwind stage: preserveNullAndEmpty
    at Connection.sendCommand (E:\MY-Portfolio\skybridge\smart-plaza\smart-plaza\backend\node_modules\mongodb\lib\cmap\connection.js:320:27)
    at process.processTicksAndRejections (node:internal/process/task_queues:104:5)
    at async Connection.command (E:\MY-Portfolio\skybridge\smart-plaza\smart-plaza\backend\node_modules\mongodb\lib\cmap\connection.js:347:26)
    at async Server.command (E:\MY-Portfolio\skybridge\smart-plaza\smart-plaza\backend\node_modules\mongodb\lib\sdam\server.js:208:29)
    at async executeOperationWithRetries (E:\MY-Portfolio\skybridge\smart-plaza\smart-plaza\backend\node_modules\mongodb\lib\operations\execute_operation.js:193:32)
    at async executeOperation (E:\MY-Portfolio\skybridge\smart-plaza\smart-plaza\backend\node_modules\mongodb\lib\operations\execute_operation.js:83:16)
    at async AggregationCursor._initialize (E:\MY-Portfolio\skybridge\smart-plaza\smart-plaza\backend\node_modules\mongodb\lib\cursor\aggregation_cursor.js:57:26)
    at async AggregationCursor.cursorInit (E:\MY-Portfolio\skybridge\smart-plaza\smart-plaza\backend\node_modules\mongodb\lib\cursor\abstract_cursor.js:620:27)
    at async AggregationCursor.fetchBatch (E:\MY-Portfolio\skybridge\smart-plaza\smart-plaza\backend\node_modules\mongodb\lib\cursor\abstract_cursor.js:654:13)
    at async AggregationCursor.next (E:\MY-Portfolio\skybridge\smart-plaza\smart-plaza\backend\node_modules\mongodb\lib\cursor\abstract_cursor.js:326:17)
    at async [Symbol.asyncIterator] (E:\MY-Portfolio\skybridge\smart-plaza\smart-plaza\backend\node_modules\mongodb\lib\cursor\abstract_cursor.js:254:34)
    at async AggregationCursor.toArray (E:\MY-Portfolio\skybridge\smart-plaza\smart-plaza\backend\node_modules\mongodb\lib\cursor\abstract_cursor.js:406:26)
    at async Aggregate.exec (E:\MY-Portfolio\skybridge\smart-plaza\smart-plaza\backend\node_modules\mongoose\lib\aggregate.js:1112:14)
    at async E:\MY-Portfolio\skybridge\smart-plaza\smart-plaza\backend\controllers\ecommerceAdminController.js:293:18\n\n2026-07-10T13:37:25.246Z\nMongoServerError: unrecognized option to $unwind stage: preserveNullAndEmpty
    at Connection.sendCommand (E:\MY-Portfolio\skybridge\smart-plaza\smart-plaza\backend\node_modules\mongodb\lib\cmap\connection.js:320:27)
    at process.processTicksAndRejections (node:internal/process/task_queues:104:5)
    at async Connection.command (E:\MY-Portfolio\skybridge\smart-plaza\smart-plaza\backend\node_modules\mongodb\lib\cmap\connection.js:347:26)
    at async Server.command (E:\MY-Portfolio\skybridge\smart-plaza\smart-plaza\backend\node_modules\mongodb\lib\sdam\server.js:208:29)
    at async executeOperationWithRetries (E:\MY-Portfolio\skybridge\smart-plaza\smart-plaza\backend\node_modules\mongodb\lib\operations\execute_operation.js:193:32)
    at async executeOperation (E:\MY-Portfolio\skybridge\smart-plaza\smart-plaza\backend\node_modules\mongodb\lib\operations\execute_operation.js:83:16)
    at async AggregationCursor._initialize (E:\MY-Portfolio\skybridge\smart-plaza\smart-plaza\backend\node_modules\mongodb\lib\cursor\aggregation_cursor.js:57:26)
    at async AggregationCursor.cursorInit (E:\MY-Portfolio\skybridge\smart-plaza\smart-plaza\backend\node_modules\mongodb\lib\cursor\abstract_cursor.js:620:27)
    at async AggregationCursor.fetchBatch (E:\MY-Portfolio\skybridge\smart-plaza\smart-plaza\backend\node_modules\mongodb\lib\cursor\abstract_cursor.js:654:13)
    at async AggregationCursor.next (E:\MY-Portfolio\skybridge\smart-plaza\smart-plaza\backend\node_modules\mongodb\lib\cursor\abstract_cursor.js:326:17)
    at async [Symbol.asyncIterator] (E:\MY-Portfolio\skybridge\smart-plaza\smart-plaza\backend\node_modules\mongodb\lib\cursor\abstract_cursor.js:254:34)
    at async AggregationCursor.toArray (E:\MY-Portfolio\skybridge\smart-plaza\smart-plaza\backend\node_modules\mongodb\lib\cursor\abstract_cursor.js:406:26)
    at async Aggregate.exec (E:\MY-Portfolio\skybridge\smart-plaza\smart-plaza\backend\node_modules\mongoose\lib\aggregate.js:1112:14)
    at async E:\MY-Portfolio\skybridge\smart-plaza\smart-plaza\backend\controllers\ecommerceAdminController.js:293:18\n\n2026-07-10T13:37:58.430Z\nError: Not Found - /api/routes
    at notFound (E:\MY-Portfolio\skybridge\smart-plaza\smart-plaza\backend\middleware\errorMiddleware.js:2:17)
    at Layer.handleRequest (E:\MY-Portfolio\skybridge\smart-plaza\smart-plaza\backend\node_modules\router\lib\layer.js:152:17)
    at trimPrefix (E:\MY-Portfolio\skybridge\smart-plaza\smart-plaza\backend\node_modules\router\index.js:342:13)
    at E:\MY-Portfolio\skybridge\smart-plaza\smart-plaza\backend\node_modules\router\index.js:297:9
    at processParams (E:\MY-Portfolio\skybridge\smart-plaza\smart-plaza\backend\node_modules\router\index.js:582:12)
    at next (E:\MY-Portfolio\skybridge\smart-plaza\smart-plaza\backend\node_modules\router\index.js:291:5)
    at E:\MY-Portfolio\skybridge\smart-plaza\smart-plaza\backend\server.js:96:3
    at Layer.handleRequest (E:\MY-Portfolio\skybridge\smart-plaza\smart-plaza\backend\node_modules\router\lib\layer.js:152:17)
    at trimPrefix (E:\MY-Portfolio\skybridge\smart-plaza\smart-plaza\backend\node_modules\router\index.js:342:13)
    at E:\MY-Portfolio\skybridge\smart-plaza\smart-plaza\backend\node_modules\router\index.js:297:9
    at processParams (E:\MY-Portfolio\skybridge\smart-plaza\smart-plaza\backend\node_modules\router\index.js:582:12)
    at next (E:\MY-Portfolio\skybridge\smart-plaza\smart-plaza\backend\node_modules\router\index.js:291:5)
    at read (E:\MY-Portfolio\skybridge\smart-plaza\smart-plaza\backend\node_modules\body-parser\lib\read.js:53:5)
    at urlencodedParser (E:\MY-Portfolio\skybridge\smart-plaza\smart-plaza\backend\node_modules\body-parser\lib\types\urlencoded.js:57:5)
    at Layer.handleRequest (E:\MY-Portfolio\skybridge\smart-plaza\smart-plaza\backend\node_modules\router\lib\layer.js:152:17)
    at trimPrefix (E:\MY-Portfolio\skybridge\smart-plaza\smart-plaza\backend\node_modules\router\index.js:342:13)\n\n2026-07-10T13:37:59.447Z\nError: Not Found - /api/routes
    at notFound (E:\MY-Portfolio\skybridge\smart-plaza\smart-plaza\backend\middleware\errorMiddleware.js:2:17)
    at Layer.handleRequest (E:\MY-Portfolio\skybridge\smart-plaza\smart-plaza\backend\node_modules\router\lib\layer.js:152:17)
    at trimPrefix (E:\MY-Portfolio\skybridge\smart-plaza\smart-plaza\backend\node_modules\router\index.js:342:13)
    at E:\MY-Portfolio\skybridge\smart-plaza\smart-plaza\backend\node_modules\router\index.js:297:9
    at processParams (E:\MY-Portfolio\skybridge\smart-plaza\smart-plaza\backend\node_modules\router\index.js:582:12)
    at next (E:\MY-Portfolio\skybridge\smart-plaza\smart-plaza\backend\node_modules\router\index.js:291:5)
    at E:\MY-Portfolio\skybridge\smart-plaza\smart-plaza\backend\server.js:96:3
    at Layer.handleRequest (E:\MY-Portfolio\skybridge\smart-plaza\smart-plaza\backend\node_modules\router\lib\layer.js:152:17)
    at trimPrefix (E:\MY-Portfolio\skybridge\smart-plaza\smart-plaza\backend\node_modules\router\index.js:342:13)
    at E:\MY-Portfolio\skybridge\smart-plaza\smart-plaza\backend\node_modules\router\index.js:297:9
    at processParams (E:\MY-Portfolio\skybridge\smart-plaza\smart-plaza\backend\node_modules\router\index.js:582:12)
    at next (E:\MY-Portfolio\skybridge\smart-plaza\smart-plaza\backend\node_modules\router\index.js:291:5)
    at read (E:\MY-Portfolio\skybridge\smart-plaza\smart-plaza\backend\node_modules\body-parser\lib\read.js:53:5)
    at urlencodedParser (E:\MY-Portfolio\skybridge\smart-plaza\smart-plaza\backend\node_modules\body-parser\lib\types\urlencoded.js:57:5)
    at Layer.handleRequest (E:\MY-Portfolio\skybridge\smart-plaza\smart-plaza\backend\node_modules\router\lib\layer.js:152:17)
    at trimPrefix (E:\MY-Portfolio\skybridge\smart-plaza\smart-plaza\backend\node_modules\router\index.js:342:13)\n\n2026-07-10T13:38:43.541Z\nMongoServerError: unrecognized option to $unwind stage: preserveNullAndEmpty
    at Connection.sendCommand (E:\MY-Portfolio\skybridge\smart-plaza\smart-plaza\backend\node_modules\mongodb\lib\cmap\connection.js:320:27)
    at process.processTicksAndRejections (node:internal/process/task_queues:104:5)
    at async Connection.command (E:\MY-Portfolio\skybridge\smart-plaza\smart-plaza\backend\node_modules\mongodb\lib\cmap\connection.js:347:26)
    at async Server.command (E:\MY-Portfolio\skybridge\smart-plaza\smart-plaza\backend\node_modules\mongodb\lib\sdam\server.js:208:29)
    at async executeOperationWithRetries (E:\MY-Portfolio\skybridge\smart-plaza\smart-plaza\backend\node_modules\mongodb\lib\operations\execute_operation.js:193:32)
    at async executeOperation (E:\MY-Portfolio\skybridge\smart-plaza\smart-plaza\backend\node_modules\mongodb\lib\operations\execute_operation.js:83:16)
    at async AggregationCursor._initialize (E:\MY-Portfolio\skybridge\smart-plaza\smart-plaza\backend\node_modules\mongodb\lib\cursor\aggregation_cursor.js:57:26)
    at async AggregationCursor.cursorInit (E:\MY-Portfolio\skybridge\smart-plaza\smart-plaza\backend\node_modules\mongodb\lib\cursor\abstract_cursor.js:620:27)
    at async AggregationCursor.fetchBatch (E:\MY-Portfolio\skybridge\smart-plaza\smart-plaza\backend\node_modules\mongodb\lib\cursor\abstract_cursor.js:654:13)
    at async AggregationCursor.next (E:\MY-Portfolio\skybridge\smart-plaza\smart-plaza\backend\node_modules\mongodb\lib\cursor\abstract_cursor.js:326:17)
    at async [Symbol.asyncIterator] (E:\MY-Portfolio\skybridge\smart-plaza\smart-plaza\backend\node_modules\mongodb\lib\cursor\abstract_cursor.js:254:34)
    at async AggregationCursor.toArray (E:\MY-Portfolio\skybridge\smart-plaza\smart-plaza\backend\node_modules\mongodb\lib\cursor\abstract_cursor.js:406:26)
    at async Aggregate.exec (E:\MY-Portfolio\skybridge\smart-plaza\smart-plaza\backend\node_modules\mongoose\lib\aggregate.js:1112:14)
    at async E:\MY-Portfolio\skybridge\smart-plaza\smart-plaza\backend\controllers\ecommerceAdminController.js:293:18\n\n2026-07-10T14:14:30.363Z\nError: Not Found - /api/routes
    at notFound (E:\MY-Portfolio\skybridge\smart-plaza\smart-plaza\backend\middleware\errorMiddleware.js:2:17)
    at Layer.handleRequest (E:\MY-Portfolio\skybridge\smart-plaza\smart-plaza\backend\node_modules\router\lib\layer.js:152:17)
    at trimPrefix (E:\MY-Portfolio\skybridge\smart-plaza\smart-plaza\backend\node_modules\router\index.js:342:13)
    at E:\MY-Portfolio\skybridge\smart-plaza\smart-plaza\backend\node_modules\router\index.js:297:9
    at processParams (E:\MY-Portfolio\skybridge\smart-plaza\smart-plaza\backend\node_modules\router\index.js:582:12)
    at next (E:\MY-Portfolio\skybridge\smart-plaza\smart-plaza\backend\node_modules\router\index.js:291:5)
    at E:\MY-Portfolio\skybridge\smart-plaza\smart-plaza\backend\server.js:96:3
    at Layer.handleRequest (E:\MY-Portfolio\skybridge\smart-plaza\smart-plaza\backend\node_modules\router\lib\layer.js:152:17)
    at trimPrefix (E:\MY-Portfolio\skybridge\smart-plaza\smart-plaza\backend\node_modules\router\index.js:342:13)
    at E:\MY-Portfolio\skybridge\smart-plaza\smart-plaza\backend\node_modules\router\index.js:297:9
    at processParams (E:\MY-Portfolio\skybridge\smart-plaza\smart-plaza\backend\node_modules\router\index.js:582:12)
    at next (E:\MY-Portfolio\skybridge\smart-plaza\smart-plaza\backend\node_modules\router\index.js:291:5)
    at read (E:\MY-Portfolio\skybridge\smart-plaza\smart-plaza\backend\node_modules\body-parser\lib\read.js:53:5)
    at urlencodedParser (E:\MY-Portfolio\skybridge\smart-plaza\smart-plaza\backend\node_modules\body-parser\lib\types\urlencoded.js:57:5)
    at Layer.handleRequest (E:\MY-Portfolio\skybridge\smart-plaza\smart-plaza\backend\node_modules\router\lib\layer.js:152:17)
    at trimPrefix (E:\MY-Portfolio\skybridge\smart-plaza\smart-plaza\backend\node_modules\router\index.js:342:13)\n\n2026-07-10T14:14:31.389Z\nError: Not Found - /api/routes
    at notFound (E:\MY-Portfolio\skybridge\smart-plaza\smart-plaza\backend\middleware\errorMiddleware.js:2:17)
    at Layer.handleRequest (E:\MY-Portfolio\skybridge\smart-plaza\smart-plaza\backend\node_modules\router\lib\layer.js:152:17)
    at trimPrefix (E:\MY-Portfolio\skybridge\smart-plaza\smart-plaza\backend\node_modules\router\index.js:342:13)
    at E:\MY-Portfolio\skybridge\smart-plaza\smart-plaza\backend\node_modules\router\index.js:297:9
    at processParams (E:\MY-Portfolio\skybridge\smart-plaza\smart-plaza\backend\node_modules\router\index.js:582:12)
    at next (E:\MY-Portfolio\skybridge\smart-plaza\smart-plaza\backend\node_modules\router\index.js:291:5)
    at E:\MY-Portfolio\skybridge\smart-plaza\smart-plaza\backend\server.js:96:3
    at Layer.handleRequest (E:\MY-Portfolio\skybridge\smart-plaza\smart-plaza\backend\node_modules\router\lib\layer.js:152:17)
    at trimPrefix (E:\MY-Portfolio\skybridge\smart-plaza\smart-plaza\backend\node_modules\router\index.js:342:13)
    at E:\MY-Portfolio\skybridge\smart-plaza\smart-plaza\backend\node_modules\router\index.js:297:9
    at processParams (E:\MY-Portfolio\skybridge\smart-plaza\smart-plaza\backend\node_modules\router\index.js:582:12)
    at next (E:\MY-Portfolio\skybridge\smart-plaza\smart-plaza\backend\node_modules\router\index.js:291:5)
    at read (E:\MY-Portfolio\skybridge\smart-plaza\smart-plaza\backend\node_modules\body-parser\lib\read.js:53:5)
    at urlencodedParser (E:\MY-Portfolio\skybridge\smart-plaza\smart-plaza\backend\node_modules\body-parser\lib\types\urlencoded.js:57:5)
    at Layer.handleRequest (E:\MY-Portfolio\skybridge\smart-plaza\smart-plaza\backend\node_modules\router\lib\layer.js:152:17)
    at trimPrefix (E:\MY-Portfolio\skybridge\smart-plaza\smart-plaza\backend\node_modules\router\index.js:342:13)\n\n
>>>>>>> 1c6798b2274fea03fea5b7b843de7a9562cf1267
<<<<<<< HEAD
2026-07-10T19:27:27.223Z\nMongoServerError: unrecognized option to $unwind stage: preserveNullAndEmpty
    at Connection.sendCommand (E:\Skybridge Digital\SmartPlazaNew-main\backend\node_modules\mongodb\lib\cmap\connection.js:320:27)
    at process.processTicksAndRejections (node:internal/process/task_queues:95:5)
    at async Connection.command (E:\Skybridge Digital\SmartPlazaNew-main\backend\node_modules\mongodb\lib\cmap\connection.js:344:26)
    at async Server.command (E:\Skybridge Digital\SmartPlazaNew-main\backend\node_modules\mongodb\lib\sdam\server.js:208:29)
    at async tryOperation (E:\Skybridge Digital\SmartPlazaNew-main\backend\node_modules\mongodb\lib\operations\execute_operation.js:215:32)
    at async executeOperation (E:\Skybridge Digital\SmartPlazaNew-main\backend\node_modules\mongodb\lib\operations\execute_operation.js:80:16)
    at async AggregationCursor._initialize (E:\Skybridge Digital\SmartPlazaNew-main\backend\node_modules\mongodb\lib\cursor\aggregation_cursor.js:57:26)
    at async AggregationCursor.cursorInit (E:\Skybridge Digital\SmartPlazaNew-main\backend\node_modules\mongodb\lib\cursor\abstract_cursor.js:620:27)
    at async AggregationCursor.fetchBatch (E:\Skybridge Digital\SmartPlazaNew-main\backend\node_modules\mongodb\lib\cursor\abstract_cursor.js:654:13)
    at async AggregationCursor.next (E:\Skybridge Digital\SmartPlazaNew-main\backend\node_modules\mongodb\lib\cursor\abstract_cursor.js:326:17)
    at async [Symbol.asyncIterator] (E:\Skybridge Digital\SmartPlazaNew-main\backend\node_modules\mongodb\lib\cursor\abstract_cursor.js:254:34)
    at async AggregationCursor.toArray (E:\Skybridge Digital\SmartPlazaNew-main\backend\node_modules\mongodb\lib\cursor\abstract_cursor.js:406:26)
    at async Aggregate.exec (E:\Skybridge Digital\SmartPlazaNew-main\backend\node_modules\mongoose\lib\aggregate.js:1074:14)
    at async E:\Skybridge Digital\SmartPlazaNew-main\backend\controllers\ecommerceAdminController.js:293:18\n\n2026-07-10T19:27:28.820Z\nMongoServerError: unrecognized option to $unwind stage: preserveNullAndEmpty
    at Connection.sendCommand (E:\Skybridge Digital\SmartPlazaNew-main\backend\node_modules\mongodb\lib\cmap\connection.js:320:27)
    at process.processTicksAndRejections (node:internal/process/task_queues:95:5)
    at async Connection.command (E:\Skybridge Digital\SmartPlazaNew-main\backend\node_modules\mongodb\lib\cmap\connection.js:344:26)
    at async Server.command (E:\Skybridge Digital\SmartPlazaNew-main\backend\node_modules\mongodb\lib\sdam\server.js:208:29)
    at async tryOperation (E:\Skybridge Digital\SmartPlazaNew-main\backend\node_modules\mongodb\lib\operations\execute_operation.js:215:32)
    at async executeOperation (E:\Skybridge Digital\SmartPlazaNew-main\backend\node_modules\mongodb\lib\operations\execute_operation.js:80:16)
    at async AggregationCursor._initialize (E:\Skybridge Digital\SmartPlazaNew-main\backend\node_modules\mongodb\lib\cursor\aggregation_cursor.js:57:26)
    at async AggregationCursor.cursorInit (E:\Skybridge Digital\SmartPlazaNew-main\backend\node_modules\mongodb\lib\cursor\abstract_cursor.js:620:27)
    at async AggregationCursor.fetchBatch (E:\Skybridge Digital\SmartPlazaNew-main\backend\node_modules\mongodb\lib\cursor\abstract_cursor.js:654:13)
    at async AggregationCursor.next (E:\Skybridge Digital\SmartPlazaNew-main\backend\node_modules\mongodb\lib\cursor\abstract_cursor.js:326:17)
    at async [Symbol.asyncIterator] (E:\Skybridge Digital\SmartPlazaNew-main\backend\node_modules\mongodb\lib\cursor\abstract_cursor.js:254:34)
    at async AggregationCursor.toArray (E:\Skybridge Digital\SmartPlazaNew-main\backend\node_modules\mongodb\lib\cursor\abstract_cursor.js:406:26)
    at async Aggregate.exec (E:\Skybridge Digital\SmartPlazaNew-main\backend\node_modules\mongoose\lib\aggregate.js:1074:14)
    at async E:\Skybridge Digital\SmartPlazaNew-main\backend\controllers\ecommerceAdminController.js:293:18\n\n2026-07-10T20:17:49.290Z\nMongoServerError: unrecognized option to $unwind stage: preserveNullAndEmpty
    at Connection.sendCommand (E:\Skybridge Digital\SmartPlazaNew-main\backend\node_modules\mongodb\lib\cmap\connection.js:320:27)
    at process.processTicksAndRejections (node:internal/process/task_queues:95:5)
    at async Connection.command (E:\Skybridge Digital\SmartPlazaNew-main\backend\node_modules\mongodb\lib\cmap\connection.js:344:26)
    at async Server.command (E:\Skybridge Digital\SmartPlazaNew-main\backend\node_modules\mongodb\lib\sdam\server.js:208:29)
    at async tryOperation (E:\Skybridge Digital\SmartPlazaNew-main\backend\node_modules\mongodb\lib\operations\execute_operation.js:215:32)
    at async executeOperation (E:\Skybridge Digital\SmartPlazaNew-main\backend\node_modules\mongodb\lib\operations\execute_operation.js:80:16)
    at async AggregationCursor._initialize (E:\Skybridge Digital\SmartPlazaNew-main\backend\node_modules\mongodb\lib\cursor\aggregation_cursor.js:57:26)
    at async AggregationCursor.cursorInit (E:\Skybridge Digital\SmartPlazaNew-main\backend\node_modules\mongodb\lib\cursor\abstract_cursor.js:620:27)
    at async AggregationCursor.fetchBatch (E:\Skybridge Digital\SmartPlazaNew-main\backend\node_modules\mongodb\lib\cursor\abstract_cursor.js:654:13)
    at async AggregationCursor.next (E:\Skybridge Digital\SmartPlazaNew-main\backend\node_modules\mongodb\lib\cursor\abstract_cursor.js:326:17)
    at async [Symbol.asyncIterator] (E:\Skybridge Digital\SmartPlazaNew-main\backend\node_modules\mongodb\lib\cursor\abstract_cursor.js:254:34)
    at async AggregationCursor.toArray (E:\Skybridge Digital\SmartPlazaNew-main\backend\node_modules\mongodb\lib\cursor\abstract_cursor.js:406:26)
    at async Aggregate.exec (E:\Skybridge Digital\SmartPlazaNew-main\backend\node_modules\mongoose\lib\aggregate.js:1074:14)
    at async E:\Skybridge Digital\SmartPlazaNew-main\backend\controllers\ecommerceAdminController.js:293:18\n\n2026-07-10T20:17:51.764Z\nMongoServerError: unrecognized option to $unwind stage: preserveNullAndEmpty
    at Connection.sendCommand (E:\Skybridge Digital\SmartPlazaNew-main\backend\node_modules\mongodb\lib\cmap\connection.js:320:27)
    at process.processTicksAndRejections (node:internal/process/task_queues:95:5)
    at async Connection.command (E:\Skybridge Digital\SmartPlazaNew-main\backend\node_modules\mongodb\lib\cmap\connection.js:344:26)
    at async Server.command (E:\Skybridge Digital\SmartPlazaNew-main\backend\node_modules\mongodb\lib\sdam\server.js:208:29)
    at async tryOperation (E:\Skybridge Digital\SmartPlazaNew-main\backend\node_modules\mongodb\lib\operations\execute_operation.js:215:32)
    at async executeOperation (E:\Skybridge Digital\SmartPlazaNew-main\backend\node_modules\mongodb\lib\operations\execute_operation.js:80:16)
    at async AggregationCursor._initialize (E:\Skybridge Digital\SmartPlazaNew-main\backend\node_modules\mongodb\lib\cursor\aggregation_cursor.js:57:26)
    at async AggregationCursor.cursorInit (E:\Skybridge Digital\SmartPlazaNew-main\backend\node_modules\mongodb\lib\cursor\abstract_cursor.js:620:27)
    at async AggregationCursor.fetchBatch (E:\Skybridge Digital\SmartPlazaNew-main\backend\node_modules\mongodb\lib\cursor\abstract_cursor.js:654:13)
    at async AggregationCursor.next (E:\Skybridge Digital\SmartPlazaNew-main\backend\node_modules\mongodb\lib\cursor\abstract_cursor.js:326:17)
    at async [Symbol.asyncIterator] (E:\Skybridge Digital\SmartPlazaNew-main\backend\node_modules\mongodb\lib\cursor\abstract_cursor.js:254:34)
    at async AggregationCursor.toArray (E:\Skybridge Digital\SmartPlazaNew-main\backend\node_modules\mongodb\lib\cursor\abstract_cursor.js:406:26)
    at async Aggregate.exec (E:\Skybridge Digital\SmartPlazaNew-main\backend\node_modules\mongoose\lib\aggregate.js:1074:14)
    at async E:\Skybridge Digital\SmartPlazaNew-main\backend\controllers\ecommerceAdminController.js:293:18\n\n
=======
2026-07-10T18:20:19.858Z\nError: Not Found - /api/routes
    at notFound (E:\MY-Portfolio\skybridge\smart-plaza\smart-plaza\backend\middleware\errorMiddleware.js:2:17)
    at Layer.handleRequest (E:\MY-Portfolio\skybridge\smart-plaza\smart-plaza\backend\node_modules\router\lib\layer.js:152:17)
    at trimPrefix (E:\MY-Portfolio\skybridge\smart-plaza\smart-plaza\backend\node_modules\router\index.js:342:13)
    at E:\MY-Portfolio\skybridge\smart-plaza\smart-plaza\backend\node_modules\router\index.js:297:9
    at processParams (E:\MY-Portfolio\skybridge\smart-plaza\smart-plaza\backend\node_modules\router\index.js:582:12)
    at next (E:\MY-Portfolio\skybridge\smart-plaza\smart-plaza\backend\node_modules\router\index.js:291:5)
    at E:\MY-Portfolio\skybridge\smart-plaza\smart-plaza\backend\server.js:96:3
    at Layer.handleRequest (E:\MY-Portfolio\skybridge\smart-plaza\smart-plaza\backend\node_modules\router\lib\layer.js:152:17)
    at trimPrefix (E:\MY-Portfolio\skybridge\smart-plaza\smart-plaza\backend\node_modules\router\index.js:342:13)
    at E:\MY-Portfolio\skybridge\smart-plaza\smart-plaza\backend\node_modules\router\index.js:297:9
    at processParams (E:\MY-Portfolio\skybridge\smart-plaza\smart-plaza\backend\node_modules\router\index.js:582:12)
    at next (E:\MY-Portfolio\skybridge\smart-plaza\smart-plaza\backend\node_modules\router\index.js:291:5)
    at read (E:\MY-Portfolio\skybridge\smart-plaza\smart-plaza\backend\node_modules\body-parser\lib\read.js:53:5)
    at urlencodedParser (E:\MY-Portfolio\skybridge\smart-plaza\smart-plaza\backend\node_modules\body-parser\lib\types\urlencoded.js:57:5)
    at Layer.handleRequest (E:\MY-Portfolio\skybridge\smart-plaza\smart-plaza\backend\node_modules\router\lib\layer.js:152:17)
    at trimPrefix (E:\MY-Portfolio\skybridge\smart-plaza\smart-plaza\backend\node_modules\router\index.js:342:13)\n\n2026-07-10T18:20:20.891Z\nError: Not Found - /api/routes
    at notFound (E:\MY-Portfolio\skybridge\smart-plaza\smart-plaza\backend\middleware\errorMiddleware.js:2:17)
    at Layer.handleRequest (E:\MY-Portfolio\skybridge\smart-plaza\smart-plaza\backend\node_modules\router\lib\layer.js:152:17)
    at trimPrefix (E:\MY-Portfolio\skybridge\smart-plaza\smart-plaza\backend\node_modules\router\index.js:342:13)
    at E:\MY-Portfolio\skybridge\smart-plaza\smart-plaza\backend\node_modules\router\index.js:297:9
    at processParams (E:\MY-Portfolio\skybridge\smart-plaza\smart-plaza\backend\node_modules\router\index.js:582:12)
    at next (E:\MY-Portfolio\skybridge\smart-plaza\smart-plaza\backend\node_modules\router\index.js:291:5)
    at E:\MY-Portfolio\skybridge\smart-plaza\smart-plaza\backend\server.js:96:3
    at Layer.handleRequest (E:\MY-Portfolio\skybridge\smart-plaza\smart-plaza\backend\node_modules\router\lib\layer.js:152:17)
    at trimPrefix (E:\MY-Portfolio\skybridge\smart-plaza\smart-plaza\backend\node_modules\router\index.js:342:13)
    at E:\MY-Portfolio\skybridge\smart-plaza\smart-plaza\backend\node_modules\router\index.js:297:9
    at processParams (E:\MY-Portfolio\skybridge\smart-plaza\smart-plaza\backend\node_modules\router\index.js:582:12)
    at next (E:\MY-Portfolio\skybridge\smart-plaza\smart-plaza\backend\node_modules\router\index.js:291:5)
    at read (E:\MY-Portfolio\skybridge\smart-plaza\smart-plaza\backend\node_modules\body-parser\lib\read.js:53:5)
    at urlencodedParser (E:\MY-Portfolio\skybridge\smart-plaza\smart-plaza\backend\node_modules\body-parser\lib\types\urlencoded.js:57:5)
    at Layer.handleRequest (E:\MY-Portfolio\skybridge\smart-plaza\smart-plaza\backend\node_modules\router\lib\layer.js:152:17)
    at trimPrefix (E:\MY-Portfolio\skybridge\smart-plaza\smart-plaza\backend\node_modules\router\index.js:342:13)\n\n2026-07-10T18:29:09.786Z\nMongoServerError: E11000 duplicate key error collection: smartplaza.customers index: contactNumber_1 dup key: { contactNumber: "01316884689" }
    at InsertOneOperation.handleOk (E:\MY-Portfolio\skybridge\smart-plaza\smart-plaza\backend\node_modules\mongodb\lib\operations\insert.js:51:19)
    at executeOperationWithRetries (E:\MY-Portfolio\skybridge\smart-plaza\smart-plaza\backend\node_modules\mongodb\lib\operations\execute_operation.js:194:34)
    at process.processTicksAndRejections (node:internal/process/task_queues:104:5)
    at async executeOperation (E:\MY-Portfolio\skybridge\smart-plaza\smart-plaza\backend\node_modules\mongodb\lib\operations\execute_operation.js:83:16)
    at async Collection.insertOne (E:\MY-Portfolio\skybridge\smart-plaza\smart-plaza\backend\node_modules\mongodb\lib\collection.js:154:16)
    at async model.$__save (E:\MY-Portfolio\skybridge\smart-plaza\smart-plaza\backend\node_modules\mongoose\lib\model.js:428:16)
    at async model.save (E:\MY-Portfolio\skybridge\smart-plaza\smart-plaza\backend\node_modules\mongoose\lib\model.js:667:5)
    at async model.create (E:\MY-Portfolio\skybridge\smart-plaza\smart-plaza\backend\node_modules\mongoose\lib\model.js:2747:5)
    at async E:\MY-Portfolio\skybridge\smart-plaza\smart-plaza\backend\controllers\contactController.js:124:20\n\n
>>>>>>> 9493ce505fbe97875caeec234b2310364dab2a73
2026-07-10T21:27:43.894Z
Error: Not Found - /api/routes
    at notFound (E:\MY-Portfolio\skybridge\smart-plaza\smart-plaza\backend\middleware\errorMiddleware.js:2:17)
    at Layer.handleRequest (E:\MY-Portfolio\skybridge\smart-plaza\smart-plaza\backend\node_modules\router\lib\layer.js:152:17)
    at trimPrefix (E:\MY-Portfolio\skybridge\smart-plaza\smart-plaza\backend\node_modules\router\index.js:342:13)
    at E:\MY-Portfolio\skybridge\smart-plaza\smart-plaza\backend\node_modules\router\index.js:297:9
    at processParams (E:\MY-Portfolio\skybridge\smart-plaza\smart-plaza\backend\node_modules\router\index.js:582:12)
    at next (E:\MY-Portfolio\skybridge\smart-plaza\smart-plaza\backend\node_modules\router\index.js:291:5)
    at E:\MY-Portfolio\skybridge\smart-plaza\smart-plaza\backend\server.js:96:3
    at Layer.handleRequest (E:\MY-Portfolio\skybridge\smart-plaza\smart-plaza\backend\node_modules\router\lib\layer.js:152:17)
    at trimPrefix (E:\MY-Portfolio\skybridge\smart-plaza\smart-plaza\backend\node_modules\router\index.js:342:13)
    at E:\MY-Portfolio\skybridge\smart-plaza\smart-plaza\backend\node_modules\router\index.js:297:9
    at processParams (E:\MY-Portfolio\skybridge\smart-plaza\smart-plaza\backend\node_modules\router\index.js:582:12)
    at next (E:\MY-Portfolio\skybridge\smart-plaza\smart-plaza\backend\node_modules\router\index.js:291:5)
    at read (E:\MY-Portfolio\skybridge\smart-plaza\smart-plaza\backend\node_modules\body-parser\lib\read.js:53:5)
    at urlencodedParser (E:\MY-Portfolio\skybridge\smart-plaza\smart-plaza\backend\node_modules\body-parser\lib\types\urlencoded.js:57:5)
    at Layer.handleRequest (E:\MY-Portfolio\skybridge\smart-plaza\smart-plaza\backend\node_modules\router\lib\layer.js:152:17)
    at trimPrefix (E:\MY-Portfolio\skybridge\smart-plaza\smart-plaza\backend\node_modules\router\index.js:342:13)

2026-07-10T21:27:44.931Z
Error: Not Found - /api/routes
    at notFound (E:\MY-Portfolio\skybridge\smart-plaza\smart-plaza\backend\middleware\errorMiddleware.js:2:17)
    at Layer.handleRequest (E:\MY-Portfolio\skybridge\smart-plaza\smart-plaza\backend\node_modules\router\lib\layer.js:152:17)
    at trimPrefix (E:\MY-Portfolio\skybridge\smart-plaza\smart-plaza\backend\node_modules\router\index.js:342:13)
    at E:\MY-Portfolio\skybridge\smart-plaza\smart-plaza\backend\node_modules\router\index.js:297:9
    at processParams (E:\MY-Portfolio\skybridge\smart-plaza\smart-plaza\backend\node_modules\router\index.js:582:12)
    at next (E:\MY-Portfolio\skybridge\smart-plaza\smart-plaza\backend\node_modules\router\index.js:291:5)
    at E:\MY-Portfolio\skybridge\smart-plaza\smart-plaza\backend\server.js:96:3
    at Layer.handleRequest (E:\MY-Portfolio\skybridge\smart-plaza\smart-plaza\backend\node_modules\router\lib\layer.js:152:17)
    at trimPrefix (E:\MY-Portfolio\skybridge\smart-plaza\smart-plaza\backend\node_modules\router\index.js:342:13)
    at E:\MY-Portfolio\skybridge\smart-plaza\smart-plaza\backend\node_modules\router\index.js:297:9
    at processParams (E:\MY-Portfolio\skybridge\smart-plaza\smart-plaza\backend\node_modules\router\index.js:582:12)
    at next (E:\MY-Portfolio\skybridge\smart-plaza\smart-plaza\backend\node_modules\router\index.js:291:5)
    at read (E:\MY-Portfolio\skybridge\smart-plaza\smart-plaza\backend\node_modules\body-parser\lib\read.js:53:5)
    at urlencodedParser (E:\MY-Portfolio\skybridge\smart-plaza\smart-plaza\backend\node_modules\body-parser\lib\types\urlencoded.js:57:5)
    at Layer.handleRequest (E:\MY-Portfolio\skybridge\smart-plaza\smart-plaza\backend\node_modules\router\lib\layer.js:152:17)
    at trimPrefix (E:\MY-Portfolio\skybridge\smart-plaza\smart-plaza\backend\node_modules\router\index.js:342:13)

2026-07-10T22:03:31.297Z
Error: Not Found - /favicon.ico
    at notFound (E:\MY-Portfolio\skybridge\smart-plaza\smart-plaza\backend\middleware\errorMiddleware.js:2:17)
    at Layer.handleRequest (E:\MY-Portfolio\skybridge\smart-plaza\smart-plaza\backend\node_modules\router\lib\layer.js:152:17)
    at trimPrefix (E:\MY-Portfolio\skybridge\smart-plaza\smart-plaza\backend\node_modules\router\index.js:342:13)
    at E:\MY-Portfolio\skybridge\smart-plaza\smart-plaza\backend\node_modules\router\index.js:297:9
    at processParams (E:\MY-Portfolio\skybridge\smart-plaza\smart-plaza\backend\node_modules\router\index.js:582:12)
    at next (E:\MY-Portfolio\skybridge\smart-plaza\smart-plaza\backend\node_modules\router\index.js:291:5)
    at E:\MY-Portfolio\skybridge\smart-plaza\smart-plaza\backend\server.js:96:3
    at Layer.handleRequest (E:\MY-Portfolio\skybridge\smart-plaza\smart-plaza\backend\node_modules\router\lib\layer.js:152:17)
    at trimPrefix (E:\MY-Portfolio\skybridge\smart-plaza\smart-plaza\backend\node_modules\router\index.js:342:13)
    at E:\MY-Portfolio\skybridge\smart-plaza\smart-plaza\backend\node_modules\router\index.js:297:9
    at processParams (E:\MY-Portfolio\skybridge\smart-plaza\smart-plaza\backend\node_modules\router\index.js:582:12)
    at next (E:\MY-Portfolio\skybridge\smart-plaza\smart-plaza\backend\node_modules\router\index.js:291:5)
    at read (E:\MY-Portfolio\skybridge\smart-plaza\smart-plaza\backend\node_modules\body-parser\lib\read.js:53:5)
    at urlencodedParser (E:\MY-Portfolio\skybridge\smart-plaza\smart-plaza\backend\node_modules\body-parser\lib\types\urlencoded.js:57:5)
    at Layer.handleRequest (E:\MY-Portfolio\skybridge\smart-plaza\smart-plaza\backend\node_modules\router\lib\layer.js:152:17)
    at trimPrefix (E:\MY-Portfolio\skybridge\smart-plaza\smart-plaza\backend\node_modules\router\index.js:342:13)

<<<<<<< HEAD
2026-07-11T15:04:57.636Z
MongoServerError: unrecognized option to $unwind stage: preserveNullAndEmpty
    at Connection.sendCommand (E:\Skybridge Digital\SmartPlazaNew-main\backend\node_modules\mongodb\lib\cmap\connection.js:320:27)
    at process.processTicksAndRejections (node:internal/process/task_queues:95:5)
    at async Connection.command (E:\Skybridge Digital\SmartPlazaNew-main\backend\node_modules\mongodb\lib\cmap\connection.js:344:26)
    at async Server.command (E:\Skybridge Digital\SmartPlazaNew-main\backend\node_modules\mongodb\lib\sdam\server.js:208:29)
    at async tryOperation (E:\Skybridge Digital\SmartPlazaNew-main\backend\node_modules\mongodb\lib\operations\execute_operation.js:215:32)
    at async executeOperation (E:\Skybridge Digital\SmartPlazaNew-main\backend\node_modules\mongodb\lib\operations\execute_operation.js:80:16)
    at async AggregationCursor._initialize (E:\Skybridge Digital\SmartPlazaNew-main\backend\node_modules\mongodb\lib\cursor\aggregation_cursor.js:57:26)
    at async AggregationCursor.cursorInit (E:\Skybridge Digital\SmartPlazaNew-main\backend\node_modules\mongodb\lib\cursor\abstract_cursor.js:620:27)
    at async AggregationCursor.fetchBatch (E:\Skybridge Digital\SmartPlazaNew-main\backend\node_modules\mongodb\lib\cursor\abstract_cursor.js:654:13)
    at async AggregationCursor.next (E:\Skybridge Digital\SmartPlazaNew-main\backend\node_modules\mongodb\lib\cursor\abstract_cursor.js:326:17)
    at async [Symbol.asyncIterator] (E:\Skybridge Digital\SmartPlazaNew-main\backend\node_modules\mongodb\lib\cursor\abstract_cursor.js:254:34)
    at async AggregationCursor.toArray (E:\Skybridge Digital\SmartPlazaNew-main\backend\node_modules\mongodb\lib\cursor\abstract_cursor.js:406:26)
    at async Aggregate.exec (E:\Skybridge Digital\SmartPlazaNew-main\backend\node_modules\mongoose\lib\aggregate.js:1074:14)
    at async E:\Skybridge Digital\SmartPlazaNew-main\backend\controllers\ecommerceAdminController.js:293:18

2026-07-11T15:04:58.672Z
MongoServerError: unrecognized option to $unwind stage: preserveNullAndEmpty
    at Connection.sendCommand (E:\Skybridge Digital\SmartPlazaNew-main\backend\node_modules\mongodb\lib\cmap\connection.js:320:27)
    at process.processTicksAndRejections (node:internal/process/task_queues:95:5)
    at async Connection.command (E:\Skybridge Digital\SmartPlazaNew-main\backend\node_modules\mongodb\lib\cmap\connection.js:344:26)
    at async Server.command (E:\Skybridge Digital\SmartPlazaNew-main\backend\node_modules\mongodb\lib\sdam\server.js:208:29)
    at async tryOperation (E:\Skybridge Digital\SmartPlazaNew-main\backend\node_modules\mongodb\lib\operations\execute_operation.js:215:32)
    at async executeOperation (E:\Skybridge Digital\SmartPlazaNew-main\backend\node_modules\mongodb\lib\operations\execute_operation.js:80:16)
    at async AggregationCursor._initialize (E:\Skybridge Digital\SmartPlazaNew-main\backend\node_modules\mongodb\lib\cursor\aggregation_cursor.js:57:26)
    at async AggregationCursor.cursorInit (E:\Skybridge Digital\SmartPlazaNew-main\backend\node_modules\mongodb\lib\cursor\abstract_cursor.js:620:27)
    at async AggregationCursor.fetchBatch (E:\Skybridge Digital\SmartPlazaNew-main\backend\node_modules\mongodb\lib\cursor\abstract_cursor.js:654:13)
    at async AggregationCursor.next (E:\Skybridge Digital\SmartPlazaNew-main\backend\node_modules\mongodb\lib\cursor\abstract_cursor.js:326:17)
    at async [Symbol.asyncIterator] (E:\Skybridge Digital\SmartPlazaNew-main\backend\node_modules\mongodb\lib\cursor\abstract_cursor.js:254:34)
    at async AggregationCursor.toArray (E:\Skybridge Digital\SmartPlazaNew-main\backend\node_modules\mongodb\lib\cursor\abstract_cursor.js:406:26)
    at async Aggregate.exec (E:\Skybridge Digital\SmartPlazaNew-main\backend\node_modules\mongoose\lib\aggregate.js:1074:14)
    at async E:\Skybridge Digital\SmartPlazaNew-main\backend\controllers\ecommerceAdminController.js:293:18

2026-07-11T15:05:14.804Z
ValidationError: Product validation failed: brand: Brand is required
    at Document.invalidate (E:\Skybridge Digital\SmartPlazaNew-main\backend\node_modules\mongoose\lib\document.js:3379:32)
    at validatePath (E:\Skybridge Digital\SmartPlazaNew-main\backend\node_modules\mongoose\lib\document.js:3154:13)
    at process.processTicksAndRejections (node:internal/process/task_queues:95:5)
    at async Promise.all (index 0)
    at async model.$__validate (E:\Skybridge Digital\SmartPlazaNew-main\backend\node_modules\mongoose\lib\document.js:3095:3)
    at async model.validate (E:\Skybridge Digital\SmartPlazaNew-main\backend\node_modules\mongoose\lib\document.js:2672:5)
    at async model.validateBeforeSave (E:\Skybridge Digital\SmartPlazaNew-main\backend\node_modules\mongoose\lib\plugins\validateBeforeSave.js:34:7)
    at async Kareem.execPre (E:\Skybridge Digital\SmartPlazaNew-main\backend\node_modules\kareem\index.js:65:24)
    at async model.$__save (E:\Skybridge Digital\SmartPlazaNew-main\backend\node_modules\mongoose\lib\model.js:369:5)
    at async model.save (E:\Skybridge Digital\SmartPlazaNew-main\backend\node_modules\mongoose\lib\model.js:609:5)
    at async E:\Skybridge Digital\SmartPlazaNew-main\backend\controllers\ecommerceAdminController.js:162:3

2026-07-11T15:05:16.333Z
ValidationError: Product validation failed: brand: Brand is required
    at Document.invalidate (E:\Skybridge Digital\SmartPlazaNew-main\backend\node_modules\mongoose\lib\document.js:3379:32)
    at validatePath (E:\Skybridge Digital\SmartPlazaNew-main\backend\node_modules\mongoose\lib\document.js:3154:13)
    at process.processTicksAndRejections (node:internal/process/task_queues:95:5)
    at async Promise.all (index 0)
    at async model.$__validate (E:\Skybridge Digital\SmartPlazaNew-main\backend\node_modules\mongoose\lib\document.js:3095:3)
    at async model.validate (E:\Skybridge Digital\SmartPlazaNew-main\backend\node_modules\mongoose\lib\document.js:2672:5)
    at async model.validateBeforeSave (E:\Skybridge Digital\SmartPlazaNew-main\backend\node_modules\mongoose\lib\plugins\validateBeforeSave.js:34:7)
    at async Kareem.execPre (E:\Skybridge Digital\SmartPlazaNew-main\backend\node_modules\kareem\index.js:65:24)
    at async model.$__save (E:\Skybridge Digital\SmartPlazaNew-main\backend\node_modules\mongoose\lib\model.js:369:5)
    at async model.save (E:\Skybridge Digital\SmartPlazaNew-main\backend\node_modules\mongoose\lib\model.js:609:5)
    at async E:\Skybridge Digital\SmartPlazaNew-main\backend\controllers\ecommerceAdminController.js:162:3

2026-07-11T15:05:17.661Z
ValidationError: Product validation failed: brand: Brand is required
    at Document.invalidate (E:\Skybridge Digital\SmartPlazaNew-main\backend\node_modules\mongoose\lib\document.js:3379:32)
    at validatePath (E:\Skybridge Digital\SmartPlazaNew-main\backend\node_modules\mongoose\lib\document.js:3154:13)
    at process.processTicksAndRejections (node:internal/process/task_queues:95:5)
    at async Promise.all (index 0)
    at async model.$__validate (E:\Skybridge Digital\SmartPlazaNew-main\backend\node_modules\mongoose\lib\document.js:3095:3)
    at async model.validate (E:\Skybridge Digital\SmartPlazaNew-main\backend\node_modules\mongoose\lib\document.js:2672:5)
    at async model.validateBeforeSave (E:\Skybridge Digital\SmartPlazaNew-main\backend\node_modules\mongoose\lib\plugins\validateBeforeSave.js:34:7)
    at async Kareem.execPre (E:\Skybridge Digital\SmartPlazaNew-main\backend\node_modules\kareem\index.js:65:24)
    at async model.$__save (E:\Skybridge Digital\SmartPlazaNew-main\backend\node_modules\mongoose\lib\model.js:369:5)
    at async model.save (E:\Skybridge Digital\SmartPlazaNew-main\backend\node_modules\mongoose\lib\model.js:609:5)
    at async E:\Skybridge Digital\SmartPlazaNew-main\backend\controllers\ecommerceAdminController.js:162:3

2026-07-11T15:05:21.635Z
MongoServerError: unrecognized option to $unwind stage: preserveNullAndEmpty
    at Connection.sendCommand (E:\Skybridge Digital\SmartPlazaNew-main\backend\node_modules\mongodb\lib\cmap\connection.js:320:27)
    at process.processTicksAndRejections (node:internal/process/task_queues:95:5)
    at async Connection.command (E:\Skybridge Digital\SmartPlazaNew-main\backend\node_modules\mongodb\lib\cmap\connection.js:344:26)
    at async Server.command (E:\Skybridge Digital\SmartPlazaNew-main\backend\node_modules\mongodb\lib\sdam\server.js:208:29)
    at async tryOperation (E:\Skybridge Digital\SmartPlazaNew-main\backend\node_modules\mongodb\lib\operations\execute_operation.js:215:32)
    at async executeOperation (E:\Skybridge Digital\SmartPlazaNew-main\backend\node_modules\mongodb\lib\operations\execute_operation.js:80:16)
    at async AggregationCursor._initialize (E:\Skybridge Digital\SmartPlazaNew-main\backend\node_modules\mongodb\lib\cursor\aggregation_cursor.js:57:26)
    at async AggregationCursor.cursorInit (E:\Skybridge Digital\SmartPlazaNew-main\backend\node_modules\mongodb\lib\cursor\abstract_cursor.js:620:27)
    at async AggregationCursor.fetchBatch (E:\Skybridge Digital\SmartPlazaNew-main\backend\node_modules\mongodb\lib\cursor\abstract_cursor.js:654:13)
    at async AggregationCursor.next (E:\Skybridge Digital\SmartPlazaNew-main\backend\node_modules\mongodb\lib\cursor\abstract_cursor.js:326:17)
    at async [Symbol.asyncIterator] (E:\Skybridge Digital\SmartPlazaNew-main\backend\node_modules\mongodb\lib\cursor\abstract_cursor.js:254:34)
    at async AggregationCursor.toArray (E:\Skybridge Digital\SmartPlazaNew-main\backend\node_modules\mongodb\lib\cursor\abstract_cursor.js:406:26)
    at async Aggregate.exec (E:\Skybridge Digital\SmartPlazaNew-main\backend\node_modules\mongoose\lib\aggregate.js:1074:14)
    at async E:\Skybridge Digital\SmartPlazaNew-main\backend\controllers\ecommerceAdminController.js:293:18

2026-07-11T15:05:22.674Z
MongoServerError: unrecognized option to $unwind stage: preserveNullAndEmpty
    at Connection.sendCommand (E:\Skybridge Digital\SmartPlazaNew-main\backend\node_modules\mongodb\lib\cmap\connection.js:320:27)
    at process.processTicksAndRejections (node:internal/process/task_queues:95:5)
    at async Connection.command (E:\Skybridge Digital\SmartPlazaNew-main\backend\node_modules\mongodb\lib\cmap\connection.js:344:26)
    at async Server.command (E:\Skybridge Digital\SmartPlazaNew-main\backend\node_modules\mongodb\lib\sdam\server.js:208:29)
    at async tryOperation (E:\Skybridge Digital\SmartPlazaNew-main\backend\node_modules\mongodb\lib\operations\execute_operation.js:215:32)
    at async executeOperation (E:\Skybridge Digital\SmartPlazaNew-main\backend\node_modules\mongodb\lib\operations\execute_operation.js:80:16)
    at async AggregationCursor._initialize (E:\Skybridge Digital\SmartPlazaNew-main\backend\node_modules\mongodb\lib\cursor\aggregation_cursor.js:57:26)
    at async AggregationCursor.cursorInit (E:\Skybridge Digital\SmartPlazaNew-main\backend\node_modules\mongodb\lib\cursor\abstract_cursor.js:620:27)
    at async AggregationCursor.fetchBatch (E:\Skybridge Digital\SmartPlazaNew-main\backend\node_modules\mongodb\lib\cursor\abstract_cursor.js:654:13)
    at async AggregationCursor.next (E:\Skybridge Digital\SmartPlazaNew-main\backend\node_modules\mongodb\lib\cursor\abstract_cursor.js:326:17)
    at async [Symbol.asyncIterator] (E:\Skybridge Digital\SmartPlazaNew-main\backend\node_modules\mongodb\lib\cursor\abstract_cursor.js:254:34)
    at async AggregationCursor.toArray (E:\Skybridge Digital\SmartPlazaNew-main\backend\node_modules\mongodb\lib\cursor\abstract_cursor.js:406:26)
    at async Aggregate.exec (E:\Skybridge Digital\SmartPlazaNew-main\backend\node_modules\mongoose\lib\aggregate.js:1074:14)
    at async E:\Skybridge Digital\SmartPlazaNew-main\backend\controllers\ecommerceAdminController.js:293:18

2026-07-11T15:05:23.427Z
ValidationError: Product validation failed: brand: Brand is required
    at Document.invalidate (E:\Skybridge Digital\SmartPlazaNew-main\backend\node_modules\mongoose\lib\document.js:3379:32)
    at validatePath (E:\Skybridge Digital\SmartPlazaNew-main\backend\node_modules\mongoose\lib\document.js:3154:13)
    at process.processTicksAndRejections (node:internal/process/task_queues:95:5)
    at async Promise.all (index 0)
    at async model.$__validate (E:\Skybridge Digital\SmartPlazaNew-main\backend\node_modules\mongoose\lib\document.js:3095:3)
    at async model.validate (E:\Skybridge Digital\SmartPlazaNew-main\backend\node_modules\mongoose\lib\document.js:2672:5)
    at async model.validateBeforeSave (E:\Skybridge Digital\SmartPlazaNew-main\backend\node_modules\mongoose\lib\plugins\validateBeforeSave.js:34:7)
    at async Kareem.execPre (E:\Skybridge Digital\SmartPlazaNew-main\backend\node_modules\kareem\index.js:65:24)
    at async model.$__save (E:\Skybridge Digital\SmartPlazaNew-main\backend\node_modules\mongoose\lib\model.js:369:5)
    at async model.save (E:\Skybridge Digital\SmartPlazaNew-main\backend\node_modules\mongoose\lib\model.js:609:5)
    at async E:\Skybridge Digital\SmartPlazaNew-main\backend\controllers\ecommerceAdminController.js:162:3

2026-07-11T15:05:35.085Z
ValidationError: Product validation failed: brand: Brand is required
    at Document.invalidate (E:\Skybridge Digital\SmartPlazaNew-main\backend\node_modules\mongoose\lib\document.js:3379:32)
    at validatePath (E:\Skybridge Digital\SmartPlazaNew-main\backend\node_modules\mongoose\lib\document.js:3154:13)
    at process.processTicksAndRejections (node:internal/process/task_queues:95:5)
    at async Promise.all (index 0)
    at async model.$__validate (E:\Skybridge Digital\SmartPlazaNew-main\backend\node_modules\mongoose\lib\document.js:3095:3)
    at async model.validate (E:\Skybridge Digital\SmartPlazaNew-main\backend\node_modules\mongoose\lib\document.js:2672:5)
    at async model.validateBeforeSave (E:\Skybridge Digital\SmartPlazaNew-main\backend\node_modules\mongoose\lib\plugins\validateBeforeSave.js:34:7)
    at async Kareem.execPre (E:\Skybridge Digital\SmartPlazaNew-main\backend\node_modules\kareem\index.js:65:24)
    at async model.$__save (E:\Skybridge Digital\SmartPlazaNew-main\backend\node_modules\mongoose\lib\model.js:369:5)
    at async model.save (E:\Skybridge Digital\SmartPlazaNew-main\backend\node_modules\mongoose\lib\model.js:609:5)
    at async E:\Skybridge Digital\SmartPlazaNew-main\backend\controllers\ecommerceAdminController.js:162:3

2026-07-11T15:05:45.597Z
MongoServerError: unrecognized option to $unwind stage: preserveNullAndEmpty
    at Connection.sendCommand (E:\Skybridge Digital\SmartPlazaNew-main\backend\node_modules\mongodb\lib\cmap\connection.js:320:27)
    at process.processTicksAndRejections (node:internal/process/task_queues:95:5)
    at async Connection.command (E:\Skybridge Digital\SmartPlazaNew-main\backend\node_modules\mongodb\lib\cmap\connection.js:344:26)
    at async Server.command (E:\Skybridge Digital\SmartPlazaNew-main\backend\node_modules\mongodb\lib\sdam\server.js:208:29)
    at async tryOperation (E:\Skybridge Digital\SmartPlazaNew-main\backend\node_modules\mongodb\lib\operations\execute_operation.js:215:32)
    at async executeOperation (E:\Skybridge Digital\SmartPlazaNew-main\backend\node_modules\mongodb\lib\operations\execute_operation.js:80:16)
    at async AggregationCursor._initialize (E:\Skybridge Digital\SmartPlazaNew-main\backend\node_modules\mongodb\lib\cursor\aggregation_cursor.js:57:26)
    at async AggregationCursor.cursorInit (E:\Skybridge Digital\SmartPlazaNew-main\backend\node_modules\mongodb\lib\cursor\abstract_cursor.js:620:27)
    at async AggregationCursor.fetchBatch (E:\Skybridge Digital\SmartPlazaNew-main\backend\node_modules\mongodb\lib\cursor\abstract_cursor.js:654:13)
    at async AggregationCursor.next (E:\Skybridge Digital\SmartPlazaNew-main\backend\node_modules\mongodb\lib\cursor\abstract_cursor.js:326:17)
    at async [Symbol.asyncIterator] (E:\Skybridge Digital\SmartPlazaNew-main\backend\node_modules\mongodb\lib\cursor\abstract_cursor.js:254:34)
    at async AggregationCursor.toArray (E:\Skybridge Digital\SmartPlazaNew-main\backend\node_modules\mongodb\lib\cursor\abstract_cursor.js:406:26)
    at async Aggregate.exec (E:\Skybridge Digital\SmartPlazaNew-main\backend\node_modules\mongoose\lib\aggregate.js:1074:14)
    at async E:\Skybridge Digital\SmartPlazaNew-main\backend\controllers\ecommerceAdminController.js:293:18

2026-07-11T15:05:46.790Z
MongoServerError: unrecognized option to $unwind stage: preserveNullAndEmpty
    at Connection.sendCommand (E:\Skybridge Digital\SmartPlazaNew-main\backend\node_modules\mongodb\lib\cmap\connection.js:320:27)
    at process.processTicksAndRejections (node:internal/process/task_queues:95:5)
    at async Connection.command (E:\Skybridge Digital\SmartPlazaNew-main\backend\node_modules\mongodb\lib\cmap\connection.js:344:26)
    at async Server.command (E:\Skybridge Digital\SmartPlazaNew-main\backend\node_modules\mongodb\lib\sdam\server.js:208:29)
    at async tryOperation (E:\Skybridge Digital\SmartPlazaNew-main\backend\node_modules\mongodb\lib\operations\execute_operation.js:215:32)
    at async executeOperation (E:\Skybridge Digital\SmartPlazaNew-main\backend\node_modules\mongodb\lib\operations\execute_operation.js:80:16)
    at async AggregationCursor._initialize (E:\Skybridge Digital\SmartPlazaNew-main\backend\node_modules\mongodb\lib\cursor\aggregation_cursor.js:57:26)
    at async AggregationCursor.cursorInit (E:\Skybridge Digital\SmartPlazaNew-main\backend\node_modules\mongodb\lib\cursor\abstract_cursor.js:620:27)
    at async AggregationCursor.fetchBatch (E:\Skybridge Digital\SmartPlazaNew-main\backend\node_modules\mongodb\lib\cursor\abstract_cursor.js:654:13)
    at async AggregationCursor.next (E:\Skybridge Digital\SmartPlazaNew-main\backend\node_modules\mongodb\lib\cursor\abstract_cursor.js:326:17)
    at async [Symbol.asyncIterator] (E:\Skybridge Digital\SmartPlazaNew-main\backend\node_modules\mongodb\lib\cursor\abstract_cursor.js:254:34)
    at async AggregationCursor.toArray (E:\Skybridge Digital\SmartPlazaNew-main\backend\node_modules\mongodb\lib\cursor\abstract_cursor.js:406:26)
    at async Aggregate.exec (E:\Skybridge Digital\SmartPlazaNew-main\backend\node_modules\mongoose\lib\aggregate.js:1074:14)
    at async E:\Skybridge Digital\SmartPlazaNew-main\backend\controllers\ecommerceAdminController.js:293:18

2026-07-11T15:05:51.684Z
ValidationError: Product validation failed: brand: Brand is required
    at Document.invalidate (E:\Skybridge Digital\SmartPlazaNew-main\backend\node_modules\mongoose\lib\document.js:3379:32)
    at validatePath (E:\Skybridge Digital\SmartPlazaNew-main\backend\node_modules\mongoose\lib\document.js:3154:13)
    at process.processTicksAndRejections (node:internal/process/task_queues:95:5)
    at async Promise.all (index 0)
    at async model.$__validate (E:\Skybridge Digital\SmartPlazaNew-main\backend\node_modules\mongoose\lib\document.js:3095:3)
    at async model.validate (E:\Skybridge Digital\SmartPlazaNew-main\backend\node_modules\mongoose\lib\document.js:2672:5)
    at async model.validateBeforeSave (E:\Skybridge Digital\SmartPlazaNew-main\backend\node_modules\mongoose\lib\plugins\validateBeforeSave.js:34:7)
    at async Kareem.execPre (E:\Skybridge Digital\SmartPlazaNew-main\backend\node_modules\kareem\index.js:65:24)
    at async model.$__save (E:\Skybridge Digital\SmartPlazaNew-main\backend\node_modules\mongoose\lib\model.js:369:5)
    at async model.save (E:\Skybridge Digital\SmartPlazaNew-main\backend\node_modules\mongoose\lib\model.js:609:5)
    at async E:\Skybridge Digital\SmartPlazaNew-main\backend\controllers\ecommerceAdminController.js:162:3

2026-07-11T15:06:08.183Z
ValidationError: Product validation failed: brand: Brand is required
    at Document.invalidate (E:\Skybridge Digital\SmartPlazaNew-main\backend\node_modules\mongoose\lib\document.js:3379:32)
    at validatePath (E:\Skybridge Digital\SmartPlazaNew-main\backend\node_modules\mongoose\lib\document.js:3154:13)
    at process.processTicksAndRejections (node:internal/process/task_queues:95:5)
    at async Promise.all (index 0)
    at async model.$__validate (E:\Skybridge Digital\SmartPlazaNew-main\backend\node_modules\mongoose\lib\document.js:3095:3)
    at async model.validate (E:\Skybridge Digital\SmartPlazaNew-main\backend\node_modules\mongoose\lib\document.js:2672:5)
    at async model.validateBeforeSave (E:\Skybridge Digital\SmartPlazaNew-main\backend\node_modules\mongoose\lib\plugins\validateBeforeSave.js:34:7)
    at async Kareem.execPre (E:\Skybridge Digital\SmartPlazaNew-main\backend\node_modules\kareem\index.js:65:24)
    at async model.$__save (E:\Skybridge Digital\SmartPlazaNew-main\backend\node_modules\mongoose\lib\model.js:369:5)
    at async model.save (E:\Skybridge Digital\SmartPlazaNew-main\backend\node_modules\mongoose\lib\model.js:609:5)
    at async E:\Skybridge Digital\SmartPlazaNew-main\backend\controllers\ecommerceAdminController.js:162:3

2026-07-11T15:07:50.953Z
ValidationError: Product validation failed: brand: Brand is required
    at Document.invalidate (E:\Skybridge Digital\SmartPlazaNew-main\backend\node_modules\mongoose\lib\document.js:3379:32)
    at validatePath (E:\Skybridge Digital\SmartPlazaNew-main\backend\node_modules\mongoose\lib\document.js:3154:13)
    at process.processTicksAndRejections (node:internal/process/task_queues:95:5)
    at async Promise.all (index 0)
    at async model.$__validate (E:\Skybridge Digital\SmartPlazaNew-main\backend\node_modules\mongoose\lib\document.js:3095:3)
    at async model.validate (E:\Skybridge Digital\SmartPlazaNew-main\backend\node_modules\mongoose\lib\document.js:2672:5)
    at async model.validateBeforeSave (E:\Skybridge Digital\SmartPlazaNew-main\backend\node_modules\mongoose\lib\plugins\validateBeforeSave.js:34:7)
    at async Kareem.execPre (E:\Skybridge Digital\SmartPlazaNew-main\backend\node_modules\kareem\index.js:65:24)
    at async model.$__save (E:\Skybridge Digital\SmartPlazaNew-main\backend\node_modules\mongoose\lib\model.js:369:5)
    at async model.save (E:\Skybridge Digital\SmartPlazaNew-main\backend\node_modules\mongoose\lib\model.js:609:5)
    at async E:\Skybridge Digital\SmartPlazaNew-main\backend\controllers\ecommerceAdminController.js:162:3

2026-07-11T15:11:04.218Z
MongoServerError: unrecognized option to $unwind stage: preserveNullAndEmpty
    at Connection.sendCommand (E:\Skybridge Digital\SmartPlazaNew-main\backend\node_modules\mongodb\lib\cmap\connection.js:320:27)
    at process.processTicksAndRejections (node:internal/process/task_queues:95:5)
    at async Connection.command (E:\Skybridge Digital\SmartPlazaNew-main\backend\node_modules\mongodb\lib\cmap\connection.js:344:26)
    at async Server.command (E:\Skybridge Digital\SmartPlazaNew-main\backend\node_modules\mongodb\lib\sdam\server.js:208:29)
    at async tryOperation (E:\Skybridge Digital\SmartPlazaNew-main\backend\node_modules\mongodb\lib\operations\execute_operation.js:215:32)
    at async executeOperation (E:\Skybridge Digital\SmartPlazaNew-main\backend\node_modules\mongodb\lib\operations\execute_operation.js:80:16)
    at async AggregationCursor._initialize (E:\Skybridge Digital\SmartPlazaNew-main\backend\node_modules\mongodb\lib\cursor\aggregation_cursor.js:57:26)
    at async AggregationCursor.cursorInit (E:\Skybridge Digital\SmartPlazaNew-main\backend\node_modules\mongodb\lib\cursor\abstract_cursor.js:620:27)
    at async AggregationCursor.fetchBatch (E:\Skybridge Digital\SmartPlazaNew-main\backend\node_modules\mongodb\lib\cursor\abstract_cursor.js:654:13)
    at async AggregationCursor.next (E:\Skybridge Digital\SmartPlazaNew-main\backend\node_modules\mongodb\lib\cursor\abstract_cursor.js:326:17)
    at async [Symbol.asyncIterator] (E:\Skybridge Digital\SmartPlazaNew-main\backend\node_modules\mongodb\lib\cursor\abstract_cursor.js:254:34)
    at async AggregationCursor.toArray (E:\Skybridge Digital\SmartPlazaNew-main\backend\node_modules\mongodb\lib\cursor\abstract_cursor.js:406:26)
    at async Aggregate.exec (E:\Skybridge Digital\SmartPlazaNew-main\backend\node_modules\mongoose\lib\aggregate.js:1074:14)
    at async E:\Skybridge Digital\SmartPlazaNew-main\backend\controllers\ecommerceAdminController.js:293:18

2026-07-11T15:11:05.517Z
MongoServerError: unrecognized option to $unwind stage: preserveNullAndEmpty
    at Connection.sendCommand (E:\Skybridge Digital\SmartPlazaNew-main\backend\node_modules\mongodb\lib\cmap\connection.js:320:27)
    at process.processTicksAndRejections (node:internal/process/task_queues:95:5)
    at async Connection.command (E:\Skybridge Digital\SmartPlazaNew-main\backend\node_modules\mongodb\lib\cmap\connection.js:344:26)
    at async Server.command (E:\Skybridge Digital\SmartPlazaNew-main\backend\node_modules\mongodb\lib\sdam\server.js:208:29)
    at async tryOperation (E:\Skybridge Digital\SmartPlazaNew-main\backend\node_modules\mongodb\lib\operations\execute_operation.js:215:32)
    at async executeOperation (E:\Skybridge Digital\SmartPlazaNew-main\backend\node_modules\mongodb\lib\operations\execute_operation.js:80:16)
    at async AggregationCursor._initialize (E:\Skybridge Digital\SmartPlazaNew-main\backend\node_modules\mongodb\lib\cursor\aggregation_cursor.js:57:26)
    at async AggregationCursor.cursorInit (E:\Skybridge Digital\SmartPlazaNew-main\backend\node_modules\mongodb\lib\cursor\abstract_cursor.js:620:27)
    at async AggregationCursor.fetchBatch (E:\Skybridge Digital\SmartPlazaNew-main\backend\node_modules\mongodb\lib\cursor\abstract_cursor.js:654:13)
    at async AggregationCursor.next (E:\Skybridge Digital\SmartPlazaNew-main\backend\node_modules\mongodb\lib\cursor\abstract_cursor.js:326:17)
    at async [Symbol.asyncIterator] (E:\Skybridge Digital\SmartPlazaNew-main\backend\node_modules\mongodb\lib\cursor\abstract_cursor.js:254:34)
    at async AggregationCursor.toArray (E:\Skybridge Digital\SmartPlazaNew-main\backend\node_modules\mongodb\lib\cursor\abstract_cursor.js:406:26)
    at async Aggregate.exec (E:\Skybridge Digital\SmartPlazaNew-main\backend\node_modules\mongoose\lib\aggregate.js:1074:14)
    at async E:\Skybridge Digital\SmartPlazaNew-main\backend\controllers\ecommerceAdminController.js:293:18

2026-07-11T15:15:35.572Z
Error: Not Found - /api/routes
    at notFound (E:\Skybridge Digital\SmartPlazaNew-main\backend\middleware\errorMiddleware.js:2:17)
    at Layer.handleRequest (E:\Skybridge Digital\SmartPlazaNew-main\backend\node_modules\router\lib\layer.js:152:17)
    at trimPrefix (E:\Skybridge Digital\SmartPlazaNew-main\backend\node_modules\router\index.js:342:13)
    at E:\Skybridge Digital\SmartPlazaNew-main\backend\node_modules\router\index.js:297:9
    at processParams (E:\Skybridge Digital\SmartPlazaNew-main\backend\node_modules\router\index.js:582:12)
    at next (E:\Skybridge Digital\SmartPlazaNew-main\backend\node_modules\router\index.js:291:5)
    at E:\Skybridge Digital\SmartPlazaNew-main\backend\server.js:96:3
    at Layer.handleRequest (E:\Skybridge Digital\SmartPlazaNew-main\backend\node_modules\router\lib\layer.js:152:17)
    at trimPrefix (E:\Skybridge Digital\SmartPlazaNew-main\backend\node_modules\router\index.js:342:13)
    at E:\Skybridge Digital\SmartPlazaNew-main\backend\node_modules\router\index.js:297:9
    at processParams (E:\Skybridge Digital\SmartPlazaNew-main\backend\node_modules\router\index.js:582:12)
    at next (E:\Skybridge Digital\SmartPlazaNew-main\backend\node_modules\router\index.js:291:5)
    at read (E:\Skybridge Digital\SmartPlazaNew-main\backend\node_modules\body-parser\lib\read.js:54:5)
    at urlencodedParser (E:\Skybridge Digital\SmartPlazaNew-main\backend\node_modules\body-parser\lib\types\urlencoded.js:58:5)
    at Layer.handleRequest (E:\Skybridge Digital\SmartPlazaNew-main\backend\node_modules\router\lib\layer.js:152:17)
    at trimPrefix (E:\Skybridge Digital\SmartPlazaNew-main\backend\node_modules\router\index.js:342:13)

2026-07-11T15:15:36.622Z
Error: Not Found - /api/routes
    at notFound (E:\Skybridge Digital\SmartPlazaNew-main\backend\middleware\errorMiddleware.js:2:17)
    at Layer.handleRequest (E:\Skybridge Digital\SmartPlazaNew-main\backend\node_modules\router\lib\layer.js:152:17)
    at trimPrefix (E:\Skybridge Digital\SmartPlazaNew-main\backend\node_modules\router\index.js:342:13)
    at E:\Skybridge Digital\SmartPlazaNew-main\backend\node_modules\router\index.js:297:9
    at processParams (E:\Skybridge Digital\SmartPlazaNew-main\backend\node_modules\router\index.js:582:12)
    at next (E:\Skybridge Digital\SmartPlazaNew-main\backend\node_modules\router\index.js:291:5)
    at E:\Skybridge Digital\SmartPlazaNew-main\backend\server.js:96:3
    at Layer.handleRequest (E:\Skybridge Digital\SmartPlazaNew-main\backend\node_modules\router\lib\layer.js:152:17)
    at trimPrefix (E:\Skybridge Digital\SmartPlazaNew-main\backend\node_modules\router\index.js:342:13)
    at E:\Skybridge Digital\SmartPlazaNew-main\backend\node_modules\router\index.js:297:9
    at processParams (E:\Skybridge Digital\SmartPlazaNew-main\backend\node_modules\router\index.js:582:12)
    at next (E:\Skybridge Digital\SmartPlazaNew-main\backend\node_modules\router\index.js:291:5)
    at read (E:\Skybridge Digital\SmartPlazaNew-main\backend\node_modules\body-parser\lib\read.js:54:5)
    at urlencodedParser (E:\Skybridge Digital\SmartPlazaNew-main\backend\node_modules\body-parser\lib\types\urlencoded.js:58:5)
    at Layer.handleRequest (E:\Skybridge Digital\SmartPlazaNew-main\backend\node_modules\router\lib\layer.js:152:17)
    at trimPrefix (E:\Skybridge Digital\SmartPlazaNew-main\backend\node_modules\router\index.js:342:13)

2026-07-11T15:18:57.508Z
MongoServerError: unrecognized option to $unwind stage: preserveNullAndEmpty
    at Connection.sendCommand (E:\Skybridge Digital\SmartPlazaNew-main\backend\node_modules\mongodb\lib\cmap\connection.js:320:27)
    at process.processTicksAndRejections (node:internal/process/task_queues:95:5)
    at async Connection.command (E:\Skybridge Digital\SmartPlazaNew-main\backend\node_modules\mongodb\lib\cmap\connection.js:344:26)
    at async Server.command (E:\Skybridge Digital\SmartPlazaNew-main\backend\node_modules\mongodb\lib\sdam\server.js:208:29)
    at async tryOperation (E:\Skybridge Digital\SmartPlazaNew-main\backend\node_modules\mongodb\lib\operations\execute_operation.js:215:32)
    at async executeOperation (E:\Skybridge Digital\SmartPlazaNew-main\backend\node_modules\mongodb\lib\operations\execute_operation.js:80:16)
    at async AggregationCursor._initialize (E:\Skybridge Digital\SmartPlazaNew-main\backend\node_modules\mongodb\lib\cursor\aggregation_cursor.js:57:26)
    at async AggregationCursor.cursorInit (E:\Skybridge Digital\SmartPlazaNew-main\backend\node_modules\mongodb\lib\cursor\abstract_cursor.js:620:27)
    at async AggregationCursor.fetchBatch (E:\Skybridge Digital\SmartPlazaNew-main\backend\node_modules\mongodb\lib\cursor\abstract_cursor.js:654:13)
    at async AggregationCursor.next (E:\Skybridge Digital\SmartPlazaNew-main\backend\node_modules\mongodb\lib\cursor\abstract_cursor.js:326:17)
    at async [Symbol.asyncIterator] (E:\Skybridge Digital\SmartPlazaNew-main\backend\node_modules\mongodb\lib\cursor\abstract_cursor.js:254:34)
    at async AggregationCursor.toArray (E:\Skybridge Digital\SmartPlazaNew-main\backend\node_modules\mongodb\lib\cursor\abstract_cursor.js:406:26)
    at async Aggregate.exec (E:\Skybridge Digital\SmartPlazaNew-main\backend\node_modules\mongoose\lib\aggregate.js:1074:14)
    at async E:\Skybridge Digital\SmartPlazaNew-main\backend\controllers\ecommerceAdminController.js:293:18

2026-07-11T15:18:58.755Z
MongoServerError: unrecognized option to $unwind stage: preserveNullAndEmpty
    at Connection.sendCommand (E:\Skybridge Digital\SmartPlazaNew-main\backend\node_modules\mongodb\lib\cmap\connection.js:320:27)
    at process.processTicksAndRejections (node:internal/process/task_queues:95:5)
    at async Connection.command (E:\Skybridge Digital\SmartPlazaNew-main\backend\node_modules\mongodb\lib\cmap\connection.js:344:26)
    at async Server.command (E:\Skybridge Digital\SmartPlazaNew-main\backend\node_modules\mongodb\lib\sdam\server.js:208:29)
    at async tryOperation (E:\Skybridge Digital\SmartPlazaNew-main\backend\node_modules\mongodb\lib\operations\execute_operation.js:215:32)
    at async executeOperation (E:\Skybridge Digital\SmartPlazaNew-main\backend\node_modules\mongodb\lib\operations\execute_operation.js:80:16)
    at async AggregationCursor._initialize (E:\Skybridge Digital\SmartPlazaNew-main\backend\node_modules\mongodb\lib\cursor\aggregation_cursor.js:57:26)
    at async AggregationCursor.cursorInit (E:\Skybridge Digital\SmartPlazaNew-main\backend\node_modules\mongodb\lib\cursor\abstract_cursor.js:620:27)
    at async AggregationCursor.fetchBatch (E:\Skybridge Digital\SmartPlazaNew-main\backend\node_modules\mongodb\lib\cursor\abstract_cursor.js:654:13)
    at async AggregationCursor.next (E:\Skybridge Digital\SmartPlazaNew-main\backend\node_modules\mongodb\lib\cursor\abstract_cursor.js:326:17)
    at async [Symbol.asyncIterator] (E:\Skybridge Digital\SmartPlazaNew-main\backend\node_modules\mongodb\lib\cursor\abstract_cursor.js:254:34)
    at async AggregationCursor.toArray (E:\Skybridge Digital\SmartPlazaNew-main\backend\node_modules\mongodb\lib\cursor\abstract_cursor.js:406:26)
    at async Aggregate.exec (E:\Skybridge Digital\SmartPlazaNew-main\backend\node_modules\mongoose\lib\aggregate.js:1074:14)
    at async E:\Skybridge Digital\SmartPlazaNew-main\backend\controllers\ecommerceAdminController.js:293:18

2026-07-11T15:19:32.328Z
MongoServerError: unrecognized option to $unwind stage: preserveNullAndEmpty
    at Connection.sendCommand (E:\Skybridge Digital\SmartPlazaNew-main\backend\node_modules\mongodb\lib\cmap\connection.js:320:27)
    at process.processTicksAndRejections (node:internal/process/task_queues:95:5)
    at async Connection.command (E:\Skybridge Digital\SmartPlazaNew-main\backend\node_modules\mongodb\lib\cmap\connection.js:344:26)
    at async Server.command (E:\Skybridge Digital\SmartPlazaNew-main\backend\node_modules\mongodb\lib\sdam\server.js:208:29)
    at async tryOperation (E:\Skybridge Digital\SmartPlazaNew-main\backend\node_modules\mongodb\lib\operations\execute_operation.js:215:32)
    at async executeOperation (E:\Skybridge Digital\SmartPlazaNew-main\backend\node_modules\mongodb\lib\operations\execute_operation.js:80:16)
    at async AggregationCursor._initialize (E:\Skybridge Digital\SmartPlazaNew-main\backend\node_modules\mongodb\lib\cursor\aggregation_cursor.js:57:26)
    at async AggregationCursor.cursorInit (E:\Skybridge Digital\SmartPlazaNew-main\backend\node_modules\mongodb\lib\cursor\abstract_cursor.js:620:27)
    at async AggregationCursor.fetchBatch (E:\Skybridge Digital\SmartPlazaNew-main\backend\node_modules\mongodb\lib\cursor\abstract_cursor.js:654:13)
    at async AggregationCursor.next (E:\Skybridge Digital\SmartPlazaNew-main\backend\node_modules\mongodb\lib\cursor\abstract_cursor.js:326:17)
    at async [Symbol.asyncIterator] (E:\Skybridge Digital\SmartPlazaNew-main\backend\node_modules\mongodb\lib\cursor\abstract_cursor.js:254:34)
    at async AggregationCursor.toArray (E:\Skybridge Digital\SmartPlazaNew-main\backend\node_modules\mongodb\lib\cursor\abstract_cursor.js:406:26)
    at async Aggregate.exec (E:\Skybridge Digital\SmartPlazaNew-main\backend\node_modules\mongoose\lib\aggregate.js:1074:14)
    at async E:\Skybridge Digital\SmartPlazaNew-main\backend\controllers\ecommerceAdminController.js:293:18

2026-07-11T15:19:33.429Z
MongoServerError: unrecognized option to $unwind stage: preserveNullAndEmpty
    at Connection.sendCommand (E:\Skybridge Digital\SmartPlazaNew-main\backend\node_modules\mongodb\lib\cmap\connection.js:320:27)
    at process.processTicksAndRejections (node:internal/process/task_queues:95:5)
    at async Connection.command (E:\Skybridge Digital\SmartPlazaNew-main\backend\node_modules\mongodb\lib\cmap\connection.js:344:26)
    at async Server.command (E:\Skybridge Digital\SmartPlazaNew-main\backend\node_modules\mongodb\lib\sdam\server.js:208:29)
    at async tryOperation (E:\Skybridge Digital\SmartPlazaNew-main\backend\node_modules\mongodb\lib\operations\execute_operation.js:215:32)
    at async executeOperation (E:\Skybridge Digital\SmartPlazaNew-main\backend\node_modules\mongodb\lib\operations\execute_operation.js:80:16)
    at async AggregationCursor._initialize (E:\Skybridge Digital\SmartPlazaNew-main\backend\node_modules\mongodb\lib\cursor\aggregation_cursor.js:57:26)
    at async AggregationCursor.cursorInit (E:\Skybridge Digital\SmartPlazaNew-main\backend\node_modules\mongodb\lib\cursor\abstract_cursor.js:620:27)
    at async AggregationCursor.fetchBatch (E:\Skybridge Digital\SmartPlazaNew-main\backend\node_modules\mongodb\lib\cursor\abstract_cursor.js:654:13)
    at async AggregationCursor.next (E:\Skybridge Digital\SmartPlazaNew-main\backend\node_modules\mongodb\lib\cursor\abstract_cursor.js:326:17)
    at async [Symbol.asyncIterator] (E:\Skybridge Digital\SmartPlazaNew-main\backend\node_modules\mongodb\lib\cursor\abstract_cursor.js:254:34)
    at async AggregationCursor.toArray (E:\Skybridge Digital\SmartPlazaNew-main\backend\node_modules\mongodb\lib\cursor\abstract_cursor.js:406:26)
    at async Aggregate.exec (E:\Skybridge Digital\SmartPlazaNew-main\backend\node_modules\mongoose\lib\aggregate.js:1074:14)
    at async E:\Skybridge Digital\SmartPlazaNew-main\backend\controllers\ecommerceAdminController.js:293:18

2026-07-11T15:43:59.730Z
BSONError: input must be a 24 character hex string, 12 byte Uint8Array, or an integer
    at new ObjectId (E:\Skybridge Digital\SmartPlazaNew-main\backend\node_modules\bson\lib\bson.cjs:2565:23)
    at E:\Skybridge Digital\SmartPlazaNew-main\backend\controllers\ecommerceAdminController.js:290:43
    at asyncUtilWrap (E:\Skybridge Digital\SmartPlazaNew-main\backend\node_modules\express-async-handler\index.js:3:20)
    at Layer.handleRequest (E:\Skybridge Digital\SmartPlazaNew-main\backend\node_modules\router\lib\layer.js:152:17)
    at next (E:\Skybridge Digital\SmartPlazaNew-main\backend\node_modules\router\lib\route.js:157:13)
    at E:\Skybridge Digital\SmartPlazaNew-main\backend\middleware\permission.js:15:16
    at process.processTicksAndRejections (node:internal/process/task_queues:95:5)
=======
2026-07-11T13:15:51.531Z
Error: Not Found - /api/routes
    at notFound (E:\MY-Portfolio\skybridge\smart-plaza\smart-plaza\backend\middleware\errorMiddleware.js:2:17)
    at Layer.handleRequest (E:\MY-Portfolio\skybridge\smart-plaza\smart-plaza\backend\node_modules\router\lib\layer.js:152:17)
    at trimPrefix (E:\MY-Portfolio\skybridge\smart-plaza\smart-plaza\backend\node_modules\router\index.js:342:13)
    at E:\MY-Portfolio\skybridge\smart-plaza\smart-plaza\backend\node_modules\router\index.js:297:9
    at processParams (E:\MY-Portfolio\skybridge\smart-plaza\smart-plaza\backend\node_modules\router\index.js:582:12)
    at next (E:\MY-Portfolio\skybridge\smart-plaza\smart-plaza\backend\node_modules\router\index.js:291:5)
    at E:\MY-Portfolio\skybridge\smart-plaza\smart-plaza\backend\server.js:96:3
    at Layer.handleRequest (E:\MY-Portfolio\skybridge\smart-plaza\smart-plaza\backend\node_modules\router\lib\layer.js:152:17)
    at trimPrefix (E:\MY-Portfolio\skybridge\smart-plaza\smart-plaza\backend\node_modules\router\index.js:342:13)
    at E:\MY-Portfolio\skybridge\smart-plaza\smart-plaza\backend\node_modules\router\index.js:297:9
    at processParams (E:\MY-Portfolio\skybridge\smart-plaza\smart-plaza\backend\node_modules\router\index.js:582:12)
    at next (E:\MY-Portfolio\skybridge\smart-plaza\smart-plaza\backend\node_modules\router\index.js:291:5)
    at read (E:\MY-Portfolio\skybridge\smart-plaza\smart-plaza\backend\node_modules\body-parser\lib\read.js:53:5)
    at urlencodedParser (E:\MY-Portfolio\skybridge\smart-plaza\smart-plaza\backend\node_modules\body-parser\lib\types\urlencoded.js:57:5)
    at Layer.handleRequest (E:\MY-Portfolio\skybridge\smart-plaza\smart-plaza\backend\node_modules\router\lib\layer.js:152:17)
    at trimPrefix (E:\MY-Portfolio\skybridge\smart-plaza\smart-plaza\backend\node_modules\router\index.js:342:13)

2026-07-11T14:38:10.728Z
Error: Not Found - /api/routes
    at notFound (E:\MY-Portfolio\skybridge\smart-plaza\smart-plaza\backend\middleware\errorMiddleware.js:2:17)
    at Layer.handleRequest (E:\MY-Portfolio\skybridge\smart-plaza\smart-plaza\backend\node_modules\router\lib\layer.js:152:17)
    at trimPrefix (E:\MY-Portfolio\skybridge\smart-plaza\smart-plaza\backend\node_modules\router\index.js:342:13)
    at E:\MY-Portfolio\skybridge\smart-plaza\smart-plaza\backend\node_modules\router\index.js:297:9
    at processParams (E:\MY-Portfolio\skybridge\smart-plaza\smart-plaza\backend\node_modules\router\index.js:582:12)
    at next (E:\MY-Portfolio\skybridge\smart-plaza\smart-plaza\backend\node_modules\router\index.js:291:5)
    at E:\MY-Portfolio\skybridge\smart-plaza\smart-plaza\backend\server.js:96:3
    at Layer.handleRequest (E:\MY-Portfolio\skybridge\smart-plaza\smart-plaza\backend\node_modules\router\lib\layer.js:152:17)
    at trimPrefix (E:\MY-Portfolio\skybridge\smart-plaza\smart-plaza\backend\node_modules\router\index.js:342:13)
    at E:\MY-Portfolio\skybridge\smart-plaza\smart-plaza\backend\node_modules\router\index.js:297:9
    at processParams (E:\MY-Portfolio\skybridge\smart-plaza\smart-plaza\backend\node_modules\router\index.js:582:12)
    at next (E:\MY-Portfolio\skybridge\smart-plaza\smart-plaza\backend\node_modules\router\index.js:291:5)
    at read (E:\MY-Portfolio\skybridge\smart-plaza\smart-plaza\backend\node_modules\body-parser\lib\read.js:53:5)
    at urlencodedParser (E:\MY-Portfolio\skybridge\smart-plaza\smart-plaza\backend\node_modules\body-parser\lib\types\urlencoded.js:57:5)
    at Layer.handleRequest (E:\MY-Portfolio\skybridge\smart-plaza\smart-plaza\backend\node_modules\router\lib\layer.js:152:17)
    at trimPrefix (E:\MY-Portfolio\skybridge\smart-plaza\smart-plaza\backend\node_modules\router\index.js:342:13)

2026-07-11T14:38:11.778Z
Error: Not Found - /api/routes
    at notFound (E:\MY-Portfolio\skybridge\smart-plaza\smart-plaza\backend\middleware\errorMiddleware.js:2:17)
    at Layer.handleRequest (E:\MY-Portfolio\skybridge\smart-plaza\smart-plaza\backend\node_modules\router\lib\layer.js:152:17)
    at trimPrefix (E:\MY-Portfolio\skybridge\smart-plaza\smart-plaza\backend\node_modules\router\index.js:342:13)
    at E:\MY-Portfolio\skybridge\smart-plaza\smart-plaza\backend\node_modules\router\index.js:297:9
    at processParams (E:\MY-Portfolio\skybridge\smart-plaza\smart-plaza\backend\node_modules\router\index.js:582:12)
    at next (E:\MY-Portfolio\skybridge\smart-plaza\smart-plaza\backend\node_modules\router\index.js:291:5)
    at E:\MY-Portfolio\skybridge\smart-plaza\smart-plaza\backend\server.js:96:3
    at Layer.handleRequest (E:\MY-Portfolio\skybridge\smart-plaza\smart-plaza\backend\node_modules\router\lib\layer.js:152:17)
    at trimPrefix (E:\MY-Portfolio\skybridge\smart-plaza\smart-plaza\backend\node_modules\router\index.js:342:13)
    at E:\MY-Portfolio\skybridge\smart-plaza\smart-plaza\backend\node_modules\router\index.js:297:9
    at processParams (E:\MY-Portfolio\skybridge\smart-plaza\smart-plaza\backend\node_modules\router\index.js:582:12)
    at next (E:\MY-Portfolio\skybridge\smart-plaza\smart-plaza\backend\node_modules\router\index.js:291:5)
    at read (E:\MY-Portfolio\skybridge\smart-plaza\smart-plaza\backend\node_modules\body-parser\lib\read.js:53:5)
    at urlencodedParser (E:\MY-Portfolio\skybridge\smart-plaza\smart-plaza\backend\node_modules\body-parser\lib\types\urlencoded.js:57:5)
    at Layer.handleRequest (E:\MY-Portfolio\skybridge\smart-plaza\smart-plaza\backend\node_modules\router\lib\layer.js:152:17)
    at trimPrefix (E:\MY-Portfolio\skybridge\smart-plaza\smart-plaza\backend\node_modules\router\index.js:342:13)

2026-07-11T14:43:27.572Z
Error: Not Found - /favicon.ico
    at notFound (E:\MY-Portfolio\skybridge\smart-plaza\smart-plaza\backend\middleware\errorMiddleware.js:2:17)
    at Layer.handleRequest (E:\MY-Portfolio\skybridge\smart-plaza\smart-plaza\backend\node_modules\router\lib\layer.js:152:17)
    at trimPrefix (E:\MY-Portfolio\skybridge\smart-plaza\smart-plaza\backend\node_modules\router\index.js:342:13)
    at E:\MY-Portfolio\skybridge\smart-plaza\smart-plaza\backend\node_modules\router\index.js:297:9
    at processParams (E:\MY-Portfolio\skybridge\smart-plaza\smart-plaza\backend\node_modules\router\index.js:582:12)
    at next (E:\MY-Portfolio\skybridge\smart-plaza\smart-plaza\backend\node_modules\router\index.js:291:5)
    at E:\MY-Portfolio\skybridge\smart-plaza\smart-plaza\backend\server.js:96:3
    at Layer.handleRequest (E:\MY-Portfolio\skybridge\smart-plaza\smart-plaza\backend\node_modules\router\lib\layer.js:152:17)
    at trimPrefix (E:\MY-Portfolio\skybridge\smart-plaza\smart-plaza\backend\node_modules\router\index.js:342:13)
    at E:\MY-Portfolio\skybridge\smart-plaza\smart-plaza\backend\node_modules\router\index.js:297:9
    at processParams (E:\MY-Portfolio\skybridge\smart-plaza\smart-plaza\backend\node_modules\router\index.js:582:12)
    at next (E:\MY-Portfolio\skybridge\smart-plaza\smart-plaza\backend\node_modules\router\index.js:291:5)
    at read (E:\MY-Portfolio\skybridge\smart-plaza\smart-plaza\backend\node_modules\body-parser\lib\read.js:53:5)
    at urlencodedParser (E:\MY-Portfolio\skybridge\smart-plaza\smart-plaza\backend\node_modules\body-parser\lib\types\urlencoded.js:57:5)
    at Layer.handleRequest (E:\MY-Portfolio\skybridge\smart-plaza\smart-plaza\backend\node_modules\router\lib\layer.js:152:17)
    at trimPrefix (E:\MY-Portfolio\skybridge\smart-plaza\smart-plaza\backend\node_modules\router\index.js:342:13)

2026-07-11T15:04:32.253Z
MongoServerError: unrecognized option to $unwind stage: preserveNullAndEmpty
    at Connection.sendCommand (E:\MY-Portfolio\skybridge\smart-plaza\smart-plaza\backend\node_modules\mongodb\lib\cmap\connection.js:320:27)
    at process.processTicksAndRejections (node:internal/process/task_queues:104:5)
    at async Connection.command (E:\MY-Portfolio\skybridge\smart-plaza\smart-plaza\backend\node_modules\mongodb\lib\cmap\connection.js:347:26)
    at async Server.command (E:\MY-Portfolio\skybridge\smart-plaza\smart-plaza\backend\node_modules\mongodb\lib\sdam\server.js:208:29)
    at async executeOperationWithRetries (E:\MY-Portfolio\skybridge\smart-plaza\smart-plaza\backend\node_modules\mongodb\lib\operations\execute_operation.js:193:32)
    at async executeOperation (E:\MY-Portfolio\skybridge\smart-plaza\smart-plaza\backend\node_modules\mongodb\lib\operations\execute_operation.js:83:16)
    at async AggregationCursor._initialize (E:\MY-Portfolio\skybridge\smart-plaza\smart-plaza\backend\node_modules\mongodb\lib\cursor\aggregation_cursor.js:57:26)
    at async AggregationCursor.cursorInit (E:\MY-Portfolio\skybridge\smart-plaza\smart-plaza\backend\node_modules\mongodb\lib\cursor\abstract_cursor.js:620:27)
    at async AggregationCursor.fetchBatch (E:\MY-Portfolio\skybridge\smart-plaza\smart-plaza\backend\node_modules\mongodb\lib\cursor\abstract_cursor.js:654:13)
    at async AggregationCursor.next (E:\MY-Portfolio\skybridge\smart-plaza\smart-plaza\backend\node_modules\mongodb\lib\cursor\abstract_cursor.js:326:17)
    at async [Symbol.asyncIterator] (E:\MY-Portfolio\skybridge\smart-plaza\smart-plaza\backend\node_modules\mongodb\lib\cursor\abstract_cursor.js:254:34)
    at async AggregationCursor.toArray (E:\MY-Portfolio\skybridge\smart-plaza\smart-plaza\backend\node_modules\mongodb\lib\cursor\abstract_cursor.js:406:26)
    at async Aggregate.exec (E:\MY-Portfolio\skybridge\smart-plaza\smart-plaza\backend\node_modules\mongoose\lib\aggregate.js:1112:14)
    at async E:\MY-Portfolio\skybridge\smart-plaza\smart-plaza\backend\controllers\ecommerceAdminController.js:293:18

2026-07-11T15:04:33.578Z
MongoServerError: unrecognized option to $unwind stage: preserveNullAndEmpty
    at Connection.sendCommand (E:\MY-Portfolio\skybridge\smart-plaza\smart-plaza\backend\node_modules\mongodb\lib\cmap\connection.js:320:27)
    at process.processTicksAndRejections (node:internal/process/task_queues:104:5)
    at async Connection.command (E:\MY-Portfolio\skybridge\smart-plaza\smart-plaza\backend\node_modules\mongodb\lib\cmap\connection.js:347:26)
    at async Server.command (E:\MY-Portfolio\skybridge\smart-plaza\smart-plaza\backend\node_modules\mongodb\lib\sdam\server.js:208:29)
    at async executeOperationWithRetries (E:\MY-Portfolio\skybridge\smart-plaza\smart-plaza\backend\node_modules\mongodb\lib\operations\execute_operation.js:193:32)
    at async executeOperation (E:\MY-Portfolio\skybridge\smart-plaza\smart-plaza\backend\node_modules\mongodb\lib\operations\execute_operation.js:83:16)
    at async AggregationCursor._initialize (E:\MY-Portfolio\skybridge\smart-plaza\smart-plaza\backend\node_modules\mongodb\lib\cursor\aggregation_cursor.js:57:26)
    at async AggregationCursor.cursorInit (E:\MY-Portfolio\skybridge\smart-plaza\smart-plaza\backend\node_modules\mongodb\lib\cursor\abstract_cursor.js:620:27)
    at async AggregationCursor.fetchBatch (E:\MY-Portfolio\skybridge\smart-plaza\smart-plaza\backend\node_modules\mongodb\lib\cursor\abstract_cursor.js:654:13)
    at async AggregationCursor.next (E:\MY-Portfolio\skybridge\smart-plaza\smart-plaza\backend\node_modules\mongodb\lib\cursor\abstract_cursor.js:326:17)
    at async [Symbol.asyncIterator] (E:\MY-Portfolio\skybridge\smart-plaza\smart-plaza\backend\node_modules\mongodb\lib\cursor\abstract_cursor.js:254:34)
    at async AggregationCursor.toArray (E:\MY-Portfolio\skybridge\smart-plaza\smart-plaza\backend\node_modules\mongodb\lib\cursor\abstract_cursor.js:406:26)
    at async Aggregate.exec (E:\MY-Portfolio\skybridge\smart-plaza\smart-plaza\backend\node_modules\mongoose\lib\aggregate.js:1112:14)
    at async E:\MY-Portfolio\skybridge\smart-plaza\smart-plaza\backend\controllers\ecommerceAdminController.js:293:18

2026-07-11T15:11:41.312Z
Error: Not Found - /api/routes
    at notFound (E:\MY-Portfolio\skybridge\smart-plaza\smart-plaza\backend\middleware\errorMiddleware.js:2:17)
    at Layer.handleRequest (E:\MY-Portfolio\skybridge\smart-plaza\smart-plaza\backend\node_modules\router\lib\layer.js:152:17)
    at trimPrefix (E:\MY-Portfolio\skybridge\smart-plaza\smart-plaza\backend\node_modules\router\index.js:342:13)
    at E:\MY-Portfolio\skybridge\smart-plaza\smart-plaza\backend\node_modules\router\index.js:297:9
    at processParams (E:\MY-Portfolio\skybridge\smart-plaza\smart-plaza\backend\node_modules\router\index.js:582:12)
    at next (E:\MY-Portfolio\skybridge\smart-plaza\smart-plaza\backend\node_modules\router\index.js:291:5)
    at E:\MY-Portfolio\skybridge\smart-plaza\smart-plaza\backend\server.js:96:3
    at Layer.handleRequest (E:\MY-Portfolio\skybridge\smart-plaza\smart-plaza\backend\node_modules\router\lib\layer.js:152:17)
    at trimPrefix (E:\MY-Portfolio\skybridge\smart-plaza\smart-plaza\backend\node_modules\router\index.js:342:13)
    at E:\MY-Portfolio\skybridge\smart-plaza\smart-plaza\backend\node_modules\router\index.js:297:9
    at processParams (E:\MY-Portfolio\skybridge\smart-plaza\smart-plaza\backend\node_modules\router\index.js:582:12)
    at next (E:\MY-Portfolio\skybridge\smart-plaza\smart-plaza\backend\node_modules\router\index.js:291:5)
    at read (E:\MY-Portfolio\skybridge\smart-plaza\smart-plaza\backend\node_modules\body-parser\lib\read.js:53:5)
    at urlencodedParser (E:\MY-Portfolio\skybridge\smart-plaza\smart-plaza\backend\node_modules\body-parser\lib\types\urlencoded.js:57:5)
    at Layer.handleRequest (E:\MY-Portfolio\skybridge\smart-plaza\smart-plaza\backend\node_modules\router\lib\layer.js:152:17)
    at trimPrefix (E:\MY-Portfolio\skybridge\smart-plaza\smart-plaza\backend\node_modules\router\index.js:342:13)

2026-07-11T15:11:42.352Z
Error: Not Found - /api/routes
    at notFound (E:\MY-Portfolio\skybridge\smart-plaza\smart-plaza\backend\middleware\errorMiddleware.js:2:17)
    at Layer.handleRequest (E:\MY-Portfolio\skybridge\smart-plaza\smart-plaza\backend\node_modules\router\lib\layer.js:152:17)
    at trimPrefix (E:\MY-Portfolio\skybridge\smart-plaza\smart-plaza\backend\node_modules\router\index.js:342:13)
    at E:\MY-Portfolio\skybridge\smart-plaza\smart-plaza\backend\node_modules\router\index.js:297:9
    at processParams (E:\MY-Portfolio\skybridge\smart-plaza\smart-plaza\backend\node_modules\router\index.js:582:12)
    at next (E:\MY-Portfolio\skybridge\smart-plaza\smart-plaza\backend\node_modules\router\index.js:291:5)
    at E:\MY-Portfolio\skybridge\smart-plaza\smart-plaza\backend\server.js:96:3
    at Layer.handleRequest (E:\MY-Portfolio\skybridge\smart-plaza\smart-plaza\backend\node_modules\router\lib\layer.js:152:17)
    at trimPrefix (E:\MY-Portfolio\skybridge\smart-plaza\smart-plaza\backend\node_modules\router\index.js:342:13)
    at E:\MY-Portfolio\skybridge\smart-plaza\smart-plaza\backend\node_modules\router\index.js:297:9
    at processParams (E:\MY-Portfolio\skybridge\smart-plaza\smart-plaza\backend\node_modules\router\index.js:582:12)
    at next (E:\MY-Portfolio\skybridge\smart-plaza\smart-plaza\backend\node_modules\router\index.js:291:5)
    at read (E:\MY-Portfolio\skybridge\smart-plaza\smart-plaza\backend\node_modules\body-parser\lib\read.js:53:5)
    at urlencodedParser (E:\MY-Portfolio\skybridge\smart-plaza\smart-plaza\backend\node_modules\body-parser\lib\types\urlencoded.js:57:5)
    at Layer.handleRequest (E:\MY-Portfolio\skybridge\smart-plaza\smart-plaza\backend\node_modules\router\lib\layer.js:152:17)
    at trimPrefix (E:\MY-Portfolio\skybridge\smart-plaza\smart-plaza\backend\node_modules\router\index.js:342:13)

2026-07-11T15:22:13.105Z
Error: Not Found - /api/routes
    at notFound (E:\MY-Portfolio\skybridge\smart-plaza\smart-plaza\backend\middleware\errorMiddleware.js:2:17)
    at Layer.handleRequest (E:\MY-Portfolio\skybridge\smart-plaza\smart-plaza\backend\node_modules\router\lib\layer.js:152:17)
    at trimPrefix (E:\MY-Portfolio\skybridge\smart-plaza\smart-plaza\backend\node_modules\router\index.js:342:13)
    at E:\MY-Portfolio\skybridge\smart-plaza\smart-plaza\backend\node_modules\router\index.js:297:9
    at processParams (E:\MY-Portfolio\skybridge\smart-plaza\smart-plaza\backend\node_modules\router\index.js:582:12)
    at next (E:\MY-Portfolio\skybridge\smart-plaza\smart-plaza\backend\node_modules\router\index.js:291:5)
    at E:\MY-Portfolio\skybridge\smart-plaza\smart-plaza\backend\server.js:96:3
    at Layer.handleRequest (E:\MY-Portfolio\skybridge\smart-plaza\smart-plaza\backend\node_modules\router\lib\layer.js:152:17)
    at trimPrefix (E:\MY-Portfolio\skybridge\smart-plaza\smart-plaza\backend\node_modules\router\index.js:342:13)
    at E:\MY-Portfolio\skybridge\smart-plaza\smart-plaza\backend\node_modules\router\index.js:297:9
    at processParams (E:\MY-Portfolio\skybridge\smart-plaza\smart-plaza\backend\node_modules\router\index.js:582:12)
    at next (E:\MY-Portfolio\skybridge\smart-plaza\smart-plaza\backend\node_modules\router\index.js:291:5)
    at read (E:\MY-Portfolio\skybridge\smart-plaza\smart-plaza\backend\node_modules\body-parser\lib\read.js:53:5)
    at urlencodedParser (E:\MY-Portfolio\skybridge\smart-plaza\smart-plaza\backend\node_modules\body-parser\lib\types\urlencoded.js:57:5)
    at Layer.handleRequest (E:\MY-Portfolio\skybridge\smart-plaza\smart-plaza\backend\node_modules\router\lib\layer.js:152:17)
    at trimPrefix (E:\MY-Portfolio\skybridge\smart-plaza\smart-plaza\backend\node_modules\router\index.js:342:13)

2026-07-11T15:22:14.141Z
Error: Not Found - /api/routes
    at notFound (E:\MY-Portfolio\skybridge\smart-plaza\smart-plaza\backend\middleware\errorMiddleware.js:2:17)
    at Layer.handleRequest (E:\MY-Portfolio\skybridge\smart-plaza\smart-plaza\backend\node_modules\router\lib\layer.js:152:17)
    at trimPrefix (E:\MY-Portfolio\skybridge\smart-plaza\smart-plaza\backend\node_modules\router\index.js:342:13)
    at E:\MY-Portfolio\skybridge\smart-plaza\smart-plaza\backend\node_modules\router\index.js:297:9
    at processParams (E:\MY-Portfolio\skybridge\smart-plaza\smart-plaza\backend\node_modules\router\index.js:582:12)
    at next (E:\MY-Portfolio\skybridge\smart-plaza\smart-plaza\backend\node_modules\router\index.js:291:5)
    at E:\MY-Portfolio\skybridge\smart-plaza\smart-plaza\backend\server.js:96:3
    at Layer.handleRequest (E:\MY-Portfolio\skybridge\smart-plaza\smart-plaza\backend\node_modules\router\lib\layer.js:152:17)
    at trimPrefix (E:\MY-Portfolio\skybridge\smart-plaza\smart-plaza\backend\node_modules\router\index.js:342:13)
    at E:\MY-Portfolio\skybridge\smart-plaza\smart-plaza\backend\node_modules\router\index.js:297:9
    at processParams (E:\MY-Portfolio\skybridge\smart-plaza\smart-plaza\backend\node_modules\router\index.js:582:12)
    at next (E:\MY-Portfolio\skybridge\smart-plaza\smart-plaza\backend\node_modules\router\index.js:291:5)
    at read (E:\MY-Portfolio\skybridge\smart-plaza\smart-plaza\backend\node_modules\body-parser\lib\read.js:53:5)
    at urlencodedParser (E:\MY-Portfolio\skybridge\smart-plaza\smart-plaza\backend\node_modules\body-parser\lib\types\urlencoded.js:57:5)
    at Layer.handleRequest (E:\MY-Portfolio\skybridge\smart-plaza\smart-plaza\backend\node_modules\router\lib\layer.js:152:17)
    at trimPrefix (E:\MY-Portfolio\skybridge\smart-plaza\smart-plaza\backend\node_modules\router\index.js:342:13)

2026-07-11T15:22:31.186Z
Error: Not Found - /api/routes
    at notFound (E:\MY-Portfolio\skybridge\smart-plaza\smart-plaza\backend\middleware\errorMiddleware.js:2:17)
    at Layer.handleRequest (E:\MY-Portfolio\skybridge\smart-plaza\smart-plaza\backend\node_modules\router\lib\layer.js:152:17)
    at trimPrefix (E:\MY-Portfolio\skybridge\smart-plaza\smart-plaza\backend\node_modules\router\index.js:342:13)
    at E:\MY-Portfolio\skybridge\smart-plaza\smart-plaza\backend\node_modules\router\index.js:297:9
    at processParams (E:\MY-Portfolio\skybridge\smart-plaza\smart-plaza\backend\node_modules\router\index.js:582:12)
    at next (E:\MY-Portfolio\skybridge\smart-plaza\smart-plaza\backend\node_modules\router\index.js:291:5)
    at E:\MY-Portfolio\skybridge\smart-plaza\smart-plaza\backend\server.js:96:3
    at Layer.handleRequest (E:\MY-Portfolio\skybridge\smart-plaza\smart-plaza\backend\node_modules\router\lib\layer.js:152:17)
    at trimPrefix (E:\MY-Portfolio\skybridge\smart-plaza\smart-plaza\backend\node_modules\router\index.js:342:13)
    at E:\MY-Portfolio\skybridge\smart-plaza\smart-plaza\backend\node_modules\router\index.js:297:9
    at processParams (E:\MY-Portfolio\skybridge\smart-plaza\smart-plaza\backend\node_modules\router\index.js:582:12)
    at next (E:\MY-Portfolio\skybridge\smart-plaza\smart-plaza\backend\node_modules\router\index.js:291:5)
    at read (E:\MY-Portfolio\skybridge\smart-plaza\smart-plaza\backend\node_modules\body-parser\lib\read.js:53:5)
    at urlencodedParser (E:\MY-Portfolio\skybridge\smart-plaza\smart-plaza\backend\node_modules\body-parser\lib\types\urlencoded.js:57:5)
    at Layer.handleRequest (E:\MY-Portfolio\skybridge\smart-plaza\smart-plaza\backend\node_modules\router\lib\layer.js:152:17)
    at trimPrefix (E:\MY-Portfolio\skybridge\smart-plaza\smart-plaza\backend\node_modules\router\index.js:342:13)

2026-07-11T15:22:32.202Z
Error: Not Found - /api/routes
    at notFound (E:\MY-Portfolio\skybridge\smart-plaza\smart-plaza\backend\middleware\errorMiddleware.js:2:17)
    at Layer.handleRequest (E:\MY-Portfolio\skybridge\smart-plaza\smart-plaza\backend\node_modules\router\lib\layer.js:152:17)
    at trimPrefix (E:\MY-Portfolio\skybridge\smart-plaza\smart-plaza\backend\node_modules\router\index.js:342:13)
    at E:\MY-Portfolio\skybridge\smart-plaza\smart-plaza\backend\node_modules\router\index.js:297:9
    at processParams (E:\MY-Portfolio\skybridge\smart-plaza\smart-plaza\backend\node_modules\router\index.js:582:12)
    at next (E:\MY-Portfolio\skybridge\smart-plaza\smart-plaza\backend\node_modules\router\index.js:291:5)
    at E:\MY-Portfolio\skybridge\smart-plaza\smart-plaza\backend\server.js:96:3
    at Layer.handleRequest (E:\MY-Portfolio\skybridge\smart-plaza\smart-plaza\backend\node_modules\router\lib\layer.js:152:17)
    at trimPrefix (E:\MY-Portfolio\skybridge\smart-plaza\smart-plaza\backend\node_modules\router\index.js:342:13)
    at E:\MY-Portfolio\skybridge\smart-plaza\smart-plaza\backend\node_modules\router\index.js:297:9
    at processParams (E:\MY-Portfolio\skybridge\smart-plaza\smart-plaza\backend\node_modules\router\index.js:582:12)
    at next (E:\MY-Portfolio\skybridge\smart-plaza\smart-plaza\backend\node_modules\router\index.js:291:5)
    at read (E:\MY-Portfolio\skybridge\smart-plaza\smart-plaza\backend\node_modules\body-parser\lib\read.js:53:5)
    at urlencodedParser (E:\MY-Portfolio\skybridge\smart-plaza\smart-plaza\backend\node_modules\body-parser\lib\types\urlencoded.js:57:5)
    at Layer.handleRequest (E:\MY-Portfolio\skybridge\smart-plaza\smart-plaza\backend\node_modules\router\lib\layer.js:152:17)
    at trimPrefix (E:\MY-Portfolio\skybridge\smart-plaza\smart-plaza\backend\node_modules\router\index.js:342:13)

2026-07-11T15:22:52.596Z
Error: Not Found - /api/routes
    at notFound (E:\MY-Portfolio\skybridge\smart-plaza\smart-plaza\backend\middleware\errorMiddleware.js:2:17)
    at Layer.handleRequest (E:\MY-Portfolio\skybridge\smart-plaza\smart-plaza\backend\node_modules\router\lib\layer.js:152:17)
    at trimPrefix (E:\MY-Portfolio\skybridge\smart-plaza\smart-plaza\backend\node_modules\router\index.js:342:13)
    at E:\MY-Portfolio\skybridge\smart-plaza\smart-plaza\backend\node_modules\router\index.js:297:9
    at processParams (E:\MY-Portfolio\skybridge\smart-plaza\smart-plaza\backend\node_modules\router\index.js:582:12)
    at next (E:\MY-Portfolio\skybridge\smart-plaza\smart-plaza\backend\node_modules\router\index.js:291:5)
    at E:\MY-Portfolio\skybridge\smart-plaza\smart-plaza\backend\server.js:96:3
    at Layer.handleRequest (E:\MY-Portfolio\skybridge\smart-plaza\smart-plaza\backend\node_modules\router\lib\layer.js:152:17)
    at trimPrefix (E:\MY-Portfolio\skybridge\smart-plaza\smart-plaza\backend\node_modules\router\index.js:342:13)
    at E:\MY-Portfolio\skybridge\smart-plaza\smart-plaza\backend\node_modules\router\index.js:297:9
    at processParams (E:\MY-Portfolio\skybridge\smart-plaza\smart-plaza\backend\node_modules\router\index.js:582:12)
    at next (E:\MY-Portfolio\skybridge\smart-plaza\smart-plaza\backend\node_modules\router\index.js:291:5)
    at read (E:\MY-Portfolio\skybridge\smart-plaza\smart-plaza\backend\node_modules\body-parser\lib\read.js:53:5)
    at urlencodedParser (E:\MY-Portfolio\skybridge\smart-plaza\smart-plaza\backend\node_modules\body-parser\lib\types\urlencoded.js:57:5)
    at Layer.handleRequest (E:\MY-Portfolio\skybridge\smart-plaza\smart-plaza\backend\node_modules\router\lib\layer.js:152:17)
    at trimPrefix (E:\MY-Portfolio\skybridge\smart-plaza\smart-plaza\backend\node_modules\router\index.js:342:13)

2026-07-11T15:22:53.621Z
Error: Not Found - /api/routes
    at notFound (E:\MY-Portfolio\skybridge\smart-plaza\smart-plaza\backend\middleware\errorMiddleware.js:2:17)
    at Layer.handleRequest (E:\MY-Portfolio\skybridge\smart-plaza\smart-plaza\backend\node_modules\router\lib\layer.js:152:17)
    at trimPrefix (E:\MY-Portfolio\skybridge\smart-plaza\smart-plaza\backend\node_modules\router\index.js:342:13)
    at E:\MY-Portfolio\skybridge\smart-plaza\smart-plaza\backend\node_modules\router\index.js:297:9
    at processParams (E:\MY-Portfolio\skybridge\smart-plaza\smart-plaza\backend\node_modules\router\index.js:582:12)
    at next (E:\MY-Portfolio\skybridge\smart-plaza\smart-plaza\backend\node_modules\router\index.js:291:5)
    at E:\MY-Portfolio\skybridge\smart-plaza\smart-plaza\backend\server.js:96:3
    at Layer.handleRequest (E:\MY-Portfolio\skybridge\smart-plaza\smart-plaza\backend\node_modules\router\lib\layer.js:152:17)
    at trimPrefix (E:\MY-Portfolio\skybridge\smart-plaza\smart-plaza\backend\node_modules\router\index.js:342:13)
    at E:\MY-Portfolio\skybridge\smart-plaza\smart-plaza\backend\node_modules\router\index.js:297:9
    at processParams (E:\MY-Portfolio\skybridge\smart-plaza\smart-plaza\backend\node_modules\router\index.js:582:12)
    at next (E:\MY-Portfolio\skybridge\smart-plaza\smart-plaza\backend\node_modules\router\index.js:291:5)
    at read (E:\MY-Portfolio\skybridge\smart-plaza\smart-plaza\backend\node_modules\body-parser\lib\read.js:53:5)
    at urlencodedParser (E:\MY-Portfolio\skybridge\smart-plaza\smart-plaza\backend\node_modules\body-parser\lib\types\urlencoded.js:57:5)
    at Layer.handleRequest (E:\MY-Portfolio\skybridge\smart-plaza\smart-plaza\backend\node_modules\router\lib\layer.js:152:17)
    at trimPrefix (E:\MY-Portfolio\skybridge\smart-plaza\smart-plaza\backend\node_modules\router\index.js:342:13)

2026-07-11T15:50:40.747Z
Error: Not Found - /api/routes
    at notFound (E:\MY-Portfolio\skybridge\smart-plaza\smart-plaza\backend\middleware\errorMiddleware.js:2:17)
    at Layer.handleRequest (E:\MY-Portfolio\skybridge\smart-plaza\smart-plaza\backend\node_modules\router\lib\layer.js:152:17)
    at trimPrefix (E:\MY-Portfolio\skybridge\smart-plaza\smart-plaza\backend\node_modules\router\index.js:342:13)
    at E:\MY-Portfolio\skybridge\smart-plaza\smart-plaza\backend\node_modules\router\index.js:297:9
    at processParams (E:\MY-Portfolio\skybridge\smart-plaza\smart-plaza\backend\node_modules\router\index.js:582:12)
    at next (E:\MY-Portfolio\skybridge\smart-plaza\smart-plaza\backend\node_modules\router\index.js:291:5)
    at E:\MY-Portfolio\skybridge\smart-plaza\smart-plaza\backend\server.js:96:3
    at Layer.handleRequest (E:\MY-Portfolio\skybridge\smart-plaza\smart-plaza\backend\node_modules\router\lib\layer.js:152:17)
    at trimPrefix (E:\MY-Portfolio\skybridge\smart-plaza\smart-plaza\backend\node_modules\router\index.js:342:13)
    at E:\MY-Portfolio\skybridge\smart-plaza\smart-plaza\backend\node_modules\router\index.js:297:9
    at processParams (E:\MY-Portfolio\skybridge\smart-plaza\smart-plaza\backend\node_modules\router\index.js:582:12)
    at next (E:\MY-Portfolio\skybridge\smart-plaza\smart-plaza\backend\node_modules\router\index.js:291:5)
    at read (E:\MY-Portfolio\skybridge\smart-plaza\smart-plaza\backend\node_modules\body-parser\lib\read.js:53:5)
    at urlencodedParser (E:\MY-Portfolio\skybridge\smart-plaza\smart-plaza\backend\node_modules\body-parser\lib\types\urlencoded.js:57:5)
    at Layer.handleRequest (E:\MY-Portfolio\skybridge\smart-plaza\smart-plaza\backend\node_modules\router\lib\layer.js:152:17)
    at trimPrefix (E:\MY-Portfolio\skybridge\smart-plaza\smart-plaza\backend\node_modules\router\index.js:342:13)

2026-07-11T15:50:41.780Z
Error: Not Found - /api/routes
    at notFound (E:\MY-Portfolio\skybridge\smart-plaza\smart-plaza\backend\middleware\errorMiddleware.js:2:17)
    at Layer.handleRequest (E:\MY-Portfolio\skybridge\smart-plaza\smart-plaza\backend\node_modules\router\lib\layer.js:152:17)
    at trimPrefix (E:\MY-Portfolio\skybridge\smart-plaza\smart-plaza\backend\node_modules\router\index.js:342:13)
    at E:\MY-Portfolio\skybridge\smart-plaza\smart-plaza\backend\node_modules\router\index.js:297:9
    at processParams (E:\MY-Portfolio\skybridge\smart-plaza\smart-plaza\backend\node_modules\router\index.js:582:12)
    at next (E:\MY-Portfolio\skybridge\smart-plaza\smart-plaza\backend\node_modules\router\index.js:291:5)
    at E:\MY-Portfolio\skybridge\smart-plaza\smart-plaza\backend\server.js:96:3
    at Layer.handleRequest (E:\MY-Portfolio\skybridge\smart-plaza\smart-plaza\backend\node_modules\router\lib\layer.js:152:17)
    at trimPrefix (E:\MY-Portfolio\skybridge\smart-plaza\smart-plaza\backend\node_modules\router\index.js:342:13)
    at E:\MY-Portfolio\skybridge\smart-plaza\smart-plaza\backend\node_modules\router\index.js:297:9
    at processParams (E:\MY-Portfolio\skybridge\smart-plaza\smart-plaza\backend\node_modules\router\index.js:582:12)
    at next (E:\MY-Portfolio\skybridge\smart-plaza\smart-plaza\backend\node_modules\router\index.js:291:5)
    at read (E:\MY-Portfolio\skybridge\smart-plaza\smart-plaza\backend\node_modules\body-parser\lib\read.js:53:5)
    at urlencodedParser (E:\MY-Portfolio\skybridge\smart-plaza\smart-plaza\backend\node_modules\body-parser\lib\types\urlencoded.js:57:5)
    at Layer.handleRequest (E:\MY-Portfolio\skybridge\smart-plaza\smart-plaza\backend\node_modules\router\lib\layer.js:152:17)
    at trimPrefix (E:\MY-Portfolio\skybridge\smart-plaza\smart-plaza\backend\node_modules\router\index.js:342:13)

2026-07-11T15:51:00.010Z
Error: Not Found - /api/routes
    at notFound (E:\MY-Portfolio\skybridge\smart-plaza\smart-plaza\backend\middleware\errorMiddleware.js:2:17)
    at Layer.handleRequest (E:\MY-Portfolio\skybridge\smart-plaza\smart-plaza\backend\node_modules\router\lib\layer.js:152:17)
    at trimPrefix (E:\MY-Portfolio\skybridge\smart-plaza\smart-plaza\backend\node_modules\router\index.js:342:13)
    at E:\MY-Portfolio\skybridge\smart-plaza\smart-plaza\backend\node_modules\router\index.js:297:9
    at processParams (E:\MY-Portfolio\skybridge\smart-plaza\smart-plaza\backend\node_modules\router\index.js:582:12)
    at next (E:\MY-Portfolio\skybridge\smart-plaza\smart-plaza\backend\node_modules\router\index.js:291:5)
    at E:\MY-Portfolio\skybridge\smart-plaza\smart-plaza\backend\server.js:96:3
    at Layer.handleRequest (E:\MY-Portfolio\skybridge\smart-plaza\smart-plaza\backend\node_modules\router\lib\layer.js:152:17)
    at trimPrefix (E:\MY-Portfolio\skybridge\smart-plaza\smart-plaza\backend\node_modules\router\index.js:342:13)
    at E:\MY-Portfolio\skybridge\smart-plaza\smart-plaza\backend\node_modules\router\index.js:297:9
    at processParams (E:\MY-Portfolio\skybridge\smart-plaza\smart-plaza\backend\node_modules\router\index.js:582:12)
    at next (E:\MY-Portfolio\skybridge\smart-plaza\smart-plaza\backend\node_modules\router\index.js:291:5)
    at read (E:\MY-Portfolio\skybridge\smart-plaza\smart-plaza\backend\node_modules\body-parser\lib\read.js:53:5)
    at urlencodedParser (E:\MY-Portfolio\skybridge\smart-plaza\smart-plaza\backend\node_modules\body-parser\lib\types\urlencoded.js:57:5)
    at Layer.handleRequest (E:\MY-Portfolio\skybridge\smart-plaza\smart-plaza\backend\node_modules\router\lib\layer.js:152:17)
    at trimPrefix (E:\MY-Portfolio\skybridge\smart-plaza\smart-plaza\backend\node_modules\router\index.js:342:13)

2026-07-11T15:51:01.037Z
Error: Not Found - /api/routes
    at notFound (E:\MY-Portfolio\skybridge\smart-plaza\smart-plaza\backend\middleware\errorMiddleware.js:2:17)
    at Layer.handleRequest (E:\MY-Portfolio\skybridge\smart-plaza\smart-plaza\backend\node_modules\router\lib\layer.js:152:17)
    at trimPrefix (E:\MY-Portfolio\skybridge\smart-plaza\smart-plaza\backend\node_modules\router\index.js:342:13)
    at E:\MY-Portfolio\skybridge\smart-plaza\smart-plaza\backend\node_modules\router\index.js:297:9
    at processParams (E:\MY-Portfolio\skybridge\smart-plaza\smart-plaza\backend\node_modules\router\index.js:582:12)
    at next (E:\MY-Portfolio\skybridge\smart-plaza\smart-plaza\backend\node_modules\router\index.js:291:5)
    at E:\MY-Portfolio\skybridge\smart-plaza\smart-plaza\backend\server.js:96:3
    at Layer.handleRequest (E:\MY-Portfolio\skybridge\smart-plaza\smart-plaza\backend\node_modules\router\lib\layer.js:152:17)
    at trimPrefix (E:\MY-Portfolio\skybridge\smart-plaza\smart-plaza\backend\node_modules\router\index.js:342:13)
    at E:\MY-Portfolio\skybridge\smart-plaza\smart-plaza\backend\node_modules\router\index.js:297:9
    at processParams (E:\MY-Portfolio\skybridge\smart-plaza\smart-plaza\backend\node_modules\router\index.js:582:12)
    at next (E:\MY-Portfolio\skybridge\smart-plaza\smart-plaza\backend\node_modules\router\index.js:291:5)
    at read (E:\MY-Portfolio\skybridge\smart-plaza\smart-plaza\backend\node_modules\body-parser\lib\read.js:53:5)
    at urlencodedParser (E:\MY-Portfolio\skybridge\smart-plaza\smart-plaza\backend\node_modules\body-parser\lib\types\urlencoded.js:57:5)
    at Layer.handleRequest (E:\MY-Portfolio\skybridge\smart-plaza\smart-plaza\backend\node_modules\router\lib\layer.js:152:17)
    at trimPrefix (E:\MY-Portfolio\skybridge\smart-plaza\smart-plaza\backend\node_modules\router\index.js:342:13)

2026-07-11T15:56:45.064Z
Error: Not Found - /api/routes
    at notFound (E:\MY-Portfolio\skybridge\smart-plaza\smart-plaza\backend\middleware\errorMiddleware.js:2:17)
    at Layer.handleRequest (E:\MY-Portfolio\skybridge\smart-plaza\smart-plaza\backend\node_modules\router\lib\layer.js:152:17)
    at trimPrefix (E:\MY-Portfolio\skybridge\smart-plaza\smart-plaza\backend\node_modules\router\index.js:342:13)
    at E:\MY-Portfolio\skybridge\smart-plaza\smart-plaza\backend\node_modules\router\index.js:297:9
    at processParams (E:\MY-Portfolio\skybridge\smart-plaza\smart-plaza\backend\node_modules\router\index.js:582:12)
    at next (E:\MY-Portfolio\skybridge\smart-plaza\smart-plaza\backend\node_modules\router\index.js:291:5)
    at E:\MY-Portfolio\skybridge\smart-plaza\smart-plaza\backend\server.js:96:3
    at Layer.handleRequest (E:\MY-Portfolio\skybridge\smart-plaza\smart-plaza\backend\node_modules\router\lib\layer.js:152:17)
    at trimPrefix (E:\MY-Portfolio\skybridge\smart-plaza\smart-plaza\backend\node_modules\router\index.js:342:13)
    at E:\MY-Portfolio\skybridge\smart-plaza\smart-plaza\backend\node_modules\router\index.js:297:9
    at processParams (E:\MY-Portfolio\skybridge\smart-plaza\smart-plaza\backend\node_modules\router\index.js:582:12)
    at next (E:\MY-Portfolio\skybridge\smart-plaza\smart-plaza\backend\node_modules\router\index.js:291:5)
    at read (E:\MY-Portfolio\skybridge\smart-plaza\smart-plaza\backend\node_modules\body-parser\lib\read.js:53:5)
    at urlencodedParser (E:\MY-Portfolio\skybridge\smart-plaza\smart-plaza\backend\node_modules\body-parser\lib\types\urlencoded.js:57:5)
    at Layer.handleRequest (E:\MY-Portfolio\skybridge\smart-plaza\smart-plaza\backend\node_modules\router\lib\layer.js:152:17)
    at trimPrefix (E:\MY-Portfolio\skybridge\smart-plaza\smart-plaza\backend\node_modules\router\index.js:342:13)

2026-07-11T15:56:46.097Z
Error: Not Found - /api/routes
    at notFound (E:\MY-Portfolio\skybridge\smart-plaza\smart-plaza\backend\middleware\errorMiddleware.js:2:17)
    at Layer.handleRequest (E:\MY-Portfolio\skybridge\smart-plaza\smart-plaza\backend\node_modules\router\lib\layer.js:152:17)
    at trimPrefix (E:\MY-Portfolio\skybridge\smart-plaza\smart-plaza\backend\node_modules\router\index.js:342:13)
    at E:\MY-Portfolio\skybridge\smart-plaza\smart-plaza\backend\node_modules\router\index.js:297:9
    at processParams (E:\MY-Portfolio\skybridge\smart-plaza\smart-plaza\backend\node_modules\router\index.js:582:12)
    at next (E:\MY-Portfolio\skybridge\smart-plaza\smart-plaza\backend\node_modules\router\index.js:291:5)
    at E:\MY-Portfolio\skybridge\smart-plaza\smart-plaza\backend\server.js:96:3
    at Layer.handleRequest (E:\MY-Portfolio\skybridge\smart-plaza\smart-plaza\backend\node_modules\router\lib\layer.js:152:17)
    at trimPrefix (E:\MY-Portfolio\skybridge\smart-plaza\smart-plaza\backend\node_modules\router\index.js:342:13)
    at E:\MY-Portfolio\skybridge\smart-plaza\smart-plaza\backend\node_modules\router\index.js:297:9
    at processParams (E:\MY-Portfolio\skybridge\smart-plaza\smart-plaza\backend\node_modules\router\index.js:582:12)
    at next (E:\MY-Portfolio\skybridge\smart-plaza\smart-plaza\backend\node_modules\router\index.js:291:5)
    at read (E:\MY-Portfolio\skybridge\smart-plaza\smart-plaza\backend\node_modules\body-parser\lib\read.js:53:5)
    at urlencodedParser (E:\MY-Portfolio\skybridge\smart-plaza\smart-plaza\backend\node_modules\body-parser\lib\types\urlencoded.js:57:5)
    at Layer.handleRequest (E:\MY-Portfolio\skybridge\smart-plaza\smart-plaza\backend\node_modules\router\lib\layer.js:152:17)
    at trimPrefix (E:\MY-Portfolio\skybridge\smart-plaza\smart-plaza\backend\node_modules\router\index.js:342:13)

2026-07-11T15:56:51.409Z
Error: Not Found - /api/routes
    at notFound (E:\MY-Portfolio\skybridge\smart-plaza\smart-plaza\backend\middleware\errorMiddleware.js:2:17)
    at Layer.handleRequest (E:\MY-Portfolio\skybridge\smart-plaza\smart-plaza\backend\node_modules\router\lib\layer.js:152:17)
    at trimPrefix (E:\MY-Portfolio\skybridge\smart-plaza\smart-plaza\backend\node_modules\router\index.js:342:13)
    at E:\MY-Portfolio\skybridge\smart-plaza\smart-plaza\backend\node_modules\router\index.js:297:9
    at processParams (E:\MY-Portfolio\skybridge\smart-plaza\smart-plaza\backend\node_modules\router\index.js:582:12)
    at next (E:\MY-Portfolio\skybridge\smart-plaza\smart-plaza\backend\node_modules\router\index.js:291:5)
    at E:\MY-Portfolio\skybridge\smart-plaza\smart-plaza\backend\server.js:96:3
    at Layer.handleRequest (E:\MY-Portfolio\skybridge\smart-plaza\smart-plaza\backend\node_modules\router\lib\layer.js:152:17)
    at trimPrefix (E:\MY-Portfolio\skybridge\smart-plaza\smart-plaza\backend\node_modules\router\index.js:342:13)
    at E:\MY-Portfolio\skybridge\smart-plaza\smart-plaza\backend\node_modules\router\index.js:297:9
    at processParams (E:\MY-Portfolio\skybridge\smart-plaza\smart-plaza\backend\node_modules\router\index.js:582:12)
    at next (E:\MY-Portfolio\skybridge\smart-plaza\smart-plaza\backend\node_modules\router\index.js:291:5)
    at read (E:\MY-Portfolio\skybridge\smart-plaza\smart-plaza\backend\node_modules\body-parser\lib\read.js:53:5)
    at urlencodedParser (E:\MY-Portfolio\skybridge\smart-plaza\smart-plaza\backend\node_modules\body-parser\lib\types\urlencoded.js:57:5)
    at Layer.handleRequest (E:\MY-Portfolio\skybridge\smart-plaza\smart-plaza\backend\node_modules\router\lib\layer.js:152:17)
    at trimPrefix (E:\MY-Portfolio\skybridge\smart-plaza\smart-plaza\backend\node_modules\router\index.js:342:13)

2026-07-11T15:56:52.424Z
Error: Not Found - /api/routes
    at notFound (E:\MY-Portfolio\skybridge\smart-plaza\smart-plaza\backend\middleware\errorMiddleware.js:2:17)
    at Layer.handleRequest (E:\MY-Portfolio\skybridge\smart-plaza\smart-plaza\backend\node_modules\router\lib\layer.js:152:17)
    at trimPrefix (E:\MY-Portfolio\skybridge\smart-plaza\smart-plaza\backend\node_modules\router\index.js:342:13)
    at E:\MY-Portfolio\skybridge\smart-plaza\smart-plaza\backend\node_modules\router\index.js:297:9
    at processParams (E:\MY-Portfolio\skybridge\smart-plaza\smart-plaza\backend\node_modules\router\index.js:582:12)
    at next (E:\MY-Portfolio\skybridge\smart-plaza\smart-plaza\backend\node_modules\router\index.js:291:5)
    at E:\MY-Portfolio\skybridge\smart-plaza\smart-plaza\backend\server.js:96:3
    at Layer.handleRequest (E:\MY-Portfolio\skybridge\smart-plaza\smart-plaza\backend\node_modules\router\lib\layer.js:152:17)
    at trimPrefix (E:\MY-Portfolio\skybridge\smart-plaza\smart-plaza\backend\node_modules\router\index.js:342:13)
    at E:\MY-Portfolio\skybridge\smart-plaza\smart-plaza\backend\node_modules\router\index.js:297:9
    at processParams (E:\MY-Portfolio\skybridge\smart-plaza\smart-plaza\backend\node_modules\router\index.js:582:12)
    at next (E:\MY-Portfolio\skybridge\smart-plaza\smart-plaza\backend\node_modules\router\index.js:291:5)
    at read (E:\MY-Portfolio\skybridge\smart-plaza\smart-plaza\backend\node_modules\body-parser\lib\read.js:53:5)
    at urlencodedParser (E:\MY-Portfolio\skybridge\smart-plaza\smart-plaza\backend\node_modules\body-parser\lib\types\urlencoded.js:57:5)
    at Layer.handleRequest (E:\MY-Portfolio\skybridge\smart-plaza\smart-plaza\backend\node_modules\router\lib\layer.js:152:17)
    at trimPrefix (E:\MY-Portfolio\skybridge\smart-plaza\smart-plaza\backend\node_modules\router\index.js:342:13)

2026-07-11T15:57:40.913Z
Error: Not Found - /api/routes
    at notFound (E:\MY-Portfolio\skybridge\smart-plaza\smart-plaza\backend\middleware\errorMiddleware.js:2:17)
    at Layer.handleRequest (E:\MY-Portfolio\skybridge\smart-plaza\smart-plaza\backend\node_modules\router\lib\layer.js:152:17)
    at trimPrefix (E:\MY-Portfolio\skybridge\smart-plaza\smart-plaza\backend\node_modules\router\index.js:342:13)
    at E:\MY-Portfolio\skybridge\smart-plaza\smart-plaza\backend\node_modules\router\index.js:297:9
    at processParams (E:\MY-Portfolio\skybridge\smart-plaza\smart-plaza\backend\node_modules\router\index.js:582:12)
    at next (E:\MY-Portfolio\skybridge\smart-plaza\smart-plaza\backend\node_modules\router\index.js:291:5)
    at E:\MY-Portfolio\skybridge\smart-plaza\smart-plaza\backend\server.js:96:3
    at Layer.handleRequest (E:\MY-Portfolio\skybridge\smart-plaza\smart-plaza\backend\node_modules\router\lib\layer.js:152:17)
    at trimPrefix (E:\MY-Portfolio\skybridge\smart-plaza\smart-plaza\backend\node_modules\router\index.js:342:13)
    at E:\MY-Portfolio\skybridge\smart-plaza\smart-plaza\backend\node_modules\router\index.js:297:9
    at processParams (E:\MY-Portfolio\skybridge\smart-plaza\smart-plaza\backend\node_modules\router\index.js:582:12)
    at next (E:\MY-Portfolio\skybridge\smart-plaza\smart-plaza\backend\node_modules\router\index.js:291:5)
    at read (E:\MY-Portfolio\skybridge\smart-plaza\smart-plaza\backend\node_modules\body-parser\lib\read.js:53:5)
    at urlencodedParser (E:\MY-Portfolio\skybridge\smart-plaza\smart-plaza\backend\node_modules\body-parser\lib\types\urlencoded.js:57:5)
    at Layer.handleRequest (E:\MY-Portfolio\skybridge\smart-plaza\smart-plaza\backend\node_modules\router\lib\layer.js:152:17)
    at trimPrefix (E:\MY-Portfolio\skybridge\smart-plaza\smart-plaza\backend\node_modules\router\index.js:342:13)

2026-07-11T16:00:58.176Z
MongoServerError: unrecognized option to $unwind stage: preserveNullAndEmpty
    at Connection.sendCommand (E:\MY-Portfolio\skybridge\smart-plaza\smart-plaza\backend\node_modules\mongodb\lib\cmap\connection.js:320:27)
    at process.processTicksAndRejections (node:internal/process/task_queues:104:5)
    at async Connection.command (E:\MY-Portfolio\skybridge\smart-plaza\smart-plaza\backend\node_modules\mongodb\lib\cmap\connection.js:347:26)
    at async Server.command (E:\MY-Portfolio\skybridge\smart-plaza\smart-plaza\backend\node_modules\mongodb\lib\sdam\server.js:208:29)
    at async executeOperationWithRetries (E:\MY-Portfolio\skybridge\smart-plaza\smart-plaza\backend\node_modules\mongodb\lib\operations\execute_operation.js:193:32)
    at async executeOperation (E:\MY-Portfolio\skybridge\smart-plaza\smart-plaza\backend\node_modules\mongodb\lib\operations\execute_operation.js:83:16)
    at async AggregationCursor._initialize (E:\MY-Portfolio\skybridge\smart-plaza\smart-plaza\backend\node_modules\mongodb\lib\cursor\aggregation_cursor.js:57:26)
    at async AggregationCursor.cursorInit (E:\MY-Portfolio\skybridge\smart-plaza\smart-plaza\backend\node_modules\mongodb\lib\cursor\abstract_cursor.js:620:27)
    at async AggregationCursor.fetchBatch (E:\MY-Portfolio\skybridge\smart-plaza\smart-plaza\backend\node_modules\mongodb\lib\cursor\abstract_cursor.js:654:13)
    at async AggregationCursor.next (E:\MY-Portfolio\skybridge\smart-plaza\smart-plaza\backend\node_modules\mongodb\lib\cursor\abstract_cursor.js:326:17)
    at async [Symbol.asyncIterator] (E:\MY-Portfolio\skybridge\smart-plaza\smart-plaza\backend\node_modules\mongodb\lib\cursor\abstract_cursor.js:254:34)
    at async AggregationCursor.toArray (E:\MY-Portfolio\skybridge\smart-plaza\smart-plaza\backend\node_modules\mongodb\lib\cursor\abstract_cursor.js:406:26)
    at async Aggregate.exec (E:\MY-Portfolio\skybridge\smart-plaza\smart-plaza\backend\node_modules\mongoose\lib\aggregate.js:1112:14)
    at async E:\MY-Portfolio\skybridge\smart-plaza\smart-plaza\backend\controllers\ecommerceAdminController.js:293:18

2026-07-11T16:00:59.407Z
MongoServerError: unrecognized option to $unwind stage: preserveNullAndEmpty
    at Connection.sendCommand (E:\MY-Portfolio\skybridge\smart-plaza\smart-plaza\backend\node_modules\mongodb\lib\cmap\connection.js:320:27)
    at process.processTicksAndRejections (node:internal/process/task_queues:104:5)
    at async Connection.command (E:\MY-Portfolio\skybridge\smart-plaza\smart-plaza\backend\node_modules\mongodb\lib\cmap\connection.js:347:26)
    at async Server.command (E:\MY-Portfolio\skybridge\smart-plaza\smart-plaza\backend\node_modules\mongodb\lib\sdam\server.js:208:29)
    at async executeOperationWithRetries (E:\MY-Portfolio\skybridge\smart-plaza\smart-plaza\backend\node_modules\mongodb\lib\operations\execute_operation.js:193:32)
    at async executeOperation (E:\MY-Portfolio\skybridge\smart-plaza\smart-plaza\backend\node_modules\mongodb\lib\operations\execute_operation.js:83:16)
    at async AggregationCursor._initialize (E:\MY-Portfolio\skybridge\smart-plaza\smart-plaza\backend\node_modules\mongodb\lib\cursor\aggregation_cursor.js:57:26)
    at async AggregationCursor.cursorInit (E:\MY-Portfolio\skybridge\smart-plaza\smart-plaza\backend\node_modules\mongodb\lib\cursor\abstract_cursor.js:620:27)
    at async AggregationCursor.fetchBatch (E:\MY-Portfolio\skybridge\smart-plaza\smart-plaza\backend\node_modules\mongodb\lib\cursor\abstract_cursor.js:654:13)
    at async AggregationCursor.next (E:\MY-Portfolio\skybridge\smart-plaza\smart-plaza\backend\node_modules\mongodb\lib\cursor\abstract_cursor.js:326:17)
    at async [Symbol.asyncIterator] (E:\MY-Portfolio\skybridge\smart-plaza\smart-plaza\backend\node_modules\mongodb\lib\cursor\abstract_cursor.js:254:34)
    at async AggregationCursor.toArray (E:\MY-Portfolio\skybridge\smart-plaza\smart-plaza\backend\node_modules\mongodb\lib\cursor\abstract_cursor.js:406:26)
    at async Aggregate.exec (E:\MY-Portfolio\skybridge\smart-plaza\smart-plaza\backend\node_modules\mongoose\lib\aggregate.js:1112:14)
    at async E:\MY-Portfolio\skybridge\smart-plaza\smart-plaza\backend\controllers\ecommerceAdminController.js:293:18

2026-07-11T16:01:47.594Z
Error: Not Found - /api/routes
    at notFound (E:\MY-Portfolio\skybridge\smart-plaza\smart-plaza\backend\middleware\errorMiddleware.js:2:17)
    at Layer.handleRequest (E:\MY-Portfolio\skybridge\smart-plaza\smart-plaza\backend\node_modules\router\lib\layer.js:152:17)
    at trimPrefix (E:\MY-Portfolio\skybridge\smart-plaza\smart-plaza\backend\node_modules\router\index.js:342:13)
    at E:\MY-Portfolio\skybridge\smart-plaza\smart-plaza\backend\node_modules\router\index.js:297:9
    at processParams (E:\MY-Portfolio\skybridge\smart-plaza\smart-plaza\backend\node_modules\router\index.js:582:12)
    at next (E:\MY-Portfolio\skybridge\smart-plaza\smart-plaza\backend\node_modules\router\index.js:291:5)
    at E:\MY-Portfolio\skybridge\smart-plaza\smart-plaza\backend\server.js:96:3
    at Layer.handleRequest (E:\MY-Portfolio\skybridge\smart-plaza\smart-plaza\backend\node_modules\router\lib\layer.js:152:17)
    at trimPrefix (E:\MY-Portfolio\skybridge\smart-plaza\smart-plaza\backend\node_modules\router\index.js:342:13)
    at E:\MY-Portfolio\skybridge\smart-plaza\smart-plaza\backend\node_modules\router\index.js:297:9
    at processParams (E:\MY-Portfolio\skybridge\smart-plaza\smart-plaza\backend\node_modules\router\index.js:582:12)
    at next (E:\MY-Portfolio\skybridge\smart-plaza\smart-plaza\backend\node_modules\router\index.js:291:5)
    at read (E:\MY-Portfolio\skybridge\smart-plaza\smart-plaza\backend\node_modules\body-parser\lib\read.js:53:5)
    at urlencodedParser (E:\MY-Portfolio\skybridge\smart-plaza\smart-plaza\backend\node_modules\body-parser\lib\types\urlencoded.js:57:5)
    at Layer.handleRequest (E:\MY-Portfolio\skybridge\smart-plaza\smart-plaza\backend\node_modules\router\lib\layer.js:152:17)
    at trimPrefix (E:\MY-Portfolio\skybridge\smart-plaza\smart-plaza\backend\node_modules\router\index.js:342:13)

2026-07-11T16:01:48.612Z
Error: Not Found - /api/routes
    at notFound (E:\MY-Portfolio\skybridge\smart-plaza\smart-plaza\backend\middleware\errorMiddleware.js:2:17)
    at Layer.handleRequest (E:\MY-Portfolio\skybridge\smart-plaza\smart-plaza\backend\node_modules\router\lib\layer.js:152:17)
    at trimPrefix (E:\MY-Portfolio\skybridge\smart-plaza\smart-plaza\backend\node_modules\router\index.js:342:13)
    at E:\MY-Portfolio\skybridge\smart-plaza\smart-plaza\backend\node_modules\router\index.js:297:9
    at processParams (E:\MY-Portfolio\skybridge\smart-plaza\smart-plaza\backend\node_modules\router\index.js:582:12)
    at next (E:\MY-Portfolio\skybridge\smart-plaza\smart-plaza\backend\node_modules\router\index.js:291:5)
    at E:\MY-Portfolio\skybridge\smart-plaza\smart-plaza\backend\server.js:96:3
    at Layer.handleRequest (E:\MY-Portfolio\skybridge\smart-plaza\smart-plaza\backend\node_modules\router\lib\layer.js:152:17)
    at trimPrefix (E:\MY-Portfolio\skybridge\smart-plaza\smart-plaza\backend\node_modules\router\index.js:342:13)
    at E:\MY-Portfolio\skybridge\smart-plaza\smart-plaza\backend\node_modules\router\index.js:297:9
    at processParams (E:\MY-Portfolio\skybridge\smart-plaza\smart-plaza\backend\node_modules\router\index.js:582:12)
    at next (E:\MY-Portfolio\skybridge\smart-plaza\smart-plaza\backend\node_modules\router\index.js:291:5)
    at read (E:\MY-Portfolio\skybridge\smart-plaza\smart-plaza\backend\node_modules\body-parser\lib\read.js:53:5)
    at urlencodedParser (E:\MY-Portfolio\skybridge\smart-plaza\smart-plaza\backend\node_modules\body-parser\lib\types\urlencoded.js:57:5)
    at Layer.handleRequest (E:\MY-Portfolio\skybridge\smart-plaza\smart-plaza\backend\node_modules\router\lib\layer.js:152:17)
    at trimPrefix (E:\MY-Portfolio\skybridge\smart-plaza\smart-plaza\backend\node_modules\router\index.js:342:13)

2026-07-11T16:17:07.759Z
MongoServerError: unrecognized option to $unwind stage: preserveNullAndEmpty
    at Connection.sendCommand (E:\MY-Portfolio\skybridge\smart-plaza\smart-plaza\backend\node_modules\mongodb\lib\cmap\connection.js:320:27)
    at process.processTicksAndRejections (node:internal/process/task_queues:104:5)
    at async Connection.command (E:\MY-Portfolio\skybridge\smart-plaza\smart-plaza\backend\node_modules\mongodb\lib\cmap\connection.js:347:26)
    at async Server.command (E:\MY-Portfolio\skybridge\smart-plaza\smart-plaza\backend\node_modules\mongodb\lib\sdam\server.js:208:29)
    at async executeOperationWithRetries (E:\MY-Portfolio\skybridge\smart-plaza\smart-plaza\backend\node_modules\mongodb\lib\operations\execute_operation.js:193:32)
    at async executeOperation (E:\MY-Portfolio\skybridge\smart-plaza\smart-plaza\backend\node_modules\mongodb\lib\operations\execute_operation.js:83:16)
    at async AggregationCursor._initialize (E:\MY-Portfolio\skybridge\smart-plaza\smart-plaza\backend\node_modules\mongodb\lib\cursor\aggregation_cursor.js:57:26)
    at async AggregationCursor.cursorInit (E:\MY-Portfolio\skybridge\smart-plaza\smart-plaza\backend\node_modules\mongodb\lib\cursor\abstract_cursor.js:620:27)
    at async AggregationCursor.fetchBatch (E:\MY-Portfolio\skybridge\smart-plaza\smart-plaza\backend\node_modules\mongodb\lib\cursor\abstract_cursor.js:654:13)
    at async AggregationCursor.next (E:\MY-Portfolio\skybridge\smart-plaza\smart-plaza\backend\node_modules\mongodb\lib\cursor\abstract_cursor.js:326:17)
    at async [Symbol.asyncIterator] (E:\MY-Portfolio\skybridge\smart-plaza\smart-plaza\backend\node_modules\mongodb\lib\cursor\abstract_cursor.js:254:34)
    at async AggregationCursor.toArray (E:\MY-Portfolio\skybridge\smart-plaza\smart-plaza\backend\node_modules\mongodb\lib\cursor\abstract_cursor.js:406:26)
    at async Aggregate.exec (E:\MY-Portfolio\skybridge\smart-plaza\smart-plaza\backend\node_modules\mongoose\lib\aggregate.js:1112:14)
    at async E:\MY-Portfolio\skybridge\smart-plaza\smart-plaza\backend\controllers\ecommerceAdminController.js:293:18

2026-07-11T16:17:08.793Z
MongoServerError: unrecognized option to $unwind stage: preserveNullAndEmpty
    at Connection.sendCommand (E:\MY-Portfolio\skybridge\smart-plaza\smart-plaza\backend\node_modules\mongodb\lib\cmap\connection.js:320:27)
    at process.processTicksAndRejections (node:internal/process/task_queues:104:5)
    at async Connection.command (E:\MY-Portfolio\skybridge\smart-plaza\smart-plaza\backend\node_modules\mongodb\lib\cmap\connection.js:347:26)
    at async Server.command (E:\MY-Portfolio\skybridge\smart-plaza\smart-plaza\backend\node_modules\mongodb\lib\sdam\server.js:208:29)
    at async executeOperationWithRetries (E:\MY-Portfolio\skybridge\smart-plaza\smart-plaza\backend\node_modules\mongodb\lib\operations\execute_operation.js:193:32)
    at async executeOperation (E:\MY-Portfolio\skybridge\smart-plaza\smart-plaza\backend\node_modules\mongodb\lib\operations\execute_operation.js:83:16)
    at async AggregationCursor._initialize (E:\MY-Portfolio\skybridge\smart-plaza\smart-plaza\backend\node_modules\mongodb\lib\cursor\aggregation_cursor.js:57:26)
    at async AggregationCursor.cursorInit (E:\MY-Portfolio\skybridge\smart-plaza\smart-plaza\backend\node_modules\mongodb\lib\cursor\abstract_cursor.js:620:27)
    at async AggregationCursor.fetchBatch (E:\MY-Portfolio\skybridge\smart-plaza\smart-plaza\backend\node_modules\mongodb\lib\cursor\abstract_cursor.js:654:13)
    at async AggregationCursor.next (E:\MY-Portfolio\skybridge\smart-plaza\smart-plaza\backend\node_modules\mongodb\lib\cursor\abstract_cursor.js:326:17)
    at async [Symbol.asyncIterator] (E:\MY-Portfolio\skybridge\smart-plaza\smart-plaza\backend\node_modules\mongodb\lib\cursor\abstract_cursor.js:254:34)
    at async AggregationCursor.toArray (E:\MY-Portfolio\skybridge\smart-plaza\smart-plaza\backend\node_modules\mongodb\lib\cursor\abstract_cursor.js:406:26)
    at async Aggregate.exec (E:\MY-Portfolio\skybridge\smart-plaza\smart-plaza\backend\node_modules\mongoose\lib\aggregate.js:1112:14)
    at async E:\MY-Portfolio\skybridge\smart-plaza\smart-plaza\backend\controllers\ecommerceAdminController.js:293:18

2026-07-11T16:21:34.676Z
Error: Not Found - /api/routes
    at notFound (E:\MY-Portfolio\skybridge\smart-plaza\smart-plaza\backend\middleware\errorMiddleware.js:2:17)
    at Layer.handleRequest (E:\MY-Portfolio\skybridge\smart-plaza\smart-plaza\backend\node_modules\router\lib\layer.js:152:17)
    at trimPrefix (E:\MY-Portfolio\skybridge\smart-plaza\smart-plaza\backend\node_modules\router\index.js:342:13)
    at E:\MY-Portfolio\skybridge\smart-plaza\smart-plaza\backend\node_modules\router\index.js:297:9
    at processParams (E:\MY-Portfolio\skybridge\smart-plaza\smart-plaza\backend\node_modules\router\index.js:582:12)
    at next (E:\MY-Portfolio\skybridge\smart-plaza\smart-plaza\backend\node_modules\router\index.js:291:5)
    at E:\MY-Portfolio\skybridge\smart-plaza\smart-plaza\backend\server.js:96:3
    at Layer.handleRequest (E:\MY-Portfolio\skybridge\smart-plaza\smart-plaza\backend\node_modules\router\lib\layer.js:152:17)
    at trimPrefix (E:\MY-Portfolio\skybridge\smart-plaza\smart-plaza\backend\node_modules\router\index.js:342:13)
    at E:\MY-Portfolio\skybridge\smart-plaza\smart-plaza\backend\node_modules\router\index.js:297:9
    at processParams (E:\MY-Portfolio\skybridge\smart-plaza\smart-plaza\backend\node_modules\router\index.js:582:12)
    at next (E:\MY-Portfolio\skybridge\smart-plaza\smart-plaza\backend\node_modules\router\index.js:291:5)
    at read (E:\MY-Portfolio\skybridge\smart-plaza\smart-plaza\backend\node_modules\body-parser\lib\read.js:53:5)
    at urlencodedParser (E:\MY-Portfolio\skybridge\smart-plaza\smart-plaza\backend\node_modules\body-parser\lib\types\urlencoded.js:57:5)
    at Layer.handleRequest (E:\MY-Portfolio\skybridge\smart-plaza\smart-plaza\backend\node_modules\router\lib\layer.js:152:17)
    at trimPrefix (E:\MY-Portfolio\skybridge\smart-plaza\smart-plaza\backend\node_modules\router\index.js:342:13)

2026-07-11T16:21:35.707Z
Error: Not Found - /api/routes
    at notFound (E:\MY-Portfolio\skybridge\smart-plaza\smart-plaza\backend\middleware\errorMiddleware.js:2:17)
    at Layer.handleRequest (E:\MY-Portfolio\skybridge\smart-plaza\smart-plaza\backend\node_modules\router\lib\layer.js:152:17)
    at trimPrefix (E:\MY-Portfolio\skybridge\smart-plaza\smart-plaza\backend\node_modules\router\index.js:342:13)
    at E:\MY-Portfolio\skybridge\smart-plaza\smart-plaza\backend\node_modules\router\index.js:297:9
    at processParams (E:\MY-Portfolio\skybridge\smart-plaza\smart-plaza\backend\node_modules\router\index.js:582:12)
    at next (E:\MY-Portfolio\skybridge\smart-plaza\smart-plaza\backend\node_modules\router\index.js:291:5)
    at E:\MY-Portfolio\skybridge\smart-plaza\smart-plaza\backend\server.js:96:3
    at Layer.handleRequest (E:\MY-Portfolio\skybridge\smart-plaza\smart-plaza\backend\node_modules\router\lib\layer.js:152:17)
    at trimPrefix (E:\MY-Portfolio\skybridge\smart-plaza\smart-plaza\backend\node_modules\router\index.js:342:13)
    at E:\MY-Portfolio\skybridge\smart-plaza\smart-plaza\backend\node_modules\router\index.js:297:9
    at processParams (E:\MY-Portfolio\skybridge\smart-plaza\smart-plaza\backend\node_modules\router\index.js:582:12)
    at next (E:\MY-Portfolio\skybridge\smart-plaza\smart-plaza\backend\node_modules\router\index.js:291:5)
    at read (E:\MY-Portfolio\skybridge\smart-plaza\smart-plaza\backend\node_modules\body-parser\lib\read.js:53:5)
    at urlencodedParser (E:\MY-Portfolio\skybridge\smart-plaza\smart-plaza\backend\node_modules\body-parser\lib\types\urlencoded.js:57:5)
    at Layer.handleRequest (E:\MY-Portfolio\skybridge\smart-plaza\smart-plaza\backend\node_modules\router\lib\layer.js:152:17)
    at trimPrefix (E:\MY-Portfolio\skybridge\smart-plaza\smart-plaza\backend\node_modules\router\index.js:342:13)

2026-07-11T16:30:56.267Z
Error: Not Found - /api/routes
    at notFound (E:\MY-Portfolio\skybridge\smart-plaza\smart-plaza\backend\middleware\errorMiddleware.js:2:17)
    at Layer.handleRequest (E:\MY-Portfolio\skybridge\smart-plaza\smart-plaza\backend\node_modules\router\lib\layer.js:152:17)
    at trimPrefix (E:\MY-Portfolio\skybridge\smart-plaza\smart-plaza\backend\node_modules\router\index.js:342:13)
    at E:\MY-Portfolio\skybridge\smart-plaza\smart-plaza\backend\node_modules\router\index.js:297:9
    at processParams (E:\MY-Portfolio\skybridge\smart-plaza\smart-plaza\backend\node_modules\router\index.js:582:12)
    at next (E:\MY-Portfolio\skybridge\smart-plaza\smart-plaza\backend\node_modules\router\index.js:291:5)
    at E:\MY-Portfolio\skybridge\smart-plaza\smart-plaza\backend\server.js:96:3
    at Layer.handleRequest (E:\MY-Portfolio\skybridge\smart-plaza\smart-plaza\backend\node_modules\router\lib\layer.js:152:17)
    at trimPrefix (E:\MY-Portfolio\skybridge\smart-plaza\smart-plaza\backend\node_modules\router\index.js:342:13)
    at E:\MY-Portfolio\skybridge\smart-plaza\smart-plaza\backend\node_modules\router\index.js:297:9
    at processParams (E:\MY-Portfolio\skybridge\smart-plaza\smart-plaza\backend\node_modules\router\index.js:582:12)
    at next (E:\MY-Portfolio\skybridge\smart-plaza\smart-plaza\backend\node_modules\router\index.js:291:5)
    at read (E:\MY-Portfolio\skybridge\smart-plaza\smart-plaza\backend\node_modules\body-parser\lib\read.js:53:5)
    at urlencodedParser (E:\MY-Portfolio\skybridge\smart-plaza\smart-plaza\backend\node_modules\body-parser\lib\types\urlencoded.js:57:5)
    at Layer.handleRequest (E:\MY-Portfolio\skybridge\smart-plaza\smart-plaza\backend\node_modules\router\lib\layer.js:152:17)
    at trimPrefix (E:\MY-Portfolio\skybridge\smart-plaza\smart-plaza\backend\node_modules\router\index.js:342:13)

2026-07-11T16:30:57.293Z
Error: Not Found - /api/routes
    at notFound (E:\MY-Portfolio\skybridge\smart-plaza\smart-plaza\backend\middleware\errorMiddleware.js:2:17)
    at Layer.handleRequest (E:\MY-Portfolio\skybridge\smart-plaza\smart-plaza\backend\node_modules\router\lib\layer.js:152:17)
    at trimPrefix (E:\MY-Portfolio\skybridge\smart-plaza\smart-plaza\backend\node_modules\router\index.js:342:13)
    at E:\MY-Portfolio\skybridge\smart-plaza\smart-plaza\backend\node_modules\router\index.js:297:9
    at processParams (E:\MY-Portfolio\skybridge\smart-plaza\smart-plaza\backend\node_modules\router\index.js:582:12)
    at next (E:\MY-Portfolio\skybridge\smart-plaza\smart-plaza\backend\node_modules\router\index.js:291:5)
    at E:\MY-Portfolio\skybridge\smart-plaza\smart-plaza\backend\server.js:96:3
    at Layer.handleRequest (E:\MY-Portfolio\skybridge\smart-plaza\smart-plaza\backend\node_modules\router\lib\layer.js:152:17)
    at trimPrefix (E:\MY-Portfolio\skybridge\smart-plaza\smart-plaza\backend\node_modules\router\index.js:342:13)
    at E:\MY-Portfolio\skybridge\smart-plaza\smart-plaza\backend\node_modules\router\index.js:297:9
    at processParams (E:\MY-Portfolio\skybridge\smart-plaza\smart-plaza\backend\node_modules\router\index.js:582:12)
    at next (E:\MY-Portfolio\skybridge\smart-plaza\smart-plaza\backend\node_modules\router\index.js:291:5)
    at read (E:\MY-Portfolio\skybridge\smart-plaza\smart-plaza\backend\node_modules\body-parser\lib\read.js:53:5)
    at urlencodedParser (E:\MY-Portfolio\skybridge\smart-plaza\smart-plaza\backend\node_modules\body-parser\lib\types\urlencoded.js:57:5)
    at Layer.handleRequest (E:\MY-Portfolio\skybridge\smart-plaza\smart-plaza\backend\node_modules\router\lib\layer.js:152:17)
    at trimPrefix (E:\MY-Portfolio\skybridge\smart-plaza\smart-plaza\backend\node_modules\router\index.js:342:13)

2026-07-11T16:53:33.915Z
MongoServerError: unrecognized option to $unwind stage: preserveNullAndEmpty
    at Connection.sendCommand (E:\MY-Portfolio\skybridge\smart-plaza\smart-plaza\backend\node_modules\mongodb\lib\cmap\connection.js:320:27)
    at process.processTicksAndRejections (node:internal/process/task_queues:104:5)
    at async Connection.command (E:\MY-Portfolio\skybridge\smart-plaza\smart-plaza\backend\node_modules\mongodb\lib\cmap\connection.js:347:26)
    at async Server.command (E:\MY-Portfolio\skybridge\smart-plaza\smart-plaza\backend\node_modules\mongodb\lib\sdam\server.js:208:29)
    at async executeOperationWithRetries (E:\MY-Portfolio\skybridge\smart-plaza\smart-plaza\backend\node_modules\mongodb\lib\operations\execute_operation.js:193:32)
    at async executeOperation (E:\MY-Portfolio\skybridge\smart-plaza\smart-plaza\backend\node_modules\mongodb\lib\operations\execute_operation.js:83:16)
    at async AggregationCursor._initialize (E:\MY-Portfolio\skybridge\smart-plaza\smart-plaza\backend\node_modules\mongodb\lib\cursor\aggregation_cursor.js:57:26)
    at async AggregationCursor.cursorInit (E:\MY-Portfolio\skybridge\smart-plaza\smart-plaza\backend\node_modules\mongodb\lib\cursor\abstract_cursor.js:620:27)
    at async AggregationCursor.fetchBatch (E:\MY-Portfolio\skybridge\smart-plaza\smart-plaza\backend\node_modules\mongodb\lib\cursor\abstract_cursor.js:654:13)
    at async AggregationCursor.next (E:\MY-Portfolio\skybridge\smart-plaza\smart-plaza\backend\node_modules\mongodb\lib\cursor\abstract_cursor.js:326:17)
    at async [Symbol.asyncIterator] (E:\MY-Portfolio\skybridge\smart-plaza\smart-plaza\backend\node_modules\mongodb\lib\cursor\abstract_cursor.js:254:34)
    at async AggregationCursor.toArray (E:\MY-Portfolio\skybridge\smart-plaza\smart-plaza\backend\node_modules\mongodb\lib\cursor\abstract_cursor.js:406:26)
    at async Aggregate.exec (E:\MY-Portfolio\skybridge\smart-plaza\smart-plaza\backend\node_modules\mongoose\lib\aggregate.js:1112:14)
    at async E:\MY-Portfolio\skybridge\smart-plaza\smart-plaza\backend\controllers\ecommerceAdminController.js:293:18

2026-07-11T16:53:35.210Z
MongoServerError: unrecognized option to $unwind stage: preserveNullAndEmpty
    at Connection.sendCommand (E:\MY-Portfolio\skybridge\smart-plaza\smart-plaza\backend\node_modules\mongodb\lib\cmap\connection.js:320:27)
    at process.processTicksAndRejections (node:internal/process/task_queues:104:5)
    at async Connection.command (E:\MY-Portfolio\skybridge\smart-plaza\smart-plaza\backend\node_modules\mongodb\lib\cmap\connection.js:347:26)
    at async Server.command (E:\MY-Portfolio\skybridge\smart-plaza\smart-plaza\backend\node_modules\mongodb\lib\sdam\server.js:208:29)
    at async executeOperationWithRetries (E:\MY-Portfolio\skybridge\smart-plaza\smart-plaza\backend\node_modules\mongodb\lib\operations\execute_operation.js:193:32)
    at async executeOperation (E:\MY-Portfolio\skybridge\smart-plaza\smart-plaza\backend\node_modules\mongodb\lib\operations\execute_operation.js:83:16)
    at async AggregationCursor._initialize (E:\MY-Portfolio\skybridge\smart-plaza\smart-plaza\backend\node_modules\mongodb\lib\cursor\aggregation_cursor.js:57:26)
    at async AggregationCursor.cursorInit (E:\MY-Portfolio\skybridge\smart-plaza\smart-plaza\backend\node_modules\mongodb\lib\cursor\abstract_cursor.js:620:27)
    at async AggregationCursor.fetchBatch (E:\MY-Portfolio\skybridge\smart-plaza\smart-plaza\backend\node_modules\mongodb\lib\cursor\abstract_cursor.js:654:13)
    at async AggregationCursor.next (E:\MY-Portfolio\skybridge\smart-plaza\smart-plaza\backend\node_modules\mongodb\lib\cursor\abstract_cursor.js:326:17)
    at async [Symbol.asyncIterator] (E:\MY-Portfolio\skybridge\smart-plaza\smart-plaza\backend\node_modules\mongodb\lib\cursor\abstract_cursor.js:254:34)
    at async AggregationCursor.toArray (E:\MY-Portfolio\skybridge\smart-plaza\smart-plaza\backend\node_modules\mongodb\lib\cursor\abstract_cursor.js:406:26)
    at async Aggregate.exec (E:\MY-Portfolio\skybridge\smart-plaza\smart-plaza\backend\node_modules\mongoose\lib\aggregate.js:1112:14)
    at async E:\MY-Portfolio\skybridge\smart-plaza\smart-plaza\backend\controllers\ecommerceAdminController.js:293:18

2026-07-11T16:54:49.024Z
Error: Not Found - /api/routes
    at notFound (E:\MY-Portfolio\skybridge\smart-plaza\smart-plaza\backend\middleware\errorMiddleware.js:2:17)
    at Layer.handleRequest (E:\MY-Portfolio\skybridge\smart-plaza\smart-plaza\backend\node_modules\router\lib\layer.js:152:17)
    at trimPrefix (E:\MY-Portfolio\skybridge\smart-plaza\smart-plaza\backend\node_modules\router\index.js:342:13)
    at E:\MY-Portfolio\skybridge\smart-plaza\smart-plaza\backend\node_modules\router\index.js:297:9
    at processParams (E:\MY-Portfolio\skybridge\smart-plaza\smart-plaza\backend\node_modules\router\index.js:582:12)
    at next (E:\MY-Portfolio\skybridge\smart-plaza\smart-plaza\backend\node_modules\router\index.js:291:5)
    at E:\MY-Portfolio\skybridge\smart-plaza\smart-plaza\backend\server.js:96:3
    at Layer.handleRequest (E:\MY-Portfolio\skybridge\smart-plaza\smart-plaza\backend\node_modules\router\lib\layer.js:152:17)
    at trimPrefix (E:\MY-Portfolio\skybridge\smart-plaza\smart-plaza\backend\node_modules\router\index.js:342:13)
    at E:\MY-Portfolio\skybridge\smart-plaza\smart-plaza\backend\node_modules\router\index.js:297:9
    at processParams (E:\MY-Portfolio\skybridge\smart-plaza\smart-plaza\backend\node_modules\router\index.js:582:12)
    at next (E:\MY-Portfolio\skybridge\smart-plaza\smart-plaza\backend\node_modules\router\index.js:291:5)
    at read (E:\MY-Portfolio\skybridge\smart-plaza\smart-plaza\backend\node_modules\body-parser\lib\read.js:53:5)
    at urlencodedParser (E:\MY-Portfolio\skybridge\smart-plaza\smart-plaza\backend\node_modules\body-parser\lib\types\urlencoded.js:57:5)
    at Layer.handleRequest (E:\MY-Portfolio\skybridge\smart-plaza\smart-plaza\backend\node_modules\router\lib\layer.js:152:17)
    at trimPrefix (E:\MY-Portfolio\skybridge\smart-plaza\smart-plaza\backend\node_modules\router\index.js:342:13)

2026-07-11T16:54:50.051Z
Error: Not Found - /api/routes
    at notFound (E:\MY-Portfolio\skybridge\smart-plaza\smart-plaza\backend\middleware\errorMiddleware.js:2:17)
    at Layer.handleRequest (E:\MY-Portfolio\skybridge\smart-plaza\smart-plaza\backend\node_modules\router\lib\layer.js:152:17)
    at trimPrefix (E:\MY-Portfolio\skybridge\smart-plaza\smart-plaza\backend\node_modules\router\index.js:342:13)
    at E:\MY-Portfolio\skybridge\smart-plaza\smart-plaza\backend\node_modules\router\index.js:297:9
    at processParams (E:\MY-Portfolio\skybridge\smart-plaza\smart-plaza\backend\node_modules\router\index.js:582:12)
    at next (E:\MY-Portfolio\skybridge\smart-plaza\smart-plaza\backend\node_modules\router\index.js:291:5)
    at E:\MY-Portfolio\skybridge\smart-plaza\smart-plaza\backend\server.js:96:3
    at Layer.handleRequest (E:\MY-Portfolio\skybridge\smart-plaza\smart-plaza\backend\node_modules\router\lib\layer.js:152:17)
    at trimPrefix (E:\MY-Portfolio\skybridge\smart-plaza\smart-plaza\backend\node_modules\router\index.js:342:13)
    at E:\MY-Portfolio\skybridge\smart-plaza\smart-plaza\backend\node_modules\router\index.js:297:9
    at processParams (E:\MY-Portfolio\skybridge\smart-plaza\smart-plaza\backend\node_modules\router\index.js:582:12)
    at next (E:\MY-Portfolio\skybridge\smart-plaza\smart-plaza\backend\node_modules\router\index.js:291:5)
    at read (E:\MY-Portfolio\skybridge\smart-plaza\smart-plaza\backend\node_modules\body-parser\lib\read.js:53:5)
    at urlencodedParser (E:\MY-Portfolio\skybridge\smart-plaza\smart-plaza\backend\node_modules\body-parser\lib\types\urlencoded.js:57:5)
    at Layer.handleRequest (E:\MY-Portfolio\skybridge\smart-plaza\smart-plaza\backend\node_modules\router\lib\layer.js:152:17)
    at trimPrefix (E:\MY-Portfolio\skybridge\smart-plaza\smart-plaza\backend\node_modules\router\index.js:342:13)

2026-07-11T16:56:16.701Z
MongoServerError: unrecognized option to $unwind stage: preserveNullAndEmpty
    at Connection.sendCommand (E:\MY-Portfolio\skybridge\smart-plaza\smart-plaza\backend\node_modules\mongodb\lib\cmap\connection.js:320:27)
    at process.processTicksAndRejections (node:internal/process/task_queues:104:5)
    at async Connection.command (E:\MY-Portfolio\skybridge\smart-plaza\smart-plaza\backend\node_modules\mongodb\lib\cmap\connection.js:347:26)
    at async Server.command (E:\MY-Portfolio\skybridge\smart-plaza\smart-plaza\backend\node_modules\mongodb\lib\sdam\server.js:208:29)
    at async executeOperationWithRetries (E:\MY-Portfolio\skybridge\smart-plaza\smart-plaza\backend\node_modules\mongodb\lib\operations\execute_operation.js:193:32)
    at async executeOperation (E:\MY-Portfolio\skybridge\smart-plaza\smart-plaza\backend\node_modules\mongodb\lib\operations\execute_operation.js:83:16)
    at async AggregationCursor._initialize (E:\MY-Portfolio\skybridge\smart-plaza\smart-plaza\backend\node_modules\mongodb\lib\cursor\aggregation_cursor.js:57:26)
    at async AggregationCursor.cursorInit (E:\MY-Portfolio\skybridge\smart-plaza\smart-plaza\backend\node_modules\mongodb\lib\cursor\abstract_cursor.js:620:27)
    at async AggregationCursor.fetchBatch (E:\MY-Portfolio\skybridge\smart-plaza\smart-plaza\backend\node_modules\mongodb\lib\cursor\abstract_cursor.js:654:13)
    at async AggregationCursor.next (E:\MY-Portfolio\skybridge\smart-plaza\smart-plaza\backend\node_modules\mongodb\lib\cursor\abstract_cursor.js:326:17)
    at async [Symbol.asyncIterator] (E:\MY-Portfolio\skybridge\smart-plaza\smart-plaza\backend\node_modules\mongodb\lib\cursor\abstract_cursor.js:254:34)
    at async AggregationCursor.toArray (E:\MY-Portfolio\skybridge\smart-plaza\smart-plaza\backend\node_modules\mongodb\lib\cursor\abstract_cursor.js:406:26)
    at async Aggregate.exec (E:\MY-Portfolio\skybridge\smart-plaza\smart-plaza\backend\node_modules\mongoose\lib\aggregate.js:1112:14)
    at async E:\MY-Portfolio\skybridge\smart-plaza\smart-plaza\backend\controllers\ecommerceAdminController.js:293:18

2026-07-11T16:56:17.741Z
MongoServerError: unrecognized option to $unwind stage: preserveNullAndEmpty
    at Connection.sendCommand (E:\MY-Portfolio\skybridge\smart-plaza\smart-plaza\backend\node_modules\mongodb\lib\cmap\connection.js:320:27)
    at process.processTicksAndRejections (node:internal/process/task_queues:104:5)
    at async Connection.command (E:\MY-Portfolio\skybridge\smart-plaza\smart-plaza\backend\node_modules\mongodb\lib\cmap\connection.js:347:26)
    at async Server.command (E:\MY-Portfolio\skybridge\smart-plaza\smart-plaza\backend\node_modules\mongodb\lib\sdam\server.js:208:29)
    at async executeOperationWithRetries (E:\MY-Portfolio\skybridge\smart-plaza\smart-plaza\backend\node_modules\mongodb\lib\operations\execute_operation.js:193:32)
    at async executeOperation (E:\MY-Portfolio\skybridge\smart-plaza\smart-plaza\backend\node_modules\mongodb\lib\operations\execute_operation.js:83:16)
    at async AggregationCursor._initialize (E:\MY-Portfolio\skybridge\smart-plaza\smart-plaza\backend\node_modules\mongodb\lib\cursor\aggregation_cursor.js:57:26)
    at async AggregationCursor.cursorInit (E:\MY-Portfolio\skybridge\smart-plaza\smart-plaza\backend\node_modules\mongodb\lib\cursor\abstract_cursor.js:620:27)
    at async AggregationCursor.fetchBatch (E:\MY-Portfolio\skybridge\smart-plaza\smart-plaza\backend\node_modules\mongodb\lib\cursor\abstract_cursor.js:654:13)
    at async AggregationCursor.next (E:\MY-Portfolio\skybridge\smart-plaza\smart-plaza\backend\node_modules\mongodb\lib\cursor\abstract_cursor.js:326:17)
    at async [Symbol.asyncIterator] (E:\MY-Portfolio\skybridge\smart-plaza\smart-plaza\backend\node_modules\mongodb\lib\cursor\abstract_cursor.js:254:34)
    at async AggregationCursor.toArray (E:\MY-Portfolio\skybridge\smart-plaza\smart-plaza\backend\node_modules\mongodb\lib\cursor\abstract_cursor.js:406:26)
    at async Aggregate.exec (E:\MY-Portfolio\skybridge\smart-plaza\smart-plaza\backend\node_modules\mongoose\lib\aggregate.js:1112:14)
    at async E:\MY-Portfolio\skybridge\smart-plaza\smart-plaza\backend\controllers\ecommerceAdminController.js:293:18

2026-07-11T16:56:19.951Z
MongoServerError: unrecognized option to $unwind stage: preserveNullAndEmpty
    at Connection.sendCommand (E:\MY-Portfolio\skybridge\smart-plaza\smart-plaza\backend\node_modules\mongodb\lib\cmap\connection.js:320:27)
    at process.processTicksAndRejections (node:internal/process/task_queues:104:5)
    at async Connection.command (E:\MY-Portfolio\skybridge\smart-plaza\smart-plaza\backend\node_modules\mongodb\lib\cmap\connection.js:347:26)
    at async Server.command (E:\MY-Portfolio\skybridge\smart-plaza\smart-plaza\backend\node_modules\mongodb\lib\sdam\server.js:208:29)
    at async executeOperationWithRetries (E:\MY-Portfolio\skybridge\smart-plaza\smart-plaza\backend\node_modules\mongodb\lib\operations\execute_operation.js:193:32)
    at async executeOperation (E:\MY-Portfolio\skybridge\smart-plaza\smart-plaza\backend\node_modules\mongodb\lib\operations\execute_operation.js:83:16)
    at async AggregationCursor._initialize (E:\MY-Portfolio\skybridge\smart-plaza\smart-plaza\backend\node_modules\mongodb\lib\cursor\aggregation_cursor.js:57:26)
    at async AggregationCursor.cursorInit (E:\MY-Portfolio\skybridge\smart-plaza\smart-plaza\backend\node_modules\mongodb\lib\cursor\abstract_cursor.js:620:27)
    at async AggregationCursor.fetchBatch (E:\MY-Portfolio\skybridge\smart-plaza\smart-plaza\backend\node_modules\mongodb\lib\cursor\abstract_cursor.js:654:13)
    at async AggregationCursor.next (E:\MY-Portfolio\skybridge\smart-plaza\smart-plaza\backend\node_modules\mongodb\lib\cursor\abstract_cursor.js:326:17)
    at async [Symbol.asyncIterator] (E:\MY-Portfolio\skybridge\smart-plaza\smart-plaza\backend\node_modules\mongodb\lib\cursor\abstract_cursor.js:254:34)
    at async AggregationCursor.toArray (E:\MY-Portfolio\skybridge\smart-plaza\smart-plaza\backend\node_modules\mongodb\lib\cursor\abstract_cursor.js:406:26)
    at async Aggregate.exec (E:\MY-Portfolio\skybridge\smart-plaza\smart-plaza\backend\node_modules\mongoose\lib\aggregate.js:1112:14)
    at async E:\MY-Portfolio\skybridge\smart-plaza\smart-plaza\backend\controllers\ecommerceAdminController.js:293:18

2026-07-11T16:56:20.985Z
MongoServerError: unrecognized option to $unwind stage: preserveNullAndEmpty
    at Connection.sendCommand (E:\MY-Portfolio\skybridge\smart-plaza\smart-plaza\backend\node_modules\mongodb\lib\cmap\connection.js:320:27)
    at process.processTicksAndRejections (node:internal/process/task_queues:104:5)
    at async Connection.command (E:\MY-Portfolio\skybridge\smart-plaza\smart-plaza\backend\node_modules\mongodb\lib\cmap\connection.js:347:26)
    at async Server.command (E:\MY-Portfolio\skybridge\smart-plaza\smart-plaza\backend\node_modules\mongodb\lib\sdam\server.js:208:29)
    at async executeOperationWithRetries (E:\MY-Portfolio\skybridge\smart-plaza\smart-plaza\backend\node_modules\mongodb\lib\operations\execute_operation.js:193:32)
    at async executeOperation (E:\MY-Portfolio\skybridge\smart-plaza\smart-plaza\backend\node_modules\mongodb\lib\operations\execute_operation.js:83:16)
    at async AggregationCursor._initialize (E:\MY-Portfolio\skybridge\smart-plaza\smart-plaza\backend\node_modules\mongodb\lib\cursor\aggregation_cursor.js:57:26)
    at async AggregationCursor.cursorInit (E:\MY-Portfolio\skybridge\smart-plaza\smart-plaza\backend\node_modules\mongodb\lib\cursor\abstract_cursor.js:620:27)
    at async AggregationCursor.fetchBatch (E:\MY-Portfolio\skybridge\smart-plaza\smart-plaza\backend\node_modules\mongodb\lib\cursor\abstract_cursor.js:654:13)
    at async AggregationCursor.next (E:\MY-Portfolio\skybridge\smart-plaza\smart-plaza\backend\node_modules\mongodb\lib\cursor\abstract_cursor.js:326:17)
    at async [Symbol.asyncIterator] (E:\MY-Portfolio\skybridge\smart-plaza\smart-plaza\backend\node_modules\mongodb\lib\cursor\abstract_cursor.js:254:34)
    at async AggregationCursor.toArray (E:\MY-Portfolio\skybridge\smart-plaza\smart-plaza\backend\node_modules\mongodb\lib\cursor\abstract_cursor.js:406:26)
    at async Aggregate.exec (E:\MY-Portfolio\skybridge\smart-plaza\smart-plaza\backend\node_modules\mongoose\lib\aggregate.js:1112:14)
    at async E:\MY-Portfolio\skybridge\smart-plaza\smart-plaza\backend\controllers\ecommerceAdminController.js:293:18

2026-07-11T17:04:53.702Z
Error: Not Found - /api/routes
    at notFound (E:\MY-Portfolio\skybridge\smart-plaza\smart-plaza\backend\middleware\errorMiddleware.js:2:17)
    at Layer.handleRequest (E:\MY-Portfolio\skybridge\smart-plaza\smart-plaza\backend\node_modules\router\lib\layer.js:152:17)
    at trimPrefix (E:\MY-Portfolio\skybridge\smart-plaza\smart-plaza\backend\node_modules\router\index.js:342:13)
    at E:\MY-Portfolio\skybridge\smart-plaza\smart-plaza\backend\node_modules\router\index.js:297:9
    at processParams (E:\MY-Portfolio\skybridge\smart-plaza\smart-plaza\backend\node_modules\router\index.js:582:12)
    at next (E:\MY-Portfolio\skybridge\smart-plaza\smart-plaza\backend\node_modules\router\index.js:291:5)
    at E:\MY-Portfolio\skybridge\smart-plaza\smart-plaza\backend\server.js:96:3
    at Layer.handleRequest (E:\MY-Portfolio\skybridge\smart-plaza\smart-plaza\backend\node_modules\router\lib\layer.js:152:17)
    at trimPrefix (E:\MY-Portfolio\skybridge\smart-plaza\smart-plaza\backend\node_modules\router\index.js:342:13)
    at E:\MY-Portfolio\skybridge\smart-plaza\smart-plaza\backend\node_modules\router\index.js:297:9
    at processParams (E:\MY-Portfolio\skybridge\smart-plaza\smart-plaza\backend\node_modules\router\index.js:582:12)
    at next (E:\MY-Portfolio\skybridge\smart-plaza\smart-plaza\backend\node_modules\router\index.js:291:5)
    at read (E:\MY-Portfolio\skybridge\smart-plaza\smart-plaza\backend\node_modules\body-parser\lib\read.js:53:5)
    at urlencodedParser (E:\MY-Portfolio\skybridge\smart-plaza\smart-plaza\backend\node_modules\body-parser\lib\types\urlencoded.js:57:5)
    at Layer.handleRequest (E:\MY-Portfolio\skybridge\smart-plaza\smart-plaza\backend\node_modules\router\lib\layer.js:152:17)
    at trimPrefix (E:\MY-Portfolio\skybridge\smart-plaza\smart-plaza\backend\node_modules\router\index.js:342:13)

2026-07-11T17:04:54.736Z
Error: Not Found - /api/routes
    at notFound (E:\MY-Portfolio\skybridge\smart-plaza\smart-plaza\backend\middleware\errorMiddleware.js:2:17)
    at Layer.handleRequest (E:\MY-Portfolio\skybridge\smart-plaza\smart-plaza\backend\node_modules\router\lib\layer.js:152:17)
    at trimPrefix (E:\MY-Portfolio\skybridge\smart-plaza\smart-plaza\backend\node_modules\router\index.js:342:13)
    at E:\MY-Portfolio\skybridge\smart-plaza\smart-plaza\backend\node_modules\router\index.js:297:9
    at processParams (E:\MY-Portfolio\skybridge\smart-plaza\smart-plaza\backend\node_modules\router\index.js:582:12)
    at next (E:\MY-Portfolio\skybridge\smart-plaza\smart-plaza\backend\node_modules\router\index.js:291:5)
    at E:\MY-Portfolio\skybridge\smart-plaza\smart-plaza\backend\server.js:96:3
    at Layer.handleRequest (E:\MY-Portfolio\skybridge\smart-plaza\smart-plaza\backend\node_modules\router\lib\layer.js:152:17)
    at trimPrefix (E:\MY-Portfolio\skybridge\smart-plaza\smart-plaza\backend\node_modules\router\index.js:342:13)
    at E:\MY-Portfolio\skybridge\smart-plaza\smart-plaza\backend\node_modules\router\index.js:297:9
    at processParams (E:\MY-Portfolio\skybridge\smart-plaza\smart-plaza\backend\node_modules\router\index.js:582:12)
    at next (E:\MY-Portfolio\skybridge\smart-plaza\smart-plaza\backend\node_modules\router\index.js:291:5)
    at read (E:\MY-Portfolio\skybridge\smart-plaza\smart-plaza\backend\node_modules\body-parser\lib\read.js:53:5)
    at urlencodedParser (E:\MY-Portfolio\skybridge\smart-plaza\smart-plaza\backend\node_modules\body-parser\lib\types\urlencoded.js:57:5)
    at Layer.handleRequest (E:\MY-Portfolio\skybridge\smart-plaza\smart-plaza\backend\node_modules\router\lib\layer.js:152:17)
    at trimPrefix (E:\MY-Portfolio\skybridge\smart-plaza\smart-plaza\backend\node_modules\router\index.js:342:13)

2026-07-11T17:37:39.013Z
TypeError: Cannot destructure property 'serialNumbers' of 'req.body' as it is undefined.
    at E:\MY-Portfolio\skybridge\smart-plaza\smart-plaza\backend\controllers\saleOrderController.js:445:11
    at asyncUtilWrap (E:\MY-Portfolio\skybridge\smart-plaza\smart-plaza\backend\node_modules\express-async-handler\index.js:3:20)
    at Layer.handleRequest (E:\MY-Portfolio\skybridge\smart-plaza\smart-plaza\backend\node_modules\router\lib\layer.js:152:17)
    at next (E:\MY-Portfolio\skybridge\smart-plaza\smart-plaza\backend\node_modules\router\lib\route.js:157:13)
    at E:\MY-Portfolio\skybridge\smart-plaza\smart-plaza\backend\middleware\auth.js:112:5
    at Layer.handleRequest (E:\MY-Portfolio\skybridge\smart-plaza\smart-plaza\backend\node_modules\router\lib\layer.js:152:17)
    at next (E:\MY-Portfolio\skybridge\smart-plaza\smart-plaza\backend\node_modules\router\lib\route.js:157:13)
    at protect (E:\MY-Portfolio\skybridge\smart-plaza\smart-plaza\backend\middleware\auth.js:42:7)
    at process.processTicksAndRejections (node:internal/process/task_queues:104:5)

2026-07-11T17:37:42.796Z
TypeError: Cannot destructure property 'serialNumbers' of 'req.body' as it is undefined.
    at E:\MY-Portfolio\skybridge\smart-plaza\smart-plaza\backend\controllers\saleOrderController.js:445:11
    at asyncUtilWrap (E:\MY-Portfolio\skybridge\smart-plaza\smart-plaza\backend\node_modules\express-async-handler\index.js:3:20)
    at Layer.handleRequest (E:\MY-Portfolio\skybridge\smart-plaza\smart-plaza\backend\node_modules\router\lib\layer.js:152:17)
    at next (E:\MY-Portfolio\skybridge\smart-plaza\smart-plaza\backend\node_modules\router\lib\route.js:157:13)
    at E:\MY-Portfolio\skybridge\smart-plaza\smart-plaza\backend\middleware\auth.js:112:5
    at Layer.handleRequest (E:\MY-Portfolio\skybridge\smart-plaza\smart-plaza\backend\node_modules\router\lib\layer.js:152:17)
    at next (E:\MY-Portfolio\skybridge\smart-plaza\smart-plaza\backend\node_modules\router\lib\route.js:157:13)
    at protect (E:\MY-Portfolio\skybridge\smart-plaza\smart-plaza\backend\middleware\auth.js:42:7)
    at process.processTicksAndRejections (node:internal/process/task_queues:104:5)

2026-07-11T18:03:46.404Z
Error: Not Found - /api/routes
    at notFound (E:\MY-Portfolio\skybridge\smart-plaza\smart-plaza\backend\middleware\errorMiddleware.js:2:17)
    at Layer.handleRequest (E:\MY-Portfolio\skybridge\smart-plaza\smart-plaza\backend\node_modules\router\lib\layer.js:152:17)
    at trimPrefix (E:\MY-Portfolio\skybridge\smart-plaza\smart-plaza\backend\node_modules\router\index.js:342:13)
    at E:\MY-Portfolio\skybridge\smart-plaza\smart-plaza\backend\node_modules\router\index.js:297:9
    at processParams (E:\MY-Portfolio\skybridge\smart-plaza\smart-plaza\backend\node_modules\router\index.js:582:12)
    at next (E:\MY-Portfolio\skybridge\smart-plaza\smart-plaza\backend\node_modules\router\index.js:291:5)
    at E:\MY-Portfolio\skybridge\smart-plaza\smart-plaza\backend\server.js:96:3
    at Layer.handleRequest (E:\MY-Portfolio\skybridge\smart-plaza\smart-plaza\backend\node_modules\router\lib\layer.js:152:17)
    at trimPrefix (E:\MY-Portfolio\skybridge\smart-plaza\smart-plaza\backend\node_modules\router\index.js:342:13)
    at E:\MY-Portfolio\skybridge\smart-plaza\smart-plaza\backend\node_modules\router\index.js:297:9
    at processParams (E:\MY-Portfolio\skybridge\smart-plaza\smart-plaza\backend\node_modules\router\index.js:582:12)
    at next (E:\MY-Portfolio\skybridge\smart-plaza\smart-plaza\backend\node_modules\router\index.js:291:5)
    at read (E:\MY-Portfolio\skybridge\smart-plaza\smart-plaza\backend\node_modules\body-parser\lib\read.js:53:5)
    at urlencodedParser (E:\MY-Portfolio\skybridge\smart-plaza\smart-plaza\backend\node_modules\body-parser\lib\types\urlencoded.js:57:5)
    at Layer.handleRequest (E:\MY-Portfolio\skybridge\smart-plaza\smart-plaza\backend\node_modules\router\lib\layer.js:152:17)
    at trimPrefix (E:\MY-Portfolio\skybridge\smart-plaza\smart-plaza\backend\node_modules\router\index.js:342:13)

2026-07-11T18:03:47.445Z
Error: Not Found - /api/routes
    at notFound (E:\MY-Portfolio\skybridge\smart-plaza\smart-plaza\backend\middleware\errorMiddleware.js:2:17)
    at Layer.handleRequest (E:\MY-Portfolio\skybridge\smart-plaza\smart-plaza\backend\node_modules\router\lib\layer.js:152:17)
    at trimPrefix (E:\MY-Portfolio\skybridge\smart-plaza\smart-plaza\backend\node_modules\router\index.js:342:13)
    at E:\MY-Portfolio\skybridge\smart-plaza\smart-plaza\backend\node_modules\router\index.js:297:9
    at processParams (E:\MY-Portfolio\skybridge\smart-plaza\smart-plaza\backend\node_modules\router\index.js:582:12)
    at next (E:\MY-Portfolio\skybridge\smart-plaza\smart-plaza\backend\node_modules\router\index.js:291:5)
    at E:\MY-Portfolio\skybridge\smart-plaza\smart-plaza\backend\server.js:96:3
    at Layer.handleRequest (E:\MY-Portfolio\skybridge\smart-plaza\smart-plaza\backend\node_modules\router\lib\layer.js:152:17)
    at trimPrefix (E:\MY-Portfolio\skybridge\smart-plaza\smart-plaza\backend\node_modules\router\index.js:342:13)
    at E:\MY-Portfolio\skybridge\smart-plaza\smart-plaza\backend\node_modules\router\index.js:297:9
    at processParams (E:\MY-Portfolio\skybridge\smart-plaza\smart-plaza\backend\node_modules\router\index.js:582:12)
    at next (E:\MY-Portfolio\skybridge\smart-plaza\smart-plaza\backend\node_modules\router\index.js:291:5)
    at read (E:\MY-Portfolio\skybridge\smart-plaza\smart-plaza\backend\node_modules\body-parser\lib\read.js:53:5)
    at urlencodedParser (E:\MY-Portfolio\skybridge\smart-plaza\smart-plaza\backend\node_modules\body-parser\lib\types\urlencoded.js:57:5)
    at Layer.handleRequest (E:\MY-Portfolio\skybridge\smart-plaza\smart-plaza\backend\node_modules\router\lib\layer.js:152:17)
    at trimPrefix (E:\MY-Portfolio\skybridge\smart-plaza\smart-plaza\backend\node_modules\router\index.js:342:13)

2026-07-11T18:18:23.241Z
MongoServerError: E11000 duplicate key error collection: smartplaza.roles index: name_1 dup key: { name: "Super Admin Plus" }
    at InsertOneOperation.handleOk (E:\MY-Portfolio\skybridge\smart-plaza\smart-plaza\backend\node_modules\mongodb\lib\operations\insert.js:51:19)
    at executeOperationWithRetries (E:\MY-Portfolio\skybridge\smart-plaza\smart-plaza\backend\node_modules\mongodb\lib\operations\execute_operation.js:194:34)
    at process.processTicksAndRejections (node:internal/process/task_queues:104:5)
    at async executeOperation (E:\MY-Portfolio\skybridge\smart-plaza\smart-plaza\backend\node_modules\mongodb\lib\operations\execute_operation.js:83:16)
    at async Collection.insertOne (E:\MY-Portfolio\skybridge\smart-plaza\smart-plaza\backend\node_modules\mongodb\lib\collection.js:154:16)
    at async model.$__save (E:\MY-Portfolio\skybridge\smart-plaza\smart-plaza\backend\node_modules\mongoose\lib\model.js:428:16)
    at async model.save (E:\MY-Portfolio\skybridge\smart-plaza\smart-plaza\backend\node_modules\mongoose\lib\model.js:667:5)
    at async model.create (E:\MY-Portfolio\skybridge\smart-plaza\smart-plaza\backend\node_modules\mongoose\lib\model.js:2747:5)
    at async E:\MY-Portfolio\skybridge\smart-plaza\smart-plaza\backend\controllers\roleController.js:40:16

2026-07-11T18:18:29.923Z
MongoServerError: E11000 duplicate key error collection: smartplaza.roles index: name_1 dup key: { name: "Super Admin Plus" }
    at InsertOneOperation.handleOk (E:\MY-Portfolio\skybridge\smart-plaza\smart-plaza\backend\node_modules\mongodb\lib\operations\insert.js:51:19)
    at executeOperationWithRetries (E:\MY-Portfolio\skybridge\smart-plaza\smart-plaza\backend\node_modules\mongodb\lib\operations\execute_operation.js:194:34)
    at process.processTicksAndRejections (node:internal/process/task_queues:104:5)
    at async executeOperation (E:\MY-Portfolio\skybridge\smart-plaza\smart-plaza\backend\node_modules\mongodb\lib\operations\execute_operation.js:83:16)
    at async Collection.insertOne (E:\MY-Portfolio\skybridge\smart-plaza\smart-plaza\backend\node_modules\mongodb\lib\collection.js:154:16)
    at async model.$__save (E:\MY-Portfolio\skybridge\smart-plaza\smart-plaza\backend\node_modules\mongoose\lib\model.js:428:16)
    at async model.save (E:\MY-Portfolio\skybridge\smart-plaza\smart-plaza\backend\node_modules\mongoose\lib\model.js:667:5)
    at async model.create (E:\MY-Portfolio\skybridge\smart-plaza\smart-plaza\backend\node_modules\mongoose\lib\model.js:2747:5)
    at async E:\MY-Portfolio\skybridge\smart-plaza\smart-plaza\backend\controllers\roleController.js:40:16
>>>>>>> c13dc2af7d5910d72312656860b223e7d692fc61

2026-07-11T20:12:53.576Z
Error: Not Found - /api/routes
    at notFound (E:\MY-Portfolio\skybridge\smart-plaza\smart-plaza\backend\middleware\errorMiddleware.js:2:17)
    at Layer.handleRequest (E:\MY-Portfolio\skybridge\smart-plaza\smart-plaza\backend\node_modules\router\lib\layer.js:152:17)
    at trimPrefix (E:\MY-Portfolio\skybridge\smart-plaza\smart-plaza\backend\node_modules\router\index.js:342:13)
    at E:\MY-Portfolio\skybridge\smart-plaza\smart-plaza\backend\node_modules\router\index.js:297:9
    at processParams (E:\MY-Portfolio\skybridge\smart-plaza\smart-plaza\backend\node_modules\router\index.js:582:12)
    at next (E:\MY-Portfolio\skybridge\smart-plaza\smart-plaza\backend\node_modules\router\index.js:291:5)
    at E:\MY-Portfolio\skybridge\smart-plaza\smart-plaza\backend\server.js:96:3
    at Layer.handleRequest (E:\MY-Portfolio\skybridge\smart-plaza\smart-plaza\backend\node_modules\router\lib\layer.js:152:17)
    at trimPrefix (E:\MY-Portfolio\skybridge\smart-plaza\smart-plaza\backend\node_modules\router\index.js:342:13)
    at E:\MY-Portfolio\skybridge\smart-plaza\smart-plaza\backend\node_modules\router\index.js:297:9
    at processParams (E:\MY-Portfolio\skybridge\smart-plaza\smart-plaza\backend\node_modules\router\index.js:582:12)
    at next (E:\MY-Portfolio\skybridge\smart-plaza\smart-plaza\backend\node_modules\router\index.js:291:5)
    at read (E:\MY-Portfolio\skybridge\smart-plaza\smart-plaza\backend\node_modules\body-parser\lib\read.js:53:5)
    at urlencodedParser (E:\MY-Portfolio\skybridge\smart-plaza\smart-plaza\backend\node_modules\body-parser\lib\types\urlencoded.js:57:5)
    at Layer.handleRequest (E:\MY-Portfolio\skybridge\smart-plaza\smart-plaza\backend\node_modules\router\lib\layer.js:152:17)
    at trimPrefix (E:\MY-Portfolio\skybridge\smart-plaza\smart-plaza\backend\node_modules\router\index.js:342:13)

2026-07-11T20:12:54.606Z
Error: Not Found - /api/routes
    at notFound (E:\MY-Portfolio\skybridge\smart-plaza\smart-plaza\backend\middleware\errorMiddleware.js:2:17)
    at Layer.handleRequest (E:\MY-Portfolio\skybridge\smart-plaza\smart-plaza\backend\node_modules\router\lib\layer.js:152:17)
    at trimPrefix (E:\MY-Portfolio\skybridge\smart-plaza\smart-plaza\backend\node_modules\router\index.js:342:13)
    at E:\MY-Portfolio\skybridge\smart-plaza\smart-plaza\backend\node_modules\router\index.js:297:9
    at processParams (E:\MY-Portfolio\skybridge\smart-plaza\smart-plaza\backend\node_modules\router\index.js:582:12)
    at next (E:\MY-Portfolio\skybridge\smart-plaza\smart-plaza\backend\node_modules\router\index.js:291:5)
    at E:\MY-Portfolio\skybridge\smart-plaza\smart-plaza\backend\server.js:96:3
    at Layer.handleRequest (E:\MY-Portfolio\skybridge\smart-plaza\smart-plaza\backend\node_modules\router\lib\layer.js:152:17)
    at trimPrefix (E:\MY-Portfolio\skybridge\smart-plaza\smart-plaza\backend\node_modules\router\index.js:342:13)
    at E:\MY-Portfolio\skybridge\smart-plaza\smart-plaza\backend\node_modules\router\index.js:297:9
    at processParams (E:\MY-Portfolio\skybridge\smart-plaza\smart-plaza\backend\node_modules\router\index.js:582:12)
    at next (E:\MY-Portfolio\skybridge\smart-plaza\smart-plaza\backend\node_modules\router\index.js:291:5)
    at read (E:\MY-Portfolio\skybridge\smart-plaza\smart-plaza\backend\node_modules\body-parser\lib\read.js:53:5)
    at urlencodedParser (E:\MY-Portfolio\skybridge\smart-plaza\smart-plaza\backend\node_modules\body-parser\lib\types\urlencoded.js:57:5)
    at Layer.handleRequest (E:\MY-Portfolio\skybridge\smart-plaza\smart-plaza\backend\node_modules\router\lib\layer.js:152:17)
    at trimPrefix (E:\MY-Portfolio\skybridge\smart-plaza\smart-plaza\backend\node_modules\router\index.js:342:13)

2026-07-11T20:15:22.417Z
Error: Not Found - /api/routes
    at notFound (E:\MY-Portfolio\skybridge\smart-plaza\smart-plaza\backend\middleware\errorMiddleware.js:2:17)
    at Layer.handleRequest (E:\MY-Portfolio\skybridge\smart-plaza\smart-plaza\backend\node_modules\router\lib\layer.js:152:17)
    at trimPrefix (E:\MY-Portfolio\skybridge\smart-plaza\smart-plaza\backend\node_modules\router\index.js:342:13)
    at E:\MY-Portfolio\skybridge\smart-plaza\smart-plaza\backend\node_modules\router\index.js:297:9
    at processParams (E:\MY-Portfolio\skybridge\smart-plaza\smart-plaza\backend\node_modules\router\index.js:582:12)
    at next (E:\MY-Portfolio\skybridge\smart-plaza\smart-plaza\backend\node_modules\router\index.js:291:5)
    at E:\MY-Portfolio\skybridge\smart-plaza\smart-plaza\backend\server.js:96:3
    at Layer.handleRequest (E:\MY-Portfolio\skybridge\smart-plaza\smart-plaza\backend\node_modules\router\lib\layer.js:152:17)
    at trimPrefix (E:\MY-Portfolio\skybridge\smart-plaza\smart-plaza\backend\node_modules\router\index.js:342:13)
    at E:\MY-Portfolio\skybridge\smart-plaza\smart-plaza\backend\node_modules\router\index.js:297:9
    at processParams (E:\MY-Portfolio\skybridge\smart-plaza\smart-plaza\backend\node_modules\router\index.js:582:12)
    at next (E:\MY-Portfolio\skybridge\smart-plaza\smart-plaza\backend\node_modules\router\index.js:291:5)
    at read (E:\MY-Portfolio\skybridge\smart-plaza\smart-plaza\backend\node_modules\body-parser\lib\read.js:53:5)
    at urlencodedParser (E:\MY-Portfolio\skybridge\smart-plaza\smart-plaza\backend\node_modules\body-parser\lib\types\urlencoded.js:57:5)
    at Layer.handleRequest (E:\MY-Portfolio\skybridge\smart-plaza\smart-plaza\backend\node_modules\router\lib\layer.js:152:17)
    at trimPrefix (E:\MY-Portfolio\skybridge\smart-plaza\smart-plaza\backend\node_modules\router\index.js:342:13)

2026-07-11T20:15:23.479Z
Error: Not Found - /api/routes
    at notFound (E:\MY-Portfolio\skybridge\smart-plaza\smart-plaza\backend\middleware\errorMiddleware.js:2:17)
    at Layer.handleRequest (E:\MY-Portfolio\skybridge\smart-plaza\smart-plaza\backend\node_modules\router\lib\layer.js:152:17)
    at trimPrefix (E:\MY-Portfolio\skybridge\smart-plaza\smart-plaza\backend\node_modules\router\index.js:342:13)
    at E:\MY-Portfolio\skybridge\smart-plaza\smart-plaza\backend\node_modules\router\index.js:297:9
    at processParams (E:\MY-Portfolio\skybridge\smart-plaza\smart-plaza\backend\node_modules\router\index.js:582:12)
    at next (E:\MY-Portfolio\skybridge\smart-plaza\smart-plaza\backend\node_modules\router\index.js:291:5)
    at E:\MY-Portfolio\skybridge\smart-plaza\smart-plaza\backend\server.js:96:3
    at Layer.handleRequest (E:\MY-Portfolio\skybridge\smart-plaza\smart-plaza\backend\node_modules\router\lib\layer.js:152:17)
    at trimPrefix (E:\MY-Portfolio\skybridge\smart-plaza\smart-plaza\backend\node_modules\router\index.js:342:13)
    at E:\MY-Portfolio\skybridge\smart-plaza\smart-plaza\backend\node_modules\router\index.js:297:9
    at processParams (E:\MY-Portfolio\skybridge\smart-plaza\smart-plaza\backend\node_modules\router\index.js:582:12)
    at next (E:\MY-Portfolio\skybridge\smart-plaza\smart-plaza\backend\node_modules\router\index.js:291:5)
    at read (E:\MY-Portfolio\skybridge\smart-plaza\smart-plaza\backend\node_modules\body-parser\lib\read.js:53:5)
    at urlencodedParser (E:\MY-Portfolio\skybridge\smart-plaza\smart-plaza\backend\node_modules\body-parser\lib\types\urlencoded.js:57:5)
    at Layer.handleRequest (E:\MY-Portfolio\skybridge\smart-plaza\smart-plaza\backend\node_modules\router\lib\layer.js:152:17)
    at trimPrefix (E:\MY-Portfolio\skybridge\smart-plaza\smart-plaza\backend\node_modules\router\index.js:342:13)

2026-07-11T20:16:23.211Z
Error: Not Found - /api/routes
    at notFound (E:\MY-Portfolio\skybridge\smart-plaza\smart-plaza\backend\middleware\errorMiddleware.js:2:17)
    at Layer.handleRequest (E:\MY-Portfolio\skybridge\smart-plaza\smart-plaza\backend\node_modules\router\lib\layer.js:152:17)
    at trimPrefix (E:\MY-Portfolio\skybridge\smart-plaza\smart-plaza\backend\node_modules\router\index.js:342:13)
    at E:\MY-Portfolio\skybridge\smart-plaza\smart-plaza\backend\node_modules\router\index.js:297:9
    at processParams (E:\MY-Portfolio\skybridge\smart-plaza\smart-plaza\backend\node_modules\router\index.js:582:12)
    at next (E:\MY-Portfolio\skybridge\smart-plaza\smart-plaza\backend\node_modules\router\index.js:291:5)
    at E:\MY-Portfolio\skybridge\smart-plaza\smart-plaza\backend\server.js:96:3
    at Layer.handleRequest (E:\MY-Portfolio\skybridge\smart-plaza\smart-plaza\backend\node_modules\router\lib\layer.js:152:17)
    at trimPrefix (E:\MY-Portfolio\skybridge\smart-plaza\smart-plaza\backend\node_modules\router\index.js:342:13)
    at E:\MY-Portfolio\skybridge\smart-plaza\smart-plaza\backend\node_modules\router\index.js:297:9
    at processParams (E:\MY-Portfolio\skybridge\smart-plaza\smart-plaza\backend\node_modules\router\index.js:582:12)
    at next (E:\MY-Portfolio\skybridge\smart-plaza\smart-plaza\backend\node_modules\router\index.js:291:5)
    at read (E:\MY-Portfolio\skybridge\smart-plaza\smart-plaza\backend\node_modules\body-parser\lib\read.js:53:5)
    at urlencodedParser (E:\MY-Portfolio\skybridge\smart-plaza\smart-plaza\backend\node_modules\body-parser\lib\types\urlencoded.js:57:5)
    at Layer.handleRequest (E:\MY-Portfolio\skybridge\smart-plaza\smart-plaza\backend\node_modules\router\lib\layer.js:152:17)
    at trimPrefix (E:\MY-Portfolio\skybridge\smart-plaza\smart-plaza\backend\node_modules\router\index.js:342:13)

2026-07-11T20:16:24.230Z
Error: Not Found - /api/routes
    at notFound (E:\MY-Portfolio\skybridge\smart-plaza\smart-plaza\backend\middleware\errorMiddleware.js:2:17)
    at Layer.handleRequest (E:\MY-Portfolio\skybridge\smart-plaza\smart-plaza\backend\node_modules\router\lib\layer.js:152:17)
    at trimPrefix (E:\MY-Portfolio\skybridge\smart-plaza\smart-plaza\backend\node_modules\router\index.js:342:13)
    at E:\MY-Portfolio\skybridge\smart-plaza\smart-plaza\backend\node_modules\router\index.js:297:9
    at processParams (E:\MY-Portfolio\skybridge\smart-plaza\smart-plaza\backend\node_modules\router\index.js:582:12)
    at next (E:\MY-Portfolio\skybridge\smart-plaza\smart-plaza\backend\node_modules\router\index.js:291:5)
    at E:\MY-Portfolio\skybridge\smart-plaza\smart-plaza\backend\server.js:96:3
    at Layer.handleRequest (E:\MY-Portfolio\skybridge\smart-plaza\smart-plaza\backend\node_modules\router\lib\layer.js:152:17)
    at trimPrefix (E:\MY-Portfolio\skybridge\smart-plaza\smart-plaza\backend\node_modules\router\index.js:342:13)
    at E:\MY-Portfolio\skybridge\smart-plaza\smart-plaza\backend\node_modules\router\index.js:297:9
    at processParams (E:\MY-Portfolio\skybridge\smart-plaza\smart-plaza\backend\node_modules\router\index.js:582:12)
    at next (E:\MY-Portfolio\skybridge\smart-plaza\smart-plaza\backend\node_modules\router\index.js:291:5)
    at read (E:\MY-Portfolio\skybridge\smart-plaza\smart-plaza\backend\node_modules\body-parser\lib\read.js:53:5)
    at urlencodedParser (E:\MY-Portfolio\skybridge\smart-plaza\smart-plaza\backend\node_modules\body-parser\lib\types\urlencoded.js:57:5)
    at Layer.handleRequest (E:\MY-Portfolio\skybridge\smart-plaza\smart-plaza\backend\node_modules\router\lib\layer.js:152:17)
    at trimPrefix (E:\MY-Portfolio\skybridge\smart-plaza\smart-plaza\backend\node_modules\router\index.js:342:13)

2026-07-11T20:31:32.095Z
Error: Not Found - /api/routes
    at notFound (E:\MY-Portfolio\skybridge\smart-plaza\smart-plaza\backend\middleware\errorMiddleware.js:2:17)
    at Layer.handleRequest (E:\MY-Portfolio\skybridge\smart-plaza\smart-plaza\backend\node_modules\router\lib\layer.js:152:17)
    at trimPrefix (E:\MY-Portfolio\skybridge\smart-plaza\smart-plaza\backend\node_modules\router\index.js:342:13)
    at E:\MY-Portfolio\skybridge\smart-plaza\smart-plaza\backend\node_modules\router\index.js:297:9
    at processParams (E:\MY-Portfolio\skybridge\smart-plaza\smart-plaza\backend\node_modules\router\index.js:582:12)
    at next (E:\MY-Portfolio\skybridge\smart-plaza\smart-plaza\backend\node_modules\router\index.js:291:5)
    at E:\MY-Portfolio\skybridge\smart-plaza\smart-plaza\backend\server.js:96:3
    at Layer.handleRequest (E:\MY-Portfolio\skybridge\smart-plaza\smart-plaza\backend\node_modules\router\lib\layer.js:152:17)
    at trimPrefix (E:\MY-Portfolio\skybridge\smart-plaza\smart-plaza\backend\node_modules\router\index.js:342:13)
    at E:\MY-Portfolio\skybridge\smart-plaza\smart-plaza\backend\node_modules\router\index.js:297:9
    at processParams (E:\MY-Portfolio\skybridge\smart-plaza\smart-plaza\backend\node_modules\router\index.js:582:12)
    at next (E:\MY-Portfolio\skybridge\smart-plaza\smart-plaza\backend\node_modules\router\index.js:291:5)
    at read (E:\MY-Portfolio\skybridge\smart-plaza\smart-plaza\backend\node_modules\body-parser\lib\read.js:53:5)
    at urlencodedParser (E:\MY-Portfolio\skybridge\smart-plaza\smart-plaza\backend\node_modules\body-parser\lib\types\urlencoded.js:57:5)
    at Layer.handleRequest (E:\MY-Portfolio\skybridge\smart-plaza\smart-plaza\backend\node_modules\router\lib\layer.js:152:17)
    at trimPrefix (E:\MY-Portfolio\skybridge\smart-plaza\smart-plaza\backend\node_modules\router\index.js:342:13)

2026-07-11T20:31:33.117Z
Error: Not Found - /api/routes
    at notFound (E:\MY-Portfolio\skybridge\smart-plaza\smart-plaza\backend\middleware\errorMiddleware.js:2:17)
    at Layer.handleRequest (E:\MY-Portfolio\skybridge\smart-plaza\smart-plaza\backend\node_modules\router\lib\layer.js:152:17)
    at trimPrefix (E:\MY-Portfolio\skybridge\smart-plaza\smart-plaza\backend\node_modules\router\index.js:342:13)
    at E:\MY-Portfolio\skybridge\smart-plaza\smart-plaza\backend\node_modules\router\index.js:297:9
    at processParams (E:\MY-Portfolio\skybridge\smart-plaza\smart-plaza\backend\node_modules\router\index.js:582:12)
    at next (E:\MY-Portfolio\skybridge\smart-plaza\smart-plaza\backend\node_modules\router\index.js:291:5)
    at E:\MY-Portfolio\skybridge\smart-plaza\smart-plaza\backend\server.js:96:3
    at Layer.handleRequest (E:\MY-Portfolio\skybridge\smart-plaza\smart-plaza\backend\node_modules\router\lib\layer.js:152:17)
    at trimPrefix (E:\MY-Portfolio\skybridge\smart-plaza\smart-plaza\backend\node_modules\router\index.js:342:13)
    at E:\MY-Portfolio\skybridge\smart-plaza\smart-plaza\backend\node_modules\router\index.js:297:9
    at processParams (E:\MY-Portfolio\skybridge\smart-plaza\smart-plaza\backend\node_modules\router\index.js:582:12)
    at next (E:\MY-Portfolio\skybridge\smart-plaza\smart-plaza\backend\node_modules\router\index.js:291:5)
    at read (E:\MY-Portfolio\skybridge\smart-plaza\smart-plaza\backend\node_modules\body-parser\lib\read.js:53:5)
    at urlencodedParser (E:\MY-Portfolio\skybridge\smart-plaza\smart-plaza\backend\node_modules\body-parser\lib\types\urlencoded.js:57:5)
    at Layer.handleRequest (E:\MY-Portfolio\skybridge\smart-plaza\smart-plaza\backend\node_modules\router\lib\layer.js:152:17)
    at trimPrefix (E:\MY-Portfolio\skybridge\smart-plaza\smart-plaza\backend\node_modules\router\index.js:342:13)

2026-07-11T20:39:16.049Z
MongoServerError: E11000 duplicate key error collection: smartplaza.categories index: name_1 dup key: { name: "Smart TVs" }
    at InsertOneOperation.handleOk (E:\MY-Portfolio\skybridge\smart-plaza\smart-plaza\backend\node_modules\mongodb\lib\operations\insert.js:51:19)
    at executeOperationWithRetries (E:\MY-Portfolio\skybridge\smart-plaza\smart-plaza\backend\node_modules\mongodb\lib\operations\execute_operation.js:194:34)
    at process.processTicksAndRejections (node:internal/process/task_queues:104:5)
    at async executeOperation (E:\MY-Portfolio\skybridge\smart-plaza\smart-plaza\backend\node_modules\mongodb\lib\operations\execute_operation.js:83:16)
    at async Collection.insertOne (E:\MY-Portfolio\skybridge\smart-plaza\smart-plaza\backend\node_modules\mongodb\lib\collection.js:154:16)
    at async model.$__save (E:\MY-Portfolio\skybridge\smart-plaza\smart-plaza\backend\node_modules\mongoose\lib\model.js:428:16)
    at async model.save (E:\MY-Portfolio\skybridge\smart-plaza\smart-plaza\backend\node_modules\mongoose\lib\model.js:667:5)
    at async model.create (E:\MY-Portfolio\skybridge\smart-plaza\smart-plaza\backend\node_modules\mongoose\lib\model.js:2747:5)
    at async E:\MY-Portfolio\skybridge\smart-plaza\smart-plaza\backend\controllers\categoryController.js:53:20

2026-07-11T20:39:25.856Z
MongoServerError: E11000 duplicate key error collection: smartplaza.categories index: name_1 dup key: { name: "Smart TVs" }
    at InsertOneOperation.handleOk (E:\MY-Portfolio\skybridge\smart-plaza\smart-plaza\backend\node_modules\mongodb\lib\operations\insert.js:51:19)
    at executeOperationWithRetries (E:\MY-Portfolio\skybridge\smart-plaza\smart-plaza\backend\node_modules\mongodb\lib\operations\execute_operation.js:194:34)
    at process.processTicksAndRejections (node:internal/process/task_queues:104:5)
    at async executeOperation (E:\MY-Portfolio\skybridge\smart-plaza\smart-plaza\backend\node_modules\mongodb\lib\operations\execute_operation.js:83:16)
    at async Collection.insertOne (E:\MY-Portfolio\skybridge\smart-plaza\smart-plaza\backend\node_modules\mongodb\lib\collection.js:154:16)
    at async model.$__save (E:\MY-Portfolio\skybridge\smart-plaza\smart-plaza\backend\node_modules\mongoose\lib\model.js:428:16)
    at async model.save (E:\MY-Portfolio\skybridge\smart-plaza\smart-plaza\backend\node_modules\mongoose\lib\model.js:667:5)
    at async model.create (E:\MY-Portfolio\skybridge\smart-plaza\smart-plaza\backend\node_modules\mongoose\lib\model.js:2747:5)
    at async E:\MY-Portfolio\skybridge\smart-plaza\smart-plaza\backend\controllers\categoryController.js:53:20

<<<<<<< HEAD
2026-07-12T01:59:43.593Z
Error: Not Found - /api/testimonials
    at notFound (E:\Skybridge Digital\SmartPlazaNew-main\backend\middleware\errorMiddleware.js:2:17)
    at Layer.handleRequest (E:\Skybridge Digital\SmartPlazaNew-main\backend\node_modules\router\lib\layer.js:152:17)
    at trimPrefix (E:\Skybridge Digital\SmartPlazaNew-main\backend\node_modules\router\index.js:342:13)
    at E:\Skybridge Digital\SmartPlazaNew-main\backend\node_modules\router\index.js:297:9
    at processParams (E:\Skybridge Digital\SmartPlazaNew-main\backend\node_modules\router\index.js:582:12)
    at next (E:\Skybridge Digital\SmartPlazaNew-main\backend\node_modules\router\index.js:291:5)
    at E:\Skybridge Digital\SmartPlazaNew-main\backend\node_modules\router\index.js:688:15
    at next (E:\Skybridge Digital\SmartPlazaNew-main\backend\node_modules\router\index.js:276:14)
    at E:\Skybridge Digital\SmartPlazaNew-main\backend\node_modules\express-fileupload\lib\index.js:38:14
    at Layer.handleRequest (E:\Skybridge Digital\SmartPlazaNew-main\backend\node_modules\router\lib\layer.js:152:17)
    at trimPrefix (E:\Skybridge Digital\SmartPlazaNew-main\backend\node_modules\router\index.js:342:13)
    at E:\Skybridge Digital\SmartPlazaNew-main\backend\node_modules\router\index.js:297:9
    at processParams (E:\Skybridge Digital\SmartPlazaNew-main\backend\node_modules\router\index.js:582:12)
    at next (E:\Skybridge Digital\SmartPlazaNew-main\backend\node_modules\router\index.js:291:5)
    at Function.handle (E:\Skybridge Digital\SmartPlazaNew-main\backend\node_modules\router\index.js:186:3)
    at router (E:\Skybridge Digital\SmartPlazaNew-main\backend\node_modules\router\index.js:60:12)

2026-07-12T01:59:50.996Z
Error: Not Found - /api/testimonials
    at notFound (E:\Skybridge Digital\SmartPlazaNew-main\backend\middleware\errorMiddleware.js:2:17)
    at Layer.handleRequest (E:\Skybridge Digital\SmartPlazaNew-main\backend\node_modules\router\lib\layer.js:152:17)
    at trimPrefix (E:\Skybridge Digital\SmartPlazaNew-main\backend\node_modules\router\index.js:342:13)
    at E:\Skybridge Digital\SmartPlazaNew-main\backend\node_modules\router\index.js:297:9
    at processParams (E:\Skybridge Digital\SmartPlazaNew-main\backend\node_modules\router\index.js:582:12)
    at next (E:\Skybridge Digital\SmartPlazaNew-main\backend\node_modules\router\index.js:291:5)
    at E:\Skybridge Digital\SmartPlazaNew-main\backend\node_modules\router\index.js:688:15
    at next (E:\Skybridge Digital\SmartPlazaNew-main\backend\node_modules\router\index.js:276:14)
    at E:\Skybridge Digital\SmartPlazaNew-main\backend\node_modules\express-fileupload\lib\index.js:38:14
    at Layer.handleRequest (E:\Skybridge Digital\SmartPlazaNew-main\backend\node_modules\router\lib\layer.js:152:17)
    at trimPrefix (E:\Skybridge Digital\SmartPlazaNew-main\backend\node_modules\router\index.js:342:13)
    at E:\Skybridge Digital\SmartPlazaNew-main\backend\node_modules\router\index.js:297:9
    at processParams (E:\Skybridge Digital\SmartPlazaNew-main\backend\node_modules\router\index.js:582:12)
    at next (E:\Skybridge Digital\SmartPlazaNew-main\backend\node_modules\router\index.js:291:5)
    at Function.handle (E:\Skybridge Digital\SmartPlazaNew-main\backend\node_modules\router\index.js:186:3)
    at router (E:\Skybridge Digital\SmartPlazaNew-main\backend\node_modules\router\index.js:60:12)

2026-07-12T15:50:23.435Z
Error: Not Found - /api/investors/withdrawals/6a52af0591f939feb4c78e97
    at notFound (E:\Skybridge Digital\SmartPlazaNew-main\backend\middleware\errorMiddleware.js:2:17)
    at Layer.handleRequest (E:\Skybridge Digital\SmartPlazaNew-main\backend\node_modules\router\lib\layer.js:152:17)
    at trimPrefix (E:\Skybridge Digital\SmartPlazaNew-main\backend\node_modules\router\index.js:342:13)
    at E:\Skybridge Digital\SmartPlazaNew-main\backend\node_modules\router\index.js:297:9
    at processParams (E:\Skybridge Digital\SmartPlazaNew-main\backend\node_modules\router\index.js:582:12)
    at next (E:\Skybridge Digital\SmartPlazaNew-main\backend\node_modules\router\index.js:291:5)
    at E:\Skybridge Digital\SmartPlazaNew-main\backend\node_modules\router\index.js:688:15
    at next (E:\Skybridge Digital\SmartPlazaNew-main\backend\node_modules\router\index.js:276:14)
    at E:\Skybridge Digital\SmartPlazaNew-main\backend\node_modules\express-fileupload\lib\index.js:38:14
    at Layer.handleRequest (E:\Skybridge Digital\SmartPlazaNew-main\backend\node_modules\router\lib\layer.js:152:17)
    at trimPrefix (E:\Skybridge Digital\SmartPlazaNew-main\backend\node_modules\router\index.js:342:13)
    at E:\Skybridge Digital\SmartPlazaNew-main\backend\node_modules\router\index.js:297:9
    at processParams (E:\Skybridge Digital\SmartPlazaNew-main\backend\node_modules\router\index.js:582:12)
    at next (E:\Skybridge Digital\SmartPlazaNew-main\backend\node_modules\router\index.js:291:5)
    at protect (E:\Skybridge Digital\SmartPlazaNew-main\backend\middleware\auth.js:42:7)
    at process.processTicksAndRejections (node:internal/process/task_queues:95:5)
=======
2026-07-12T13:13:08.251Z
Error: Not Found - /api/routes
    at notFound (E:\MY-Portfolio\skybridge\smart-plaza\smart-plaza\backend\middleware\errorMiddleware.js:2:17)
    at Layer.handleRequest (E:\MY-Portfolio\skybridge\smart-plaza\smart-plaza\backend\node_modules\router\lib\layer.js:152:17)
    at trimPrefix (E:\MY-Portfolio\skybridge\smart-plaza\smart-plaza\backend\node_modules\router\index.js:342:13)
    at E:\MY-Portfolio\skybridge\smart-plaza\smart-plaza\backend\node_modules\router\index.js:297:9
    at processParams (E:\MY-Portfolio\skybridge\smart-plaza\smart-plaza\backend\node_modules\router\index.js:582:12)
    at next (E:\MY-Portfolio\skybridge\smart-plaza\smart-plaza\backend\node_modules\router\index.js:291:5)
    at E:\MY-Portfolio\skybridge\smart-plaza\smart-plaza\backend\server.js:96:3
    at Layer.handleRequest (E:\MY-Portfolio\skybridge\smart-plaza\smart-plaza\backend\node_modules\router\lib\layer.js:152:17)
    at trimPrefix (E:\MY-Portfolio\skybridge\smart-plaza\smart-plaza\backend\node_modules\router\index.js:342:13)
    at E:\MY-Portfolio\skybridge\smart-plaza\smart-plaza\backend\node_modules\router\index.js:297:9
    at processParams (E:\MY-Portfolio\skybridge\smart-plaza\smart-plaza\backend\node_modules\router\index.js:582:12)
    at next (E:\MY-Portfolio\skybridge\smart-plaza\smart-plaza\backend\node_modules\router\index.js:291:5)
    at read (E:\MY-Portfolio\skybridge\smart-plaza\smart-plaza\backend\node_modules\body-parser\lib\read.js:53:5)
    at urlencodedParser (E:\MY-Portfolio\skybridge\smart-plaza\smart-plaza\backend\node_modules\body-parser\lib\types\urlencoded.js:57:5)
    at Layer.handleRequest (E:\MY-Portfolio\skybridge\smart-plaza\smart-plaza\backend\node_modules\router\lib\layer.js:152:17)
    at trimPrefix (E:\MY-Portfolio\skybridge\smart-plaza\smart-plaza\backend\node_modules\router\index.js:342:13)

2026-07-12T13:13:09.324Z
Error: Not Found - /api/routes
    at notFound (E:\MY-Portfolio\skybridge\smart-plaza\smart-plaza\backend\middleware\errorMiddleware.js:2:17)
    at Layer.handleRequest (E:\MY-Portfolio\skybridge\smart-plaza\smart-plaza\backend\node_modules\router\lib\layer.js:152:17)
    at trimPrefix (E:\MY-Portfolio\skybridge\smart-plaza\smart-plaza\backend\node_modules\router\index.js:342:13)
    at E:\MY-Portfolio\skybridge\smart-plaza\smart-plaza\backend\node_modules\router\index.js:297:9
    at processParams (E:\MY-Portfolio\skybridge\smart-plaza\smart-plaza\backend\node_modules\router\index.js:582:12)
    at next (E:\MY-Portfolio\skybridge\smart-plaza\smart-plaza\backend\node_modules\router\index.js:291:5)
    at E:\MY-Portfolio\skybridge\smart-plaza\smart-plaza\backend\server.js:96:3
    at Layer.handleRequest (E:\MY-Portfolio\skybridge\smart-plaza\smart-plaza\backend\node_modules\router\lib\layer.js:152:17)
    at trimPrefix (E:\MY-Portfolio\skybridge\smart-plaza\smart-plaza\backend\node_modules\router\index.js:342:13)
    at E:\MY-Portfolio\skybridge\smart-plaza\smart-plaza\backend\node_modules\router\index.js:297:9
    at processParams (E:\MY-Portfolio\skybridge\smart-plaza\smart-plaza\backend\node_modules\router\index.js:582:12)
    at next (E:\MY-Portfolio\skybridge\smart-plaza\smart-plaza\backend\node_modules\router\index.js:291:5)
    at read (E:\MY-Portfolio\skybridge\smart-plaza\smart-plaza\backend\node_modules\body-parser\lib\read.js:53:5)
    at urlencodedParser (E:\MY-Portfolio\skybridge\smart-plaza\smart-plaza\backend\node_modules\body-parser\lib\types\urlencoded.js:57:5)
    at Layer.handleRequest (E:\MY-Portfolio\skybridge\smart-plaza\smart-plaza\backend\node_modules\router\lib\layer.js:152:17)
    at trimPrefix (E:\MY-Portfolio\skybridge\smart-plaza\smart-plaza\backend\node_modules\router\index.js:342:13)

2026-07-12T13:19:42.605Z
MongoServerError: E11000 duplicate key error collection: smartplaza.roles index: name_1 dup key: { name: "Super Admin Plus" }
    at InsertOneOperation.handleOk (E:\MY-Portfolio\skybridge\smart-plaza\smart-plaza\backend\node_modules\mongodb\lib\operations\insert.js:51:19)
    at executeOperationWithRetries (E:\MY-Portfolio\skybridge\smart-plaza\smart-plaza\backend\node_modules\mongodb\lib\operations\execute_operation.js:194:34)
    at process.processTicksAndRejections (node:internal/process/task_queues:104:5)
    at async executeOperation (E:\MY-Portfolio\skybridge\smart-plaza\smart-plaza\backend\node_modules\mongodb\lib\operations\execute_operation.js:83:16)
    at async Collection.insertOne (E:\MY-Portfolio\skybridge\smart-plaza\smart-plaza\backend\node_modules\mongodb\lib\collection.js:154:16)
    at async model.$__save (E:\MY-Portfolio\skybridge\smart-plaza\smart-plaza\backend\node_modules\mongoose\lib\model.js:428:16)
    at async model.save (E:\MY-Portfolio\skybridge\smart-plaza\smart-plaza\backend\node_modules\mongoose\lib\model.js:667:5)
    at async model.create (E:\MY-Portfolio\skybridge\smart-plaza\smart-plaza\backend\node_modules\mongoose\lib\model.js:2747:5)
    at async E:\MY-Portfolio\skybridge\smart-plaza\smart-plaza\backend\controllers\roleController.js:40:16

2026-07-12T13:38:22.803Z
Error: Not Found - /favicon.ico
    at notFound (E:\MY-Portfolio\skybridge\smart-plaza\smart-plaza\backend\middleware\errorMiddleware.js:2:17)
    at Layer.handleRequest (E:\MY-Portfolio\skybridge\smart-plaza\smart-plaza\backend\node_modules\router\lib\layer.js:152:17)
    at trimPrefix (E:\MY-Portfolio\skybridge\smart-plaza\smart-plaza\backend\node_modules\router\index.js:342:13)
    at E:\MY-Portfolio\skybridge\smart-plaza\smart-plaza\backend\node_modules\router\index.js:297:9
    at processParams (E:\MY-Portfolio\skybridge\smart-plaza\smart-plaza\backend\node_modules\router\index.js:582:12)
    at next (E:\MY-Portfolio\skybridge\smart-plaza\smart-plaza\backend\node_modules\router\index.js:291:5)
    at E:\MY-Portfolio\skybridge\smart-plaza\smart-plaza\backend\server.js:96:3
    at Layer.handleRequest (E:\MY-Portfolio\skybridge\smart-plaza\smart-plaza\backend\node_modules\router\lib\layer.js:152:17)
    at trimPrefix (E:\MY-Portfolio\skybridge\smart-plaza\smart-plaza\backend\node_modules\router\index.js:342:13)
    at E:\MY-Portfolio\skybridge\smart-plaza\smart-plaza\backend\node_modules\router\index.js:297:9
    at processParams (E:\MY-Portfolio\skybridge\smart-plaza\smart-plaza\backend\node_modules\router\index.js:582:12)
    at next (E:\MY-Portfolio\skybridge\smart-plaza\smart-plaza\backend\node_modules\router\index.js:291:5)
    at read (E:\MY-Portfolio\skybridge\smart-plaza\smart-plaza\backend\node_modules\body-parser\lib\read.js:53:5)
    at urlencodedParser (E:\MY-Portfolio\skybridge\smart-plaza\smart-plaza\backend\node_modules\body-parser\lib\types\urlencoded.js:57:5)
    at Layer.handleRequest (E:\MY-Portfolio\skybridge\smart-plaza\smart-plaza\backend\node_modules\router\lib\layer.js:152:17)
    at trimPrefix (E:\MY-Portfolio\skybridge\smart-plaza\smart-plaza\backend\node_modules\router\index.js:342:13)

2026-07-12T13:47:51.559Z
Error: Not Found - /api/routes
    at notFound (E:\MY-Portfolio\skybridge\smart-plaza\smart-plaza\backend\middleware\errorMiddleware.js:2:17)
    at Layer.handleRequest (E:\MY-Portfolio\skybridge\smart-plaza\smart-plaza\backend\node_modules\router\lib\layer.js:152:17)
    at trimPrefix (E:\MY-Portfolio\skybridge\smart-plaza\smart-plaza\backend\node_modules\router\index.js:342:13)
    at E:\MY-Portfolio\skybridge\smart-plaza\smart-plaza\backend\node_modules\router\index.js:297:9
    at processParams (E:\MY-Portfolio\skybridge\smart-plaza\smart-plaza\backend\node_modules\router\index.js:582:12)
    at next (E:\MY-Portfolio\skybridge\smart-plaza\smart-plaza\backend\node_modules\router\index.js:291:5)
    at E:\MY-Portfolio\skybridge\smart-plaza\smart-plaza\backend\server.js:96:3
    at Layer.handleRequest (E:\MY-Portfolio\skybridge\smart-plaza\smart-plaza\backend\node_modules\router\lib\layer.js:152:17)
    at trimPrefix (E:\MY-Portfolio\skybridge\smart-plaza\smart-plaza\backend\node_modules\router\index.js:342:13)
    at E:\MY-Portfolio\skybridge\smart-plaza\smart-plaza\backend\node_modules\router\index.js:297:9
    at processParams (E:\MY-Portfolio\skybridge\smart-plaza\smart-plaza\backend\node_modules\router\index.js:582:12)
    at next (E:\MY-Portfolio\skybridge\smart-plaza\smart-plaza\backend\node_modules\router\index.js:291:5)
    at read (E:\MY-Portfolio\skybridge\smart-plaza\smart-plaza\backend\node_modules\body-parser\lib\read.js:53:5)
    at urlencodedParser (E:\MY-Portfolio\skybridge\smart-plaza\smart-plaza\backend\node_modules\body-parser\lib\types\urlencoded.js:57:5)
    at Layer.handleRequest (E:\MY-Portfolio\skybridge\smart-plaza\smart-plaza\backend\node_modules\router\lib\layer.js:152:17)
    at trimPrefix (E:\MY-Portfolio\skybridge\smart-plaza\smart-plaza\backend\node_modules\router\index.js:342:13)

2026-07-12T14:03:06.152Z
MongoServerError: E11000 duplicate key error collection: smartplaza.units index: name_1 dup key: { name: "Piece" }
    at InsertOneOperation.handleOk (E:\MY-Portfolio\skybridge\smart-plaza\smart-plaza\backend\node_modules\mongodb\lib\operations\insert.js:51:19)
    at executeOperationWithRetries (E:\MY-Portfolio\skybridge\smart-plaza\smart-plaza\backend\node_modules\mongodb\lib\operations\execute_operation.js:194:34)
    at process.processTicksAndRejections (node:internal/process/task_queues:104:5)
    at async executeOperation (E:\MY-Portfolio\skybridge\smart-plaza\smart-plaza\backend\node_modules\mongodb\lib\operations\execute_operation.js:83:16)
    at async Collection.insertOne (E:\MY-Portfolio\skybridge\smart-plaza\smart-plaza\backend\node_modules\mongodb\lib\collection.js:154:16)
    at async model.$__save (E:\MY-Portfolio\skybridge\smart-plaza\smart-plaza\backend\node_modules\mongoose\lib\model.js:428:16)
    at async model.save (E:\MY-Portfolio\skybridge\smart-plaza\smart-plaza\backend\node_modules\mongoose\lib\model.js:667:5)
    at async model.create (E:\MY-Portfolio\skybridge\smart-plaza\smart-plaza\backend\node_modules\mongoose\lib\model.js:2747:5)
    at async E:\MY-Portfolio\skybridge\smart-plaza\smart-plaza\backend\controllers\unitController.js:52:16

2026-07-12T14:03:47.786Z
Error: Not Found - /api/shops
    at notFound (E:\MY-Portfolio\skybridge\smart-plaza\smart-plaza\backend\middleware\errorMiddleware.js:2:17)
    at Layer.handleRequest (E:\MY-Portfolio\skybridge\smart-plaza\smart-plaza\backend\node_modules\router\lib\layer.js:152:17)
    at trimPrefix (E:\MY-Portfolio\skybridge\smart-plaza\smart-plaza\backend\node_modules\router\index.js:342:13)
    at E:\MY-Portfolio\skybridge\smart-plaza\smart-plaza\backend\node_modules\router\index.js:297:9
    at processParams (E:\MY-Portfolio\skybridge\smart-plaza\smart-plaza\backend\node_modules\router\index.js:582:12)
    at next (E:\MY-Portfolio\skybridge\smart-plaza\smart-plaza\backend\node_modules\router\index.js:291:5)
    at E:\MY-Portfolio\skybridge\smart-plaza\smart-plaza\backend\server.js:96:3
    at Layer.handleRequest (E:\MY-Portfolio\skybridge\smart-plaza\smart-plaza\backend\node_modules\router\lib\layer.js:152:17)
    at trimPrefix (E:\MY-Portfolio\skybridge\smart-plaza\smart-plaza\backend\node_modules\router\index.js:342:13)
    at E:\MY-Portfolio\skybridge\smart-plaza\smart-plaza\backend\node_modules\router\index.js:297:9
    at processParams (E:\MY-Portfolio\skybridge\smart-plaza\smart-plaza\backend\node_modules\router\index.js:582:12)
    at next (E:\MY-Portfolio\skybridge\smart-plaza\smart-plaza\backend\node_modules\router\index.js:291:5)
    at read (E:\MY-Portfolio\skybridge\smart-plaza\smart-plaza\backend\node_modules\body-parser\lib\read.js:53:5)
    at urlencodedParser (E:\MY-Portfolio\skybridge\smart-plaza\smart-plaza\backend\node_modules\body-parser\lib\types\urlencoded.js:57:5)
    at Layer.handleRequest (E:\MY-Portfolio\skybridge\smart-plaza\smart-plaza\backend\node_modules\router\lib\layer.js:152:17)
    at trimPrefix (E:\MY-Portfolio\skybridge\smart-plaza\smart-plaza\backend\node_modules\router\index.js:342:13)

2026-07-12T14:03:47.800Z
Error: Not Found - /api/profile
    at notFound (E:\MY-Portfolio\skybridge\smart-plaza\smart-plaza\backend\middleware\errorMiddleware.js:2:17)
    at Layer.handleRequest (E:\MY-Portfolio\skybridge\smart-plaza\smart-plaza\backend\node_modules\router\lib\layer.js:152:17)
    at trimPrefix (E:\MY-Portfolio\skybridge\smart-plaza\smart-plaza\backend\node_modules\router\index.js:342:13)
    at E:\MY-Portfolio\skybridge\smart-plaza\smart-plaza\backend\node_modules\router\index.js:297:9
    at processParams (E:\MY-Portfolio\skybridge\smart-plaza\smart-plaza\backend\node_modules\router\index.js:582:12)
    at next (E:\MY-Portfolio\skybridge\smart-plaza\smart-plaza\backend\node_modules\router\index.js:291:5)
    at E:\MY-Portfolio\skybridge\smart-plaza\smart-plaza\backend\server.js:96:3
    at Layer.handleRequest (E:\MY-Portfolio\skybridge\smart-plaza\smart-plaza\backend\node_modules\router\lib\layer.js:152:17)
    at trimPrefix (E:\MY-Portfolio\skybridge\smart-plaza\smart-plaza\backend\node_modules\router\index.js:342:13)
    at E:\MY-Portfolio\skybridge\smart-plaza\smart-plaza\backend\node_modules\router\index.js:297:9
    at processParams (E:\MY-Portfolio\skybridge\smart-plaza\smart-plaza\backend\node_modules\router\index.js:582:12)
    at next (E:\MY-Portfolio\skybridge\smart-plaza\smart-plaza\backend\node_modules\router\index.js:291:5)
    at read (E:\MY-Portfolio\skybridge\smart-plaza\smart-plaza\backend\node_modules\body-parser\lib\read.js:53:5)
    at urlencodedParser (E:\MY-Portfolio\skybridge\smart-plaza\smart-plaza\backend\node_modules\body-parser\lib\types\urlencoded.js:57:5)
    at Layer.handleRequest (E:\MY-Portfolio\skybridge\smart-plaza\smart-plaza\backend\node_modules\router\lib\layer.js:152:17)
    at trimPrefix (E:\MY-Portfolio\skybridge\smart-plaza\smart-plaza\backend\node_modules\router\index.js:342:13)

2026-07-12T14:03:47.804Z
Error: Not Found - /api/me
    at notFound (E:\MY-Portfolio\skybridge\smart-plaza\smart-plaza\backend\middleware\errorMiddleware.js:2:17)
    at Layer.handleRequest (E:\MY-Portfolio\skybridge\smart-plaza\smart-plaza\backend\node_modules\router\lib\layer.js:152:17)
    at trimPrefix (E:\MY-Portfolio\skybridge\smart-plaza\smart-plaza\backend\node_modules\router\index.js:342:13)
    at E:\MY-Portfolio\skybridge\smart-plaza\smart-plaza\backend\node_modules\router\index.js:297:9
    at processParams (E:\MY-Portfolio\skybridge\smart-plaza\smart-plaza\backend\node_modules\router\index.js:582:12)
    at next (E:\MY-Portfolio\skybridge\smart-plaza\smart-plaza\backend\node_modules\router\index.js:291:5)
    at E:\MY-Portfolio\skybridge\smart-plaza\smart-plaza\backend\server.js:96:3
    at Layer.handleRequest (E:\MY-Portfolio\skybridge\smart-plaza\smart-plaza\backend\node_modules\router\lib\layer.js:152:17)
    at trimPrefix (E:\MY-Portfolio\skybridge\smart-plaza\smart-plaza\backend\node_modules\router\index.js:342:13)
    at E:\MY-Portfolio\skybridge\smart-plaza\smart-plaza\backend\node_modules\router\index.js:297:9
    at processParams (E:\MY-Portfolio\skybridge\smart-plaza\smart-plaza\backend\node_modules\router\index.js:582:12)
    at next (E:\MY-Portfolio\skybridge\smart-plaza\smart-plaza\backend\node_modules\router\index.js:291:5)
    at read (E:\MY-Portfolio\skybridge\smart-plaza\smart-plaza\backend\node_modules\body-parser\lib\read.js:53:5)
    at urlencodedParser (E:\MY-Portfolio\skybridge\smart-plaza\smart-plaza\backend\node_modules\body-parser\lib\types\urlencoded.js:57:5)
    at Layer.handleRequest (E:\MY-Portfolio\skybridge\smart-plaza\smart-plaza\backend\node_modules\router\lib\layer.js:152:17)
    at trimPrefix (E:\MY-Portfolio\skybridge\smart-plaza\smart-plaza\backend\node_modules\router\index.js:342:13)

2026-07-12T14:03:47.829Z
Error: Not Found - /api/auth/me
    at notFound (E:\MY-Portfolio\skybridge\smart-plaza\smart-plaza\backend\middleware\errorMiddleware.js:2:17)
    at Layer.handleRequest (E:\MY-Portfolio\skybridge\smart-plaza\smart-plaza\backend\node_modules\router\lib\layer.js:152:17)
    at trimPrefix (E:\MY-Portfolio\skybridge\smart-plaza\smart-plaza\backend\node_modules\router\index.js:342:13)
    at E:\MY-Portfolio\skybridge\smart-plaza\smart-plaza\backend\node_modules\router\index.js:297:9
    at processParams (E:\MY-Portfolio\skybridge\smart-plaza\smart-plaza\backend\node_modules\router\index.js:582:12)
    at next (E:\MY-Portfolio\skybridge\smart-plaza\smart-plaza\backend\node_modules\router\index.js:291:5)
    at E:\MY-Portfolio\skybridge\smart-plaza\smart-plaza\backend\node_modules\router\index.js:688:15
    at next (E:\MY-Portfolio\skybridge\smart-plaza\smart-plaza\backend\node_modules\router\index.js:276:14)
    at router.handle (E:\MY-Portfolio\skybridge\smart-plaza\smart-plaza\backend\node_modules\router\index.js:186:3)
    at router (E:\MY-Portfolio\skybridge\smart-plaza\smart-plaza\backend\node_modules\router\index.js:60:12)
    at Layer.handleRequest (E:\MY-Portfolio\skybridge\smart-plaza\smart-plaza\backend\node_modules\router\lib\layer.js:152:17)
    at trimPrefix (E:\MY-Portfolio\skybridge\smart-plaza\smart-plaza\backend\node_modules\router\index.js:342:13)
    at E:\MY-Portfolio\skybridge\smart-plaza\smart-plaza\backend\node_modules\router\index.js:297:9
    at processParams (E:\MY-Portfolio\skybridge\smart-plaza\smart-plaza\backend\node_modules\router\index.js:582:12)
    at next (E:\MY-Portfolio\skybridge\smart-plaza\smart-plaza\backend\node_modules\router\index.js:291:5)
    at E:\MY-Portfolio\skybridge\smart-plaza\smart-plaza\backend\server.js:96:3

2026-07-12T14:04:01.630Z
Error: Not Found - /api/profile
    at notFound (E:\MY-Portfolio\skybridge\smart-plaza\smart-plaza\backend\middleware\errorMiddleware.js:2:17)
    at Layer.handleRequest (E:\MY-Portfolio\skybridge\smart-plaza\smart-plaza\backend\node_modules\router\lib\layer.js:152:17)
    at trimPrefix (E:\MY-Portfolio\skybridge\smart-plaza\smart-plaza\backend\node_modules\router\index.js:342:13)
    at E:\MY-Portfolio\skybridge\smart-plaza\smart-plaza\backend\node_modules\router\index.js:297:9
    at processParams (E:\MY-Portfolio\skybridge\smart-plaza\smart-plaza\backend\node_modules\router\index.js:582:12)
    at next (E:\MY-Portfolio\skybridge\smart-plaza\smart-plaza\backend\node_modules\router\index.js:291:5)
    at E:\MY-Portfolio\skybridge\smart-plaza\smart-plaza\backend\server.js:96:3
    at Layer.handleRequest (E:\MY-Portfolio\skybridge\smart-plaza\smart-plaza\backend\node_modules\router\lib\layer.js:152:17)
    at trimPrefix (E:\MY-Portfolio\skybridge\smart-plaza\smart-plaza\backend\node_modules\router\index.js:342:13)
    at E:\MY-Portfolio\skybridge\smart-plaza\smart-plaza\backend\node_modules\router\index.js:297:9
    at processParams (E:\MY-Portfolio\skybridge\smart-plaza\smart-plaza\backend\node_modules\router\index.js:582:12)
    at next (E:\MY-Portfolio\skybridge\smart-plaza\smart-plaza\backend\node_modules\router\index.js:291:5)
    at read (E:\MY-Portfolio\skybridge\smart-plaza\smart-plaza\backend\node_modules\body-parser\lib\read.js:53:5)
    at urlencodedParser (E:\MY-Portfolio\skybridge\smart-plaza\smart-plaza\backend\node_modules\body-parser\lib\types\urlencoded.js:57:5)
    at Layer.handleRequest (E:\MY-Portfolio\skybridge\smart-plaza\smart-plaza\backend\node_modules\router\lib\layer.js:152:17)
    at trimPrefix (E:\MY-Portfolio\skybridge\smart-plaza\smart-plaza\backend\node_modules\router\index.js:342:13)

2026-07-12T14:04:01.850Z
Error: Not Found - /api/me
    at notFound (E:\MY-Portfolio\skybridge\smart-plaza\smart-plaza\backend\middleware\errorMiddleware.js:2:17)
    at Layer.handleRequest (E:\MY-Portfolio\skybridge\smart-plaza\smart-plaza\backend\node_modules\router\lib\layer.js:152:17)
    at trimPrefix (E:\MY-Portfolio\skybridge\smart-plaza\smart-plaza\backend\node_modules\router\index.js:342:13)
    at E:\MY-Portfolio\skybridge\smart-plaza\smart-plaza\backend\node_modules\router\index.js:297:9
    at processParams (E:\MY-Portfolio\skybridge\smart-plaza\smart-plaza\backend\node_modules\router\index.js:582:12)
    at next (E:\MY-Portfolio\skybridge\smart-plaza\smart-plaza\backend\node_modules\router\index.js:291:5)
    at E:\MY-Portfolio\skybridge\smart-plaza\smart-plaza\backend\server.js:96:3
    at Layer.handleRequest (E:\MY-Portfolio\skybridge\smart-plaza\smart-plaza\backend\node_modules\router\lib\layer.js:152:17)
    at trimPrefix (E:\MY-Portfolio\skybridge\smart-plaza\smart-plaza\backend\node_modules\router\index.js:342:13)
    at E:\MY-Portfolio\skybridge\smart-plaza\smart-plaza\backend\node_modules\router\index.js:297:9
    at processParams (E:\MY-Portfolio\skybridge\smart-plaza\smart-plaza\backend\node_modules\router\index.js:582:12)
    at next (E:\MY-Portfolio\skybridge\smart-plaza\smart-plaza\backend\node_modules\router\index.js:291:5)
    at read (E:\MY-Portfolio\skybridge\smart-plaza\smart-plaza\backend\node_modules\body-parser\lib\read.js:53:5)
    at urlencodedParser (E:\MY-Portfolio\skybridge\smart-plaza\smart-plaza\backend\node_modules\body-parser\lib\types\urlencoded.js:57:5)
    at Layer.handleRequest (E:\MY-Portfolio\skybridge\smart-plaza\smart-plaza\backend\node_modules\router\lib\layer.js:152:17)
    at trimPrefix (E:\MY-Portfolio\skybridge\smart-plaza\smart-plaza\backend\node_modules\router\index.js:342:13)

2026-07-12T14:04:01.863Z
Error: Not Found - /api/shops
    at notFound (E:\MY-Portfolio\skybridge\smart-plaza\smart-plaza\backend\middleware\errorMiddleware.js:2:17)
    at Layer.handleRequest (E:\MY-Portfolio\skybridge\smart-plaza\smart-plaza\backend\node_modules\router\lib\layer.js:152:17)
    at trimPrefix (E:\MY-Portfolio\skybridge\smart-plaza\smart-plaza\backend\node_modules\router\index.js:342:13)
    at E:\MY-Portfolio\skybridge\smart-plaza\smart-plaza\backend\node_modules\router\index.js:297:9
    at processParams (E:\MY-Portfolio\skybridge\smart-plaza\smart-plaza\backend\node_modules\router\index.js:582:12)
    at next (E:\MY-Portfolio\skybridge\smart-plaza\smart-plaza\backend\node_modules\router\index.js:291:5)
    at E:\MY-Portfolio\skybridge\smart-plaza\smart-plaza\backend\server.js:96:3
    at Layer.handleRequest (E:\MY-Portfolio\skybridge\smart-plaza\smart-plaza\backend\node_modules\router\lib\layer.js:152:17)
    at trimPrefix (E:\MY-Portfolio\skybridge\smart-plaza\smart-plaza\backend\node_modules\router\index.js:342:13)
    at E:\MY-Portfolio\skybridge\smart-plaza\smart-plaza\backend\node_modules\router\index.js:297:9
    at processParams (E:\MY-Portfolio\skybridge\smart-plaza\smart-plaza\backend\node_modules\router\index.js:582:12)
    at next (E:\MY-Portfolio\skybridge\smart-plaza\smart-plaza\backend\node_modules\router\index.js:291:5)
    at read (E:\MY-Portfolio\skybridge\smart-plaza\smart-plaza\backend\node_modules\body-parser\lib\read.js:53:5)
    at urlencodedParser (E:\MY-Portfolio\skybridge\smart-plaza\smart-plaza\backend\node_modules\body-parser\lib\types\urlencoded.js:57:5)
    at Layer.handleRequest (E:\MY-Portfolio\skybridge\smart-plaza\smart-plaza\backend\node_modules\router\lib\layer.js:152:17)
    at trimPrefix (E:\MY-Portfolio\skybridge\smart-plaza\smart-plaza\backend\node_modules\router\index.js:342:13)

2026-07-12T14:04:01.883Z
Error: Not Found - /api/auth/me
    at notFound (E:\MY-Portfolio\skybridge\smart-plaza\smart-plaza\backend\middleware\errorMiddleware.js:2:17)
    at Layer.handleRequest (E:\MY-Portfolio\skybridge\smart-plaza\smart-plaza\backend\node_modules\router\lib\layer.js:152:17)
    at trimPrefix (E:\MY-Portfolio\skybridge\smart-plaza\smart-plaza\backend\node_modules\router\index.js:342:13)
    at E:\MY-Portfolio\skybridge\smart-plaza\smart-plaza\backend\node_modules\router\index.js:297:9
    at processParams (E:\MY-Portfolio\skybridge\smart-plaza\smart-plaza\backend\node_modules\router\index.js:582:12)
    at next (E:\MY-Portfolio\skybridge\smart-plaza\smart-plaza\backend\node_modules\router\index.js:291:5)
    at E:\MY-Portfolio\skybridge\smart-plaza\smart-plaza\backend\node_modules\router\index.js:688:15
    at next (E:\MY-Portfolio\skybridge\smart-plaza\smart-plaza\backend\node_modules\router\index.js:276:14)
    at router.handle (E:\MY-Portfolio\skybridge\smart-plaza\smart-plaza\backend\node_modules\router\index.js:186:3)
    at router (E:\MY-Portfolio\skybridge\smart-plaza\smart-plaza\backend\node_modules\router\index.js:60:12)
    at Layer.handleRequest (E:\MY-Portfolio\skybridge\smart-plaza\smart-plaza\backend\node_modules\router\lib\layer.js:152:17)
    at trimPrefix (E:\MY-Portfolio\skybridge\smart-plaza\smart-plaza\backend\node_modules\router\index.js:342:13)
    at E:\MY-Portfolio\skybridge\smart-plaza\smart-plaza\backend\node_modules\router\index.js:297:9
    at processParams (E:\MY-Portfolio\skybridge\smart-plaza\smart-plaza\backend\node_modules\router\index.js:582:12)
    at next (E:\MY-Portfolio\skybridge\smart-plaza\smart-plaza\backend\node_modules\router\index.js:291:5)
    at E:\MY-Portfolio\skybridge\smart-plaza\smart-plaza\backend\server.js:96:3

2026-07-12T14:17:27.349Z
MongoServerError: E11000 duplicate key error collection: smartplaza.users index: phone_1 dup key: { phone: "01316884689" }
    at InsertOneOperation.handleOk (E:\MY-Portfolio\skybridge\smart-plaza\smart-plaza\backend\node_modules\mongodb\lib\operations\insert.js:51:19)
    at executeOperationWithRetries (E:\MY-Portfolio\skybridge\smart-plaza\smart-plaza\backend\node_modules\mongodb\lib\operations\execute_operation.js:194:34)
    at process.processTicksAndRejections (node:internal/process/task_queues:104:5)
    at async executeOperation (E:\MY-Portfolio\skybridge\smart-plaza\smart-plaza\backend\node_modules\mongodb\lib\operations\execute_operation.js:83:16)
    at async Collection.insertOne (E:\MY-Portfolio\skybridge\smart-plaza\smart-plaza\backend\node_modules\mongodb\lib\collection.js:154:16)
    at async model.$__save (E:\MY-Portfolio\skybridge\smart-plaza\smart-plaza\backend\node_modules\mongoose\lib\model.js:428:16)
    at async model.save (E:\MY-Portfolio\skybridge\smart-plaza\smart-plaza\backend\node_modules\mongoose\lib\model.js:667:5)
    at async model.create (E:\MY-Portfolio\skybridge\smart-plaza\smart-plaza\backend\node_modules\mongoose\lib\model.js:2747:5)
    at async E:\MY-Portfolio\skybridge\smart-plaza\smart-plaza\backend\controllers\userController.js:88:16

2026-07-12T14:17:43.872Z
MongoServerError: E11000 duplicate key error collection: smartplaza.users index: phone_1 dup key: { phone: "01761191134" }
    at InsertOneOperation.handleOk (E:\MY-Portfolio\skybridge\smart-plaza\smart-plaza\backend\node_modules\mongodb\lib\operations\insert.js:51:19)
    at executeOperationWithRetries (E:\MY-Portfolio\skybridge\smart-plaza\smart-plaza\backend\node_modules\mongodb\lib\operations\execute_operation.js:194:34)
    at process.processTicksAndRejections (node:internal/process/task_queues:104:5)
    at async executeOperation (E:\MY-Portfolio\skybridge\smart-plaza\smart-plaza\backend\node_modules\mongodb\lib\operations\execute_operation.js:83:16)
    at async Collection.insertOne (E:\MY-Portfolio\skybridge\smart-plaza\smart-plaza\backend\node_modules\mongodb\lib\collection.js:154:16)
    at async model.$__save (E:\MY-Portfolio\skybridge\smart-plaza\smart-plaza\backend\node_modules\mongoose\lib\model.js:428:16)
    at async model.save (E:\MY-Portfolio\skybridge\smart-plaza\smart-plaza\backend\node_modules\mongoose\lib\model.js:667:5)
    at async model.create (E:\MY-Portfolio\skybridge\smart-plaza\smart-plaza\backend\node_modules\mongoose\lib\model.js:2747:5)
    at async E:\MY-Portfolio\skybridge\smart-plaza\smart-plaza\backend\controllers\userController.js:88:16

2026-07-12T14:26:50.739Z
MongoServerError: E11000 duplicate key error collection: smartplaza.roles index: name_1 dup key: { name: "Manager" }
    at InsertOneOperation.handleOk (E:\MY-Portfolio\skybridge\smart-plaza\smart-plaza\backend\node_modules\mongodb\lib\operations\insert.js:51:19)
    at executeOperationWithRetries (E:\MY-Portfolio\skybridge\smart-plaza\smart-plaza\backend\node_modules\mongodb\lib\operations\execute_operation.js:194:34)
    at process.processTicksAndRejections (node:internal/process/task_queues:104:5)
    at async executeOperation (E:\MY-Portfolio\skybridge\smart-plaza\smart-plaza\backend\node_modules\mongodb\lib\operations\execute_operation.js:83:16)
    at async Collection.insertOne (E:\MY-Portfolio\skybridge\smart-plaza\smart-plaza\backend\node_modules\mongodb\lib\collection.js:154:16)
    at async model.$__save (E:\MY-Portfolio\skybridge\smart-plaza\smart-plaza\backend\node_modules\mongoose\lib\model.js:428:16)
    at async model.save (E:\MY-Portfolio\skybridge\smart-plaza\smart-plaza\backend\node_modules\mongoose\lib\model.js:667:5)
    at async model.create (E:\MY-Portfolio\skybridge\smart-plaza\smart-plaza\backend\node_modules\mongoose\lib\model.js:2747:5)
    at async E:\MY-Portfolio\skybridge\smart-plaza\smart-plaza\backend\controllers\roleController.js:40:16

2026-07-12T14:27:00.454Z
MongoServerError: E11000 duplicate key error collection: smartplaza.roles index: name_1 dup key: { name: "Manager" }
    at InsertOneOperation.handleOk (E:\MY-Portfolio\skybridge\smart-plaza\smart-plaza\backend\node_modules\mongodb\lib\operations\insert.js:51:19)
    at executeOperationWithRetries (E:\MY-Portfolio\skybridge\smart-plaza\smart-plaza\backend\node_modules\mongodb\lib\operations\execute_operation.js:194:34)
    at process.processTicksAndRejections (node:internal/process/task_queues:104:5)
    at async executeOperation (E:\MY-Portfolio\skybridge\smart-plaza\smart-plaza\backend\node_modules\mongodb\lib\operations\execute_operation.js:83:16)
    at async Collection.insertOne (E:\MY-Portfolio\skybridge\smart-plaza\smart-plaza\backend\node_modules\mongodb\lib\collection.js:154:16)
    at async model.$__save (E:\MY-Portfolio\skybridge\smart-plaza\smart-plaza\backend\node_modules\mongoose\lib\model.js:428:16)
    at async model.save (E:\MY-Portfolio\skybridge\smart-plaza\smart-plaza\backend\node_modules\mongoose\lib\model.js:667:5)
    at async model.create (E:\MY-Portfolio\skybridge\smart-plaza\smart-plaza\backend\node_modules\mongoose\lib\model.js:2747:5)
    at async E:\MY-Portfolio\skybridge\smart-plaza\smart-plaza\backend\controllers\roleController.js:40:16

2026-07-12T14:28:19.219Z
MongoServerError: E11000 duplicate key error collection: smartplaza.roles index: name_1 dup key: { name: "Manager" }
    at InsertOneOperation.handleOk (E:\MY-Portfolio\skybridge\smart-plaza\smart-plaza\backend\node_modules\mongodb\lib\operations\insert.js:51:19)
    at executeOperationWithRetries (E:\MY-Portfolio\skybridge\smart-plaza\smart-plaza\backend\node_modules\mongodb\lib\operations\execute_operation.js:194:34)
    at process.processTicksAndRejections (node:internal/process/task_queues:104:5)
    at async executeOperation (E:\MY-Portfolio\skybridge\smart-plaza\smart-plaza\backend\node_modules\mongodb\lib\operations\execute_operation.js:83:16)
    at async Collection.insertOne (E:\MY-Portfolio\skybridge\smart-plaza\smart-plaza\backend\node_modules\mongodb\lib\collection.js:154:16)
    at async model.$__save (E:\MY-Portfolio\skybridge\smart-plaza\smart-plaza\backend\node_modules\mongoose\lib\model.js:428:16)
    at async model.save (E:\MY-Portfolio\skybridge\smart-plaza\smart-plaza\backend\node_modules\mongoose\lib\model.js:667:5)
    at async model.create (E:\MY-Portfolio\skybridge\smart-plaza\smart-plaza\backend\node_modules\mongoose\lib\model.js:2747:5)
    at async E:\MY-Portfolio\skybridge\smart-plaza\smart-plaza\backend\controllers\roleController.js:40:16

2026-07-12T14:29:26.753Z
MongoServerError: E11000 duplicate key error collection: smartplaza.users index: email_1 dup key: { email: "mdtohid272020@gmail.com" }
    at InsertOneOperation.handleOk (E:\MY-Portfolio\skybridge\smart-plaza\smart-plaza\backend\node_modules\mongodb\lib\operations\insert.js:51:19)
    at executeOperationWithRetries (E:\MY-Portfolio\skybridge\smart-plaza\smart-plaza\backend\node_modules\mongodb\lib\operations\execute_operation.js:194:34)
    at process.processTicksAndRejections (node:internal/process/task_queues:104:5)
    at async executeOperation (E:\MY-Portfolio\skybridge\smart-plaza\smart-plaza\backend\node_modules\mongodb\lib\operations\execute_operation.js:83:16)
    at async Collection.insertOne (E:\MY-Portfolio\skybridge\smart-plaza\smart-plaza\backend\node_modules\mongodb\lib\collection.js:154:16)
    at async model.$__save (E:\MY-Portfolio\skybridge\smart-plaza\smart-plaza\backend\node_modules\mongoose\lib\model.js:428:16)
    at async model.save (E:\MY-Portfolio\skybridge\smart-plaza\smart-plaza\backend\node_modules\mongoose\lib\model.js:667:5)
    at async model.create (E:\MY-Portfolio\skybridge\smart-plaza\smart-plaza\backend\node_modules\mongoose\lib\model.js:2747:5)
    at async E:\MY-Portfolio\skybridge\smart-plaza\smart-plaza\backend\controllers\userController.js:88:16

2026-07-12T14:30:22.650Z
Error: Not Found - /api/routes
    at notFound (E:\MY-Portfolio\skybridge\smart-plaza\smart-plaza\backend\middleware\errorMiddleware.js:2:17)
    at Layer.handleRequest (E:\MY-Portfolio\skybridge\smart-plaza\smart-plaza\backend\node_modules\router\lib\layer.js:152:17)
    at trimPrefix (E:\MY-Portfolio\skybridge\smart-plaza\smart-plaza\backend\node_modules\router\index.js:342:13)
    at E:\MY-Portfolio\skybridge\smart-plaza\smart-plaza\backend\node_modules\router\index.js:297:9
    at processParams (E:\MY-Portfolio\skybridge\smart-plaza\smart-plaza\backend\node_modules\router\index.js:582:12)
    at next (E:\MY-Portfolio\skybridge\smart-plaza\smart-plaza\backend\node_modules\router\index.js:291:5)
    at E:\MY-Portfolio\skybridge\smart-plaza\smart-plaza\backend\server.js:96:3
    at Layer.handleRequest (E:\MY-Portfolio\skybridge\smart-plaza\smart-plaza\backend\node_modules\router\lib\layer.js:152:17)
    at trimPrefix (E:\MY-Portfolio\skybridge\smart-plaza\smart-plaza\backend\node_modules\router\index.js:342:13)
    at E:\MY-Portfolio\skybridge\smart-plaza\smart-plaza\backend\node_modules\router\index.js:297:9
    at processParams (E:\MY-Portfolio\skybridge\smart-plaza\smart-plaza\backend\node_modules\router\index.js:582:12)
    at next (E:\MY-Portfolio\skybridge\smart-plaza\smart-plaza\backend\node_modules\router\index.js:291:5)
    at read (E:\MY-Portfolio\skybridge\smart-plaza\smart-plaza\backend\node_modules\body-parser\lib\read.js:53:5)
    at urlencodedParser (E:\MY-Portfolio\skybridge\smart-plaza\smart-plaza\backend\node_modules\body-parser\lib\types\urlencoded.js:57:5)
    at Layer.handleRequest (E:\MY-Portfolio\skybridge\smart-plaza\smart-plaza\backend\node_modules\router\lib\layer.js:152:17)
    at trimPrefix (E:\MY-Portfolio\skybridge\smart-plaza\smart-plaza\backend\node_modules\router\index.js:342:13)

2026-07-12T14:30:23.724Z
Error: Not Found - /api/routes
    at notFound (E:\MY-Portfolio\skybridge\smart-plaza\smart-plaza\backend\middleware\errorMiddleware.js:2:17)
    at Layer.handleRequest (E:\MY-Portfolio\skybridge\smart-plaza\smart-plaza\backend\node_modules\router\lib\layer.js:152:17)
    at trimPrefix (E:\MY-Portfolio\skybridge\smart-plaza\smart-plaza\backend\node_modules\router\index.js:342:13)
    at E:\MY-Portfolio\skybridge\smart-plaza\smart-plaza\backend\node_modules\router\index.js:297:9
    at processParams (E:\MY-Portfolio\skybridge\smart-plaza\smart-plaza\backend\node_modules\router\index.js:582:12)
    at next (E:\MY-Portfolio\skybridge\smart-plaza\smart-plaza\backend\node_modules\router\index.js:291:5)
    at E:\MY-Portfolio\skybridge\smart-plaza\smart-plaza\backend\server.js:96:3
    at Layer.handleRequest (E:\MY-Portfolio\skybridge\smart-plaza\smart-plaza\backend\node_modules\router\lib\layer.js:152:17)
    at trimPrefix (E:\MY-Portfolio\skybridge\smart-plaza\smart-plaza\backend\node_modules\router\index.js:342:13)
    at E:\MY-Portfolio\skybridge\smart-plaza\smart-plaza\backend\node_modules\router\index.js:297:9
    at processParams (E:\MY-Portfolio\skybridge\smart-plaza\smart-plaza\backend\node_modules\router\index.js:582:12)
    at next (E:\MY-Portfolio\skybridge\smart-plaza\smart-plaza\backend\node_modules\router\index.js:291:5)
    at read (E:\MY-Portfolio\skybridge\smart-plaza\smart-plaza\backend\node_modules\body-parser\lib\read.js:53:5)
    at urlencodedParser (E:\MY-Portfolio\skybridge\smart-plaza\smart-plaza\backend\node_modules\body-parser\lib\types\urlencoded.js:57:5)
    at Layer.handleRequest (E:\MY-Portfolio\skybridge\smart-plaza\smart-plaza\backend\node_modules\router\lib\layer.js:152:17)
    at trimPrefix (E:\MY-Portfolio\skybridge\smart-plaza\smart-plaza\backend\node_modules\router\index.js:342:13)

2026-07-12T14:30:59.566Z
Error: Not Found - /api/routes
    at notFound (E:\MY-Portfolio\skybridge\smart-plaza\smart-plaza\backend\middleware\errorMiddleware.js:2:17)
    at Layer.handleRequest (E:\MY-Portfolio\skybridge\smart-plaza\smart-plaza\backend\node_modules\router\lib\layer.js:152:17)
    at trimPrefix (E:\MY-Portfolio\skybridge\smart-plaza\smart-plaza\backend\node_modules\router\index.js:342:13)
    at E:\MY-Portfolio\skybridge\smart-plaza\smart-plaza\backend\node_modules\router\index.js:297:9
    at processParams (E:\MY-Portfolio\skybridge\smart-plaza\smart-plaza\backend\node_modules\router\index.js:582:12)
    at next (E:\MY-Portfolio\skybridge\smart-plaza\smart-plaza\backend\node_modules\router\index.js:291:5)
    at E:\MY-Portfolio\skybridge\smart-plaza\smart-plaza\backend\server.js:96:3
    at Layer.handleRequest (E:\MY-Portfolio\skybridge\smart-plaza\smart-plaza\backend\node_modules\router\lib\layer.js:152:17)
    at trimPrefix (E:\MY-Portfolio\skybridge\smart-plaza\smart-plaza\backend\node_modules\router\index.js:342:13)
    at E:\MY-Portfolio\skybridge\smart-plaza\smart-plaza\backend\node_modules\router\index.js:297:9
    at processParams (E:\MY-Portfolio\skybridge\smart-plaza\smart-plaza\backend\node_modules\router\index.js:582:12)
    at next (E:\MY-Portfolio\skybridge\smart-plaza\smart-plaza\backend\node_modules\router\index.js:291:5)
    at read (E:\MY-Portfolio\skybridge\smart-plaza\smart-plaza\backend\node_modules\body-parser\lib\read.js:53:5)
    at urlencodedParser (E:\MY-Portfolio\skybridge\smart-plaza\smart-plaza\backend\node_modules\body-parser\lib\types\urlencoded.js:57:5)
    at Layer.handleRequest (E:\MY-Portfolio\skybridge\smart-plaza\smart-plaza\backend\node_modules\router\lib\layer.js:152:17)
    at trimPrefix (E:\MY-Portfolio\skybridge\smart-plaza\smart-plaza\backend\node_modules\router\index.js:342:13)

2026-07-12T14:33:06.169Z
MongoServerError: E11000 duplicate key error collection: smartplaza.users index: email_1 dup key: { email: "mdtohid222020@gmail.com" }
    at InsertOneOperation.handleOk (E:\MY-Portfolio\skybridge\smart-plaza\smart-plaza\backend\node_modules\mongodb\lib\operations\insert.js:51:19)
    at executeOperationWithRetries (E:\MY-Portfolio\skybridge\smart-plaza\smart-plaza\backend\node_modules\mongodb\lib\operations\execute_operation.js:194:34)
    at process.processTicksAndRejections (node:internal/process/task_queues:104:5)
    at async executeOperation (E:\MY-Portfolio\skybridge\smart-plaza\smart-plaza\backend\node_modules\mongodb\lib\operations\execute_operation.js:83:16)
    at async Collection.insertOne (E:\MY-Portfolio\skybridge\smart-plaza\smart-plaza\backend\node_modules\mongodb\lib\collection.js:154:16)
    at async model.$__save (E:\MY-Portfolio\skybridge\smart-plaza\smart-plaza\backend\node_modules\mongoose\lib\model.js:428:16)
    at async model.save (E:\MY-Portfolio\skybridge\smart-plaza\smart-plaza\backend\node_modules\mongoose\lib\model.js:667:5)
    at async model.create (E:\MY-Portfolio\skybridge\smart-plaza\smart-plaza\backend\node_modules\mongoose\lib\model.js:2747:5)
    at async E:\MY-Portfolio\skybridge\smart-plaza\smart-plaza\backend\controllers\userController.js:88:16

2026-07-12T15:19:01.325Z
Error: Not Found - /api/routes
    at notFound (E:\MY-Portfolio\skybridge\smart-plaza\smart-plaza\backend\middleware\errorMiddleware.js:2:17)
    at Layer.handleRequest (E:\MY-Portfolio\skybridge\smart-plaza\smart-plaza\backend\node_modules\router\lib\layer.js:152:17)
    at trimPrefix (E:\MY-Portfolio\skybridge\smart-plaza\smart-plaza\backend\node_modules\router\index.js:342:13)
    at E:\MY-Portfolio\skybridge\smart-plaza\smart-plaza\backend\node_modules\router\index.js:297:9
    at processParams (E:\MY-Portfolio\skybridge\smart-plaza\smart-plaza\backend\node_modules\router\index.js:582:12)
    at next (E:\MY-Portfolio\skybridge\smart-plaza\smart-plaza\backend\node_modules\router\index.js:291:5)
    at E:\MY-Portfolio\skybridge\smart-plaza\smart-plaza\backend\server.js:96:3
    at Layer.handleRequest (E:\MY-Portfolio\skybridge\smart-plaza\smart-plaza\backend\node_modules\router\lib\layer.js:152:17)
    at trimPrefix (E:\MY-Portfolio\skybridge\smart-plaza\smart-plaza\backend\node_modules\router\index.js:342:13)
    at E:\MY-Portfolio\skybridge\smart-plaza\smart-plaza\backend\node_modules\router\index.js:297:9
    at processParams (E:\MY-Portfolio\skybridge\smart-plaza\smart-plaza\backend\node_modules\router\index.js:582:12)
    at next (E:\MY-Portfolio\skybridge\smart-plaza\smart-plaza\backend\node_modules\router\index.js:291:5)
    at read (E:\MY-Portfolio\skybridge\smart-plaza\smart-plaza\backend\node_modules\body-parser\lib\read.js:53:5)
    at urlencodedParser (E:\MY-Portfolio\skybridge\smart-plaza\smart-plaza\backend\node_modules\body-parser\lib\types\urlencoded.js:57:5)
    at Layer.handleRequest (E:\MY-Portfolio\skybridge\smart-plaza\smart-plaza\backend\node_modules\router\lib\layer.js:152:17)
    at trimPrefix (E:\MY-Portfolio\skybridge\smart-plaza\smart-plaza\backend\node_modules\router\index.js:342:13)

2026-07-12T15:19:02.340Z
Error: Not Found - /api/routes
    at notFound (E:\MY-Portfolio\skybridge\smart-plaza\smart-plaza\backend\middleware\errorMiddleware.js:2:17)
    at Layer.handleRequest (E:\MY-Portfolio\skybridge\smart-plaza\smart-plaza\backend\node_modules\router\lib\layer.js:152:17)
    at trimPrefix (E:\MY-Portfolio\skybridge\smart-plaza\smart-plaza\backend\node_modules\router\index.js:342:13)
    at E:\MY-Portfolio\skybridge\smart-plaza\smart-plaza\backend\node_modules\router\index.js:297:9
    at processParams (E:\MY-Portfolio\skybridge\smart-plaza\smart-plaza\backend\node_modules\router\index.js:582:12)
    at next (E:\MY-Portfolio\skybridge\smart-plaza\smart-plaza\backend\node_modules\router\index.js:291:5)
    at E:\MY-Portfolio\skybridge\smart-plaza\smart-plaza\backend\server.js:96:3
    at Layer.handleRequest (E:\MY-Portfolio\skybridge\smart-plaza\smart-plaza\backend\node_modules\router\lib\layer.js:152:17)
    at trimPrefix (E:\MY-Portfolio\skybridge\smart-plaza\smart-plaza\backend\node_modules\router\index.js:342:13)
    at E:\MY-Portfolio\skybridge\smart-plaza\smart-plaza\backend\node_modules\router\index.js:297:9
    at processParams (E:\MY-Portfolio\skybridge\smart-plaza\smart-plaza\backend\node_modules\router\index.js:582:12)
    at next (E:\MY-Portfolio\skybridge\smart-plaza\smart-plaza\backend\node_modules\router\index.js:291:5)
    at read (E:\MY-Portfolio\skybridge\smart-plaza\smart-plaza\backend\node_modules\body-parser\lib\read.js:53:5)
    at urlencodedParser (E:\MY-Portfolio\skybridge\smart-plaza\smart-plaza\backend\node_modules\body-parser\lib\types\urlencoded.js:57:5)
    at Layer.handleRequest (E:\MY-Portfolio\skybridge\smart-plaza\smart-plaza\backend\node_modules\router\lib\layer.js:152:17)
    at trimPrefix (E:\MY-Portfolio\skybridge\smart-plaza\smart-plaza\backend\node_modules\router\index.js:342:13)

2026-07-12T16:16:19.451Z
Error: Not Found - /api/routes
    at notFound (E:\MY-Portfolio\skybridge\smart-plaza\smart-plaza\backend\middleware\errorMiddleware.js:2:17)
    at Layer.handleRequest (E:\MY-Portfolio\skybridge\smart-plaza\smart-plaza\backend\node_modules\router\lib\layer.js:152:17)
    at trimPrefix (E:\MY-Portfolio\skybridge\smart-plaza\smart-plaza\backend\node_modules\router\index.js:342:13)
    at E:\MY-Portfolio\skybridge\smart-plaza\smart-plaza\backend\node_modules\router\index.js:297:9
    at processParams (E:\MY-Portfolio\skybridge\smart-plaza\smart-plaza\backend\node_modules\router\index.js:582:12)
    at next (E:\MY-Portfolio\skybridge\smart-plaza\smart-plaza\backend\node_modules\router\index.js:291:5)
    at E:\MY-Portfolio\skybridge\smart-plaza\smart-plaza\backend\server.js:96:3
    at Layer.handleRequest (E:\MY-Portfolio\skybridge\smart-plaza\smart-plaza\backend\node_modules\router\lib\layer.js:152:17)
    at trimPrefix (E:\MY-Portfolio\skybridge\smart-plaza\smart-plaza\backend\node_modules\router\index.js:342:13)
    at E:\MY-Portfolio\skybridge\smart-plaza\smart-plaza\backend\node_modules\router\index.js:297:9
    at processParams (E:\MY-Portfolio\skybridge\smart-plaza\smart-plaza\backend\node_modules\router\index.js:582:12)
    at next (E:\MY-Portfolio\skybridge\smart-plaza\smart-plaza\backend\node_modules\router\index.js:291:5)
    at read (E:\MY-Portfolio\skybridge\smart-plaza\smart-plaza\backend\node_modules\body-parser\lib\read.js:53:5)
    at urlencodedParser (E:\MY-Portfolio\skybridge\smart-plaza\smart-plaza\backend\node_modules\body-parser\lib\types\urlencoded.js:57:5)
    at Layer.handleRequest (E:\MY-Portfolio\skybridge\smart-plaza\smart-plaza\backend\node_modules\router\lib\layer.js:152:17)
    at trimPrefix (E:\MY-Portfolio\skybridge\smart-plaza\smart-plaza\backend\node_modules\router\index.js:342:13)

2026-07-12T16:16:20.476Z
Error: Not Found - /api/routes
    at notFound (E:\MY-Portfolio\skybridge\smart-plaza\smart-plaza\backend\middleware\errorMiddleware.js:2:17)
    at Layer.handleRequest (E:\MY-Portfolio\skybridge\smart-plaza\smart-plaza\backend\node_modules\router\lib\layer.js:152:17)
    at trimPrefix (E:\MY-Portfolio\skybridge\smart-plaza\smart-plaza\backend\node_modules\router\index.js:342:13)
    at E:\MY-Portfolio\skybridge\smart-plaza\smart-plaza\backend\node_modules\router\index.js:297:9
    at processParams (E:\MY-Portfolio\skybridge\smart-plaza\smart-plaza\backend\node_modules\router\index.js:582:12)
    at next (E:\MY-Portfolio\skybridge\smart-plaza\smart-plaza\backend\node_modules\router\index.js:291:5)
    at E:\MY-Portfolio\skybridge\smart-plaza\smart-plaza\backend\server.js:96:3
    at Layer.handleRequest (E:\MY-Portfolio\skybridge\smart-plaza\smart-plaza\backend\node_modules\router\lib\layer.js:152:17)
    at trimPrefix (E:\MY-Portfolio\skybridge\smart-plaza\smart-plaza\backend\node_modules\router\index.js:342:13)
    at E:\MY-Portfolio\skybridge\smart-plaza\smart-plaza\backend\node_modules\router\index.js:297:9
    at processParams (E:\MY-Portfolio\skybridge\smart-plaza\smart-plaza\backend\node_modules\router\index.js:582:12)
    at next (E:\MY-Portfolio\skybridge\smart-plaza\smart-plaza\backend\node_modules\router\index.js:291:5)
    at read (E:\MY-Portfolio\skybridge\smart-plaza\smart-plaza\backend\node_modules\body-parser\lib\read.js:53:5)
    at urlencodedParser (E:\MY-Portfolio\skybridge\smart-plaza\smart-plaza\backend\node_modules\body-parser\lib\types\urlencoded.js:57:5)
    at Layer.handleRequest (E:\MY-Portfolio\skybridge\smart-plaza\smart-plaza\backend\node_modules\router\lib\layer.js:152:17)
    at trimPrefix (E:\MY-Portfolio\skybridge\smart-plaza\smart-plaza\backend\node_modules\router\index.js:342:13)

2026-07-12T16:33:13.376Z
Error: Not Found - /api/routes
    at notFound (E:\MY-Portfolio\skybridge\smart-plaza\smart-plaza\backend\middleware\errorMiddleware.js:2:17)
    at Layer.handleRequest (E:\MY-Portfolio\skybridge\smart-plaza\smart-plaza\backend\node_modules\router\lib\layer.js:152:17)
    at trimPrefix (E:\MY-Portfolio\skybridge\smart-plaza\smart-plaza\backend\node_modules\router\index.js:342:13)
    at E:\MY-Portfolio\skybridge\smart-plaza\smart-plaza\backend\node_modules\router\index.js:297:9
    at processParams (E:\MY-Portfolio\skybridge\smart-plaza\smart-plaza\backend\node_modules\router\index.js:582:12)
    at next (E:\MY-Portfolio\skybridge\smart-plaza\smart-plaza\backend\node_modules\router\index.js:291:5)
    at E:\MY-Portfolio\skybridge\smart-plaza\smart-plaza\backend\server.js:96:3
    at Layer.handleRequest (E:\MY-Portfolio\skybridge\smart-plaza\smart-plaza\backend\node_modules\router\lib\layer.js:152:17)
    at trimPrefix (E:\MY-Portfolio\skybridge\smart-plaza\smart-plaza\backend\node_modules\router\index.js:342:13)
    at E:\MY-Portfolio\skybridge\smart-plaza\smart-plaza\backend\node_modules\router\index.js:297:9
    at processParams (E:\MY-Portfolio\skybridge\smart-plaza\smart-plaza\backend\node_modules\router\index.js:582:12)
    at next (E:\MY-Portfolio\skybridge\smart-plaza\smart-plaza\backend\node_modules\router\index.js:291:5)
    at read (E:\MY-Portfolio\skybridge\smart-plaza\smart-plaza\backend\node_modules\body-parser\lib\read.js:53:5)
    at urlencodedParser (E:\MY-Portfolio\skybridge\smart-plaza\smart-plaza\backend\node_modules\body-parser\lib\types\urlencoded.js:57:5)
    at Layer.handleRequest (E:\MY-Portfolio\skybridge\smart-plaza\smart-plaza\backend\node_modules\router\lib\layer.js:152:17)
    at trimPrefix (E:\MY-Portfolio\skybridge\smart-plaza\smart-plaza\backend\node_modules\router\index.js:342:13)

2026-07-12T16:33:14.400Z
Error: Not Found - /api/routes
    at notFound (E:\MY-Portfolio\skybridge\smart-plaza\smart-plaza\backend\middleware\errorMiddleware.js:2:17)
    at Layer.handleRequest (E:\MY-Portfolio\skybridge\smart-plaza\smart-plaza\backend\node_modules\router\lib\layer.js:152:17)
    at trimPrefix (E:\MY-Portfolio\skybridge\smart-plaza\smart-plaza\backend\node_modules\router\index.js:342:13)
    at E:\MY-Portfolio\skybridge\smart-plaza\smart-plaza\backend\node_modules\router\index.js:297:9
    at processParams (E:\MY-Portfolio\skybridge\smart-plaza\smart-plaza\backend\node_modules\router\index.js:582:12)
    at next (E:\MY-Portfolio\skybridge\smart-plaza\smart-plaza\backend\node_modules\router\index.js:291:5)
    at E:\MY-Portfolio\skybridge\smart-plaza\smart-plaza\backend\server.js:96:3
    at Layer.handleRequest (E:\MY-Portfolio\skybridge\smart-plaza\smart-plaza\backend\node_modules\router\lib\layer.js:152:17)
    at trimPrefix (E:\MY-Portfolio\skybridge\smart-plaza\smart-plaza\backend\node_modules\router\index.js:342:13)
    at E:\MY-Portfolio\skybridge\smart-plaza\smart-plaza\backend\node_modules\router\index.js:297:9
    at processParams (E:\MY-Portfolio\skybridge\smart-plaza\smart-plaza\backend\node_modules\router\index.js:582:12)
    at next (E:\MY-Portfolio\skybridge\smart-plaza\smart-plaza\backend\node_modules\router\index.js:291:5)
    at read (E:\MY-Portfolio\skybridge\smart-plaza\smart-plaza\backend\node_modules\body-parser\lib\read.js:53:5)
    at urlencodedParser (E:\MY-Portfolio\skybridge\smart-plaza\smart-plaza\backend\node_modules\body-parser\lib\types\urlencoded.js:57:5)
    at Layer.handleRequest (E:\MY-Portfolio\skybridge\smart-plaza\smart-plaza\backend\node_modules\router\lib\layer.js:152:17)
    at trimPrefix (E:\MY-Portfolio\skybridge\smart-plaza\smart-plaza\backend\node_modules\router\index.js:342:13)

2026-07-12T16:44:17.003Z
Error: Not Found - /api/routes
    at notFound (E:\MY-Portfolio\skybridge\smart-plaza\smart-plaza\backend\middleware\errorMiddleware.js:2:17)
    at Layer.handleRequest (E:\MY-Portfolio\skybridge\smart-plaza\smart-plaza\backend\node_modules\router\lib\layer.js:152:17)
    at trimPrefix (E:\MY-Portfolio\skybridge\smart-plaza\smart-plaza\backend\node_modules\router\index.js:342:13)
    at E:\MY-Portfolio\skybridge\smart-plaza\smart-plaza\backend\node_modules\router\index.js:297:9
    at processParams (E:\MY-Portfolio\skybridge\smart-plaza\smart-plaza\backend\node_modules\router\index.js:582:12)
    at next (E:\MY-Portfolio\skybridge\smart-plaza\smart-plaza\backend\node_modules\router\index.js:291:5)
    at E:\MY-Portfolio\skybridge\smart-plaza\smart-plaza\backend\server.js:96:3
    at Layer.handleRequest (E:\MY-Portfolio\skybridge\smart-plaza\smart-plaza\backend\node_modules\router\lib\layer.js:152:17)
    at trimPrefix (E:\MY-Portfolio\skybridge\smart-plaza\smart-plaza\backend\node_modules\router\index.js:342:13)
    at E:\MY-Portfolio\skybridge\smart-plaza\smart-plaza\backend\node_modules\router\index.js:297:9
    at processParams (E:\MY-Portfolio\skybridge\smart-plaza\smart-plaza\backend\node_modules\router\index.js:582:12)
    at next (E:\MY-Portfolio\skybridge\smart-plaza\smart-plaza\backend\node_modules\router\index.js:291:5)
    at read (E:\MY-Portfolio\skybridge\smart-plaza\smart-plaza\backend\node_modules\body-parser\lib\read.js:53:5)
    at urlencodedParser (E:\MY-Portfolio\skybridge\smart-plaza\smart-plaza\backend\node_modules\body-parser\lib\types\urlencoded.js:57:5)
    at Layer.handleRequest (E:\MY-Portfolio\skybridge\smart-plaza\smart-plaza\backend\node_modules\router\lib\layer.js:152:17)
    at trimPrefix (E:\MY-Portfolio\skybridge\smart-plaza\smart-plaza\backend\node_modules\router\index.js:342:13)

2026-07-12T16:44:18.026Z
Error: Not Found - /api/routes
    at notFound (E:\MY-Portfolio\skybridge\smart-plaza\smart-plaza\backend\middleware\errorMiddleware.js:2:17)
    at Layer.handleRequest (E:\MY-Portfolio\skybridge\smart-plaza\smart-plaza\backend\node_modules\router\lib\layer.js:152:17)
    at trimPrefix (E:\MY-Portfolio\skybridge\smart-plaza\smart-plaza\backend\node_modules\router\index.js:342:13)
    at E:\MY-Portfolio\skybridge\smart-plaza\smart-plaza\backend\node_modules\router\index.js:297:9
    at processParams (E:\MY-Portfolio\skybridge\smart-plaza\smart-plaza\backend\node_modules\router\index.js:582:12)
    at next (E:\MY-Portfolio\skybridge\smart-plaza\smart-plaza\backend\node_modules\router\index.js:291:5)
    at E:\MY-Portfolio\skybridge\smart-plaza\smart-plaza\backend\server.js:96:3
    at Layer.handleRequest (E:\MY-Portfolio\skybridge\smart-plaza\smart-plaza\backend\node_modules\router\lib\layer.js:152:17)
    at trimPrefix (E:\MY-Portfolio\skybridge\smart-plaza\smart-plaza\backend\node_modules\router\index.js:342:13)
    at E:\MY-Portfolio\skybridge\smart-plaza\smart-plaza\backend\node_modules\router\index.js:297:9
    at processParams (E:\MY-Portfolio\skybridge\smart-plaza\smart-plaza\backend\node_modules\router\index.js:582:12)
    at next (E:\MY-Portfolio\skybridge\smart-plaza\smart-plaza\backend\node_modules\router\index.js:291:5)
    at read (E:\MY-Portfolio\skybridge\smart-plaza\smart-plaza\backend\node_modules\body-parser\lib\read.js:53:5)
    at urlencodedParser (E:\MY-Portfolio\skybridge\smart-plaza\smart-plaza\backend\node_modules\body-parser\lib\types\urlencoded.js:57:5)
    at Layer.handleRequest (E:\MY-Portfolio\skybridge\smart-plaza\smart-plaza\backend\node_modules\router\lib\layer.js:152:17)
    at trimPrefix (E:\MY-Portfolio\skybridge\smart-plaza\smart-plaza\backend\node_modules\router\index.js:342:13)

2026-07-12T17:14:27.935Z
Error: Not Found - /api/routes
    at notFound (E:\MY-Portfolio\skybridge\smart-plaza\smart-plaza\backend\middleware\errorMiddleware.js:2:17)
    at Layer.handleRequest (E:\MY-Portfolio\skybridge\smart-plaza\smart-plaza\backend\node_modules\router\lib\layer.js:152:17)
    at trimPrefix (E:\MY-Portfolio\skybridge\smart-plaza\smart-plaza\backend\node_modules\router\index.js:342:13)
    at E:\MY-Portfolio\skybridge\smart-plaza\smart-plaza\backend\node_modules\router\index.js:297:9
    at processParams (E:\MY-Portfolio\skybridge\smart-plaza\smart-plaza\backend\node_modules\router\index.js:582:12)
    at next (E:\MY-Portfolio\skybridge\smart-plaza\smart-plaza\backend\node_modules\router\index.js:291:5)
    at E:\MY-Portfolio\skybridge\smart-plaza\smart-plaza\backend\server.js:96:3
    at Layer.handleRequest (E:\MY-Portfolio\skybridge\smart-plaza\smart-plaza\backend\node_modules\router\lib\layer.js:152:17)
    at trimPrefix (E:\MY-Portfolio\skybridge\smart-plaza\smart-plaza\backend\node_modules\router\index.js:342:13)
    at E:\MY-Portfolio\skybridge\smart-plaza\smart-plaza\backend\node_modules\router\index.js:297:9
    at processParams (E:\MY-Portfolio\skybridge\smart-plaza\smart-plaza\backend\node_modules\router\index.js:582:12)
    at next (E:\MY-Portfolio\skybridge\smart-plaza\smart-plaza\backend\node_modules\router\index.js:291:5)
    at read (E:\MY-Portfolio\skybridge\smart-plaza\smart-plaza\backend\node_modules\body-parser\lib\read.js:53:5)
    at urlencodedParser (E:\MY-Portfolio\skybridge\smart-plaza\smart-plaza\backend\node_modules\body-parser\lib\types\urlencoded.js:57:5)
    at Layer.handleRequest (E:\MY-Portfolio\skybridge\smart-plaza\smart-plaza\backend\node_modules\router\lib\layer.js:152:17)
    at trimPrefix (E:\MY-Portfolio\skybridge\smart-plaza\smart-plaza\backend\node_modules\router\index.js:342:13)

2026-07-12T17:16:16.080Z
Error: Not Found - /api/routes
    at notFound (E:\MY-Portfolio\skybridge\smart-plaza\smart-plaza\backend\middleware\errorMiddleware.js:2:17)
    at Layer.handleRequest (E:\MY-Portfolio\skybridge\smart-plaza\smart-plaza\backend\node_modules\router\lib\layer.js:152:17)
    at trimPrefix (E:\MY-Portfolio\skybridge\smart-plaza\smart-plaza\backend\node_modules\router\index.js:342:13)
    at E:\MY-Portfolio\skybridge\smart-plaza\smart-plaza\backend\node_modules\router\index.js:297:9
    at processParams (E:\MY-Portfolio\skybridge\smart-plaza\smart-plaza\backend\node_modules\router\index.js:582:12)
    at next (E:\MY-Portfolio\skybridge\smart-plaza\smart-plaza\backend\node_modules\router\index.js:291:5)
    at E:\MY-Portfolio\skybridge\smart-plaza\smart-plaza\backend\server.js:96:3
    at Layer.handleRequest (E:\MY-Portfolio\skybridge\smart-plaza\smart-plaza\backend\node_modules\router\lib\layer.js:152:17)
    at trimPrefix (E:\MY-Portfolio\skybridge\smart-plaza\smart-plaza\backend\node_modules\router\index.js:342:13)
    at E:\MY-Portfolio\skybridge\smart-plaza\smart-plaza\backend\node_modules\router\index.js:297:9
    at processParams (E:\MY-Portfolio\skybridge\smart-plaza\smart-plaza\backend\node_modules\router\index.js:582:12)
    at next (E:\MY-Portfolio\skybridge\smart-plaza\smart-plaza\backend\node_modules\router\index.js:291:5)
    at read (E:\MY-Portfolio\skybridge\smart-plaza\smart-plaza\backend\node_modules\body-parser\lib\read.js:53:5)
    at urlencodedParser (E:\MY-Portfolio\skybridge\smart-plaza\smart-plaza\backend\node_modules\body-parser\lib\types\urlencoded.js:57:5)
    at Layer.handleRequest (E:\MY-Portfolio\skybridge\smart-plaza\smart-plaza\backend\node_modules\router\lib\layer.js:152:17)
    at trimPrefix (E:\MY-Portfolio\skybridge\smart-plaza\smart-plaza\backend\node_modules\router\index.js:342:13)
>>>>>>> 047d4dd01f08a0dc2b8b23d404735d421ef73b19

2026-07-12T20:43:43.218Z
Error: Not Found - /api/routes
    at notFound (E:\MY-Portfolio\skybridge\smart-plaza\smart-plaza\backend\middleware\errorMiddleware.js:2:17)
    at Layer.handleRequest (E:\MY-Portfolio\skybridge\smart-plaza\smart-plaza\backend\node_modules\router\lib\layer.js:152:17)
    at trimPrefix (E:\MY-Portfolio\skybridge\smart-plaza\smart-plaza\backend\node_modules\router\index.js:342:13)
    at E:\MY-Portfolio\skybridge\smart-plaza\smart-plaza\backend\node_modules\router\index.js:297:9
    at processParams (E:\MY-Portfolio\skybridge\smart-plaza\smart-plaza\backend\node_modules\router\index.js:582:12)
    at next (E:\MY-Portfolio\skybridge\smart-plaza\smart-plaza\backend\node_modules\router\index.js:291:5)
    at E:\MY-Portfolio\skybridge\smart-plaza\smart-plaza\backend\server.js:96:3
    at Layer.handleRequest (E:\MY-Portfolio\skybridge\smart-plaza\smart-plaza\backend\node_modules\router\lib\layer.js:152:17)
    at trimPrefix (E:\MY-Portfolio\skybridge\smart-plaza\smart-plaza\backend\node_modules\router\index.js:342:13)
    at E:\MY-Portfolio\skybridge\smart-plaza\smart-plaza\backend\node_modules\router\index.js:297:9
    at processParams (E:\MY-Portfolio\skybridge\smart-plaza\smart-plaza\backend\node_modules\router\index.js:582:12)
    at next (E:\MY-Portfolio\skybridge\smart-plaza\smart-plaza\backend\node_modules\router\index.js:291:5)
    at read (E:\MY-Portfolio\skybridge\smart-plaza\smart-plaza\backend\node_modules\body-parser\lib\read.js:53:5)
    at urlencodedParser (E:\MY-Portfolio\skybridge\smart-plaza\smart-plaza\backend\node_modules\body-parser\lib\types\urlencoded.js:57:5)
    at Layer.handleRequest (E:\MY-Portfolio\skybridge\smart-plaza\smart-plaza\backend\node_modules\router\lib\layer.js:152:17)
    at trimPrefix (E:\MY-Portfolio\skybridge\smart-plaza\smart-plaza\backend\node_modules\router\index.js:342:13)

2026-07-12T20:43:44.253Z
Error: Not Found - /api/routes
    at notFound (E:\MY-Portfolio\skybridge\smart-plaza\smart-plaza\backend\middleware\errorMiddleware.js:2:17)
    at Layer.handleRequest (E:\MY-Portfolio\skybridge\smart-plaza\smart-plaza\backend\node_modules\router\lib\layer.js:152:17)
    at trimPrefix (E:\MY-Portfolio\skybridge\smart-plaza\smart-plaza\backend\node_modules\router\index.js:342:13)
    at E:\MY-Portfolio\skybridge\smart-plaza\smart-plaza\backend\node_modules\router\index.js:297:9
    at processParams (E:\MY-Portfolio\skybridge\smart-plaza\smart-plaza\backend\node_modules\router\index.js:582:12)
    at next (E:\MY-Portfolio\skybridge\smart-plaza\smart-plaza\backend\node_modules\router\index.js:291:5)
    at E:\MY-Portfolio\skybridge\smart-plaza\smart-plaza\backend\server.js:96:3
    at Layer.handleRequest (E:\MY-Portfolio\skybridge\smart-plaza\smart-plaza\backend\node_modules\router\lib\layer.js:152:17)
    at trimPrefix (E:\MY-Portfolio\skybridge\smart-plaza\smart-plaza\backend\node_modules\router\index.js:342:13)
    at E:\MY-Portfolio\skybridge\smart-plaza\smart-plaza\backend\node_modules\router\index.js:297:9
    at processParams (E:\MY-Portfolio\skybridge\smart-plaza\smart-plaza\backend\node_modules\router\index.js:582:12)
    at next (E:\MY-Portfolio\skybridge\smart-plaza\smart-plaza\backend\node_modules\router\index.js:291:5)
    at read (E:\MY-Portfolio\skybridge\smart-plaza\smart-plaza\backend\node_modules\body-parser\lib\read.js:53:5)
    at urlencodedParser (E:\MY-Portfolio\skybridge\smart-plaza\smart-plaza\backend\node_modules\body-parser\lib\types\urlencoded.js:57:5)
    at Layer.handleRequest (E:\MY-Portfolio\skybridge\smart-plaza\smart-plaza\backend\node_modules\router\lib\layer.js:152:17)
    at trimPrefix (E:\MY-Portfolio\skybridge\smart-plaza\smart-plaza\backend\node_modules\router\index.js:342:13)

<<<<<<< HEAD
2026-07-13T15:54:54.816Z
Error: Not Found - /api/routes
    at notFound (E:\MY-Portfolio\skybridge\smart-plaza\smart-plaza\backend\middleware\errorMiddleware.js:2:17)
    at Layer.handleRequest (E:\MY-Portfolio\skybridge\smart-plaza\smart-plaza\backend\node_modules\router\lib\layer.js:152:17)
    at trimPrefix (E:\MY-Portfolio\skybridge\smart-plaza\smart-plaza\backend\node_modules\router\index.js:342:13)
    at E:\MY-Portfolio\skybridge\smart-plaza\smart-plaza\backend\node_modules\router\index.js:297:9
    at processParams (E:\MY-Portfolio\skybridge\smart-plaza\smart-plaza\backend\node_modules\router\index.js:582:12)
    at next (E:\MY-Portfolio\skybridge\smart-plaza\smart-plaza\backend\node_modules\router\index.js:291:5)
    at E:\MY-Portfolio\skybridge\smart-plaza\smart-plaza\backend\server.js:96:3
    at Layer.handleRequest (E:\MY-Portfolio\skybridge\smart-plaza\smart-plaza\backend\node_modules\router\lib\layer.js:152:17)
    at trimPrefix (E:\MY-Portfolio\skybridge\smart-plaza\smart-plaza\backend\node_modules\router\index.js:342:13)
    at E:\MY-Portfolio\skybridge\smart-plaza\smart-plaza\backend\node_modules\router\index.js:297:9
    at processParams (E:\MY-Portfolio\skybridge\smart-plaza\smart-plaza\backend\node_modules\router\index.js:582:12)
    at next (E:\MY-Portfolio\skybridge\smart-plaza\smart-plaza\backend\node_modules\router\index.js:291:5)
    at read (E:\MY-Portfolio\skybridge\smart-plaza\smart-plaza\backend\node_modules\body-parser\lib\read.js:53:5)
    at urlencodedParser (E:\MY-Portfolio\skybridge\smart-plaza\smart-plaza\backend\node_modules\body-parser\lib\types\urlencoded.js:57:5)
    at Layer.handleRequest (E:\MY-Portfolio\skybridge\smart-plaza\smart-plaza\backend\node_modules\router\lib\layer.js:152:17)
    at trimPrefix (E:\MY-Portfolio\skybridge\smart-plaza\smart-plaza\backend\node_modules\router\index.js:342:13)

2026-07-13T17:21:14.643Z
Error: Not Found - /api/routes
    at notFound (E:\MY-Portfolio\skybridge\smart-plaza\smart-plaza\backend\middleware\errorMiddleware.js:2:17)
    at Layer.handleRequest (E:\MY-Portfolio\skybridge\smart-plaza\smart-plaza\backend\node_modules\router\lib\layer.js:152:17)
    at trimPrefix (E:\MY-Portfolio\skybridge\smart-plaza\smart-plaza\backend\node_modules\router\index.js:342:13)
    at E:\MY-Portfolio\skybridge\smart-plaza\smart-plaza\backend\node_modules\router\index.js:297:9
    at processParams (E:\MY-Portfolio\skybridge\smart-plaza\smart-plaza\backend\node_modules\router\index.js:582:12)
    at next (E:\MY-Portfolio\skybridge\smart-plaza\smart-plaza\backend\node_modules\router\index.js:291:5)
    at E:\MY-Portfolio\skybridge\smart-plaza\smart-plaza\backend\server.js:96:3
    at Layer.handleRequest (E:\MY-Portfolio\skybridge\smart-plaza\smart-plaza\backend\node_modules\router\lib\layer.js:152:17)
    at trimPrefix (E:\MY-Portfolio\skybridge\smart-plaza\smart-plaza\backend\node_modules\router\index.js:342:13)
    at E:\MY-Portfolio\skybridge\smart-plaza\smart-plaza\backend\node_modules\router\index.js:297:9
    at processParams (E:\MY-Portfolio\skybridge\smart-plaza\smart-plaza\backend\node_modules\router\index.js:582:12)
    at next (E:\MY-Portfolio\skybridge\smart-plaza\smart-plaza\backend\node_modules\router\index.js:291:5)
    at read (E:\MY-Portfolio\skybridge\smart-plaza\smart-plaza\backend\node_modules\body-parser\lib\read.js:53:5)
    at urlencodedParser (E:\MY-Portfolio\skybridge\smart-plaza\smart-plaza\backend\node_modules\body-parser\lib\types\urlencoded.js:57:5)
    at Layer.handleRequest (E:\MY-Portfolio\skybridge\smart-plaza\smart-plaza\backend\node_modules\router\lib\layer.js:152:17)
    at trimPrefix (E:\MY-Portfolio\skybridge\smart-plaza\smart-plaza\backend\node_modules\router\index.js:342:13)
=======
2026-07-13T01:08:03.330Z
Error: Not Found - /api/routes
    at notFound (E:\Skybridge Digital\SmartPlazaNew-main\backend\middleware\errorMiddleware.js:2:17)
    at Layer.handleRequest (E:\Skybridge Digital\SmartPlazaNew-main\backend\node_modules\router\lib\layer.js:152:17)
    at trimPrefix (E:\Skybridge Digital\SmartPlazaNew-main\backend\node_modules\router\index.js:342:13)
    at E:\Skybridge Digital\SmartPlazaNew-main\backend\node_modules\router\index.js:297:9
    at processParams (E:\Skybridge Digital\SmartPlazaNew-main\backend\node_modules\router\index.js:582:12)
    at next (E:\Skybridge Digital\SmartPlazaNew-main\backend\node_modules\router\index.js:291:5)
    at E:\Skybridge Digital\SmartPlazaNew-main\backend\server.js:96:3
    at Layer.handleRequest (E:\Skybridge Digital\SmartPlazaNew-main\backend\node_modules\router\lib\layer.js:152:17)
    at trimPrefix (E:\Skybridge Digital\SmartPlazaNew-main\backend\node_modules\router\index.js:342:13)
    at E:\Skybridge Digital\SmartPlazaNew-main\backend\node_modules\router\index.js:297:9
    at processParams (E:\Skybridge Digital\SmartPlazaNew-main\backend\node_modules\router\index.js:582:12)
    at next (E:\Skybridge Digital\SmartPlazaNew-main\backend\node_modules\router\index.js:291:5)
    at read (E:\Skybridge Digital\SmartPlazaNew-main\backend\node_modules\body-parser\lib\read.js:54:5)
    at urlencodedParser (E:\Skybridge Digital\SmartPlazaNew-main\backend\node_modules\body-parser\lib\types\urlencoded.js:58:5)
    at Layer.handleRequest (E:\Skybridge Digital\SmartPlazaNew-main\backend\node_modules\router\lib\layer.js:152:17)
    at trimPrefix (E:\Skybridge Digital\SmartPlazaNew-main\backend\node_modules\router\index.js:342:13)

2026-07-13T01:08:04.356Z
Error: Not Found - /api/routes
    at notFound (E:\Skybridge Digital\SmartPlazaNew-main\backend\middleware\errorMiddleware.js:2:17)
    at Layer.handleRequest (E:\Skybridge Digital\SmartPlazaNew-main\backend\node_modules\router\lib\layer.js:152:17)
    at trimPrefix (E:\Skybridge Digital\SmartPlazaNew-main\backend\node_modules\router\index.js:342:13)
    at E:\Skybridge Digital\SmartPlazaNew-main\backend\node_modules\router\index.js:297:9
    at processParams (E:\Skybridge Digital\SmartPlazaNew-main\backend\node_modules\router\index.js:582:12)
    at next (E:\Skybridge Digital\SmartPlazaNew-main\backend\node_modules\router\index.js:291:5)
    at E:\Skybridge Digital\SmartPlazaNew-main\backend\server.js:96:3
    at Layer.handleRequest (E:\Skybridge Digital\SmartPlazaNew-main\backend\node_modules\router\lib\layer.js:152:17)
    at trimPrefix (E:\Skybridge Digital\SmartPlazaNew-main\backend\node_modules\router\index.js:342:13)
    at E:\Skybridge Digital\SmartPlazaNew-main\backend\node_modules\router\index.js:297:9
    at processParams (E:\Skybridge Digital\SmartPlazaNew-main\backend\node_modules\router\index.js:582:12)
    at next (E:\Skybridge Digital\SmartPlazaNew-main\backend\node_modules\router\index.js:291:5)
    at read (E:\Skybridge Digital\SmartPlazaNew-main\backend\node_modules\body-parser\lib\read.js:54:5)
    at urlencodedParser (E:\Skybridge Digital\SmartPlazaNew-main\backend\node_modules\body-parser\lib\types\urlencoded.js:58:5)
    at Layer.handleRequest (E:\Skybridge Digital\SmartPlazaNew-main\backend\node_modules\router\lib\layer.js:152:17)
    at trimPrefix (E:\Skybridge Digital\SmartPlazaNew-main\backend\node_modules\router\index.js:342:13)

2026-07-13T01:55:34.935Z
Error: Not Found - /api/routes
    at notFound (E:\Skybridge Digital\SmartPlazaNew-main\backend\middleware\errorMiddleware.js:2:17)
    at Layer.handleRequest (E:\Skybridge Digital\SmartPlazaNew-main\backend\node_modules\router\lib\layer.js:152:17)
    at trimPrefix (E:\Skybridge Digital\SmartPlazaNew-main\backend\node_modules\router\index.js:342:13)
    at E:\Skybridge Digital\SmartPlazaNew-main\backend\node_modules\router\index.js:297:9
    at processParams (E:\Skybridge Digital\SmartPlazaNew-main\backend\node_modules\router\index.js:582:12)
    at next (E:\Skybridge Digital\SmartPlazaNew-main\backend\node_modules\router\index.js:291:5)
    at E:\Skybridge Digital\SmartPlazaNew-main\backend\server.js:96:3
    at Layer.handleRequest (E:\Skybridge Digital\SmartPlazaNew-main\backend\node_modules\router\lib\layer.js:152:17)
    at trimPrefix (E:\Skybridge Digital\SmartPlazaNew-main\backend\node_modules\router\index.js:342:13)
    at E:\Skybridge Digital\SmartPlazaNew-main\backend\node_modules\router\index.js:297:9
    at processParams (E:\Skybridge Digital\SmartPlazaNew-main\backend\node_modules\router\index.js:582:12)
    at next (E:\Skybridge Digital\SmartPlazaNew-main\backend\node_modules\router\index.js:291:5)
    at read (E:\Skybridge Digital\SmartPlazaNew-main\backend\node_modules\body-parser\lib\read.js:54:5)
    at urlencodedParser (E:\Skybridge Digital\SmartPlazaNew-main\backend\node_modules\body-parser\lib\types\urlencoded.js:58:5)
    at Layer.handleRequest (E:\Skybridge Digital\SmartPlazaNew-main\backend\node_modules\router\lib\layer.js:152:17)
    at trimPrefix (E:\Skybridge Digital\SmartPlazaNew-main\backend\node_modules\router\index.js:342:13)

2026-07-13T01:55:35.964Z
Error: Not Found - /api/routes
    at notFound (E:\Skybridge Digital\SmartPlazaNew-main\backend\middleware\errorMiddleware.js:2:17)
    at Layer.handleRequest (E:\Skybridge Digital\SmartPlazaNew-main\backend\node_modules\router\lib\layer.js:152:17)
    at trimPrefix (E:\Skybridge Digital\SmartPlazaNew-main\backend\node_modules\router\index.js:342:13)
    at E:\Skybridge Digital\SmartPlazaNew-main\backend\node_modules\router\index.js:297:9
    at processParams (E:\Skybridge Digital\SmartPlazaNew-main\backend\node_modules\router\index.js:582:12)
    at next (E:\Skybridge Digital\SmartPlazaNew-main\backend\node_modules\router\index.js:291:5)
    at E:\Skybridge Digital\SmartPlazaNew-main\backend\server.js:96:3
    at Layer.handleRequest (E:\Skybridge Digital\SmartPlazaNew-main\backend\node_modules\router\lib\layer.js:152:17)
    at trimPrefix (E:\Skybridge Digital\SmartPlazaNew-main\backend\node_modules\router\index.js:342:13)
    at E:\Skybridge Digital\SmartPlazaNew-main\backend\node_modules\router\index.js:297:9
    at processParams (E:\Skybridge Digital\SmartPlazaNew-main\backend\node_modules\router\index.js:582:12)
    at next (E:\Skybridge Digital\SmartPlazaNew-main\backend\node_modules\router\index.js:291:5)
    at read (E:\Skybridge Digital\SmartPlazaNew-main\backend\node_modules\body-parser\lib\read.js:54:5)
    at urlencodedParser (E:\Skybridge Digital\SmartPlazaNew-main\backend\node_modules\body-parser\lib\types\urlencoded.js:58:5)
    at Layer.handleRequest (E:\Skybridge Digital\SmartPlazaNew-main\backend\node_modules\router\lib\layer.js:152:17)
    at trimPrefix (E:\Skybridge Digital\SmartPlazaNew-main\backend\node_modules\router\index.js:342:13)

2026-07-13T02:06:18.798Z
Error: Not Found - /api/routes
    at notFound (E:\Skybridge Digital\SmartPlazaNew-main\backend\middleware\errorMiddleware.js:2:17)
    at Layer.handleRequest (E:\Skybridge Digital\SmartPlazaNew-main\backend\node_modules\router\lib\layer.js:152:17)
    at trimPrefix (E:\Skybridge Digital\SmartPlazaNew-main\backend\node_modules\router\index.js:342:13)
    at E:\Skybridge Digital\SmartPlazaNew-main\backend\node_modules\router\index.js:297:9
    at processParams (E:\Skybridge Digital\SmartPlazaNew-main\backend\node_modules\router\index.js:582:12)
    at next (E:\Skybridge Digital\SmartPlazaNew-main\backend\node_modules\router\index.js:291:5)
    at E:\Skybridge Digital\SmartPlazaNew-main\backend\server.js:96:3
    at Layer.handleRequest (E:\Skybridge Digital\SmartPlazaNew-main\backend\node_modules\router\lib\layer.js:152:17)
    at trimPrefix (E:\Skybridge Digital\SmartPlazaNew-main\backend\node_modules\router\index.js:342:13)
    at E:\Skybridge Digital\SmartPlazaNew-main\backend\node_modules\router\index.js:297:9
    at processParams (E:\Skybridge Digital\SmartPlazaNew-main\backend\node_modules\router\index.js:582:12)
    at next (E:\Skybridge Digital\SmartPlazaNew-main\backend\node_modules\router\index.js:291:5)
    at read (E:\Skybridge Digital\SmartPlazaNew-main\backend\node_modules\body-parser\lib\read.js:54:5)
    at urlencodedParser (E:\Skybridge Digital\SmartPlazaNew-main\backend\node_modules\body-parser\lib\types\urlencoded.js:58:5)
    at Layer.handleRequest (E:\Skybridge Digital\SmartPlazaNew-main\backend\node_modules\router\lib\layer.js:152:17)
    at trimPrefix (E:\Skybridge Digital\SmartPlazaNew-main\backend\node_modules\router\index.js:342:13)

2026-07-13T02:20:00.086Z
Error: Not Found - /api/routes
    at notFound (E:\Skybridge Digital\SmartPlazaNew-main\backend\middleware\errorMiddleware.js:2:17)
    at Layer.handleRequest (E:\Skybridge Digital\SmartPlazaNew-main\backend\node_modules\router\lib\layer.js:152:17)
    at trimPrefix (E:\Skybridge Digital\SmartPlazaNew-main\backend\node_modules\router\index.js:342:13)
    at E:\Skybridge Digital\SmartPlazaNew-main\backend\node_modules\router\index.js:297:9
    at processParams (E:\Skybridge Digital\SmartPlazaNew-main\backend\node_modules\router\index.js:582:12)
    at next (E:\Skybridge Digital\SmartPlazaNew-main\backend\node_modules\router\index.js:291:5)
    at E:\Skybridge Digital\SmartPlazaNew-main\backend\server.js:96:3
    at Layer.handleRequest (E:\Skybridge Digital\SmartPlazaNew-main\backend\node_modules\router\lib\layer.js:152:17)
    at trimPrefix (E:\Skybridge Digital\SmartPlazaNew-main\backend\node_modules\router\index.js:342:13)
    at E:\Skybridge Digital\SmartPlazaNew-main\backend\node_modules\router\index.js:297:9
    at processParams (E:\Skybridge Digital\SmartPlazaNew-main\backend\node_modules\router\index.js:582:12)
    at next (E:\Skybridge Digital\SmartPlazaNew-main\backend\node_modules\router\index.js:291:5)
    at read (E:\Skybridge Digital\SmartPlazaNew-main\backend\node_modules\body-parser\lib\read.js:54:5)
    at urlencodedParser (E:\Skybridge Digital\SmartPlazaNew-main\backend\node_modules\body-parser\lib\types\urlencoded.js:58:5)
    at Layer.handleRequest (E:\Skybridge Digital\SmartPlazaNew-main\backend\node_modules\router\lib\layer.js:152:17)
    at trimPrefix (E:\Skybridge Digital\SmartPlazaNew-main\backend\node_modules\router\index.js:342:13)
>>>>>>> b7409f310ab1e032f84c470a631611575d88251b

<<<<<<< HEAD
2026-07-14T16:40:26.832Z
Error: Not Found - /api/routes
    at notFound (E:\MY-Portfolio\skybridge\smart-plaza\smart-plaza\backend\middleware\errorMiddleware.js:2:17)
    at Layer.handleRequest (E:\MY-Portfolio\skybridge\smart-plaza\smart-plaza\backend\node_modules\router\lib\layer.js:152:17)
    at trimPrefix (E:\MY-Portfolio\skybridge\smart-plaza\smart-plaza\backend\node_modules\router\index.js:342:13)
    at E:\MY-Portfolio\skybridge\smart-plaza\smart-plaza\backend\node_modules\router\index.js:297:9
    at processParams (E:\MY-Portfolio\skybridge\smart-plaza\smart-plaza\backend\node_modules\router\index.js:582:12)
    at next (E:\MY-Portfolio\skybridge\smart-plaza\smart-plaza\backend\node_modules\router\index.js:291:5)
    at E:\MY-Portfolio\skybridge\smart-plaza\smart-plaza\backend\server.js:96:3
    at Layer.handleRequest (E:\MY-Portfolio\skybridge\smart-plaza\smart-plaza\backend\node_modules\router\lib\layer.js:152:17)
    at trimPrefix (E:\MY-Portfolio\skybridge\smart-plaza\smart-plaza\backend\node_modules\router\index.js:342:13)
    at E:\MY-Portfolio\skybridge\smart-plaza\smart-plaza\backend\node_modules\router\index.js:297:9
    at processParams (E:\MY-Portfolio\skybridge\smart-plaza\smart-plaza\backend\node_modules\router\index.js:582:12)
    at next (E:\MY-Portfolio\skybridge\smart-plaza\smart-plaza\backend\node_modules\router\index.js:291:5)
    at read (E:\MY-Portfolio\skybridge\smart-plaza\smart-plaza\backend\node_modules\body-parser\lib\read.js:53:5)
    at urlencodedParser (E:\MY-Portfolio\skybridge\smart-plaza\smart-plaza\backend\node_modules\body-parser\lib\types\urlencoded.js:57:5)
    at Layer.handleRequest (E:\MY-Portfolio\skybridge\smart-plaza\smart-plaza\backend\node_modules\router\lib\layer.js:152:17)
    at trimPrefix (E:\MY-Portfolio\skybridge\smart-plaza\smart-plaza\backend\node_modules\router\index.js:342:13)

2026-07-14T16:40:27.862Z
Error: Not Found - /api/routes
    at notFound (E:\MY-Portfolio\skybridge\smart-plaza\smart-plaza\backend\middleware\errorMiddleware.js:2:17)
    at Layer.handleRequest (E:\MY-Portfolio\skybridge\smart-plaza\smart-plaza\backend\node_modules\router\lib\layer.js:152:17)
    at trimPrefix (E:\MY-Portfolio\skybridge\smart-plaza\smart-plaza\backend\node_modules\router\index.js:342:13)
    at E:\MY-Portfolio\skybridge\smart-plaza\smart-plaza\backend\node_modules\router\index.js:297:9
    at processParams (E:\MY-Portfolio\skybridge\smart-plaza\smart-plaza\backend\node_modules\router\index.js:582:12)
    at next (E:\MY-Portfolio\skybridge\smart-plaza\smart-plaza\backend\node_modules\router\index.js:291:5)
    at E:\MY-Portfolio\skybridge\smart-plaza\smart-plaza\backend\server.js:96:3
    at Layer.handleRequest (E:\MY-Portfolio\skybridge\smart-plaza\smart-plaza\backend\node_modules\router\lib\layer.js:152:17)
    at trimPrefix (E:\MY-Portfolio\skybridge\smart-plaza\smart-plaza\backend\node_modules\router\index.js:342:13)
    at E:\MY-Portfolio\skybridge\smart-plaza\smart-plaza\backend\node_modules\router\index.js:297:9
    at processParams (E:\MY-Portfolio\skybridge\smart-plaza\smart-plaza\backend\node_modules\router\index.js:582:12)
    at next (E:\MY-Portfolio\skybridge\smart-plaza\smart-plaza\backend\node_modules\router\index.js:291:5)
    at read (E:\MY-Portfolio\skybridge\smart-plaza\smart-plaza\backend\node_modules\body-parser\lib\read.js:53:5)
    at urlencodedParser (E:\MY-Portfolio\skybridge\smart-plaza\smart-plaza\backend\node_modules\body-parser\lib\types\urlencoded.js:57:5)
    at Layer.handleRequest (E:\MY-Portfolio\skybridge\smart-plaza\smart-plaza\backend\node_modules\router\lib\layer.js:152:17)
    at trimPrefix (E:\MY-Portfolio\skybridge\smart-plaza\smart-plaza\backend\node_modules\router\index.js:342:13)
=======
2026-07-13T23:17:16.150Z
Error: Not Found - /api/routes
    at notFound (E:\Skybridge Digital\SmartPlazaNew-main\backend\middleware\errorMiddleware.js:2:17)
    at Layer.handleRequest (E:\Skybridge Digital\SmartPlazaNew-main\backend\node_modules\router\lib\layer.js:152:17)
    at trimPrefix (E:\Skybridge Digital\SmartPlazaNew-main\backend\node_modules\router\index.js:342:13)
    at E:\Skybridge Digital\SmartPlazaNew-main\backend\node_modules\router\index.js:297:9
    at processParams (E:\Skybridge Digital\SmartPlazaNew-main\backend\node_modules\router\index.js:582:12)
    at next (E:\Skybridge Digital\SmartPlazaNew-main\backend\node_modules\router\index.js:291:5)
    at E:\Skybridge Digital\SmartPlazaNew-main\backend\server.js:96:3
    at Layer.handleRequest (E:\Skybridge Digital\SmartPlazaNew-main\backend\node_modules\router\lib\layer.js:152:17)
    at trimPrefix (E:\Skybridge Digital\SmartPlazaNew-main\backend\node_modules\router\index.js:342:13)
    at E:\Skybridge Digital\SmartPlazaNew-main\backend\node_modules\router\index.js:297:9
    at processParams (E:\Skybridge Digital\SmartPlazaNew-main\backend\node_modules\router\index.js:582:12)
    at next (E:\Skybridge Digital\SmartPlazaNew-main\backend\node_modules\router\index.js:291:5)
    at read (E:\Skybridge Digital\SmartPlazaNew-main\backend\node_modules\body-parser\lib\read.js:54:5)
    at urlencodedParser (E:\Skybridge Digital\SmartPlazaNew-main\backend\node_modules\body-parser\lib\types\urlencoded.js:58:5)
    at Layer.handleRequest (E:\Skybridge Digital\SmartPlazaNew-main\backend\node_modules\router\lib\layer.js:152:17)
    at trimPrefix (E:\Skybridge Digital\SmartPlazaNew-main\backend\node_modules\router\index.js:342:13)

2026-07-13T23:17:17.180Z
Error: Not Found - /api/routes
    at notFound (E:\Skybridge Digital\SmartPlazaNew-main\backend\middleware\errorMiddleware.js:2:17)
    at Layer.handleRequest (E:\Skybridge Digital\SmartPlazaNew-main\backend\node_modules\router\lib\layer.js:152:17)
    at trimPrefix (E:\Skybridge Digital\SmartPlazaNew-main\backend\node_modules\router\index.js:342:13)
    at E:\Skybridge Digital\SmartPlazaNew-main\backend\node_modules\router\index.js:297:9
    at processParams (E:\Skybridge Digital\SmartPlazaNew-main\backend\node_modules\router\index.js:582:12)
    at next (E:\Skybridge Digital\SmartPlazaNew-main\backend\node_modules\router\index.js:291:5)
    at E:\Skybridge Digital\SmartPlazaNew-main\backend\server.js:96:3
    at Layer.handleRequest (E:\Skybridge Digital\SmartPlazaNew-main\backend\node_modules\router\lib\layer.js:152:17)
    at trimPrefix (E:\Skybridge Digital\SmartPlazaNew-main\backend\node_modules\router\index.js:342:13)
    at E:\Skybridge Digital\SmartPlazaNew-main\backend\node_modules\router\index.js:297:9
    at processParams (E:\Skybridge Digital\SmartPlazaNew-main\backend\node_modules\router\index.js:582:12)
    at next (E:\Skybridge Digital\SmartPlazaNew-main\backend\node_modules\router\index.js:291:5)
    at read (E:\Skybridge Digital\SmartPlazaNew-main\backend\node_modules\body-parser\lib\read.js:54:5)
    at urlencodedParser (E:\Skybridge Digital\SmartPlazaNew-main\backend\node_modules\body-parser\lib\types\urlencoded.js:58:5)
    at Layer.handleRequest (E:\Skybridge Digital\SmartPlazaNew-main\backend\node_modules\router\lib\layer.js:152:17)
    at trimPrefix (E:\Skybridge Digital\SmartPlazaNew-main\backend\node_modules\router\index.js:342:13)

2026-07-13T23:29:11.879Z
Error: Not Found - /api/routes
    at notFound (E:\Skybridge Digital\SmartPlazaNew-main\backend\middleware\errorMiddleware.js:2:17)
    at Layer.handleRequest (E:\Skybridge Digital\SmartPlazaNew-main\backend\node_modules\router\lib\layer.js:152:17)
    at trimPrefix (E:\Skybridge Digital\SmartPlazaNew-main\backend\node_modules\router\index.js:342:13)
    at E:\Skybridge Digital\SmartPlazaNew-main\backend\node_modules\router\index.js:297:9
    at processParams (E:\Skybridge Digital\SmartPlazaNew-main\backend\node_modules\router\index.js:582:12)
    at next (E:\Skybridge Digital\SmartPlazaNew-main\backend\node_modules\router\index.js:291:5)
    at E:\Skybridge Digital\SmartPlazaNew-main\backend\server.js:96:3
    at Layer.handleRequest (E:\Skybridge Digital\SmartPlazaNew-main\backend\node_modules\router\lib\layer.js:152:17)
    at trimPrefix (E:\Skybridge Digital\SmartPlazaNew-main\backend\node_modules\router\index.js:342:13)
    at E:\Skybridge Digital\SmartPlazaNew-main\backend\node_modules\router\index.js:297:9
    at processParams (E:\Skybridge Digital\SmartPlazaNew-main\backend\node_modules\router\index.js:582:12)
    at next (E:\Skybridge Digital\SmartPlazaNew-main\backend\node_modules\router\index.js:291:5)
    at read (E:\Skybridge Digital\SmartPlazaNew-main\backend\node_modules\body-parser\lib\read.js:54:5)
    at urlencodedParser (E:\Skybridge Digital\SmartPlazaNew-main\backend\node_modules\body-parser\lib\types\urlencoded.js:58:5)
    at Layer.handleRequest (E:\Skybridge Digital\SmartPlazaNew-main\backend\node_modules\router\lib\layer.js:152:17)
    at trimPrefix (E:\Skybridge Digital\SmartPlazaNew-main\backend\node_modules\router\index.js:342:13)

2026-07-13T23:29:12.901Z
Error: Not Found - /api/routes
    at notFound (E:\Skybridge Digital\SmartPlazaNew-main\backend\middleware\errorMiddleware.js:2:17)
    at Layer.handleRequest (E:\Skybridge Digital\SmartPlazaNew-main\backend\node_modules\router\lib\layer.js:152:17)
    at trimPrefix (E:\Skybridge Digital\SmartPlazaNew-main\backend\node_modules\router\index.js:342:13)
    at E:\Skybridge Digital\SmartPlazaNew-main\backend\node_modules\router\index.js:297:9
    at processParams (E:\Skybridge Digital\SmartPlazaNew-main\backend\node_modules\router\index.js:582:12)
    at next (E:\Skybridge Digital\SmartPlazaNew-main\backend\node_modules\router\index.js:291:5)
    at E:\Skybridge Digital\SmartPlazaNew-main\backend\server.js:96:3
    at Layer.handleRequest (E:\Skybridge Digital\SmartPlazaNew-main\backend\node_modules\router\lib\layer.js:152:17)
    at trimPrefix (E:\Skybridge Digital\SmartPlazaNew-main\backend\node_modules\router\index.js:342:13)
    at E:\Skybridge Digital\SmartPlazaNew-main\backend\node_modules\router\index.js:297:9
    at processParams (E:\Skybridge Digital\SmartPlazaNew-main\backend\node_modules\router\index.js:582:12)
    at next (E:\Skybridge Digital\SmartPlazaNew-main\backend\node_modules\router\index.js:291:5)
    at read (E:\Skybridge Digital\SmartPlazaNew-main\backend\node_modules\body-parser\lib\read.js:54:5)
    at urlencodedParser (E:\Skybridge Digital\SmartPlazaNew-main\backend\node_modules\body-parser\lib\types\urlencoded.js:58:5)
    at Layer.handleRequest (E:\Skybridge Digital\SmartPlazaNew-main\backend\node_modules\router\lib\layer.js:152:17)
    at trimPrefix (E:\Skybridge Digital\SmartPlazaNew-main\backend\node_modules\router\index.js:342:13)

2026-07-13T23:31:07.644Z
Error: Not Found - /api/routes
    at notFound (E:\Skybridge Digital\SmartPlazaNew-main\backend\middleware\errorMiddleware.js:2:17)
    at Layer.handleRequest (E:\Skybridge Digital\SmartPlazaNew-main\backend\node_modules\router\lib\layer.js:152:17)
    at trimPrefix (E:\Skybridge Digital\SmartPlazaNew-main\backend\node_modules\router\index.js:342:13)
    at E:\Skybridge Digital\SmartPlazaNew-main\backend\node_modules\router\index.js:297:9
    at processParams (E:\Skybridge Digital\SmartPlazaNew-main\backend\node_modules\router\index.js:582:12)
    at next (E:\Skybridge Digital\SmartPlazaNew-main\backend\node_modules\router\index.js:291:5)
    at E:\Skybridge Digital\SmartPlazaNew-main\backend\server.js:96:3
    at Layer.handleRequest (E:\Skybridge Digital\SmartPlazaNew-main\backend\node_modules\router\lib\layer.js:152:17)
    at trimPrefix (E:\Skybridge Digital\SmartPlazaNew-main\backend\node_modules\router\index.js:342:13)
    at E:\Skybridge Digital\SmartPlazaNew-main\backend\node_modules\router\index.js:297:9
    at processParams (E:\Skybridge Digital\SmartPlazaNew-main\backend\node_modules\router\index.js:582:12)
    at next (E:\Skybridge Digital\SmartPlazaNew-main\backend\node_modules\router\index.js:291:5)
    at read (E:\Skybridge Digital\SmartPlazaNew-main\backend\node_modules\body-parser\lib\read.js:54:5)
    at urlencodedParser (E:\Skybridge Digital\SmartPlazaNew-main\backend\node_modules\body-parser\lib\types\urlencoded.js:58:5)
    at Layer.handleRequest (E:\Skybridge Digital\SmartPlazaNew-main\backend\node_modules\router\lib\layer.js:152:17)
    at trimPrefix (E:\Skybridge Digital\SmartPlazaNew-main\backend\node_modules\router\index.js:342:13)

2026-07-13T23:31:08.660Z
Error: Not Found - /api/routes
    at notFound (E:\Skybridge Digital\SmartPlazaNew-main\backend\middleware\errorMiddleware.js:2:17)
    at Layer.handleRequest (E:\Skybridge Digital\SmartPlazaNew-main\backend\node_modules\router\lib\layer.js:152:17)
    at trimPrefix (E:\Skybridge Digital\SmartPlazaNew-main\backend\node_modules\router\index.js:342:13)
    at E:\Skybridge Digital\SmartPlazaNew-main\backend\node_modules\router\index.js:297:9
    at processParams (E:\Skybridge Digital\SmartPlazaNew-main\backend\node_modules\router\index.js:582:12)
    at next (E:\Skybridge Digital\SmartPlazaNew-main\backend\node_modules\router\index.js:291:5)
    at E:\Skybridge Digital\SmartPlazaNew-main\backend\server.js:96:3
    at Layer.handleRequest (E:\Skybridge Digital\SmartPlazaNew-main\backend\node_modules\router\lib\layer.js:152:17)
    at trimPrefix (E:\Skybridge Digital\SmartPlazaNew-main\backend\node_modules\router\index.js:342:13)
    at E:\Skybridge Digital\SmartPlazaNew-main\backend\node_modules\router\index.js:297:9
    at processParams (E:\Skybridge Digital\SmartPlazaNew-main\backend\node_modules\router\index.js:582:12)
    at next (E:\Skybridge Digital\SmartPlazaNew-main\backend\node_modules\router\index.js:291:5)
    at read (E:\Skybridge Digital\SmartPlazaNew-main\backend\node_modules\body-parser\lib\read.js:54:5)
    at urlencodedParser (E:\Skybridge Digital\SmartPlazaNew-main\backend\node_modules\body-parser\lib\types\urlencoded.js:58:5)
    at Layer.handleRequest (E:\Skybridge Digital\SmartPlazaNew-main\backend\node_modules\router\lib\layer.js:152:17)
    at trimPrefix (E:\Skybridge Digital\SmartPlazaNew-main\backend\node_modules\router\index.js:342:13)

2026-07-13T23:31:15.080Z
Error: Not Found - /api/routes
    at notFound (E:\Skybridge Digital\SmartPlazaNew-main\backend\middleware\errorMiddleware.js:2:17)
    at Layer.handleRequest (E:\Skybridge Digital\SmartPlazaNew-main\backend\node_modules\router\lib\layer.js:152:17)
    at trimPrefix (E:\Skybridge Digital\SmartPlazaNew-main\backend\node_modules\router\index.js:342:13)
    at E:\Skybridge Digital\SmartPlazaNew-main\backend\node_modules\router\index.js:297:9
    at processParams (E:\Skybridge Digital\SmartPlazaNew-main\backend\node_modules\router\index.js:582:12)
    at next (E:\Skybridge Digital\SmartPlazaNew-main\backend\node_modules\router\index.js:291:5)
    at E:\Skybridge Digital\SmartPlazaNew-main\backend\server.js:96:3
    at Layer.handleRequest (E:\Skybridge Digital\SmartPlazaNew-main\backend\node_modules\router\lib\layer.js:152:17)
    at trimPrefix (E:\Skybridge Digital\SmartPlazaNew-main\backend\node_modules\router\index.js:342:13)
    at E:\Skybridge Digital\SmartPlazaNew-main\backend\node_modules\router\index.js:297:9
    at processParams (E:\Skybridge Digital\SmartPlazaNew-main\backend\node_modules\router\index.js:582:12)
    at next (E:\Skybridge Digital\SmartPlazaNew-main\backend\node_modules\router\index.js:291:5)
    at read (E:\Skybridge Digital\SmartPlazaNew-main\backend\node_modules\body-parser\lib\read.js:54:5)
    at urlencodedParser (E:\Skybridge Digital\SmartPlazaNew-main\backend\node_modules\body-parser\lib\types\urlencoded.js:58:5)
    at Layer.handleRequest (E:\Skybridge Digital\SmartPlazaNew-main\backend\node_modules\router\lib\layer.js:152:17)
    at trimPrefix (E:\Skybridge Digital\SmartPlazaNew-main\backend\node_modules\router\index.js:342:13)

2026-07-13T23:31:16.095Z
Error: Not Found - /api/routes
    at notFound (E:\Skybridge Digital\SmartPlazaNew-main\backend\middleware\errorMiddleware.js:2:17)
    at Layer.handleRequest (E:\Skybridge Digital\SmartPlazaNew-main\backend\node_modules\router\lib\layer.js:152:17)
    at trimPrefix (E:\Skybridge Digital\SmartPlazaNew-main\backend\node_modules\router\index.js:342:13)
    at E:\Skybridge Digital\SmartPlazaNew-main\backend\node_modules\router\index.js:297:9
    at processParams (E:\Skybridge Digital\SmartPlazaNew-main\backend\node_modules\router\index.js:582:12)
    at next (E:\Skybridge Digital\SmartPlazaNew-main\backend\node_modules\router\index.js:291:5)
    at E:\Skybridge Digital\SmartPlazaNew-main\backend\server.js:96:3
    at Layer.handleRequest (E:\Skybridge Digital\SmartPlazaNew-main\backend\node_modules\router\lib\layer.js:152:17)
    at trimPrefix (E:\Skybridge Digital\SmartPlazaNew-main\backend\node_modules\router\index.js:342:13)
    at E:\Skybridge Digital\SmartPlazaNew-main\backend\node_modules\router\index.js:297:9
    at processParams (E:\Skybridge Digital\SmartPlazaNew-main\backend\node_modules\router\index.js:582:12)
    at next (E:\Skybridge Digital\SmartPlazaNew-main\backend\node_modules\router\index.js:291:5)
    at read (E:\Skybridge Digital\SmartPlazaNew-main\backend\node_modules\body-parser\lib\read.js:54:5)
    at urlencodedParser (E:\Skybridge Digital\SmartPlazaNew-main\backend\node_modules\body-parser\lib\types\urlencoded.js:58:5)
    at Layer.handleRequest (E:\Skybridge Digital\SmartPlazaNew-main\backend\node_modules\router\lib\layer.js:152:17)
    at trimPrefix (E:\Skybridge Digital\SmartPlazaNew-main\backend\node_modules\router\index.js:342:13)

2026-07-14T00:50:03.444Z
Error: Not Found - /api/routes
    at notFound (E:\Skybridge Digital\SmartPlazaNew-main\backend\middleware\errorMiddleware.js:2:17)
    at Layer.handleRequest (E:\Skybridge Digital\SmartPlazaNew-main\backend\node_modules\router\lib\layer.js:152:17)
    at trimPrefix (E:\Skybridge Digital\SmartPlazaNew-main\backend\node_modules\router\index.js:342:13)
    at E:\Skybridge Digital\SmartPlazaNew-main\backend\node_modules\router\index.js:297:9
    at processParams (E:\Skybridge Digital\SmartPlazaNew-main\backend\node_modules\router\index.js:582:12)
    at next (E:\Skybridge Digital\SmartPlazaNew-main\backend\node_modules\router\index.js:291:5)
    at E:\Skybridge Digital\SmartPlazaNew-main\backend\server.js:96:3
    at Layer.handleRequest (E:\Skybridge Digital\SmartPlazaNew-main\backend\node_modules\router\lib\layer.js:152:17)
    at trimPrefix (E:\Skybridge Digital\SmartPlazaNew-main\backend\node_modules\router\index.js:342:13)
    at E:\Skybridge Digital\SmartPlazaNew-main\backend\node_modules\router\index.js:297:9
    at processParams (E:\Skybridge Digital\SmartPlazaNew-main\backend\node_modules\router\index.js:582:12)
    at next (E:\Skybridge Digital\SmartPlazaNew-main\backend\node_modules\router\index.js:291:5)
    at read (E:\Skybridge Digital\SmartPlazaNew-main\backend\node_modules\body-parser\lib\read.js:54:5)
    at urlencodedParser (E:\Skybridge Digital\SmartPlazaNew-main\backend\node_modules\body-parser\lib\types\urlencoded.js:58:5)
    at Layer.handleRequest (E:\Skybridge Digital\SmartPlazaNew-main\backend\node_modules\router\lib\layer.js:152:17)
    at trimPrefix (E:\Skybridge Digital\SmartPlazaNew-main\backend\node_modules\router\index.js:342:13)

2026-07-14T00:50:04.454Z
Error: Not Found - /api/routes
    at notFound (E:\Skybridge Digital\SmartPlazaNew-main\backend\middleware\errorMiddleware.js:2:17)
    at Layer.handleRequest (E:\Skybridge Digital\SmartPlazaNew-main\backend\node_modules\router\lib\layer.js:152:17)
    at trimPrefix (E:\Skybridge Digital\SmartPlazaNew-main\backend\node_modules\router\index.js:342:13)
    at E:\Skybridge Digital\SmartPlazaNew-main\backend\node_modules\router\index.js:297:9
    at processParams (E:\Skybridge Digital\SmartPlazaNew-main\backend\node_modules\router\index.js:582:12)
    at next (E:\Skybridge Digital\SmartPlazaNew-main\backend\node_modules\router\index.js:291:5)
    at E:\Skybridge Digital\SmartPlazaNew-main\backend\server.js:96:3
    at Layer.handleRequest (E:\Skybridge Digital\SmartPlazaNew-main\backend\node_modules\router\lib\layer.js:152:17)
    at trimPrefix (E:\Skybridge Digital\SmartPlazaNew-main\backend\node_modules\router\index.js:342:13)
    at E:\Skybridge Digital\SmartPlazaNew-main\backend\node_modules\router\index.js:297:9
    at processParams (E:\Skybridge Digital\SmartPlazaNew-main\backend\node_modules\router\index.js:582:12)
    at next (E:\Skybridge Digital\SmartPlazaNew-main\backend\node_modules\router\index.js:291:5)
    at read (E:\Skybridge Digital\SmartPlazaNew-main\backend\node_modules\body-parser\lib\read.js:54:5)
    at urlencodedParser (E:\Skybridge Digital\SmartPlazaNew-main\backend\node_modules\body-parser\lib\types\urlencoded.js:58:5)
    at Layer.handleRequest (E:\Skybridge Digital\SmartPlazaNew-main\backend\node_modules\router\lib\layer.js:152:17)
    at trimPrefix (E:\Skybridge Digital\SmartPlazaNew-main\backend\node_modules\router\index.js:342:13)

2026-07-14T01:31:27.342Z
Error: Illegal arguments: string, undefined
    at _async (E:\Skybridge Digital\SmartPlazaNew-main\backend\node_modules\bcryptjs\umd\index.js:305:15)
    at E:\Skybridge Digital\SmartPlazaNew-main\backend\node_modules\bcryptjs\umd\index.js:335:11
    at new Promise (<anonymous>)
    at Object.compare (E:\Skybridge Digital\SmartPlazaNew-main\backend\node_modules\bcryptjs\umd\index.js:334:16)
    at userSchema.methods.matchPassword (E:\Skybridge Digital\SmartPlazaNew-main\backend\models\User.js:304:23)
    at E:\Skybridge Digital\SmartPlazaNew-main\backend\controllers\authController.js:139:18
    at process.processTicksAndRejections (node:internal/process/task_queues:95:5)

2026-07-14T01:31:30.144Z
Error: Illegal arguments: string, undefined
    at _async (E:\Skybridge Digital\SmartPlazaNew-main\backend\node_modules\bcryptjs\umd\index.js:305:15)
    at E:\Skybridge Digital\SmartPlazaNew-main\backend\node_modules\bcryptjs\umd\index.js:335:11
    at new Promise (<anonymous>)
    at Object.compare (E:\Skybridge Digital\SmartPlazaNew-main\backend\node_modules\bcryptjs\umd\index.js:334:16)
    at userSchema.methods.matchPassword (E:\Skybridge Digital\SmartPlazaNew-main\backend\models\User.js:304:23)
    at E:\Skybridge Digital\SmartPlazaNew-main\backend\controllers\authController.js:139:18
    at process.processTicksAndRejections (node:internal/process/task_queues:95:5)

2026-07-14T01:49:34.553Z
Error: Not Found - /api/routes
    at notFound (E:\Skybridge Digital\SmartPlazaNew-main\backend\middleware\errorMiddleware.js:2:17)
    at Layer.handleRequest (E:\Skybridge Digital\SmartPlazaNew-main\backend\node_modules\router\lib\layer.js:152:17)
    at trimPrefix (E:\Skybridge Digital\SmartPlazaNew-main\backend\node_modules\router\index.js:342:13)
    at E:\Skybridge Digital\SmartPlazaNew-main\backend\node_modules\router\index.js:297:9
    at processParams (E:\Skybridge Digital\SmartPlazaNew-main\backend\node_modules\router\index.js:582:12)
    at next (E:\Skybridge Digital\SmartPlazaNew-main\backend\node_modules\router\index.js:291:5)
    at E:\Skybridge Digital\SmartPlazaNew-main\backend\server.js:96:3
    at Layer.handleRequest (E:\Skybridge Digital\SmartPlazaNew-main\backend\node_modules\router\lib\layer.js:152:17)
    at trimPrefix (E:\Skybridge Digital\SmartPlazaNew-main\backend\node_modules\router\index.js:342:13)
    at E:\Skybridge Digital\SmartPlazaNew-main\backend\node_modules\router\index.js:297:9
    at processParams (E:\Skybridge Digital\SmartPlazaNew-main\backend\node_modules\router\index.js:582:12)
    at next (E:\Skybridge Digital\SmartPlazaNew-main\backend\node_modules\router\index.js:291:5)
    at read (E:\Skybridge Digital\SmartPlazaNew-main\backend\node_modules\body-parser\lib\read.js:54:5)
    at urlencodedParser (E:\Skybridge Digital\SmartPlazaNew-main\backend\node_modules\body-parser\lib\types\urlencoded.js:58:5)
    at Layer.handleRequest (E:\Skybridge Digital\SmartPlazaNew-main\backend\node_modules\router\lib\layer.js:152:17)
    at trimPrefix (E:\Skybridge Digital\SmartPlazaNew-main\backend\node_modules\router\index.js:342:13)

2026-07-14T17:01:16.416Z
Error: Not Found - /api/routes
    at notFound (E:\Skybridge Digital\SmartPlazaNew-main\backend\middleware\errorMiddleware.js:2:17)
    at Layer.handleRequest (E:\Skybridge Digital\SmartPlazaNew-main\backend\node_modules\router\lib\layer.js:152:17)
    at trimPrefix (E:\Skybridge Digital\SmartPlazaNew-main\backend\node_modules\router\index.js:342:13)
    at E:\Skybridge Digital\SmartPlazaNew-main\backend\node_modules\router\index.js:297:9
    at processParams (E:\Skybridge Digital\SmartPlazaNew-main\backend\node_modules\router\index.js:582:12)
    at next (E:\Skybridge Digital\SmartPlazaNew-main\backend\node_modules\router\index.js:291:5)
    at E:\Skybridge Digital\SmartPlazaNew-main\backend\server.js:96:3
    at Layer.handleRequest (E:\Skybridge Digital\SmartPlazaNew-main\backend\node_modules\router\lib\layer.js:152:17)
    at trimPrefix (E:\Skybridge Digital\SmartPlazaNew-main\backend\node_modules\router\index.js:342:13)
    at E:\Skybridge Digital\SmartPlazaNew-main\backend\node_modules\router\index.js:297:9
    at processParams (E:\Skybridge Digital\SmartPlazaNew-main\backend\node_modules\router\index.js:582:12)
    at next (E:\Skybridge Digital\SmartPlazaNew-main\backend\node_modules\router\index.js:291:5)
    at read (E:\Skybridge Digital\SmartPlazaNew-main\backend\node_modules\body-parser\lib\read.js:54:5)
    at urlencodedParser (E:\Skybridge Digital\SmartPlazaNew-main\backend\node_modules\body-parser\lib\types\urlencoded.js:58:5)
    at Layer.handleRequest (E:\Skybridge Digital\SmartPlazaNew-main\backend\node_modules\router\lib\layer.js:152:17)
    at trimPrefix (E:\Skybridge Digital\SmartPlazaNew-main\backend\node_modules\router\index.js:342:13)

2026-07-14T17:01:17.435Z
Error: Not Found - /api/routes
    at notFound (E:\Skybridge Digital\SmartPlazaNew-main\backend\middleware\errorMiddleware.js:2:17)
    at Layer.handleRequest (E:\Skybridge Digital\SmartPlazaNew-main\backend\node_modules\router\lib\layer.js:152:17)
    at trimPrefix (E:\Skybridge Digital\SmartPlazaNew-main\backend\node_modules\router\index.js:342:13)
    at E:\Skybridge Digital\SmartPlazaNew-main\backend\node_modules\router\index.js:297:9
    at processParams (E:\Skybridge Digital\SmartPlazaNew-main\backend\node_modules\router\index.js:582:12)
    at next (E:\Skybridge Digital\SmartPlazaNew-main\backend\node_modules\router\index.js:291:5)
    at E:\Skybridge Digital\SmartPlazaNew-main\backend\server.js:96:3
    at Layer.handleRequest (E:\Skybridge Digital\SmartPlazaNew-main\backend\node_modules\router\lib\layer.js:152:17)
    at trimPrefix (E:\Skybridge Digital\SmartPlazaNew-main\backend\node_modules\router\index.js:342:13)
    at E:\Skybridge Digital\SmartPlazaNew-main\backend\node_modules\router\index.js:297:9
    at processParams (E:\Skybridge Digital\SmartPlazaNew-main\backend\node_modules\router\index.js:582:12)
    at next (E:\Skybridge Digital\SmartPlazaNew-main\backend\node_modules\router\index.js:291:5)
    at read (E:\Skybridge Digital\SmartPlazaNew-main\backend\node_modules\body-parser\lib\read.js:54:5)
    at urlencodedParser (E:\Skybridge Digital\SmartPlazaNew-main\backend\node_modules\body-parser\lib\types\urlencoded.js:58:5)
    at Layer.handleRequest (E:\Skybridge Digital\SmartPlazaNew-main\backend\node_modules\router\lib\layer.js:152:17)
    at trimPrefix (E:\Skybridge Digital\SmartPlazaNew-main\backend\node_modules\router\index.js:342:13)
>>>>>>> 137893d187958faef4f6e79c348c362c4bcc1e34

2026-07-14T17:45:10.147Z
Error: Not Found - /api/routes
    at notFound (E:\MY-Portfolio\skybridge\smart-plaza\smart-plaza\backend\middleware\errorMiddleware.js:2:17)
    at Layer.handleRequest (E:\MY-Portfolio\skybridge\smart-plaza\smart-plaza\backend\node_modules\router\lib\layer.js:152:17)
    at trimPrefix (E:\MY-Portfolio\skybridge\smart-plaza\smart-plaza\backend\node_modules\router\index.js:342:13)
    at E:\MY-Portfolio\skybridge\smart-plaza\smart-plaza\backend\node_modules\router\index.js:297:9
    at processParams (E:\MY-Portfolio\skybridge\smart-plaza\smart-plaza\backend\node_modules\router\index.js:582:12)
    at next (E:\MY-Portfolio\skybridge\smart-plaza\smart-plaza\backend\node_modules\router\index.js:291:5)
    at E:\MY-Portfolio\skybridge\smart-plaza\smart-plaza\backend\server.js:96:3
    at Layer.handleRequest (E:\MY-Portfolio\skybridge\smart-plaza\smart-plaza\backend\node_modules\router\lib\layer.js:152:17)
    at trimPrefix (E:\MY-Portfolio\skybridge\smart-plaza\smart-plaza\backend\node_modules\router\index.js:342:13)
    at E:\MY-Portfolio\skybridge\smart-plaza\smart-plaza\backend\node_modules\router\index.js:297:9
    at processParams (E:\MY-Portfolio\skybridge\smart-plaza\smart-plaza\backend\node_modules\router\index.js:582:12)
    at next (E:\MY-Portfolio\skybridge\smart-plaza\smart-plaza\backend\node_modules\router\index.js:291:5)
    at read (E:\MY-Portfolio\skybridge\smart-plaza\smart-plaza\backend\node_modules\body-parser\lib\read.js:53:5)
    at urlencodedParser (E:\MY-Portfolio\skybridge\smart-plaza\smart-plaza\backend\node_modules\body-parser\lib\types\urlencoded.js:57:5)
    at Layer.handleRequest (E:\MY-Portfolio\skybridge\smart-plaza\smart-plaza\backend\node_modules\router\lib\layer.js:152:17)
    at trimPrefix (E:\MY-Portfolio\skybridge\smart-plaza\smart-plaza\backend\node_modules\router\index.js:342:13)

2026-07-14T17:45:11.174Z
Error: Not Found - /api/routes
    at notFound (E:\MY-Portfolio\skybridge\smart-plaza\smart-plaza\backend\middleware\errorMiddleware.js:2:17)
    at Layer.handleRequest (E:\MY-Portfolio\skybridge\smart-plaza\smart-plaza\backend\node_modules\router\lib\layer.js:152:17)
    at trimPrefix (E:\MY-Portfolio\skybridge\smart-plaza\smart-plaza\backend\node_modules\router\index.js:342:13)
    at E:\MY-Portfolio\skybridge\smart-plaza\smart-plaza\backend\node_modules\router\index.js:297:9
    at processParams (E:\MY-Portfolio\skybridge\smart-plaza\smart-plaza\backend\node_modules\router\index.js:582:12)
    at next (E:\MY-Portfolio\skybridge\smart-plaza\smart-plaza\backend\node_modules\router\index.js:291:5)
    at E:\MY-Portfolio\skybridge\smart-plaza\smart-plaza\backend\server.js:96:3
    at Layer.handleRequest (E:\MY-Portfolio\skybridge\smart-plaza\smart-plaza\backend\node_modules\router\lib\layer.js:152:17)
    at trimPrefix (E:\MY-Portfolio\skybridge\smart-plaza\smart-plaza\backend\node_modules\router\index.js:342:13)
    at E:\MY-Portfolio\skybridge\smart-plaza\smart-plaza\backend\node_modules\router\index.js:297:9
    at processParams (E:\MY-Portfolio\skybridge\smart-plaza\smart-plaza\backend\node_modules\router\index.js:582:12)
    at next (E:\MY-Portfolio\skybridge\smart-plaza\smart-plaza\backend\node_modules\router\index.js:291:5)
    at read (E:\MY-Portfolio\skybridge\smart-plaza\smart-plaza\backend\node_modules\body-parser\lib\read.js:53:5)
    at urlencodedParser (E:\MY-Portfolio\skybridge\smart-plaza\smart-plaza\backend\node_modules\body-parser\lib\types\urlencoded.js:57:5)
    at Layer.handleRequest (E:\MY-Portfolio\skybridge\smart-plaza\smart-plaza\backend\node_modules\router\lib\layer.js:152:17)
    at trimPrefix (E:\MY-Portfolio\skybridge\smart-plaza\smart-plaza\backend\node_modules\router\index.js:342:13)

2026-07-14T17:45:44.101Z
Error: Not Found - /api/routes
    at notFound (E:\MY-Portfolio\skybridge\smart-plaza\smart-plaza\backend\middleware\errorMiddleware.js:2:17)
    at Layer.handleRequest (E:\MY-Portfolio\skybridge\smart-plaza\smart-plaza\backend\node_modules\router\lib\layer.js:152:17)
    at trimPrefix (E:\MY-Portfolio\skybridge\smart-plaza\smart-plaza\backend\node_modules\router\index.js:342:13)
    at E:\MY-Portfolio\skybridge\smart-plaza\smart-plaza\backend\node_modules\router\index.js:297:9
    at processParams (E:\MY-Portfolio\skybridge\smart-plaza\smart-plaza\backend\node_modules\router\index.js:582:12)
    at next (E:\MY-Portfolio\skybridge\smart-plaza\smart-plaza\backend\node_modules\router\index.js:291:5)
    at E:\MY-Portfolio\skybridge\smart-plaza\smart-plaza\backend\server.js:96:3
    at Layer.handleRequest (E:\MY-Portfolio\skybridge\smart-plaza\smart-plaza\backend\node_modules\router\lib\layer.js:152:17)
    at trimPrefix (E:\MY-Portfolio\skybridge\smart-plaza\smart-plaza\backend\node_modules\router\index.js:342:13)
    at E:\MY-Portfolio\skybridge\smart-plaza\smart-plaza\backend\node_modules\router\index.js:297:9
    at processParams (E:\MY-Portfolio\skybridge\smart-plaza\smart-plaza\backend\node_modules\router\index.js:582:12)
    at next (E:\MY-Portfolio\skybridge\smart-plaza\smart-plaza\backend\node_modules\router\index.js:291:5)
    at read (E:\MY-Portfolio\skybridge\smart-plaza\smart-plaza\backend\node_modules\body-parser\lib\read.js:53:5)
    at urlencodedParser (E:\MY-Portfolio\skybridge\smart-plaza\smart-plaza\backend\node_modules\body-parser\lib\types\urlencoded.js:57:5)
    at Layer.handleRequest (E:\MY-Portfolio\skybridge\smart-plaza\smart-plaza\backend\node_modules\router\lib\layer.js:152:17)
    at trimPrefix (E:\MY-Portfolio\skybridge\smart-plaza\smart-plaza\backend\node_modules\router\index.js:342:13)

2026-07-14T17:45:45.132Z
Error: Not Found - /api/routes
    at notFound (E:\MY-Portfolio\skybridge\smart-plaza\smart-plaza\backend\middleware\errorMiddleware.js:2:17)
    at Layer.handleRequest (E:\MY-Portfolio\skybridge\smart-plaza\smart-plaza\backend\node_modules\router\lib\layer.js:152:17)
    at trimPrefix (E:\MY-Portfolio\skybridge\smart-plaza\smart-plaza\backend\node_modules\router\index.js:342:13)
    at E:\MY-Portfolio\skybridge\smart-plaza\smart-plaza\backend\node_modules\router\index.js:297:9
    at processParams (E:\MY-Portfolio\skybridge\smart-plaza\smart-plaza\backend\node_modules\router\index.js:582:12)
    at next (E:\MY-Portfolio\skybridge\smart-plaza\smart-plaza\backend\node_modules\router\index.js:291:5)
    at E:\MY-Portfolio\skybridge\smart-plaza\smart-plaza\backend\server.js:96:3
    at Layer.handleRequest (E:\MY-Portfolio\skybridge\smart-plaza\smart-plaza\backend\node_modules\router\lib\layer.js:152:17)
    at trimPrefix (E:\MY-Portfolio\skybridge\smart-plaza\smart-plaza\backend\node_modules\router\index.js:342:13)
    at E:\MY-Portfolio\skybridge\smart-plaza\smart-plaza\backend\node_modules\router\index.js:297:9
    at processParams (E:\MY-Portfolio\skybridge\smart-plaza\smart-plaza\backend\node_modules\router\index.js:582:12)
    at next (E:\MY-Portfolio\skybridge\smart-plaza\smart-plaza\backend\node_modules\router\index.js:291:5)
    at read (E:\MY-Portfolio\skybridge\smart-plaza\smart-plaza\backend\node_modules\body-parser\lib\read.js:53:5)
    at urlencodedParser (E:\MY-Portfolio\skybridge\smart-plaza\smart-plaza\backend\node_modules\body-parser\lib\types\urlencoded.js:57:5)
    at Layer.handleRequest (E:\MY-Portfolio\skybridge\smart-plaza\smart-plaza\backend\node_modules\router\lib\layer.js:152:17)
    at trimPrefix (E:\MY-Portfolio\skybridge\smart-plaza\smart-plaza\backend\node_modules\router\index.js:342:13)

2026-07-14T18:04:09.778Z
Error: Not Found - /api/routes
    at notFound (E:\MY-Portfolio\skybridge\smart-plaza\smart-plaza\backend\middleware\errorMiddleware.js:2:17)
    at Layer.handleRequest (E:\MY-Portfolio\skybridge\smart-plaza\smart-plaza\backend\node_modules\router\lib\layer.js:152:17)
    at trimPrefix (E:\MY-Portfolio\skybridge\smart-plaza\smart-plaza\backend\node_modules\router\index.js:342:13)
    at E:\MY-Portfolio\skybridge\smart-plaza\smart-plaza\backend\node_modules\router\index.js:297:9
    at processParams (E:\MY-Portfolio\skybridge\smart-plaza\smart-plaza\backend\node_modules\router\index.js:582:12)
    at next (E:\MY-Portfolio\skybridge\smart-plaza\smart-plaza\backend\node_modules\router\index.js:291:5)
    at E:\MY-Portfolio\skybridge\smart-plaza\smart-plaza\backend\server.js:96:3
    at Layer.handleRequest (E:\MY-Portfolio\skybridge\smart-plaza\smart-plaza\backend\node_modules\router\lib\layer.js:152:17)
    at trimPrefix (E:\MY-Portfolio\skybridge\smart-plaza\smart-plaza\backend\node_modules\router\index.js:342:13)
    at E:\MY-Portfolio\skybridge\smart-plaza\smart-plaza\backend\node_modules\router\index.js:297:9
    at processParams (E:\MY-Portfolio\skybridge\smart-plaza\smart-plaza\backend\node_modules\router\index.js:582:12)
    at next (E:\MY-Portfolio\skybridge\smart-plaza\smart-plaza\backend\node_modules\router\index.js:291:5)
    at read (E:\MY-Portfolio\skybridge\smart-plaza\smart-plaza\backend\node_modules\body-parser\lib\read.js:53:5)
    at urlencodedParser (E:\MY-Portfolio\skybridge\smart-plaza\smart-plaza\backend\node_modules\body-parser\lib\types\urlencoded.js:57:5)
    at Layer.handleRequest (E:\MY-Portfolio\skybridge\smart-plaza\smart-plaza\backend\node_modules\router\lib\layer.js:152:17)
    at trimPrefix (E:\MY-Portfolio\skybridge\smart-plaza\smart-plaza\backend\node_modules\router\index.js:342:13)

2026-07-14T18:05:23.186Z
Error: Not Found - /api/routes
    at notFound (E:\MY-Portfolio\skybridge\smart-plaza\smart-plaza\backend\middleware\errorMiddleware.js:2:17)
    at Layer.handleRequest (E:\MY-Portfolio\skybridge\smart-plaza\smart-plaza\backend\node_modules\router\lib\layer.js:152:17)
    at trimPrefix (E:\MY-Portfolio\skybridge\smart-plaza\smart-plaza\backend\node_modules\router\index.js:342:13)
    at E:\MY-Portfolio\skybridge\smart-plaza\smart-plaza\backend\node_modules\router\index.js:297:9
    at processParams (E:\MY-Portfolio\skybridge\smart-plaza\smart-plaza\backend\node_modules\router\index.js:582:12)
    at next (E:\MY-Portfolio\skybridge\smart-plaza\smart-plaza\backend\node_modules\router\index.js:291:5)
    at E:\MY-Portfolio\skybridge\smart-plaza\smart-plaza\backend\server.js:96:3
    at Layer.handleRequest (E:\MY-Portfolio\skybridge\smart-plaza\smart-plaza\backend\node_modules\router\lib\layer.js:152:17)
    at trimPrefix (E:\MY-Portfolio\skybridge\smart-plaza\smart-plaza\backend\node_modules\router\index.js:342:13)
    at E:\MY-Portfolio\skybridge\smart-plaza\smart-plaza\backend\node_modules\router\index.js:297:9
    at processParams (E:\MY-Portfolio\skybridge\smart-plaza\smart-plaza\backend\node_modules\router\index.js:582:12)
    at next (E:\MY-Portfolio\skybridge\smart-plaza\smart-plaza\backend\node_modules\router\index.js:291:5)
    at read (E:\MY-Portfolio\skybridge\smart-plaza\smart-plaza\backend\node_modules\body-parser\lib\read.js:53:5)
    at urlencodedParser (E:\MY-Portfolio\skybridge\smart-plaza\smart-plaza\backend\node_modules\body-parser\lib\types\urlencoded.js:57:5)
    at Layer.handleRequest (E:\MY-Portfolio\skybridge\smart-plaza\smart-plaza\backend\node_modules\router\lib\layer.js:152:17)
    at trimPrefix (E:\MY-Portfolio\skybridge\smart-plaza\smart-plaza\backend\node_modules\router\index.js:342:13)

2026-07-14T18:36:19.963Z
Error: Not Found - /api/routes
    at notFound (E:\MY-Portfolio\skybridge\smart-plaza\smart-plaza\backend\middleware\errorMiddleware.js:2:17)
    at Layer.handleRequest (E:\MY-Portfolio\skybridge\smart-plaza\smart-plaza\backend\node_modules\router\lib\layer.js:152:17)
    at trimPrefix (E:\MY-Portfolio\skybridge\smart-plaza\smart-plaza\backend\node_modules\router\index.js:342:13)
    at E:\MY-Portfolio\skybridge\smart-plaza\smart-plaza\backend\node_modules\router\index.js:297:9
    at processParams (E:\MY-Portfolio\skybridge\smart-plaza\smart-plaza\backend\node_modules\router\index.js:582:12)
    at next (E:\MY-Portfolio\skybridge\smart-plaza\smart-plaza\backend\node_modules\router\index.js:291:5)
    at E:\MY-Portfolio\skybridge\smart-plaza\smart-plaza\backend\server.js:96:3
    at Layer.handleRequest (E:\MY-Portfolio\skybridge\smart-plaza\smart-plaza\backend\node_modules\router\lib\layer.js:152:17)
    at trimPrefix (E:\MY-Portfolio\skybridge\smart-plaza\smart-plaza\backend\node_modules\router\index.js:342:13)
    at E:\MY-Portfolio\skybridge\smart-plaza\smart-plaza\backend\node_modules\router\index.js:297:9
    at processParams (E:\MY-Portfolio\skybridge\smart-plaza\smart-plaza\backend\node_modules\router\index.js:582:12)
    at next (E:\MY-Portfolio\skybridge\smart-plaza\smart-plaza\backend\node_modules\router\index.js:291:5)
    at read (E:\MY-Portfolio\skybridge\smart-plaza\smart-plaza\backend\node_modules\body-parser\lib\read.js:53:5)
    at urlencodedParser (E:\MY-Portfolio\skybridge\smart-plaza\smart-plaza\backend\node_modules\body-parser\lib\types\urlencoded.js:57:5)
    at Layer.handleRequest (E:\MY-Portfolio\skybridge\smart-plaza\smart-plaza\backend\node_modules\router\lib\layer.js:152:17)
    at trimPrefix (E:\MY-Portfolio\skybridge\smart-plaza\smart-plaza\backend\node_modules\router\index.js:342:13)

2026-07-14T18:36:21.026Z
Error: Not Found - /api/routes
    at notFound (E:\MY-Portfolio\skybridge\smart-plaza\smart-plaza\backend\middleware\errorMiddleware.js:2:17)
    at Layer.handleRequest (E:\MY-Portfolio\skybridge\smart-plaza\smart-plaza\backend\node_modules\router\lib\layer.js:152:17)
    at trimPrefix (E:\MY-Portfolio\skybridge\smart-plaza\smart-plaza\backend\node_modules\router\index.js:342:13)
    at E:\MY-Portfolio\skybridge\smart-plaza\smart-plaza\backend\node_modules\router\index.js:297:9
    at processParams (E:\MY-Portfolio\skybridge\smart-plaza\smart-plaza\backend\node_modules\router\index.js:582:12)
    at next (E:\MY-Portfolio\skybridge\smart-plaza\smart-plaza\backend\node_modules\router\index.js:291:5)
    at E:\MY-Portfolio\skybridge\smart-plaza\smart-plaza\backend\server.js:96:3
    at Layer.handleRequest (E:\MY-Portfolio\skybridge\smart-plaza\smart-plaza\backend\node_modules\router\lib\layer.js:152:17)
    at trimPrefix (E:\MY-Portfolio\skybridge\smart-plaza\smart-plaza\backend\node_modules\router\index.js:342:13)
    at E:\MY-Portfolio\skybridge\smart-plaza\smart-plaza\backend\node_modules\router\index.js:297:9
    at processParams (E:\MY-Portfolio\skybridge\smart-plaza\smart-plaza\backend\node_modules\router\index.js:582:12)
    at next (E:\MY-Portfolio\skybridge\smart-plaza\smart-plaza\backend\node_modules\router\index.js:291:5)
    at read (E:\MY-Portfolio\skybridge\smart-plaza\smart-plaza\backend\node_modules\body-parser\lib\read.js:53:5)
    at urlencodedParser (E:\MY-Portfolio\skybridge\smart-plaza\smart-plaza\backend\node_modules\body-parser\lib\types\urlencoded.js:57:5)
    at Layer.handleRequest (E:\MY-Portfolio\skybridge\smart-plaza\smart-plaza\backend\node_modules\router\lib\layer.js:152:17)
    at trimPrefix (E:\MY-Portfolio\skybridge\smart-plaza\smart-plaza\backend\node_modules\router\index.js:342:13)

2026-07-14T19:02:27.298Z
Error: Not Found - /api/routes
    at notFound (E:\MY-Portfolio\skybridge\smart-plaza\smart-plaza\backend\middleware\errorMiddleware.js:2:17)
    at Layer.handleRequest (E:\MY-Portfolio\skybridge\smart-plaza\smart-plaza\backend\node_modules\router\lib\layer.js:152:17)
    at trimPrefix (E:\MY-Portfolio\skybridge\smart-plaza\smart-plaza\backend\node_modules\router\index.js:342:13)
    at E:\MY-Portfolio\skybridge\smart-plaza\smart-plaza\backend\node_modules\router\index.js:297:9
    at processParams (E:\MY-Portfolio\skybridge\smart-plaza\smart-plaza\backend\node_modules\router\index.js:582:12)
    at next (E:\MY-Portfolio\skybridge\smart-plaza\smart-plaza\backend\node_modules\router\index.js:291:5)
    at E:\MY-Portfolio\skybridge\smart-plaza\smart-plaza\backend\server.js:96:3
    at Layer.handleRequest (E:\MY-Portfolio\skybridge\smart-plaza\smart-plaza\backend\node_modules\router\lib\layer.js:152:17)
    at trimPrefix (E:\MY-Portfolio\skybridge\smart-plaza\smart-plaza\backend\node_modules\router\index.js:342:13)
    at E:\MY-Portfolio\skybridge\smart-plaza\smart-plaza\backend\node_modules\router\index.js:297:9
    at processParams (E:\MY-Portfolio\skybridge\smart-plaza\smart-plaza\backend\node_modules\router\index.js:582:12)
    at next (E:\MY-Portfolio\skybridge\smart-plaza\smart-plaza\backend\node_modules\router\index.js:291:5)
    at read (E:\MY-Portfolio\skybridge\smart-plaza\smart-plaza\backend\node_modules\body-parser\lib\read.js:53:5)
    at urlencodedParser (E:\MY-Portfolio\skybridge\smart-plaza\smart-plaza\backend\node_modules\body-parser\lib\types\urlencoded.js:57:5)
    at Layer.handleRequest (E:\MY-Portfolio\skybridge\smart-plaza\smart-plaza\backend\node_modules\router\lib\layer.js:152:17)
    at trimPrefix (E:\MY-Portfolio\skybridge\smart-plaza\smart-plaza\backend\node_modules\router\index.js:342:13)

2026-07-14T19:02:28.343Z
Error: Not Found - /api/routes
    at notFound (E:\MY-Portfolio\skybridge\smart-plaza\smart-plaza\backend\middleware\errorMiddleware.js:2:17)
    at Layer.handleRequest (E:\MY-Portfolio\skybridge\smart-plaza\smart-plaza\backend\node_modules\router\lib\layer.js:152:17)
    at trimPrefix (E:\MY-Portfolio\skybridge\smart-plaza\smart-plaza\backend\node_modules\router\index.js:342:13)
    at E:\MY-Portfolio\skybridge\smart-plaza\smart-plaza\backend\node_modules\router\index.js:297:9
    at processParams (E:\MY-Portfolio\skybridge\smart-plaza\smart-plaza\backend\node_modules\router\index.js:582:12)
    at next (E:\MY-Portfolio\skybridge\smart-plaza\smart-plaza\backend\node_modules\router\index.js:291:5)
    at E:\MY-Portfolio\skybridge\smart-plaza\smart-plaza\backend\server.js:96:3
    at Layer.handleRequest (E:\MY-Portfolio\skybridge\smart-plaza\smart-plaza\backend\node_modules\router\lib\layer.js:152:17)
    at trimPrefix (E:\MY-Portfolio\skybridge\smart-plaza\smart-plaza\backend\node_modules\router\index.js:342:13)
    at E:\MY-Portfolio\skybridge\smart-plaza\smart-plaza\backend\node_modules\router\index.js:297:9
    at processParams (E:\MY-Portfolio\skybridge\smart-plaza\smart-plaza\backend\node_modules\router\index.js:582:12)
    at next (E:\MY-Portfolio\skybridge\smart-plaza\smart-plaza\backend\node_modules\router\index.js:291:5)
    at read (E:\MY-Portfolio\skybridge\smart-plaza\smart-plaza\backend\node_modules\body-parser\lib\read.js:53:5)
    at urlencodedParser (E:\MY-Portfolio\skybridge\smart-plaza\smart-plaza\backend\node_modules\body-parser\lib\types\urlencoded.js:57:5)
    at Layer.handleRequest (E:\MY-Portfolio\skybridge\smart-plaza\smart-plaza\backend\node_modules\router\lib\layer.js:152:17)
    at trimPrefix (E:\MY-Portfolio\skybridge\smart-plaza\smart-plaza\backend\node_modules\router\index.js:342:13)

<<<<<<< HEAD
2026-07-14T20:08:23.733Z
Error: Not Found - /api/routes
    at notFound (E:\MY-Portfolio\skybridge\smart-plaza\smart-plaza\backend\middleware\errorMiddleware.js:2:17)
    at Layer.handleRequest (E:\MY-Portfolio\skybridge\smart-plaza\smart-plaza\backend\node_modules\router\lib\layer.js:152:17)
    at trimPrefix (E:\MY-Portfolio\skybridge\smart-plaza\smart-plaza\backend\node_modules\router\index.js:342:13)
    at E:\MY-Portfolio\skybridge\smart-plaza\smart-plaza\backend\node_modules\router\index.js:297:9
    at processParams (E:\MY-Portfolio\skybridge\smart-plaza\smart-plaza\backend\node_modules\router\index.js:582:12)
    at next (E:\MY-Portfolio\skybridge\smart-plaza\smart-plaza\backend\node_modules\router\index.js:291:5)
    at E:\MY-Portfolio\skybridge\smart-plaza\smart-plaza\backend\server.js:96:3
    at Layer.handleRequest (E:\MY-Portfolio\skybridge\smart-plaza\smart-plaza\backend\node_modules\router\lib\layer.js:152:17)
    at trimPrefix (E:\MY-Portfolio\skybridge\smart-plaza\smart-plaza\backend\node_modules\router\index.js:342:13)
    at E:\MY-Portfolio\skybridge\smart-plaza\smart-plaza\backend\node_modules\router\index.js:297:9
    at processParams (E:\MY-Portfolio\skybridge\smart-plaza\smart-plaza\backend\node_modules\router\index.js:582:12)
    at next (E:\MY-Portfolio\skybridge\smart-plaza\smart-plaza\backend\node_modules\router\index.js:291:5)
    at read (E:\MY-Portfolio\skybridge\smart-plaza\smart-plaza\backend\node_modules\body-parser\lib\read.js:53:5)
    at urlencodedParser (E:\MY-Portfolio\skybridge\smart-plaza\smart-plaza\backend\node_modules\body-parser\lib\types\urlencoded.js:57:5)
    at Layer.handleRequest (E:\MY-Portfolio\skybridge\smart-plaza\smart-plaza\backend\node_modules\router\lib\layer.js:152:17)
    at trimPrefix (E:\MY-Portfolio\skybridge\smart-plaza\smart-plaza\backend\node_modules\router\index.js:342:13)

2026-07-14T20:08:24.746Z
Error: Not Found - /api/routes
    at notFound (E:\MY-Portfolio\skybridge\smart-plaza\smart-plaza\backend\middleware\errorMiddleware.js:2:17)
    at Layer.handleRequest (E:\MY-Portfolio\skybridge\smart-plaza\smart-plaza\backend\node_modules\router\lib\layer.js:152:17)
    at trimPrefix (E:\MY-Portfolio\skybridge\smart-plaza\smart-plaza\backend\node_modules\router\index.js:342:13)
    at E:\MY-Portfolio\skybridge\smart-plaza\smart-plaza\backend\node_modules\router\index.js:297:9
    at processParams (E:\MY-Portfolio\skybridge\smart-plaza\smart-plaza\backend\node_modules\router\index.js:582:12)
    at next (E:\MY-Portfolio\skybridge\smart-plaza\smart-plaza\backend\node_modules\router\index.js:291:5)
    at E:\MY-Portfolio\skybridge\smart-plaza\smart-plaza\backend\server.js:96:3
    at Layer.handleRequest (E:\MY-Portfolio\skybridge\smart-plaza\smart-plaza\backend\node_modules\router\lib\layer.js:152:17)
    at trimPrefix (E:\MY-Portfolio\skybridge\smart-plaza\smart-plaza\backend\node_modules\router\index.js:342:13)
    at E:\MY-Portfolio\skybridge\smart-plaza\smart-plaza\backend\node_modules\router\index.js:297:9
    at processParams (E:\MY-Portfolio\skybridge\smart-plaza\smart-plaza\backend\node_modules\router\index.js:582:12)
    at next (E:\MY-Portfolio\skybridge\smart-plaza\smart-plaza\backend\node_modules\router\index.js:291:5)
    at read (E:\MY-Portfolio\skybridge\smart-plaza\smart-plaza\backend\node_modules\body-parser\lib\read.js:53:5)
    at urlencodedParser (E:\MY-Portfolio\skybridge\smart-plaza\smart-plaza\backend\node_modules\body-parser\lib\types\urlencoded.js:57:5)
    at Layer.handleRequest (E:\MY-Portfolio\skybridge\smart-plaza\smart-plaza\backend\node_modules\router\lib\layer.js:152:17)
    at trimPrefix (E:\MY-Portfolio\skybridge\smart-plaza\smart-plaza\backend\node_modules\router\index.js:342:13)
=======
2026-07-14T18:00:00.043Z
Error: Not Found - /api/routes
    at notFound (E:\Skybridge Digital\SmartPlazaNew-main\backend\middleware\errorMiddleware.js:2:17)
    at Layer.handleRequest (E:\Skybridge Digital\SmartPlazaNew-main\backend\node_modules\router\lib\layer.js:152:17)
    at trimPrefix (E:\Skybridge Digital\SmartPlazaNew-main\backend\node_modules\router\index.js:342:13)
    at E:\Skybridge Digital\SmartPlazaNew-main\backend\node_modules\router\index.js:297:9
    at processParams (E:\Skybridge Digital\SmartPlazaNew-main\backend\node_modules\router\index.js:582:12)
    at next (E:\Skybridge Digital\SmartPlazaNew-main\backend\node_modules\router\index.js:291:5)
    at E:\Skybridge Digital\SmartPlazaNew-main\backend\server.js:96:3
    at Layer.handleRequest (E:\Skybridge Digital\SmartPlazaNew-main\backend\node_modules\router\lib\layer.js:152:17)
    at trimPrefix (E:\Skybridge Digital\SmartPlazaNew-main\backend\node_modules\router\index.js:342:13)
    at E:\Skybridge Digital\SmartPlazaNew-main\backend\node_modules\router\index.js:297:9
    at processParams (E:\Skybridge Digital\SmartPlazaNew-main\backend\node_modules\router\index.js:582:12)
    at next (E:\Skybridge Digital\SmartPlazaNew-main\backend\node_modules\router\index.js:291:5)
    at read (E:\Skybridge Digital\SmartPlazaNew-main\backend\node_modules\body-parser\lib\read.js:54:5)
    at urlencodedParser (E:\Skybridge Digital\SmartPlazaNew-main\backend\node_modules\body-parser\lib\types\urlencoded.js:58:5)
    at Layer.handleRequest (E:\Skybridge Digital\SmartPlazaNew-main\backend\node_modules\router\lib\layer.js:152:17)
    at trimPrefix (E:\Skybridge Digital\SmartPlazaNew-main\backend\node_modules\router\index.js:342:13)

2026-07-14T18:00:01.057Z
Error: Not Found - /api/routes
    at notFound (E:\Skybridge Digital\SmartPlazaNew-main\backend\middleware\errorMiddleware.js:2:17)
    at Layer.handleRequest (E:\Skybridge Digital\SmartPlazaNew-main\backend\node_modules\router\lib\layer.js:152:17)
    at trimPrefix (E:\Skybridge Digital\SmartPlazaNew-main\backend\node_modules\router\index.js:342:13)
    at E:\Skybridge Digital\SmartPlazaNew-main\backend\node_modules\router\index.js:297:9
    at processParams (E:\Skybridge Digital\SmartPlazaNew-main\backend\node_modules\router\index.js:582:12)
    at next (E:\Skybridge Digital\SmartPlazaNew-main\backend\node_modules\router\index.js:291:5)
    at E:\Skybridge Digital\SmartPlazaNew-main\backend\server.js:96:3
    at Layer.handleRequest (E:\Skybridge Digital\SmartPlazaNew-main\backend\node_modules\router\lib\layer.js:152:17)
    at trimPrefix (E:\Skybridge Digital\SmartPlazaNew-main\backend\node_modules\router\index.js:342:13)
    at E:\Skybridge Digital\SmartPlazaNew-main\backend\node_modules\router\index.js:297:9
    at processParams (E:\Skybridge Digital\SmartPlazaNew-main\backend\node_modules\router\index.js:582:12)
    at next (E:\Skybridge Digital\SmartPlazaNew-main\backend\node_modules\router\index.js:291:5)
    at read (E:\Skybridge Digital\SmartPlazaNew-main\backend\node_modules\body-parser\lib\read.js:54:5)
    at urlencodedParser (E:\Skybridge Digital\SmartPlazaNew-main\backend\node_modules\body-parser\lib\types\urlencoded.js:58:5)
    at Layer.handleRequest (E:\Skybridge Digital\SmartPlazaNew-main\backend\node_modules\router\lib\layer.js:152:17)
    at trimPrefix (E:\Skybridge Digital\SmartPlazaNew-main\backend\node_modules\router\index.js:342:13)
>>>>>>> dc6c8c3f37a83b3247a29e69612234d66fb26aac

<<<<<<< HEAD
2026-07-14T20:17:16.736Z
Error: Not Found - /api/routes
    at notFound (E:\MY-Portfolio\skybridge\smart-plaza\smart-plaza\backend\middleware\errorMiddleware.js:2:17)
    at Layer.handleRequest (E:\MY-Portfolio\skybridge\smart-plaza\smart-plaza\backend\node_modules\router\lib\layer.js:152:17)
    at trimPrefix (E:\MY-Portfolio\skybridge\smart-plaza\smart-plaza\backend\node_modules\router\index.js:342:13)
    at E:\MY-Portfolio\skybridge\smart-plaza\smart-plaza\backend\node_modules\router\index.js:297:9
    at processParams (E:\MY-Portfolio\skybridge\smart-plaza\smart-plaza\backend\node_modules\router\index.js:582:12)
    at next (E:\MY-Portfolio\skybridge\smart-plaza\smart-plaza\backend\node_modules\router\index.js:291:5)
    at E:\MY-Portfolio\skybridge\smart-plaza\smart-plaza\backend\server.js:96:3
    at Layer.handleRequest (E:\MY-Portfolio\skybridge\smart-plaza\smart-plaza\backend\node_modules\router\lib\layer.js:152:17)
    at trimPrefix (E:\MY-Portfolio\skybridge\smart-plaza\smart-plaza\backend\node_modules\router\index.js:342:13)
    at E:\MY-Portfolio\skybridge\smart-plaza\smart-plaza\backend\node_modules\router\index.js:297:9
    at processParams (E:\MY-Portfolio\skybridge\smart-plaza\smart-plaza\backend\node_modules\router\index.js:582:12)
    at next (E:\MY-Portfolio\skybridge\smart-plaza\smart-plaza\backend\node_modules\router\index.js:291:5)
    at read (E:\MY-Portfolio\skybridge\smart-plaza\smart-plaza\backend\node_modules\body-parser\lib\read.js:53:5)
    at urlencodedParser (E:\MY-Portfolio\skybridge\smart-plaza\smart-plaza\backend\node_modules\body-parser\lib\types\urlencoded.js:57:5)
    at Layer.handleRequest (E:\MY-Portfolio\skybridge\smart-plaza\smart-plaza\backend\node_modules\router\lib\layer.js:152:17)
    at trimPrefix (E:\MY-Portfolio\skybridge\smart-plaza\smart-plaza\backend\node_modules\router\index.js:342:13)

2026-07-14T20:17:17.760Z
Error: Not Found - /api/routes
    at notFound (E:\MY-Portfolio\skybridge\smart-plaza\smart-plaza\backend\middleware\errorMiddleware.js:2:17)
    at Layer.handleRequest (E:\MY-Portfolio\skybridge\smart-plaza\smart-plaza\backend\node_modules\router\lib\layer.js:152:17)
    at trimPrefix (E:\MY-Portfolio\skybridge\smart-plaza\smart-plaza\backend\node_modules\router\index.js:342:13)
    at E:\MY-Portfolio\skybridge\smart-plaza\smart-plaza\backend\node_modules\router\index.js:297:9
    at processParams (E:\MY-Portfolio\skybridge\smart-plaza\smart-plaza\backend\node_modules\router\index.js:582:12)
    at next (E:\MY-Portfolio\skybridge\smart-plaza\smart-plaza\backend\node_modules\router\index.js:291:5)
    at E:\MY-Portfolio\skybridge\smart-plaza\smart-plaza\backend\server.js:96:3
    at Layer.handleRequest (E:\MY-Portfolio\skybridge\smart-plaza\smart-plaza\backend\node_modules\router\lib\layer.js:152:17)
    at trimPrefix (E:\MY-Portfolio\skybridge\smart-plaza\smart-plaza\backend\node_modules\router\index.js:342:13)
    at E:\MY-Portfolio\skybridge\smart-plaza\smart-plaza\backend\node_modules\router\index.js:297:9
    at processParams (E:\MY-Portfolio\skybridge\smart-plaza\smart-plaza\backend\node_modules\router\index.js:582:12)
    at next (E:\MY-Portfolio\skybridge\smart-plaza\smart-plaza\backend\node_modules\router\index.js:291:5)
    at read (E:\MY-Portfolio\skybridge\smart-plaza\smart-plaza\backend\node_modules\body-parser\lib\read.js:53:5)
    at urlencodedParser (E:\MY-Portfolio\skybridge\smart-plaza\smart-plaza\backend\node_modules\body-parser\lib\types\urlencoded.js:57:5)
    at Layer.handleRequest (E:\MY-Portfolio\skybridge\smart-plaza\smart-plaza\backend\node_modules\router\lib\layer.js:152:17)
    at trimPrefix (E:\MY-Portfolio\skybridge\smart-plaza\smart-plaza\backend\node_modules\router\index.js:342:13)

2026-07-14T20:18:05.617Z
Error: Not Found - /api/routes
    at notFound (E:\MY-Portfolio\skybridge\smart-plaza\smart-plaza\backend\middleware\errorMiddleware.js:2:17)
    at Layer.handleRequest (E:\MY-Portfolio\skybridge\smart-plaza\smart-plaza\backend\node_modules\router\lib\layer.js:152:17)
    at trimPrefix (E:\MY-Portfolio\skybridge\smart-plaza\smart-plaza\backend\node_modules\router\index.js:342:13)
    at E:\MY-Portfolio\skybridge\smart-plaza\smart-plaza\backend\node_modules\router\index.js:297:9
    at processParams (E:\MY-Portfolio\skybridge\smart-plaza\smart-plaza\backend\node_modules\router\index.js:582:12)
    at next (E:\MY-Portfolio\skybridge\smart-plaza\smart-plaza\backend\node_modules\router\index.js:291:5)
    at E:\MY-Portfolio\skybridge\smart-plaza\smart-plaza\backend\server.js:96:3
    at Layer.handleRequest (E:\MY-Portfolio\skybridge\smart-plaza\smart-plaza\backend\node_modules\router\lib\layer.js:152:17)
    at trimPrefix (E:\MY-Portfolio\skybridge\smart-plaza\smart-plaza\backend\node_modules\router\index.js:342:13)
    at E:\MY-Portfolio\skybridge\smart-plaza\smart-plaza\backend\node_modules\router\index.js:297:9
    at processParams (E:\MY-Portfolio\skybridge\smart-plaza\smart-plaza\backend\node_modules\router\index.js:582:12)
    at next (E:\MY-Portfolio\skybridge\smart-plaza\smart-plaza\backend\node_modules\router\index.js:291:5)
    at read (E:\MY-Portfolio\skybridge\smart-plaza\smart-plaza\backend\node_modules\body-parser\lib\read.js:53:5)
    at urlencodedParser (E:\MY-Portfolio\skybridge\smart-plaza\smart-plaza\backend\node_modules\body-parser\lib\types\urlencoded.js:57:5)
    at Layer.handleRequest (E:\MY-Portfolio\skybridge\smart-plaza\smart-plaza\backend\node_modules\router\lib\layer.js:152:17)
    at trimPrefix (E:\MY-Portfolio\skybridge\smart-plaza\smart-plaza\backend\node_modules\router\index.js:342:13)

2026-07-14T20:18:06.682Z
Error: Not Found - /api/routes
    at notFound (E:\MY-Portfolio\skybridge\smart-plaza\smart-plaza\backend\middleware\errorMiddleware.js:2:17)
    at Layer.handleRequest (E:\MY-Portfolio\skybridge\smart-plaza\smart-plaza\backend\node_modules\router\lib\layer.js:152:17)
    at trimPrefix (E:\MY-Portfolio\skybridge\smart-plaza\smart-plaza\backend\node_modules\router\index.js:342:13)
    at E:\MY-Portfolio\skybridge\smart-plaza\smart-plaza\backend\node_modules\router\index.js:297:9
    at processParams (E:\MY-Portfolio\skybridge\smart-plaza\smart-plaza\backend\node_modules\router\index.js:582:12)
    at next (E:\MY-Portfolio\skybridge\smart-plaza\smart-plaza\backend\node_modules\router\index.js:291:5)
    at E:\MY-Portfolio\skybridge\smart-plaza\smart-plaza\backend\server.js:96:3
    at Layer.handleRequest (E:\MY-Portfolio\skybridge\smart-plaza\smart-plaza\backend\node_modules\router\lib\layer.js:152:17)
    at trimPrefix (E:\MY-Portfolio\skybridge\smart-plaza\smart-plaza\backend\node_modules\router\index.js:342:13)
    at E:\MY-Portfolio\skybridge\smart-plaza\smart-plaza\backend\node_modules\router\index.js:297:9
    at processParams (E:\MY-Portfolio\skybridge\smart-plaza\smart-plaza\backend\node_modules\router\index.js:582:12)
    at next (E:\MY-Portfolio\skybridge\smart-plaza\smart-plaza\backend\node_modules\router\index.js:291:5)
    at read (E:\MY-Portfolio\skybridge\smart-plaza\smart-plaza\backend\node_modules\body-parser\lib\read.js:53:5)
    at urlencodedParser (E:\MY-Portfolio\skybridge\smart-plaza\smart-plaza\backend\node_modules\body-parser\lib\types\urlencoded.js:57:5)
    at Layer.handleRequest (E:\MY-Portfolio\skybridge\smart-plaza\smart-plaza\backend\node_modules\router\lib\layer.js:152:17)
    at trimPrefix (E:\MY-Portfolio\skybridge\smart-plaza\smart-plaza\backend\node_modules\router\index.js:342:13)
=======
2026-07-19T03:56:10.786Z
Error: Not Found - /api/routes
    at notFound (E:\Skybridge Digital\SmartPlazaNew-main\backend\middleware\errorMiddleware.js:2:17)
    at Layer.handleRequest (E:\Skybridge Digital\SmartPlazaNew-main\backend\node_modules\router\lib\layer.js:152:17)
    at trimPrefix (E:\Skybridge Digital\SmartPlazaNew-main\backend\node_modules\router\index.js:342:13)
    at E:\Skybridge Digital\SmartPlazaNew-main\backend\node_modules\router\index.js:297:9
    at processParams (E:\Skybridge Digital\SmartPlazaNew-main\backend\node_modules\router\index.js:582:12)
    at next (E:\Skybridge Digital\SmartPlazaNew-main\backend\node_modules\router\index.js:291:5)
    at E:\Skybridge Digital\SmartPlazaNew-main\backend\server.js:114:3
    at Layer.handleRequest (E:\Skybridge Digital\SmartPlazaNew-main\backend\node_modules\router\lib\layer.js:152:17)
    at trimPrefix (E:\Skybridge Digital\SmartPlazaNew-main\backend\node_modules\router\index.js:342:13)
    at E:\Skybridge Digital\SmartPlazaNew-main\backend\node_modules\router\index.js:297:9
    at processParams (E:\Skybridge Digital\SmartPlazaNew-main\backend\node_modules\router\index.js:582:12)
    at next (E:\Skybridge Digital\SmartPlazaNew-main\backend\node_modules\router\index.js:291:5)
    at read (E:\Skybridge Digital\SmartPlazaNew-main\backend\node_modules\body-parser\lib\read.js:54:5)
    at urlencodedParser (E:\Skybridge Digital\SmartPlazaNew-main\backend\node_modules\body-parser\lib\types\urlencoded.js:58:5)
    at Layer.handleRequest (E:\Skybridge Digital\SmartPlazaNew-main\backend\node_modules\router\lib\layer.js:152:17)
    at trimPrefix (E:\Skybridge Digital\SmartPlazaNew-main\backend\node_modules\router\index.js:342:13)
>>>>>>> d66651b7a9fd3f14bf3d4890ca95d735aa2afb36

2026-07-26T14:52:10.417Z
Error: Not Found - /api/routes
    at notFound (E:\MY-Portfolio\skybridge\smart-plaza\smart-plaza\backend\middleware\errorMiddleware.js:2:17)
    at Layer.handleRequest (E:\MY-Portfolio\skybridge\smart-plaza\smart-plaza\backend\node_modules\router\lib\layer.js:152:17)
    at trimPrefix (E:\MY-Portfolio\skybridge\smart-plaza\smart-plaza\backend\node_modules\router\index.js:342:13)
    at E:\MY-Portfolio\skybridge\smart-plaza\smart-plaza\backend\node_modules\router\index.js:297:9
    at processParams (E:\MY-Portfolio\skybridge\smart-plaza\smart-plaza\backend\node_modules\router\index.js:582:12)
    at next (E:\MY-Portfolio\skybridge\smart-plaza\smart-plaza\backend\node_modules\router\index.js:291:5)
    at E:\MY-Portfolio\skybridge\smart-plaza\smart-plaza\backend\server.js:114:3
    at Layer.handleRequest (E:\MY-Portfolio\skybridge\smart-plaza\smart-plaza\backend\node_modules\router\lib\layer.js:152:17)
    at trimPrefix (E:\MY-Portfolio\skybridge\smart-plaza\smart-plaza\backend\node_modules\router\index.js:342:13)
    at E:\MY-Portfolio\skybridge\smart-plaza\smart-plaza\backend\node_modules\router\index.js:297:9
    at processParams (E:\MY-Portfolio\skybridge\smart-plaza\smart-plaza\backend\node_modules\router\index.js:582:12)
    at next (E:\MY-Portfolio\skybridge\smart-plaza\smart-plaza\backend\node_modules\router\index.js:291:5)
    at read (E:\MY-Portfolio\skybridge\smart-plaza\smart-plaza\backend\node_modules\body-parser\lib\read.js:53:5)
    at urlencodedParser (E:\MY-Portfolio\skybridge\smart-plaza\smart-plaza\backend\node_modules\body-parser\lib\types\urlencoded.js:57:5)
    at Layer.handleRequest (E:\MY-Portfolio\skybridge\smart-plaza\smart-plaza\backend\node_modules\router\lib\layer.js:152:17)
    at trimPrefix (E:\MY-Portfolio\skybridge\smart-plaza\smart-plaza\backend\node_modules\router\index.js:342:13)

2026-07-26T14:52:11.468Z
Error: Not Found - /api/routes
    at notFound (E:\MY-Portfolio\skybridge\smart-plaza\smart-plaza\backend\middleware\errorMiddleware.js:2:17)
    at Layer.handleRequest (E:\MY-Portfolio\skybridge\smart-plaza\smart-plaza\backend\node_modules\router\lib\layer.js:152:17)
    at trimPrefix (E:\MY-Portfolio\skybridge\smart-plaza\smart-plaza\backend\node_modules\router\index.js:342:13)
    at E:\MY-Portfolio\skybridge\smart-plaza\smart-plaza\backend\node_modules\router\index.js:297:9
    at processParams (E:\MY-Portfolio\skybridge\smart-plaza\smart-plaza\backend\node_modules\router\index.js:582:12)
    at next (E:\MY-Portfolio\skybridge\smart-plaza\smart-plaza\backend\node_modules\router\index.js:291:5)
    at E:\MY-Portfolio\skybridge\smart-plaza\smart-plaza\backend\server.js:114:3
    at Layer.handleRequest (E:\MY-Portfolio\skybridge\smart-plaza\smart-plaza\backend\node_modules\router\lib\layer.js:152:17)
    at trimPrefix (E:\MY-Portfolio\skybridge\smart-plaza\smart-plaza\backend\node_modules\router\index.js:342:13)
    at E:\MY-Portfolio\skybridge\smart-plaza\smart-plaza\backend\node_modules\router\index.js:297:9
    at processParams (E:\MY-Portfolio\skybridge\smart-plaza\smart-plaza\backend\node_modules\router\index.js:582:12)
    at next (E:\MY-Portfolio\skybridge\smart-plaza\smart-plaza\backend\node_modules\router\index.js:291:5)
    at read (E:\MY-Portfolio\skybridge\smart-plaza\smart-plaza\backend\node_modules\body-parser\lib\read.js:53:5)
    at urlencodedParser (E:\MY-Portfolio\skybridge\smart-plaza\smart-plaza\backend\node_modules\body-parser\lib\types\urlencoded.js:57:5)
    at Layer.handleRequest (E:\MY-Portfolio\skybridge\smart-plaza\smart-plaza\backend\node_modules\router\lib\layer.js:152:17)
    at trimPrefix (E:\MY-Portfolio\skybridge\smart-plaza\smart-plaza\backend\node_modules\router\index.js:342:13)

2026-07-27T15:23:36.145Z
MongoServerError: E11000 duplicate key error collection: smartplaza.products index: sku_1 dup key: { sku: "HAI-HCF-420SME" }
    at InsertOneOperation.handleOk (E:\MY-Portfolio\skybridge\smart-plaza\smart-plaza\backend\node_modules\mongodb\lib\operations\insert.js:51:19)
    at executeOperationWithRetries (E:\MY-Portfolio\skybridge\smart-plaza\smart-plaza\backend\node_modules\mongodb\lib\operations\execute_operation.js:194:34)
    at process.processTicksAndRejections (node:internal/process/task_queues:104:5)
    at async executeOperation (E:\MY-Portfolio\skybridge\smart-plaza\smart-plaza\backend\node_modules\mongodb\lib\operations\execute_operation.js:83:16)
    at async Collection.insertOne (E:\MY-Portfolio\skybridge\smart-plaza\smart-plaza\backend\node_modules\mongodb\lib\collection.js:154:16)
    at async model.$__save (E:\MY-Portfolio\skybridge\smart-plaza\smart-plaza\backend\node_modules\mongoose\lib\model.js:428:16)
    at async model.save (E:\MY-Portfolio\skybridge\smart-plaza\smart-plaza\backend\node_modules\mongoose\lib\model.js:667:5)
    at async model.create (E:\MY-Portfolio\skybridge\smart-plaza\smart-plaza\backend\node_modules\mongoose\lib\model.js:2747:5)
    at async E:\MY-Portfolio\skybridge\smart-plaza\smart-plaza\backend\controllers\productController.js:114:19

2026-07-27T15:23:41.750Z
MongoServerError: E11000 duplicate key error collection: smartplaza.products index: sku_1 dup key: { sku: "HAI-HCF-420SME" }
    at InsertOneOperation.handleOk (E:\MY-Portfolio\skybridge\smart-plaza\smart-plaza\backend\node_modules\mongodb\lib\operations\insert.js:51:19)
    at executeOperationWithRetries (E:\MY-Portfolio\skybridge\smart-plaza\smart-plaza\backend\node_modules\mongodb\lib\operations\execute_operation.js:194:34)
    at process.processTicksAndRejections (node:internal/process/task_queues:104:5)
    at async executeOperation (E:\MY-Portfolio\skybridge\smart-plaza\smart-plaza\backend\node_modules\mongodb\lib\operations\execute_operation.js:83:16)
    at async Collection.insertOne (E:\MY-Portfolio\skybridge\smart-plaza\smart-plaza\backend\node_modules\mongodb\lib\collection.js:154:16)
    at async model.$__save (E:\MY-Portfolio\skybridge\smart-plaza\smart-plaza\backend\node_modules\mongoose\lib\model.js:428:16)
    at async model.save (E:\MY-Portfolio\skybridge\smart-plaza\smart-plaza\backend\node_modules\mongoose\lib\model.js:667:5)
    at async model.create (E:\MY-Portfolio\skybridge\smart-plaza\smart-plaza\backend\node_modules\mongoose\lib\model.js:2747:5)
    at async E:\MY-Portfolio\skybridge\smart-plaza\smart-plaza\backend\controllers\productController.js:114:19

2026-07-27T19:31:12.643Z
Error: Not Found - /api/routes
    at notFound (E:\MY-Portfolio\skybridge\smart-plaza\smart-plaza\backend\middleware\errorMiddleware.js:2:17)
    at Layer.handleRequest (E:\MY-Portfolio\skybridge\smart-plaza\smart-plaza\backend\node_modules\router\lib\layer.js:152:17)
    at trimPrefix (E:\MY-Portfolio\skybridge\smart-plaza\smart-plaza\backend\node_modules\router\index.js:342:13)
    at E:\MY-Portfolio\skybridge\smart-plaza\smart-plaza\backend\node_modules\router\index.js:297:9
    at processParams (E:\MY-Portfolio\skybridge\smart-plaza\smart-plaza\backend\node_modules\router\index.js:582:12)
    at next (E:\MY-Portfolio\skybridge\smart-plaza\smart-plaza\backend\node_modules\router\index.js:291:5)
    at E:\MY-Portfolio\skybridge\smart-plaza\smart-plaza\backend\server.js:114:3
    at Layer.handleRequest (E:\MY-Portfolio\skybridge\smart-plaza\smart-plaza\backend\node_modules\router\lib\layer.js:152:17)
    at trimPrefix (E:\MY-Portfolio\skybridge\smart-plaza\smart-plaza\backend\node_modules\router\index.js:342:13)
    at E:\MY-Portfolio\skybridge\smart-plaza\smart-plaza\backend\node_modules\router\index.js:297:9

2026-07-27T19:31:13.682Z
Error: Not Found - /api/routes
    at notFound (E:\MY-Portfolio\skybridge\smart-plaza\smart-plaza\backend\middleware\errorMiddleware.js:2:17)
    at Layer.handleRequest (E:\MY-Portfolio\skybridge\smart-plaza\smart-plaza\backend\node_modules\router\lib\layer.js:152:17)
    at trimPrefix (E:\MY-Portfolio\skybridge\smart-plaza\smart-plaza\backend\node_modules\router\index.js:342:13)
    at E:\MY-Portfolio\skybridge\smart-plaza\smart-plaza\backend\node_modules\router\index.js:297:9
    at processParams (E:\MY-Portfolio\skybridge\smart-plaza\smart-plaza\backend\node_modules\router\index.js:582:12)
    at next (E:\MY-Portfolio\skybridge\smart-plaza\smart-plaza\backend\node_modules\router\index.js:291:5)
    at E:\MY-Portfolio\skybridge\smart-plaza\smart-plaza\backend\server.js:114:3
    at Layer.handleRequest (E:\MY-Portfolio\skybridge\smart-plaza\smart-plaza\backend\node_modules\router\lib\layer.js:152:17)
    at trimPrefix (E:\MY-Portfolio\skybridge\smart-plaza\smart-plaza\backend\node_modules\router\index.js:342:13)
    at E:\MY-Portfolio\skybridge\smart-plaza\smart-plaza\backend\node_modules\router\index.js:297:9

2026-07-27T19:32:13.602Z
Error: Not Found - /api/routes
    at notFound (E:\MY-Portfolio\skybridge\smart-plaza\smart-plaza\backend\middleware\errorMiddleware.js:2:17)
    at Layer.handleRequest (E:\MY-Portfolio\skybridge\smart-plaza\smart-plaza\backend\node_modules\router\lib\layer.js:152:17)
    at trimPrefix (E:\MY-Portfolio\skybridge\smart-plaza\smart-plaza\backend\node_modules\router\index.js:342:13)
    at E:\MY-Portfolio\skybridge\smart-plaza\smart-plaza\backend\node_modules\router\index.js:297:9
    at processParams (E:\MY-Portfolio\skybridge\smart-plaza\smart-plaza\backend\node_modules\router\index.js:582:12)
    at next (E:\MY-Portfolio\skybridge\smart-plaza\smart-plaza\backend\node_modules\router\index.js:291:5)
    at E:\MY-Portfolio\skybridge\smart-plaza\smart-plaza\backend\server.js:114:3
    at Layer.handleRequest (E:\MY-Portfolio\skybridge\smart-plaza\smart-plaza\backend\node_modules\router\lib\layer.js:152:17)
    at trimPrefix (E:\MY-Portfolio\skybridge\smart-plaza\smart-plaza\backend\node_modules\router\index.js:342:13)
    at E:\MY-Portfolio\skybridge\smart-plaza\smart-plaza\backend\node_modules\router\index.js:297:9

2026-07-29T20:54:15.603Z
Error: Not Found - /api/routes
    at notFound (E:\MY-Portfolio\lovable\smart-plaza-main\backend\middleware\errorMiddleware.js:2:17)
    at Layer.handleRequest (E:\MY-Portfolio\lovable\smart-plaza-main\backend\node_modules\router\lib\layer.js:152:17)
    at trimPrefix (E:\MY-Portfolio\lovable\smart-plaza-main\backend\node_modules\router\index.js:342:13)
    at E:\MY-Portfolio\lovable\smart-plaza-main\backend\node_modules\router\index.js:297:9
    at processParams (E:\MY-Portfolio\lovable\smart-plaza-main\backend\node_modules\router\index.js:582:12)
    at next (E:\MY-Portfolio\lovable\smart-plaza-main\backend\node_modules\router\index.js:291:5)
    at E:\MY-Portfolio\lovable\smart-plaza-main\backend\server.js:114:3
    at Layer.handleRequest (E:\MY-Portfolio\lovable\smart-plaza-main\backend\node_modules\router\lib\layer.js:152:17)
    at trimPrefix (E:\MY-Portfolio\lovable\smart-plaza-main\backend\node_modules\router\index.js:342:13)
    at E:\MY-Portfolio\lovable\smart-plaza-main\backend\node_modules\router\index.js:297:9

2026-07-29T20:54:16.687Z
Error: Not Found - /api/routes
    at notFound (E:\MY-Portfolio\lovable\smart-plaza-main\backend\middleware\errorMiddleware.js:2:17)
    at Layer.handleRequest (E:\MY-Portfolio\lovable\smart-plaza-main\backend\node_modules\router\lib\layer.js:152:17)
    at trimPrefix (E:\MY-Portfolio\lovable\smart-plaza-main\backend\node_modules\router\index.js:342:13)
    at E:\MY-Portfolio\lovable\smart-plaza-main\backend\node_modules\router\index.js:297:9
    at processParams (E:\MY-Portfolio\lovable\smart-plaza-main\backend\node_modules\router\index.js:582:12)
    at next (E:\MY-Portfolio\lovable\smart-plaza-main\backend\node_modules\router\index.js:291:5)
    at E:\MY-Portfolio\lovable\smart-plaza-main\backend\server.js:114:3
    at Layer.handleRequest (E:\MY-Portfolio\lovable\smart-plaza-main\backend\node_modules\router\lib\layer.js:152:17)
    at trimPrefix (E:\MY-Portfolio\lovable\smart-plaza-main\backend\node_modules\router\index.js:342:13)
    at E:\MY-Portfolio\lovable\smart-plaza-main\backend\node_modules\router\index.js:297:9

2026-07-29T21:28:11.234Z
Error: Not Found - /api/routes
    at notFound (E:\MY-Portfolio\lovable\smart-plaza-main\backend\middleware\errorMiddleware.js:2:17)
    at Layer.handleRequest (E:\MY-Portfolio\lovable\smart-plaza-main\backend\node_modules\router\lib\layer.js:152:17)
    at trimPrefix (E:\MY-Portfolio\lovable\smart-plaza-main\backend\node_modules\router\index.js:342:13)
    at E:\MY-Portfolio\lovable\smart-plaza-main\backend\node_modules\router\index.js:297:9
    at processParams (E:\MY-Portfolio\lovable\smart-plaza-main\backend\node_modules\router\index.js:582:12)
    at next (E:\MY-Portfolio\lovable\smart-plaza-main\backend\node_modules\router\index.js:291:5)
    at E:\MY-Portfolio\lovable\smart-plaza-main\backend\server.js:114:3
    at Layer.handleRequest (E:\MY-Portfolio\lovable\smart-plaza-main\backend\node_modules\router\lib\layer.js:152:17)
    at trimPrefix (E:\MY-Portfolio\lovable\smart-plaza-main\backend\node_modules\router\index.js:342:13)
    at E:\MY-Portfolio\lovable\smart-plaza-main\backend\node_modules\router\index.js:297:9

2026-07-29T21:49:12.249Z
Error: Not Found - /api/routes
    at notFound (E:\MY-Portfolio\lovable\smart-plaza-main\backend\middleware\errorMiddleware.js:2:17)
    at Layer.handleRequest (E:\MY-Portfolio\lovable\smart-plaza-main\backend\node_modules\router\lib\layer.js:152:17)
    at trimPrefix (E:\MY-Portfolio\lovable\smart-plaza-main\backend\node_modules\router\index.js:342:13)
    at E:\MY-Portfolio\lovable\smart-plaza-main\backend\node_modules\router\index.js:297:9
    at processParams (E:\MY-Portfolio\lovable\smart-plaza-main\backend\node_modules\router\index.js:582:12)
    at next (E:\MY-Portfolio\lovable\smart-plaza-main\backend\node_modules\router\index.js:291:5)
    at E:\MY-Portfolio\lovable\smart-plaza-main\backend\server.js:114:3
    at Layer.handleRequest (E:\MY-Portfolio\lovable\smart-plaza-main\backend\node_modules\router\lib\layer.js:152:17)
    at trimPrefix (E:\MY-Portfolio\lovable\smart-plaza-main\backend\node_modules\router\index.js:342:13)
    at E:\MY-Portfolio\lovable\smart-plaza-main\backend\node_modules\router\index.js:297:9

2026-07-30T14:38:17.016Z
Error: Not Found - /api/routes
    at notFound (E:\MY-Portfolio\lovable\smart-plaza-main\backend\middleware\errorMiddleware.js:2:17)
    at Layer.handleRequest (E:\MY-Portfolio\lovable\smart-plaza-main\backend\node_modules\router\lib\layer.js:152:17)
    at trimPrefix (E:\MY-Portfolio\lovable\smart-plaza-main\backend\node_modules\router\index.js:342:13)
    at E:\MY-Portfolio\lovable\smart-plaza-main\backend\node_modules\router\index.js:297:9
    at processParams (E:\MY-Portfolio\lovable\smart-plaza-main\backend\node_modules\router\index.js:582:12)
    at next (E:\MY-Portfolio\lovable\smart-plaza-main\backend\node_modules\router\index.js:291:5)
    at E:\MY-Portfolio\lovable\smart-plaza-main\backend\server.js:114:3
    at Layer.handleRequest (E:\MY-Portfolio\lovable\smart-plaza-main\backend\node_modules\router\lib\layer.js:152:17)
    at trimPrefix (E:\MY-Portfolio\lovable\smart-plaza-main\backend\node_modules\router\index.js:342:13)
    at E:\MY-Portfolio\lovable\smart-plaza-main\backend\node_modules\router\index.js:297:9

2026-07-30T15:00:41.379Z
Error: Not Found - /api/routes
    at notFound (E:\MY-Portfolio\lovable\smart-plaza-main\backend\middleware\errorMiddleware.js:2:17)
    at Layer.handleRequest (E:\MY-Portfolio\lovable\smart-plaza-main\backend\node_modules\router\lib\layer.js:152:17)
    at trimPrefix (E:\MY-Portfolio\lovable\smart-plaza-main\backend\node_modules\router\index.js:342:13)
    at E:\MY-Portfolio\lovable\smart-plaza-main\backend\node_modules\router\index.js:297:9
    at processParams (E:\MY-Portfolio\lovable\smart-plaza-main\backend\node_modules\router\index.js:582:12)
    at next (E:\MY-Portfolio\lovable\smart-plaza-main\backend\node_modules\router\index.js:291:5)
    at E:\MY-Portfolio\lovable\smart-plaza-main\backend\server.js:114:3
    at Layer.handleRequest (E:\MY-Portfolio\lovable\smart-plaza-main\backend\node_modules\router\lib\layer.js:152:17)
    at trimPrefix (E:\MY-Portfolio\lovable\smart-plaza-main\backend\node_modules\router\index.js:342:13)
    at E:\MY-Portfolio\lovable\smart-plaza-main\backend\node_modules\router\index.js:297:9

2026-07-30T15:00:42.460Z
Error: Not Found - /api/routes
    at notFound (E:\MY-Portfolio\lovable\smart-plaza-main\backend\middleware\errorMiddleware.js:2:17)
    at Layer.handleRequest (E:\MY-Portfolio\lovable\smart-plaza-main\backend\node_modules\router\lib\layer.js:152:17)
    at trimPrefix (E:\MY-Portfolio\lovable\smart-plaza-main\backend\node_modules\router\index.js:342:13)
    at E:\MY-Portfolio\lovable\smart-plaza-main\backend\node_modules\router\index.js:297:9
    at processParams (E:\MY-Portfolio\lovable\smart-plaza-main\backend\node_modules\router\index.js:582:12)
    at next (E:\MY-Portfolio\lovable\smart-plaza-main\backend\node_modules\router\index.js:291:5)
    at E:\MY-Portfolio\lovable\smart-plaza-main\backend\server.js:114:3
    at Layer.handleRequest (E:\MY-Portfolio\lovable\smart-plaza-main\backend\node_modules\router\lib\layer.js:152:17)
    at trimPrefix (E:\MY-Portfolio\lovable\smart-plaza-main\backend\node_modules\router\index.js:342:13)
    at E:\MY-Portfolio\lovable\smart-plaza-main\backend\node_modules\router\index.js:297:9

2026-07-30T16:37:57.889Z
Error: Not Found - /api/routes
    at notFound (E:\MY-Portfolio\lovable\smart-plaza-main\backend\middleware\errorMiddleware.js:2:17)
    at Layer.handleRequest (E:\MY-Portfolio\lovable\smart-plaza-main\backend\node_modules\router\lib\layer.js:152:17)
    at trimPrefix (E:\MY-Portfolio\lovable\smart-plaza-main\backend\node_modules\router\index.js:342:13)
    at E:\MY-Portfolio\lovable\smart-plaza-main\backend\node_modules\router\index.js:297:9
    at processParams (E:\MY-Portfolio\lovable\smart-plaza-main\backend\node_modules\router\index.js:582:12)
    at next (E:\MY-Portfolio\lovable\smart-plaza-main\backend\node_modules\router\index.js:291:5)
    at E:\MY-Portfolio\lovable\smart-plaza-main\backend\server.js:114:3
    at Layer.handleRequest (E:\MY-Portfolio\lovable\smart-plaza-main\backend\node_modules\router\lib\layer.js:152:17)
    at trimPrefix (E:\MY-Portfolio\lovable\smart-plaza-main\backend\node_modules\router\index.js:342:13)
    at E:\MY-Portfolio\lovable\smart-plaza-main\backend\node_modules\router\index.js:297:9

2026-07-30T16:37:58.927Z
Error: Not Found - /api/routes
    at notFound (E:\MY-Portfolio\lovable\smart-plaza-main\backend\middleware\errorMiddleware.js:2:17)
    at Layer.handleRequest (E:\MY-Portfolio\lovable\smart-plaza-main\backend\node_modules\router\lib\layer.js:152:17)
    at trimPrefix (E:\MY-Portfolio\lovable\smart-plaza-main\backend\node_modules\router\index.js:342:13)
    at E:\MY-Portfolio\lovable\smart-plaza-main\backend\node_modules\router\index.js:297:9
    at processParams (E:\MY-Portfolio\lovable\smart-plaza-main\backend\node_modules\router\index.js:582:12)
    at next (E:\MY-Portfolio\lovable\smart-plaza-main\backend\node_modules\router\index.js:291:5)
    at E:\MY-Portfolio\lovable\smart-plaza-main\backend\server.js:114:3
    at Layer.handleRequest (E:\MY-Portfolio\lovable\smart-plaza-main\backend\node_modules\router\lib\layer.js:152:17)
    at trimPrefix (E:\MY-Portfolio\lovable\smart-plaza-main\backend\node_modules\router\index.js:342:13)
    at E:\MY-Portfolio\lovable\smart-plaza-main\backend\node_modules\router\index.js:297:9

2026-07-30T16:38:19.451Z
Error: Not Found - /api/routes
    at notFound (E:\MY-Portfolio\lovable\smart-plaza-main\backend\middleware\errorMiddleware.js:2:17)
    at Layer.handleRequest (E:\MY-Portfolio\lovable\smart-plaza-main\backend\node_modules\router\lib\layer.js:152:17)
    at trimPrefix (E:\MY-Portfolio\lovable\smart-plaza-main\backend\node_modules\router\index.js:342:13)
    at E:\MY-Portfolio\lovable\smart-plaza-main\backend\node_modules\router\index.js:297:9
    at processParams (E:\MY-Portfolio\lovable\smart-plaza-main\backend\node_modules\router\index.js:582:12)
    at next (E:\MY-Portfolio\lovable\smart-plaza-main\backend\node_modules\router\index.js:291:5)
    at E:\MY-Portfolio\lovable\smart-plaza-main\backend\server.js:114:3
    at Layer.handleRequest (E:\MY-Portfolio\lovable\smart-plaza-main\backend\node_modules\router\lib\layer.js:152:17)
    at trimPrefix (E:\MY-Portfolio\lovable\smart-plaza-main\backend\node_modules\router\index.js:342:13)
    at E:\MY-Portfolio\lovable\smart-plaza-main\backend\node_modules\router\index.js:297:9

2026-07-30T18:54:05.735Z
Error: Not Found - /api/routes
    at notFound (E:\MY-Portfolio\lovable\smart-plaza-main\backend\middleware\errorMiddleware.js:2:17)
    at Layer.handleRequest (E:\MY-Portfolio\lovable\smart-plaza-main\backend\node_modules\router\lib\layer.js:152:17)
    at trimPrefix (E:\MY-Portfolio\lovable\smart-plaza-main\backend\node_modules\router\index.js:342:13)
    at E:\MY-Portfolio\lovable\smart-plaza-main\backend\node_modules\router\index.js:297:9
    at processParams (E:\MY-Portfolio\lovable\smart-plaza-main\backend\node_modules\router\index.js:582:12)
    at next (E:\MY-Portfolio\lovable\smart-plaza-main\backend\node_modules\router\index.js:291:5)
    at E:\MY-Portfolio\lovable\smart-plaza-main\backend\server.js:114:3
    at Layer.handleRequest (E:\MY-Portfolio\lovable\smart-plaza-main\backend\node_modules\router\lib\layer.js:152:17)
    at trimPrefix (E:\MY-Portfolio\lovable\smart-plaza-main\backend\node_modules\router\index.js:342:13)
    at E:\MY-Portfolio\lovable\smart-plaza-main\backend\node_modules\router\index.js:297:9

2026-07-30T18:54:06.792Z
Error: Not Found - /api/routes
    at notFound (E:\MY-Portfolio\lovable\smart-plaza-main\backend\middleware\errorMiddleware.js:2:17)
    at Layer.handleRequest (E:\MY-Portfolio\lovable\smart-plaza-main\backend\node_modules\router\lib\layer.js:152:17)
    at trimPrefix (E:\MY-Portfolio\lovable\smart-plaza-main\backend\node_modules\router\index.js:342:13)
    at E:\MY-Portfolio\lovable\smart-plaza-main\backend\node_modules\router\index.js:297:9
    at processParams (E:\MY-Portfolio\lovable\smart-plaza-main\backend\node_modules\router\index.js:582:12)
    at next (E:\MY-Portfolio\lovable\smart-plaza-main\backend\node_modules\router\index.js:291:5)
    at E:\MY-Portfolio\lovable\smart-plaza-main\backend\server.js:114:3
    at Layer.handleRequest (E:\MY-Portfolio\lovable\smart-plaza-main\backend\node_modules\router\lib\layer.js:152:17)
    at trimPrefix (E:\MY-Portfolio\lovable\smart-plaza-main\backend\node_modules\router\index.js:342:13)
    at E:\MY-Portfolio\lovable\smart-plaza-main\backend\node_modules\router\index.js:297:9

2026-07-30T18:55:21.743Z
Error: Not Found - /api/routes
    at notFound (E:\MY-Portfolio\lovable\smart-plaza-main\backend\middleware\errorMiddleware.js:2:17)
    at Layer.handleRequest (E:\MY-Portfolio\lovable\smart-plaza-main\backend\node_modules\router\lib\layer.js:152:17)
    at trimPrefix (E:\MY-Portfolio\lovable\smart-plaza-main\backend\node_modules\router\index.js:342:13)
    at E:\MY-Portfolio\lovable\smart-plaza-main\backend\node_modules\router\index.js:297:9
    at processParams (E:\MY-Portfolio\lovable\smart-plaza-main\backend\node_modules\router\index.js:582:12)
    at next (E:\MY-Portfolio\lovable\smart-plaza-main\backend\node_modules\router\index.js:291:5)
    at E:\MY-Portfolio\lovable\smart-plaza-main\backend\server.js:114:3
    at Layer.handleRequest (E:\MY-Portfolio\lovable\smart-plaza-main\backend\node_modules\router\lib\layer.js:152:17)
    at trimPrefix (E:\MY-Portfolio\lovable\smart-plaza-main\backend\node_modules\router\index.js:342:13)
    at E:\MY-Portfolio\lovable\smart-plaza-main\backend\node_modules\router\index.js:297:9

2026-07-30T18:55:22.756Z
Error: Not Found - /api/routes
    at notFound (E:\MY-Portfolio\lovable\smart-plaza-main\backend\middleware\errorMiddleware.js:2:17)
    at Layer.handleRequest (E:\MY-Portfolio\lovable\smart-plaza-main\backend\node_modules\router\lib\layer.js:152:17)
    at trimPrefix (E:\MY-Portfolio\lovable\smart-plaza-main\backend\node_modules\router\index.js:342:13)
    at E:\MY-Portfolio\lovable\smart-plaza-main\backend\node_modules\router\index.js:297:9
    at processParams (E:\MY-Portfolio\lovable\smart-plaza-main\backend\node_modules\router\index.js:582:12)
    at next (E:\MY-Portfolio\lovable\smart-plaza-main\backend\node_modules\router\index.js:291:5)
    at E:\MY-Portfolio\lovable\smart-plaza-main\backend\server.js:114:3
    at Layer.handleRequest (E:\MY-Portfolio\lovable\smart-plaza-main\backend\node_modules\router\lib\layer.js:152:17)
    at trimPrefix (E:\MY-Portfolio\lovable\smart-plaza-main\backend\node_modules\router\index.js:342:13)
    at E:\MY-Portfolio\lovable\smart-plaza-main\backend\node_modules\router\index.js:297:9

2026-07-30T19:36:48.554Z
Error: Not Found - /api/routes
    at notFound (E:\MY-Portfolio\lovable\smart-plaza-main\backend\middleware\errorMiddleware.js:2:17)
    at Layer.handleRequest (E:\MY-Portfolio\lovable\smart-plaza-main\backend\node_modules\router\lib\layer.js:152:17)
    at trimPrefix (E:\MY-Portfolio\lovable\smart-plaza-main\backend\node_modules\router\index.js:342:13)
    at E:\MY-Portfolio\lovable\smart-plaza-main\backend\node_modules\router\index.js:297:9
    at processParams (E:\MY-Portfolio\lovable\smart-plaza-main\backend\node_modules\router\index.js:582:12)
    at next (E:\MY-Portfolio\lovable\smart-plaza-main\backend\node_modules\router\index.js:291:5)
    at E:\MY-Portfolio\lovable\smart-plaza-main\backend\server.js:114:3
    at Layer.handleRequest (E:\MY-Portfolio\lovable\smart-plaza-main\backend\node_modules\router\lib\layer.js:152:17)
    at trimPrefix (E:\MY-Portfolio\lovable\smart-plaza-main\backend\node_modules\router\index.js:342:13)
    at E:\MY-Portfolio\lovable\smart-plaza-main\backend\node_modules\router\index.js:297:9

2026-07-30T20:45:09.450Z
MongoServerError: E11000 duplicate key error collection: smartplaza.categories index: name_1 dup key: { name: "REFRIGERATORS" }
    at InsertOneOperation.handleOk (E:\MY-Portfolio\lovable\smart-plaza-main\backend\node_modules\mongodb\lib\operations\insert.js:51:19)
    at executeOperationWithRetries (E:\MY-Portfolio\lovable\smart-plaza-main\backend\node_modules\mongodb\lib\operations\execute_operation.js:194:34)
    at process.processTicksAndRejections (node:internal/process/task_queues:104:5)
    at async executeOperation (E:\MY-Portfolio\lovable\smart-plaza-main\backend\node_modules\mongodb\lib\operations\execute_operation.js:83:16)
    at async Collection.insertOne (E:\MY-Portfolio\lovable\smart-plaza-main\backend\node_modules\mongodb\lib\collection.js:154:16)
    at async model.$__save (E:\MY-Portfolio\lovable\smart-plaza-main\backend\node_modules\mongoose\lib\model.js:434:16)
    at async maybeTracedSave (E:\MY-Portfolio\lovable\smart-plaza-main\backend\node_modules\mongoose\lib\model.js:675:7)
    at async model.create (E:\MY-Portfolio\lovable\smart-plaza-main\backend\node_modules\mongoose\lib\model.js:2763:5)
    at async E:\MY-Portfolio\lovable\smart-plaza-main\backend\controllers\categoryController.js:53:20

2026-07-30T21:06:02.675Z
MongoServerError: E11000 duplicate key error collection: smartplaza.categories index: name_1 dup key: { name: "AIR CONDITIONERS" }
    at InsertOneOperation.handleOk (E:\MY-Portfolio\lovable\smart-plaza-main\backend\node_modules\mongodb\lib\operations\insert.js:51:19)
    at executeOperationWithRetries (E:\MY-Portfolio\lovable\smart-plaza-main\backend\node_modules\mongodb\lib\operations\execute_operation.js:194:34)
    at process.processTicksAndRejections (node:internal/process/task_queues:104:5)
    at async executeOperation (E:\MY-Portfolio\lovable\smart-plaza-main\backend\node_modules\mongodb\lib\operations\execute_operation.js:83:16)
    at async Collection.insertOne (E:\MY-Portfolio\lovable\smart-plaza-main\backend\node_modules\mongodb\lib\collection.js:154:16)
    at async model.$__save (E:\MY-Portfolio\lovable\smart-plaza-main\backend\node_modules\mongoose\lib\model.js:434:16)
    at async maybeTracedSave (E:\MY-Portfolio\lovable\smart-plaza-main\backend\node_modules\mongoose\lib\model.js:675:7)
    at async model.create (E:\MY-Portfolio\lovable\smart-plaza-main\backend\node_modules\mongoose\lib\model.js:2763:5)
    at async E:\MY-Portfolio\lovable\smart-plaza-main\backend\controllers\categoryController.js:53:20

2026-07-30T21:06:22.312Z
MongoServerError: E11000 duplicate key error collection: smartplaza.categories index: name_1 dup key: { name: "AIR CONDITIONERS" }
    at InsertOneOperation.handleOk (E:\MY-Portfolio\lovable\smart-plaza-main\backend\node_modules\mongodb\lib\operations\insert.js:51:19)
    at executeOperationWithRetries (E:\MY-Portfolio\lovable\smart-plaza-main\backend\node_modules\mongodb\lib\operations\execute_operation.js:194:34)
    at process.processTicksAndRejections (node:internal/process/task_queues:104:5)
    at async executeOperation (E:\MY-Portfolio\lovable\smart-plaza-main\backend\node_modules\mongodb\lib\operations\execute_operation.js:83:16)
    at async Collection.insertOne (E:\MY-Portfolio\lovable\smart-plaza-main\backend\node_modules\mongodb\lib\collection.js:154:16)
    at async model.$__save (E:\MY-Portfolio\lovable\smart-plaza-main\backend\node_modules\mongoose\lib\model.js:434:16)
    at async maybeTracedSave (E:\MY-Portfolio\lovable\smart-plaza-main\backend\node_modules\mongoose\lib\model.js:675:7)
    at async model.create (E:\MY-Portfolio\lovable\smart-plaza-main\backend\node_modules\mongoose\lib\model.js:2763:5)
    at async E:\MY-Portfolio\lovable\smart-plaza-main\backend\controllers\categoryController.js:53:20

2026-07-30T21:06:29.655Z
MongoServerError: E11000 duplicate key error collection: smartplaza.categories index: name_1 dup key: { name: "AIR CONDITIONERS" }
    at InsertOneOperation.handleOk (E:\MY-Portfolio\lovable\smart-plaza-main\backend\node_modules\mongodb\lib\operations\insert.js:51:19)
    at executeOperationWithRetries (E:\MY-Portfolio\lovable\smart-plaza-main\backend\node_modules\mongodb\lib\operations\execute_operation.js:194:34)
    at process.processTicksAndRejections (node:internal/process/task_queues:104:5)
    at async executeOperation (E:\MY-Portfolio\lovable\smart-plaza-main\backend\node_modules\mongodb\lib\operations\execute_operation.js:83:16)
    at async Collection.insertOne (E:\MY-Portfolio\lovable\smart-plaza-main\backend\node_modules\mongodb\lib\collection.js:154:16)
    at async model.$__save (E:\MY-Portfolio\lovable\smart-plaza-main\backend\node_modules\mongoose\lib\model.js:434:16)
    at async maybeTracedSave (E:\MY-Portfolio\lovable\smart-plaza-main\backend\node_modules\mongoose\lib\model.js:675:7)
    at async model.create (E:\MY-Portfolio\lovable\smart-plaza-main\backend\node_modules\mongoose\lib\model.js:2763:5)
    at async E:\MY-Portfolio\lovable\smart-plaza-main\backend\controllers\categoryController.js:53:20

2026-07-30T21:07:28.544Z
MongoServerError: E11000 duplicate key error collection: smartplaza.categories index: name_1 dup key: { name: "AIR CONDITIONERS" }
    at InsertOneOperation.handleOk (E:\MY-Portfolio\lovable\smart-plaza-main\backend\node_modules\mongodb\lib\operations\insert.js:51:19)
    at executeOperationWithRetries (E:\MY-Portfolio\lovable\smart-plaza-main\backend\node_modules\mongodb\lib\operations\execute_operation.js:194:34)
    at process.processTicksAndRejections (node:internal/process/task_queues:104:5)
    at async executeOperation (E:\MY-Portfolio\lovable\smart-plaza-main\backend\node_modules\mongodb\lib\operations\execute_operation.js:83:16)
    at async Collection.insertOne (E:\MY-Portfolio\lovable\smart-plaza-main\backend\node_modules\mongodb\lib\collection.js:154:16)
    at async model.$__save (E:\MY-Portfolio\lovable\smart-plaza-main\backend\node_modules\mongoose\lib\model.js:434:16)
    at async maybeTracedSave (E:\MY-Portfolio\lovable\smart-plaza-main\backend\node_modules\mongoose\lib\model.js:675:7)
    at async model.create (E:\MY-Portfolio\lovable\smart-plaza-main\backend\node_modules\mongoose\lib\model.js:2763:5)
    at async E:\MY-Portfolio\lovable\smart-plaza-main\backend\controllers\categoryController.js:53:20

2026-07-30T22:23:53.013Z
ValidationError: Product validation failed: name: Product name cannot exceed 100 characters
    at model.validate (E:\MY-Portfolio\lovable\smart-plaza-main\backend\node_modules\mongoose\lib\document.js:2880:36)
    at process.processTicksAndRejections (node:internal/process/task_queues:104:5)
    at async model.$__save (E:\MY-Portfolio\lovable\smart-plaza-main\backend\node_modules\mongoose\lib\model.js:399:7)
    at async maybeTracedSave (E:\MY-Portfolio\lovable\smart-plaza-main\backend\node_modules\mongoose\lib\model.js:675:7)
    at async model.create (E:\MY-Portfolio\lovable\smart-plaza-main\backend\node_modules\mongoose\lib\model.js:2763:5)
    at async E:\MY-Portfolio\lovable\smart-plaza-main\backend\controllers\productController.js:114:19

2026-07-30T22:24:31.546Z
ValidationError: Product validation failed: name: Product name cannot exceed 100 characters
    at model.validate (E:\MY-Portfolio\lovable\smart-plaza-main\backend\node_modules\mongoose\lib\document.js:2880:36)
    at process.processTicksAndRejections (node:internal/process/task_queues:104:5)
    at async model.$__save (E:\MY-Portfolio\lovable\smart-plaza-main\backend\node_modules\mongoose\lib\model.js:399:7)
    at async maybeTracedSave (E:\MY-Portfolio\lovable\smart-plaza-main\backend\node_modules\mongoose\lib\model.js:675:7)
    at async model.create (E:\MY-Portfolio\lovable\smart-plaza-main\backend\node_modules\mongoose\lib\model.js:2763:5)
    at async E:\MY-Portfolio\lovable\smart-plaza-main\backend\controllers\productController.js:114:19

2026-07-30T22:42:54.046Z
Error: Not Found - /api/routes
    at notFound (E:\MY-Portfolio\lovable\smart-plaza-main\backend\middleware\errorMiddleware.js:2:17)
    at Layer.handleRequest (E:\MY-Portfolio\lovable\smart-plaza-main\backend\node_modules\router\lib\layer.js:152:17)
    at trimPrefix (E:\MY-Portfolio\lovable\smart-plaza-main\backend\node_modules\router\index.js:342:13)
    at E:\MY-Portfolio\lovable\smart-plaza-main\backend\node_modules\router\index.js:297:9
    at processParams (E:\MY-Portfolio\lovable\smart-plaza-main\backend\node_modules\router\index.js:582:12)
    at next (E:\MY-Portfolio\lovable\smart-plaza-main\backend\node_modules\router\index.js:291:5)
    at E:\MY-Portfolio\lovable\smart-plaza-main\backend\server.js:114:3
    at Layer.handleRequest (E:\MY-Portfolio\lovable\smart-plaza-main\backend\node_modules\router\lib\layer.js:152:17)
    at trimPrefix (E:\MY-Portfolio\lovable\smart-plaza-main\backend\node_modules\router\index.js:342:13)
    at E:\MY-Portfolio\lovable\smart-plaza-main\backend\node_modules\router\index.js:297:9

2026-07-30T22:42:55.098Z
Error: Not Found - /api/routes
    at notFound (E:\MY-Portfolio\lovable\smart-plaza-main\backend\middleware\errorMiddleware.js:2:17)
    at Layer.handleRequest (E:\MY-Portfolio\lovable\smart-plaza-main\backend\node_modules\router\lib\layer.js:152:17)
    at trimPrefix (E:\MY-Portfolio\lovable\smart-plaza-main\backend\node_modules\router\index.js:342:13)
    at E:\MY-Portfolio\lovable\smart-plaza-main\backend\node_modules\router\index.js:297:9
    at processParams (E:\MY-Portfolio\lovable\smart-plaza-main\backend\node_modules\router\index.js:582:12)
    at next (E:\MY-Portfolio\lovable\smart-plaza-main\backend\node_modules\router\index.js:291:5)
    at E:\MY-Portfolio\lovable\smart-plaza-main\backend\server.js:114:3
    at Layer.handleRequest (E:\MY-Portfolio\lovable\smart-plaza-main\backend\node_modules\router\lib\layer.js:152:17)
    at trimPrefix (E:\MY-Portfolio\lovable\smart-plaza-main\backend\node_modules\router\index.js:342:13)
    at E:\MY-Portfolio\lovable\smart-plaza-main\backend\node_modules\router\index.js:297:9

2026-07-30T22:48:13.826Z
Error: Not Found - /api/routes
    at notFound (E:\MY-Portfolio\lovable\smart-plaza-main\backend\middleware\errorMiddleware.js:2:17)
    at Layer.handleRequest (E:\MY-Portfolio\lovable\smart-plaza-main\backend\node_modules\router\lib\layer.js:152:17)
    at trimPrefix (E:\MY-Portfolio\lovable\smart-plaza-main\backend\node_modules\router\index.js:342:13)
    at E:\MY-Portfolio\lovable\smart-plaza-main\backend\node_modules\router\index.js:297:9
    at processParams (E:\MY-Portfolio\lovable\smart-plaza-main\backend\node_modules\router\index.js:582:12)
    at next (E:\MY-Portfolio\lovable\smart-plaza-main\backend\node_modules\router\index.js:291:5)
    at E:\MY-Portfolio\lovable\smart-plaza-main\backend\server.js:114:3
    at Layer.handleRequest (E:\MY-Portfolio\lovable\smart-plaza-main\backend\node_modules\router\lib\layer.js:152:17)
    at trimPrefix (E:\MY-Portfolio\lovable\smart-plaza-main\backend\node_modules\router\index.js:342:13)
    at E:\MY-Portfolio\lovable\smart-plaza-main\backend\node_modules\router\index.js:297:9

2026-07-30T22:48:14.879Z
Error: Not Found - /api/routes
    at notFound (E:\MY-Portfolio\lovable\smart-plaza-main\backend\middleware\errorMiddleware.js:2:17)
    at Layer.handleRequest (E:\MY-Portfolio\lovable\smart-plaza-main\backend\node_modules\router\lib\layer.js:152:17)
    at trimPrefix (E:\MY-Portfolio\lovable\smart-plaza-main\backend\node_modules\router\index.js:342:13)
    at E:\MY-Portfolio\lovable\smart-plaza-main\backend\node_modules\router\index.js:297:9
    at processParams (E:\MY-Portfolio\lovable\smart-plaza-main\backend\node_modules\router\index.js:582:12)
    at next (E:\MY-Portfolio\lovable\smart-plaza-main\backend\node_modules\router\index.js:291:5)
    at E:\MY-Portfolio\lovable\smart-plaza-main\backend\server.js:114:3
    at Layer.handleRequest (E:\MY-Portfolio\lovable\smart-plaza-main\backend\node_modules\router\lib\layer.js:152:17)
    at trimPrefix (E:\MY-Portfolio\lovable\smart-plaza-main\backend\node_modules\router\index.js:342:13)
    at E:\MY-Portfolio\lovable\smart-plaza-main\backend\node_modules\router\index.js:297:9

2026-07-30T23:27:17.724Z
Error: Not Found - /api/routes
    at notFound (E:\MY-Portfolio\lovable\smart-plaza-main\backend\middleware\errorMiddleware.js:2:17)
    at Layer.handleRequest (E:\MY-Portfolio\lovable\smart-plaza-main\backend\node_modules\router\lib\layer.js:152:17)
    at trimPrefix (E:\MY-Portfolio\lovable\smart-plaza-main\backend\node_modules\router\index.js:342:13)
    at E:\MY-Portfolio\lovable\smart-plaza-main\backend\node_modules\router\index.js:297:9
    at processParams (E:\MY-Portfolio\lovable\smart-plaza-main\backend\node_modules\router\index.js:582:12)
    at next (E:\MY-Portfolio\lovable\smart-plaza-main\backend\node_modules\router\index.js:291:5)
    at E:\MY-Portfolio\lovable\smart-plaza-main\backend\server.js:114:3
    at Layer.handleRequest (E:\MY-Portfolio\lovable\smart-plaza-main\backend\node_modules\router\lib\layer.js:152:17)
    at trimPrefix (E:\MY-Portfolio\lovable\smart-plaza-main\backend\node_modules\router\index.js:342:13)
    at E:\MY-Portfolio\lovable\smart-plaza-main\backend\node_modules\router\index.js:297:9

2026-07-30T23:27:18.821Z
Error: Not Found - /api/routes
    at notFound (E:\MY-Portfolio\lovable\smart-plaza-main\backend\middleware\errorMiddleware.js:2:17)
    at Layer.handleRequest (E:\MY-Portfolio\lovable\smart-plaza-main\backend\node_modules\router\lib\layer.js:152:17)
    at trimPrefix (E:\MY-Portfolio\lovable\smart-plaza-main\backend\node_modules\router\index.js:342:13)
    at E:\MY-Portfolio\lovable\smart-plaza-main\backend\node_modules\router\index.js:297:9
    at processParams (E:\MY-Portfolio\lovable\smart-plaza-main\backend\node_modules\router\index.js:582:12)
    at next (E:\MY-Portfolio\lovable\smart-plaza-main\backend\node_modules\router\index.js:291:5)
    at E:\MY-Portfolio\lovable\smart-plaza-main\backend\server.js:114:3
    at Layer.handleRequest (E:\MY-Portfolio\lovable\smart-plaza-main\backend\node_modules\router\lib\layer.js:152:17)
    at trimPrefix (E:\MY-Portfolio\lovable\smart-plaza-main\backend\node_modules\router\index.js:342:13)
    at E:\MY-Portfolio\lovable\smart-plaza-main\backend\node_modules\router\index.js:297:9

2026-07-31T06:49:20.951Z
MongoServerError: E11000 duplicate key error collection: smartplaza.categories index: name_1 dup key: { name: "Accessories" }
    at InsertOneOperation.handleOk (E:\MY-Portfolio\lovable\smart-plaza-main\backend\node_modules\mongodb\lib\operations\insert.js:51:19)
    at executeOperationWithRetries (E:\MY-Portfolio\lovable\smart-plaza-main\backend\node_modules\mongodb\lib\operations\execute_operation.js:194:34)
    at process.processTicksAndRejections (node:internal/process/task_queues:104:5)
    at async executeOperation (E:\MY-Portfolio\lovable\smart-plaza-main\backend\node_modules\mongodb\lib\operations\execute_operation.js:83:16)
    at async Collection.insertOne (E:\MY-Portfolio\lovable\smart-plaza-main\backend\node_modules\mongodb\lib\collection.js:154:16)
    at async model.$__save (E:\MY-Portfolio\lovable\smart-plaza-main\backend\node_modules\mongoose\lib\model.js:434:16)
    at async maybeTracedSave (E:\MY-Portfolio\lovable\smart-plaza-main\backend\node_modules\mongoose\lib\model.js:675:7)
    at async model.create (E:\MY-Portfolio\lovable\smart-plaza-main\backend\node_modules\mongoose\lib\model.js:2763:5)
    at async E:\MY-Portfolio\lovable\smart-plaza-main\backend\controllers\categoryController.js:53:20

2026-07-31T06:49:34.299Z
MongoServerError: E11000 duplicate key error collection: smartplaza.categories index: name_1 dup key: { name: "Accessories" }
    at InsertOneOperation.handleOk (E:\MY-Portfolio\lovable\smart-plaza-main\backend\node_modules\mongodb\lib\operations\insert.js:51:19)
    at executeOperationWithRetries (E:\MY-Portfolio\lovable\smart-plaza-main\backend\node_modules\mongodb\lib\operations\execute_operation.js:194:34)
    at process.processTicksAndRejections (node:internal/process/task_queues:104:5)
    at async executeOperation (E:\MY-Portfolio\lovable\smart-plaza-main\backend\node_modules\mongodb\lib\operations\execute_operation.js:83:16)
    at async Collection.insertOne (E:\MY-Portfolio\lovable\smart-plaza-main\backend\node_modules\mongodb\lib\collection.js:154:16)
    at async model.$__save (E:\MY-Portfolio\lovable\smart-plaza-main\backend\node_modules\mongoose\lib\model.js:434:16)
    at async maybeTracedSave (E:\MY-Portfolio\lovable\smart-plaza-main\backend\node_modules\mongoose\lib\model.js:675:7)
    at async model.create (E:\MY-Portfolio\lovable\smart-plaza-main\backend\node_modules\mongoose\lib\model.js:2763:5)
    at async E:\MY-Portfolio\lovable\smart-plaza-main\backend\controllers\categoryController.js:53:20

2026-07-31T06:50:20.491Z
ValidationError: Unit validation failed: symbol: Unit symbol cannot exceed 10 characters
    at model.validate (E:\MY-Portfolio\lovable\smart-plaza-main\backend\node_modules\mongoose\lib\document.js:2880:36)
    at process.processTicksAndRejections (node:internal/process/task_queues:104:5)
    at async model.$__save (E:\MY-Portfolio\lovable\smart-plaza-main\backend\node_modules\mongoose\lib\model.js:399:7)
    at async maybeTracedSave (E:\MY-Portfolio\lovable\smart-plaza-main\backend\node_modules\mongoose\lib\model.js:675:7)
    at async model.create (E:\MY-Portfolio\lovable\smart-plaza-main\backend\node_modules\mongoose\lib\model.js:2763:5)
    at async E:\MY-Portfolio\lovable\smart-plaza-main\backend\controllers\unitController.js:52:16

2026-07-31T06:52:15.585Z
MongoServerError: E11000 duplicate key error collection: smartplaza.units index: name_1 dup key: { name: "Piece" }
    at InsertOneOperation.handleOk (E:\MY-Portfolio\lovable\smart-plaza-main\backend\node_modules\mongodb\lib\operations\insert.js:51:19)
    at executeOperationWithRetries (E:\MY-Portfolio\lovable\smart-plaza-main\backend\node_modules\mongodb\lib\operations\execute_operation.js:194:34)
    at process.processTicksAndRejections (node:internal/process/task_queues:104:5)
    at async executeOperation (E:\MY-Portfolio\lovable\smart-plaza-main\backend\node_modules\mongodb\lib\operations\execute_operation.js:83:16)
    at async Collection.insertOne (E:\MY-Portfolio\lovable\smart-plaza-main\backend\node_modules\mongodb\lib\collection.js:154:16)
    at async model.$__save (E:\MY-Portfolio\lovable\smart-plaza-main\backend\node_modules\mongoose\lib\model.js:434:16)
    at async maybeTracedSave (E:\MY-Portfolio\lovable\smart-plaza-main\backend\node_modules\mongoose\lib\model.js:675:7)
    at async model.create (E:\MY-Portfolio\lovable\smart-plaza-main\backend\node_modules\mongoose\lib\model.js:2763:5)
    at async E:\MY-Portfolio\lovable\smart-plaza-main\backend\controllers\unitController.js:52:16

2026-07-31T06:52:23.467Z
MongoServerError: E11000 duplicate key error collection: smartplaza.units index: name_1 dup key: { name: "Piece" }
    at InsertOneOperation.handleOk (E:\MY-Portfolio\lovable\smart-plaza-main\backend\node_modules\mongodb\lib\operations\insert.js:51:19)
    at executeOperationWithRetries (E:\MY-Portfolio\lovable\smart-plaza-main\backend\node_modules\mongodb\lib\operations\execute_operation.js:194:34)
    at process.processTicksAndRejections (node:internal/process/task_queues:104:5)
    at async executeOperation (E:\MY-Portfolio\lovable\smart-plaza-main\backend\node_modules\mongodb\lib\operations\execute_operation.js:83:16)
    at async Collection.insertOne (E:\MY-Portfolio\lovable\smart-plaza-main\backend\node_modules\mongodb\lib\collection.js:154:16)
    at async model.$__save (E:\MY-Portfolio\lovable\smart-plaza-main\backend\node_modules\mongoose\lib\model.js:434:16)
    at async maybeTracedSave (E:\MY-Portfolio\lovable\smart-plaza-main\backend\node_modules\mongoose\lib\model.js:675:7)
    at async model.create (E:\MY-Portfolio\lovable\smart-plaza-main\backend\node_modules\mongoose\lib\model.js:2763:5)
    at async E:\MY-Portfolio\lovable\smart-plaza-main\backend\controllers\unitController.js:52:16

2026-07-31T06:58:14.192Z
MongoServerError: E11000 duplicate key error collection: smartplaza.categories index: name_1 dup key: { name: "Accessories" }
    at InsertOneOperation.handleOk (E:\MY-Portfolio\lovable\smart-plaza-main\backend\node_modules\mongodb\lib\operations\insert.js:51:19)
    at executeOperationWithRetries (E:\MY-Portfolio\lovable\smart-plaza-main\backend\node_modules\mongodb\lib\operations\execute_operation.js:194:34)
    at process.processTicksAndRejections (node:internal/process/task_queues:104:5)
    at async executeOperation (E:\MY-Portfolio\lovable\smart-plaza-main\backend\node_modules\mongodb\lib\operations\execute_operation.js:83:16)
    at async Collection.insertOne (E:\MY-Portfolio\lovable\smart-plaza-main\backend\node_modules\mongodb\lib\collection.js:154:16)
    at async model.$__save (E:\MY-Portfolio\lovable\smart-plaza-main\backend\node_modules\mongoose\lib\model.js:434:16)
    at async maybeTracedSave (E:\MY-Portfolio\lovable\smart-plaza-main\backend\node_modules\mongoose\lib\model.js:675:7)
    at async model.create (E:\MY-Portfolio\lovable\smart-plaza-main\backend\node_modules\mongoose\lib\model.js:2763:5)
    at async E:\MY-Portfolio\lovable\smart-plaza-main\backend\controllers\categoryController.js:53:20

2026-07-31T07:02:30.602Z
MongoServerError: E11000 duplicate key error collection: smartplaza.categories index: name_1 dup key: { name: "Accessories" }
    at InsertOneOperation.handleOk (E:\MY-Portfolio\lovable\smart-plaza-main\backend\node_modules\mongodb\lib\operations\insert.js:51:19)
    at executeOperationWithRetries (E:\MY-Portfolio\lovable\smart-plaza-main\backend\node_modules\mongodb\lib\operations\execute_operation.js:194:34)
    at process.processTicksAndRejections (node:internal/process/task_queues:104:5)
    at async executeOperation (E:\MY-Portfolio\lovable\smart-plaza-main\backend\node_modules\mongodb\lib\operations\execute_operation.js:83:16)
    at async Collection.insertOne (E:\MY-Portfolio\lovable\smart-plaza-main\backend\node_modules\mongodb\lib\collection.js:154:16)
    at async model.$__save (E:\MY-Portfolio\lovable\smart-plaza-main\backend\node_modules\mongoose\lib\model.js:434:16)
    at async maybeTracedSave (E:\MY-Portfolio\lovable\smart-plaza-main\backend\node_modules\mongoose\lib\model.js:675:7)
    at async model.create (E:\MY-Portfolio\lovable\smart-plaza-main\backend\node_modules\mongoose\lib\model.js:2763:5)
    at async E:\MY-Portfolio\lovable\smart-plaza-main\backend\controllers\categoryController.js:53:20

2026-07-31T07:04:18.529Z
MongoServerError: E11000 duplicate key error collection: smartplaza.categories index: name_1 dup key: { name: "Accessories" }
    at InsertOneOperation.handleOk (E:\MY-Portfolio\lovable\smart-plaza-main\backend\node_modules\mongodb\lib\operations\insert.js:51:19)
    at executeOperationWithRetries (E:\MY-Portfolio\lovable\smart-plaza-main\backend\node_modules\mongodb\lib\operations\execute_operation.js:194:34)
    at process.processTicksAndRejections (node:internal/process/task_queues:104:5)
    at async executeOperation (E:\MY-Portfolio\lovable\smart-plaza-main\backend\node_modules\mongodb\lib\operations\execute_operation.js:83:16)
    at async Collection.insertOne (E:\MY-Portfolio\lovable\smart-plaza-main\backend\node_modules\mongodb\lib\collection.js:154:16)
    at async model.$__save (E:\MY-Portfolio\lovable\smart-plaza-main\backend\node_modules\mongoose\lib\model.js:434:16)
    at async maybeTracedSave (E:\MY-Portfolio\lovable\smart-plaza-main\backend\node_modules\mongoose\lib\model.js:675:7)
    at async model.create (E:\MY-Portfolio\lovable\smart-plaza-main\backend\node_modules\mongoose\lib\model.js:2763:5)
    at async E:\MY-Portfolio\lovable\smart-plaza-main\backend\controllers\categoryController.js:53:20

2026-07-31T07:08:45.290Z
MongoServerError: E11000 duplicate key error collection: smartplaza.categories index: name_1 dup key: { name: "Accessories" }
    at InsertOneOperation.handleOk (E:\MY-Portfolio\lovable\smart-plaza-main\backend\node_modules\mongodb\lib\operations\insert.js:51:19)
    at executeOperationWithRetries (E:\MY-Portfolio\lovable\smart-plaza-main\backend\node_modules\mongodb\lib\operations\execute_operation.js:194:34)
    at process.processTicksAndRejections (node:internal/process/task_queues:104:5)
    at async executeOperation (E:\MY-Portfolio\lovable\smart-plaza-main\backend\node_modules\mongodb\lib\operations\execute_operation.js:83:16)
    at async Collection.insertOne (E:\MY-Portfolio\lovable\smart-plaza-main\backend\node_modules\mongodb\lib\collection.js:154:16)
    at async model.$__save (E:\MY-Portfolio\lovable\smart-plaza-main\backend\node_modules\mongoose\lib\model.js:434:16)
    at async maybeTracedSave (E:\MY-Portfolio\lovable\smart-plaza-main\backend\node_modules\mongoose\lib\model.js:675:7)
    at async model.create (E:\MY-Portfolio\lovable\smart-plaza-main\backend\node_modules\mongoose\lib\model.js:2763:5)
    at async E:\MY-Portfolio\lovable\smart-plaza-main\backend\controllers\categoryController.js:53:20

2026-07-31T13:25:20.291Z
Error: Not Found - /api/routes
    at notFound (E:\MY-Portfolio\lovable\smart-plaza-main\backend\middleware\errorMiddleware.js:2:17)
    at Layer.handleRequest (E:\MY-Portfolio\lovable\smart-plaza-main\backend\node_modules\router\lib\layer.js:152:17)
    at trimPrefix (E:\MY-Portfolio\lovable\smart-plaza-main\backend\node_modules\router\index.js:342:13)
    at E:\MY-Portfolio\lovable\smart-plaza-main\backend\node_modules\router\index.js:297:9
    at processParams (E:\MY-Portfolio\lovable\smart-plaza-main\backend\node_modules\router\index.js:582:12)
    at next (E:\MY-Portfolio\lovable\smart-plaza-main\backend\node_modules\router\index.js:291:5)
    at E:\MY-Portfolio\lovable\smart-plaza-main\backend\server.js:114:3
    at Layer.handleRequest (E:\MY-Portfolio\lovable\smart-plaza-main\backend\node_modules\router\lib\layer.js:152:17)
    at trimPrefix (E:\MY-Portfolio\lovable\smart-plaza-main\backend\node_modules\router\index.js:342:13)
    at E:\MY-Portfolio\lovable\smart-plaza-main\backend\node_modules\router\index.js:297:9

2026-07-31T13:25:21.382Z
Error: Not Found - /api/routes
    at notFound (E:\MY-Portfolio\lovable\smart-plaza-main\backend\middleware\errorMiddleware.js:2:17)
    at Layer.handleRequest (E:\MY-Portfolio\lovable\smart-plaza-main\backend\node_modules\router\lib\layer.js:152:17)
    at trimPrefix (E:\MY-Portfolio\lovable\smart-plaza-main\backend\node_modules\router\index.js:342:13)
    at E:\MY-Portfolio\lovable\smart-plaza-main\backend\node_modules\router\index.js:297:9
    at processParams (E:\MY-Portfolio\lovable\smart-plaza-main\backend\node_modules\router\index.js:582:12)
    at next (E:\MY-Portfolio\lovable\smart-plaza-main\backend\node_modules\router\index.js:291:5)
    at E:\MY-Portfolio\lovable\smart-plaza-main\backend\server.js:114:3
    at Layer.handleRequest (E:\MY-Portfolio\lovable\smart-plaza-main\backend\node_modules\router\lib\layer.js:152:17)
    at trimPrefix (E:\MY-Portfolio\lovable\smart-plaza-main\backend\node_modules\router\index.js:342:13)
    at E:\MY-Portfolio\lovable\smart-plaza-main\backend\node_modules\router\index.js:297:9

2026-08-02T19:12:22.467Z
Error: Not Found - /api/routes
    at notFound (E:\MY-Portfolio\lovable\smart-plaza-main\backend\middleware\errorMiddleware.js:2:17)
    at Layer.handleRequest (E:\MY-Portfolio\lovable\smart-plaza-main\backend\node_modules\router\lib\layer.js:152:17)
    at trimPrefix (E:\MY-Portfolio\lovable\smart-plaza-main\backend\node_modules\router\index.js:342:13)
    at E:\MY-Portfolio\lovable\smart-plaza-main\backend\node_modules\router\index.js:297:9
    at processParams (E:\MY-Portfolio\lovable\smart-plaza-main\backend\node_modules\router\index.js:582:12)
    at next (E:\MY-Portfolio\lovable\smart-plaza-main\backend\node_modules\router\index.js:291:5)
    at E:\MY-Portfolio\lovable\smart-plaza-main\backend\server.js:114:3
    at Layer.handleRequest (E:\MY-Portfolio\lovable\smart-plaza-main\backend\node_modules\router\lib\layer.js:152:17)
    at trimPrefix (E:\MY-Portfolio\lovable\smart-plaza-main\backend\node_modules\router\index.js:342:13)
    at E:\MY-Portfolio\lovable\smart-plaza-main\backend\node_modules\router\index.js:297:9

2026-08-02T19:40:58.649Z
Error: Not Found - /api/routes
    at notFound (E:\MY-Portfolio\lovable\smart-plaza-main\backend\middleware\errorMiddleware.js:2:17)
    at Layer.handleRequest (E:\MY-Portfolio\lovable\smart-plaza-main\backend\node_modules\router\lib\layer.js:152:17)
    at trimPrefix (E:\MY-Portfolio\lovable\smart-plaza-main\backend\node_modules\router\index.js:342:13)
    at E:\MY-Portfolio\lovable\smart-plaza-main\backend\node_modules\router\index.js:297:9
    at processParams (E:\MY-Portfolio\lovable\smart-plaza-main\backend\node_modules\router\index.js:582:12)
    at next (E:\MY-Portfolio\lovable\smart-plaza-main\backend\node_modules\router\index.js:291:5)
    at E:\MY-Portfolio\lovable\smart-plaza-main\backend\server.js:114:3
    at Layer.handleRequest (E:\MY-Portfolio\lovable\smart-plaza-main\backend\node_modules\router\lib\layer.js:152:17)
    at trimPrefix (E:\MY-Portfolio\lovable\smart-plaza-main\backend\node_modules\router\index.js:342:13)
    at E:\MY-Portfolio\lovable\smart-plaza-main\backend\node_modules\router\index.js:297:9

2026-08-02T19:48:49.936Z
Error: Not Found - /api/routes
    at notFound (E:\MY-Portfolio\lovable\smart-plaza-main\backend\middleware\errorMiddleware.js:2:17)
    at Layer.handleRequest (E:\MY-Portfolio\lovable\smart-plaza-main\backend\node_modules\router\lib\layer.js:152:17)
    at trimPrefix (E:\MY-Portfolio\lovable\smart-plaza-main\backend\node_modules\router\index.js:342:13)
    at E:\MY-Portfolio\lovable\smart-plaza-main\backend\node_modules\router\index.js:297:9
    at processParams (E:\MY-Portfolio\lovable\smart-plaza-main\backend\node_modules\router\index.js:582:12)
    at next (E:\MY-Portfolio\lovable\smart-plaza-main\backend\node_modules\router\index.js:291:5)
    at E:\MY-Portfolio\lovable\smart-plaza-main\backend\server.js:114:3
    at Layer.handleRequest (E:\MY-Portfolio\lovable\smart-plaza-main\backend\node_modules\router\lib\layer.js:152:17)
    at trimPrefix (E:\MY-Portfolio\lovable\smart-plaza-main\backend\node_modules\router\index.js:342:13)
    at E:\MY-Portfolio\lovable\smart-plaza-main\backend\node_modules\router\index.js:297:9

2026-08-02T19:48:51.011Z
Error: Not Found - /api/routes
    at notFound (E:\MY-Portfolio\lovable\smart-plaza-main\backend\middleware\errorMiddleware.js:2:17)
    at Layer.handleRequest (E:\MY-Portfolio\lovable\smart-plaza-main\backend\node_modules\router\lib\layer.js:152:17)
    at trimPrefix (E:\MY-Portfolio\lovable\smart-plaza-main\backend\node_modules\router\index.js:342:13)
    at E:\MY-Portfolio\lovable\smart-plaza-main\backend\node_modules\router\index.js:297:9
    at processParams (E:\MY-Portfolio\lovable\smart-plaza-main\backend\node_modules\router\index.js:582:12)
    at next (E:\MY-Portfolio\lovable\smart-plaza-main\backend\node_modules\router\index.js:291:5)
    at E:\MY-Portfolio\lovable\smart-plaza-main\backend\server.js:114:3
    at Layer.handleRequest (E:\MY-Portfolio\lovable\smart-plaza-main\backend\node_modules\router\lib\layer.js:152:17)
    at trimPrefix (E:\MY-Portfolio\lovable\smart-plaza-main\backend\node_modules\router\index.js:342:13)
    at E:\MY-Portfolio\lovable\smart-plaza-main\backend\node_modules\router\index.js:297:9

2026-08-02T19:48:54.751Z
Error: Not Found - /api/routes
    at notFound (E:\MY-Portfolio\lovable\smart-plaza-main\backend\middleware\errorMiddleware.js:2:17)
    at Layer.handleRequest (E:\MY-Portfolio\lovable\smart-plaza-main\backend\node_modules\router\lib\layer.js:152:17)
    at trimPrefix (E:\MY-Portfolio\lovable\smart-plaza-main\backend\node_modules\router\index.js:342:13)
    at E:\MY-Portfolio\lovable\smart-plaza-main\backend\node_modules\router\index.js:297:9
    at processParams (E:\MY-Portfolio\lovable\smart-plaza-main\backend\node_modules\router\index.js:582:12)
    at next (E:\MY-Portfolio\lovable\smart-plaza-main\backend\node_modules\router\index.js:291:5)
    at E:\MY-Portfolio\lovable\smart-plaza-main\backend\server.js:114:3
    at Layer.handleRequest (E:\MY-Portfolio\lovable\smart-plaza-main\backend\node_modules\router\lib\layer.js:152:17)
    at trimPrefix (E:\MY-Portfolio\lovable\smart-plaza-main\backend\node_modules\router\index.js:342:13)
    at E:\MY-Portfolio\lovable\smart-plaza-main\backend\node_modules\router\index.js:297:9

2026-08-02T19:48:55.832Z
Error: Not Found - /api/routes
    at notFound (E:\MY-Portfolio\lovable\smart-plaza-main\backend\middleware\errorMiddleware.js:2:17)
    at Layer.handleRequest (E:\MY-Portfolio\lovable\smart-plaza-main\backend\node_modules\router\lib\layer.js:152:17)
    at trimPrefix (E:\MY-Portfolio\lovable\smart-plaza-main\backend\node_modules\router\index.js:342:13)
    at E:\MY-Portfolio\lovable\smart-plaza-main\backend\node_modules\router\index.js:297:9
    at processParams (E:\MY-Portfolio\lovable\smart-plaza-main\backend\node_modules\router\index.js:582:12)
    at next (E:\MY-Portfolio\lovable\smart-plaza-main\backend\node_modules\router\index.js:291:5)
    at E:\MY-Portfolio\lovable\smart-plaza-main\backend\server.js:114:3
    at Layer.handleRequest (E:\MY-Portfolio\lovable\smart-plaza-main\backend\node_modules\router\lib\layer.js:152:17)
    at trimPrefix (E:\MY-Portfolio\lovable\smart-plaza-main\backend\node_modules\router\index.js:342:13)
    at E:\MY-Portfolio\lovable\smart-plaza-main\backend\node_modules\router\index.js:297:9

2026-08-02T20:37:01.251Z
Error: Not Found - /api/routes
    at notFound (E:\MY-Portfolio\lovable\smart-plaza-main\backend\middleware\errorMiddleware.js:2:17)
    at Layer.handleRequest (E:\MY-Portfolio\lovable\smart-plaza-main\backend\node_modules\router\lib\layer.js:152:17)
    at trimPrefix (E:\MY-Portfolio\lovable\smart-plaza-main\backend\node_modules\router\index.js:342:13)
    at E:\MY-Portfolio\lovable\smart-plaza-main\backend\node_modules\router\index.js:297:9
    at processParams (E:\MY-Portfolio\lovable\smart-plaza-main\backend\node_modules\router\index.js:582:12)
    at next (E:\MY-Portfolio\lovable\smart-plaza-main\backend\node_modules\router\index.js:291:5)
    at E:\MY-Portfolio\lovable\smart-plaza-main\backend\server.js:114:3
    at Layer.handleRequest (E:\MY-Portfolio\lovable\smart-plaza-main\backend\node_modules\router\lib\layer.js:152:17)
    at trimPrefix (E:\MY-Portfolio\lovable\smart-plaza-main\backend\node_modules\router\index.js:342:13)
    at E:\MY-Portfolio\lovable\smart-plaza-main\backend\node_modules\router\index.js:297:9

2026-08-03T16:06:14.890Z
Error: Not Found - /api/routes
    at notFound (E:\MY-Portfolio\lovable\smart-plaza-main\backend\middleware\errorMiddleware.js:2:17)
    at Layer.handleRequest (E:\MY-Portfolio\lovable\smart-plaza-main\backend\node_modules\router\lib\layer.js:152:17)
    at trimPrefix (E:\MY-Portfolio\lovable\smart-plaza-main\backend\node_modules\router\index.js:342:13)
    at E:\MY-Portfolio\lovable\smart-plaza-main\backend\node_modules\router\index.js:297:9
    at processParams (E:\MY-Portfolio\lovable\smart-plaza-main\backend\node_modules\router\index.js:582:12)
    at next (E:\MY-Portfolio\lovable\smart-plaza-main\backend\node_modules\router\index.js:291:5)
    at E:\MY-Portfolio\lovable\smart-plaza-main\backend\server.js:128:3

2026-08-03T16:06:15.935Z
Error: Not Found - /api/routes
    at notFound (E:\MY-Portfolio\lovable\smart-plaza-main\backend\middleware\errorMiddleware.js:2:17)
    at Layer.handleRequest (E:\MY-Portfolio\lovable\smart-plaza-main\backend\node_modules\router\lib\layer.js:152:17)
    at trimPrefix (E:\MY-Portfolio\lovable\smart-plaza-main\backend\node_modules\router\index.js:342:13)
    at E:\MY-Portfolio\lovable\smart-plaza-main\backend\node_modules\router\index.js:297:9
    at processParams (E:\MY-Portfolio\lovable\smart-plaza-main\backend\node_modules\router\index.js:582:12)
    at next (E:\MY-Portfolio\lovable\smart-plaza-main\backend\node_modules\router\index.js:291:5)
    at E:\MY-Portfolio\lovable\smart-plaza-main\backend\server.js:128:3

2026-08-03T16:06:47.621Z
Error: Not Found - /api/routes
    at notFound (E:\MY-Portfolio\lovable\smart-plaza-main\backend\middleware\errorMiddleware.js:2:17)
    at Layer.handleRequest (E:\MY-Portfolio\lovable\smart-plaza-main\backend\node_modules\router\lib\layer.js:152:17)
    at trimPrefix (E:\MY-Portfolio\lovable\smart-plaza-main\backend\node_modules\router\index.js:342:13)
    at E:\MY-Portfolio\lovable\smart-plaza-main\backend\node_modules\router\index.js:297:9
    at processParams (E:\MY-Portfolio\lovable\smart-plaza-main\backend\node_modules\router\index.js:582:12)
    at next (E:\MY-Portfolio\lovable\smart-plaza-main\backend\node_modules\router\index.js:291:5)
    at E:\MY-Portfolio\lovable\smart-plaza-main\backend\server.js:128:3

2026-08-03T16:06:48.664Z
Error: Not Found - /api/routes
    at notFound (E:\MY-Portfolio\lovable\smart-plaza-main\backend\middleware\errorMiddleware.js:2:17)
    at Layer.handleRequest (E:\MY-Portfolio\lovable\smart-plaza-main\backend\node_modules\router\lib\layer.js:152:17)
    at trimPrefix (E:\MY-Portfolio\lovable\smart-plaza-main\backend\node_modules\router\index.js:342:13)
    at E:\MY-Portfolio\lovable\smart-plaza-main\backend\node_modules\router\index.js:297:9
    at processParams (E:\MY-Portfolio\lovable\smart-plaza-main\backend\node_modules\router\index.js:582:12)
    at next (E:\MY-Portfolio\lovable\smart-plaza-main\backend\node_modules\router\index.js:291:5)
    at E:\MY-Portfolio\lovable\smart-plaza-main\backend\server.js:128:3

2026-08-03T16:37:41.509Z
Error: Not Found - /api/routes
    at notFound (E:\MY-Portfolio\lovable\smart-plaza-main\backend\middleware\errorMiddleware.js:2:17)
    at Layer.handleRequest (E:\MY-Portfolio\lovable\smart-plaza-main\backend\node_modules\router\lib\layer.js:152:17)
    at trimPrefix (E:\MY-Portfolio\lovable\smart-plaza-main\backend\node_modules\router\index.js:342:13)
    at E:\MY-Portfolio\lovable\smart-plaza-main\backend\node_modules\router\index.js:297:9
    at processParams (E:\MY-Portfolio\lovable\smart-plaza-main\backend\node_modules\router\index.js:582:12)
    at next (E:\MY-Portfolio\lovable\smart-plaza-main\backend\node_modules\router\index.js:291:5)
    at E:\MY-Portfolio\lovable\smart-plaza-main\backend\server.js:128:3

2026-08-03T16:37:42.603Z
Error: Not Found - /api/routes
    at notFound (E:\MY-Portfolio\lovable\smart-plaza-main\backend\middleware\errorMiddleware.js:2:17)
    at Layer.handleRequest (E:\MY-Portfolio\lovable\smart-plaza-main\backend\node_modules\router\lib\layer.js:152:17)
    at trimPrefix (E:\MY-Portfolio\lovable\smart-plaza-main\backend\node_modules\router\index.js:342:13)
    at E:\MY-Portfolio\lovable\smart-plaza-main\backend\node_modules\router\index.js:297:9
    at processParams (E:\MY-Portfolio\lovable\smart-plaza-main\backend\node_modules\router\index.js:582:12)
    at next (E:\MY-Portfolio\lovable\smart-plaza-main\backend\node_modules\router\index.js:291:5)
    at E:\MY-Portfolio\lovable\smart-plaza-main\backend\server.js:128:3

2026-08-03T16:42:22.649Z
Error: Not Found - /api/routes
    at notFound (E:\MY-Portfolio\lovable\smart-plaza-main\backend\middleware\errorMiddleware.js:2:17)
    at Layer.handleRequest (E:\MY-Portfolio\lovable\smart-plaza-main\backend\node_modules\router\lib\layer.js:152:17)
    at trimPrefix (E:\MY-Portfolio\lovable\smart-plaza-main\backend\node_modules\router\index.js:342:13)
    at E:\MY-Portfolio\lovable\smart-plaza-main\backend\node_modules\router\index.js:297:9
    at processParams (E:\MY-Portfolio\lovable\smart-plaza-main\backend\node_modules\router\index.js:582:12)
    at next (E:\MY-Portfolio\lovable\smart-plaza-main\backend\node_modules\router\index.js:291:5)
    at E:\MY-Portfolio\lovable\smart-plaza-main\backend\server.js:128:3

2026-08-03T16:42:23.729Z
Error: Not Found - /api/routes
    at notFound (E:\MY-Portfolio\lovable\smart-plaza-main\backend\middleware\errorMiddleware.js:2:17)
    at Layer.handleRequest (E:\MY-Portfolio\lovable\smart-plaza-main\backend\node_modules\router\lib\layer.js:152:17)
    at trimPrefix (E:\MY-Portfolio\lovable\smart-plaza-main\backend\node_modules\router\index.js:342:13)
    at E:\MY-Portfolio\lovable\smart-plaza-main\backend\node_modules\router\index.js:297:9
    at processParams (E:\MY-Portfolio\lovable\smart-plaza-main\backend\node_modules\router\index.js:582:12)
    at next (E:\MY-Portfolio\lovable\smart-plaza-main\backend\node_modules\router\index.js:291:5)
    at E:\MY-Portfolio\lovable\smart-plaza-main\backend\server.js:128:3

2026-08-03T16:57:07.849Z
Error: Not Found - /api/routes
    at notFound (E:\MY-Portfolio\lovable\smart-plaza-main\backend\middleware\errorMiddleware.js:2:17)
    at Layer.handleRequest (E:\MY-Portfolio\lovable\smart-plaza-main\backend\node_modules\router\lib\layer.js:152:17)
    at trimPrefix (E:\MY-Portfolio\lovable\smart-plaza-main\backend\node_modules\router\index.js:342:13)
    at E:\MY-Portfolio\lovable\smart-plaza-main\backend\node_modules\router\index.js:297:9
    at processParams (E:\MY-Portfolio\lovable\smart-plaza-main\backend\node_modules\router\index.js:582:12)
    at next (E:\MY-Portfolio\lovable\smart-plaza-main\backend\node_modules\router\index.js:291:5)
    at E:\MY-Portfolio\lovable\smart-plaza-main\backend\server.js:128:3

2026-08-03T17:26:44.098Z
Error: Not Found - /favicon.ico
    at notFound (E:\MY-Portfolio\lovable\smart-plaza-main\backend\middleware\errorMiddleware.js:2:17)
    at Layer.handleRequest (E:\MY-Portfolio\lovable\smart-plaza-main\backend\node_modules\router\lib\layer.js:152:17)
    at trimPrefix (E:\MY-Portfolio\lovable\smart-plaza-main\backend\node_modules\router\index.js:342:13)
    at E:\MY-Portfolio\lovable\smart-plaza-main\backend\node_modules\router\index.js:297:9
    at processParams (E:\MY-Portfolio\lovable\smart-plaza-main\backend\node_modules\router\index.js:582:12)
    at next (E:\MY-Portfolio\lovable\smart-plaza-main\backend\node_modules\router\index.js:291:5)
    at E:\MY-Portfolio\lovable\smart-plaza-main\backend\server.js:128:3

2026-08-03T17:29:32.737Z
Error: Not Found - /api/routes
    at notFound (E:\MY-Portfolio\lovable\smart-plaza-main\backend\middleware\errorMiddleware.js:2:17)
    at Layer.handleRequest (E:\MY-Portfolio\lovable\smart-plaza-main\backend\node_modules\router\lib\layer.js:152:17)
    at trimPrefix (E:\MY-Portfolio\lovable\smart-plaza-main\backend\node_modules\router\index.js:342:13)
    at E:\MY-Portfolio\lovable\smart-plaza-main\backend\node_modules\router\index.js:297:9
    at processParams (E:\MY-Portfolio\lovable\smart-plaza-main\backend\node_modules\router\index.js:582:12)
    at next (E:\MY-Portfolio\lovable\smart-plaza-main\backend\node_modules\router\index.js:291:5)
    at E:\MY-Portfolio\lovable\smart-plaza-main\backend\server.js:128:3

2026-08-03T17:29:33.820Z
Error: Not Found - /api/routes
    at notFound (E:\MY-Portfolio\lovable\smart-plaza-main\backend\middleware\errorMiddleware.js:2:17)
    at Layer.handleRequest (E:\MY-Portfolio\lovable\smart-plaza-main\backend\node_modules\router\lib\layer.js:152:17)
    at trimPrefix (E:\MY-Portfolio\lovable\smart-plaza-main\backend\node_modules\router\index.js:342:13)
    at E:\MY-Portfolio\lovable\smart-plaza-main\backend\node_modules\router\index.js:297:9
    at processParams (E:\MY-Portfolio\lovable\smart-plaza-main\backend\node_modules\router\index.js:582:12)
    at next (E:\MY-Portfolio\lovable\smart-plaza-main\backend\node_modules\router\index.js:291:5)
    at E:\MY-Portfolio\lovable\smart-plaza-main\backend\server.js:128:3

2026-08-03T17:30:18.905Z
Error: Not Found - /api/routes
    at notFound (E:\MY-Portfolio\lovable\smart-plaza-main\backend\middleware\errorMiddleware.js:2:17)
    at Layer.handleRequest (E:\MY-Portfolio\lovable\smart-plaza-main\backend\node_modules\router\lib\layer.js:152:17)
    at trimPrefix (E:\MY-Portfolio\lovable\smart-plaza-main\backend\node_modules\router\index.js:342:13)
    at E:\MY-Portfolio\lovable\smart-plaza-main\backend\node_modules\router\index.js:297:9
    at processParams (E:\MY-Portfolio\lovable\smart-plaza-main\backend\node_modules\router\index.js:582:12)
    at next (E:\MY-Portfolio\lovable\smart-plaza-main\backend\node_modules\router\index.js:291:5)
    at E:\MY-Portfolio\lovable\smart-plaza-main\backend\server.js:128:3

2026-08-03T17:30:19.936Z
Error: Not Found - /api/routes
    at notFound (E:\MY-Portfolio\lovable\smart-plaza-main\backend\middleware\errorMiddleware.js:2:17)
    at Layer.handleRequest (E:\MY-Portfolio\lovable\smart-plaza-main\backend\node_modules\router\lib\layer.js:152:17)
    at trimPrefix (E:\MY-Portfolio\lovable\smart-plaza-main\backend\node_modules\router\index.js:342:13)
    at E:\MY-Portfolio\lovable\smart-plaza-main\backend\node_modules\router\index.js:297:9
    at processParams (E:\MY-Portfolio\lovable\smart-plaza-main\backend\node_modules\router\index.js:582:12)
    at next (E:\MY-Portfolio\lovable\smart-plaza-main\backend\node_modules\router\index.js:291:5)
    at E:\MY-Portfolio\lovable\smart-plaza-main\backend\server.js:128:3

